[Gloo] Rank 0 is connected to 7 peer ranks. Expected number of connected peer ranks is : 7
[Gloo] Rank 1 is connected to 7 peer ranks. Expected number of connected peer ranks is : 7
[Gloo] Rank 2 is connected to 7 peer ranks. Expected number of connected peer ranks is : 7
[Gloo] Rank 3 is connected to 7 peer ranks. Expected number of connected peer ranks is : 7
[Gloo] Rank 4 is connected to [Gloo] Rank 7 peer ranks. 6Expected number of connected peer ranks is :  is connected to 77 peer ranks. Expected number of connected peer ranks is : 
7
[Gloo] Rank 5[Gloo] Rank  is connected to 77 is connected to  peer ranks. 7Expected number of connected peer ranks is :  peer ranks. 7Expected number of connected peer ranks is : 
7
logs/70bb375f-9ed2-472d-9f74-45e6b6ada10c.txt
[approx-backward] {'attention_enabled': True, 'calibration_steps': [592, 593], 'attention_stop': 1107, 'threshold': 0.2, 'head_sample_group': 4, 'head_min_rows': 32768, 'extension': 'nanogpt_ab_33ed10bb784d'}
[residual-fusions] ON: post-lambda in the O gain, per-row scalar-lambda grads, VE gate slice from rstd
[value-embed] value_embeds (201216, 768) = 4 planes (plane 3 retired: layer 9 attention absent) 154.5M params, sink 294.8 MiB (before retirement: 5 planes, 251520x768, 193.2M, 368.4 MiB)
[banks] qk_bank (48, 256, 768) (42 live), vo_bank (16, 768, 768) (14 live); slot order (attn-bank idx) (0, 2, 5, 1, 7, 3, 9), narrow ++ dv64 ++ wide
[fused-kernels] selftest PASS (every fused kernel is byte-exact vs ATen)
[sampled-softmax] ON P=[10240, 14336, 24576] rows<=49152 vocab=50304 until=1107
[eval-ce] ON slab=32768 rows x 50304 vocab, 8 slabs per 262144-row val batch
[value-embed-comms] ON planes=4 table=201216x768; compact buffer 295 MB, shard 25152 rows
[graph:step] ON: 11 keys, runahead_throttle=2, pool=shared, sink_ring=4
Compiling model and warming up kernels (~7 minutes on first execution)
[warmup:restore] ON: bigram shard (10575360, 768) (15.13 GiB) out of initial_state (key _orig_mod.bigram_embed.weight), restored by zero_() in place; checksum (0.0, 0.0, 0.0); initial_state pins 0.92 GiB of CUDA
[graph:step] warmup extended for 11 capture keys; first steps [0, 320, 411, 501, 591, 592, 594, 681, 965, 1107, 1174]
Sampling steps [0, 1, 2, 3, 4, 5, 6, 7, 318, 319, 320, 321, 411, 412, 501, 502, 591, 591, 592, 593, 594, 595, 679, 680, 681, 682, 963, 964, 965, 966, 1105, 1106, 1107, 1108, 1172, 1173, 1174, 1175, 1176, 1177, 1178] for warmup
[embed] untied from lm_head; optimizer state copied exactly
Resetting Model
[warmup] captures armed in the single sampled pass: tgr banks ['mlp_bank', 'qk_bank', 'vo_bank'] | tgr2 1 attn + 2 mlp; prefix 0..7 last, tgr@4 tgr2@5, all self-checks consumed
step:25/1194 train_time:542ms step_avg:21.66ms
step:50/1194 train_time:971ms step_avg:19.42ms
step:75/1194 train_time:1393ms step_avg:18.58ms
step:100/1194 train_time:1823ms step_avg:18.23ms
step:125/1194 train_time:2245ms step_avg:17.96ms
step:150/1194 train_time:2676ms step_avg:17.84ms
step:175/1194 train_time:3098ms step_avg:17.70ms
step:200/1194 train_time:3527ms step_avg:17.64ms
step:225/1194 train_time:3950ms step_avg:17.56ms
step:250/1194 train_time:4380ms step_avg:17.52ms
step:275/1194 train_time:4803ms step_avg:17.47ms
step:300/1194 train_time:5233ms step_avg:17.44ms
step:325/1194 train_time:5695ms step_avg:17.52ms
step:350/1194 train_time:6451ms step_avg:18.43ms
step:375/1194 train_time:7208ms step_avg:19.22ms
step:400/1194 train_time:7968ms step_avg:19.92ms
step:425/1194 train_time:8719ms step_avg:20.52ms
step:450/1194 train_time:9473ms step_avg:21.05ms
step:475/1194 train_time:10231ms step_avg:21.54ms
step:500/1194 train_time:10991ms step_avg:21.98ms
step:525/1194 train_time:11740ms step_avg:22.36ms
step:550/1194 train_time:12494ms step_avg:22.72ms
step:575/1194 train_time:13253ms step_avg:23.05ms
step:600/1194 train_time:14046ms step_avg:23.41ms
step:625/1194 train_time:14787ms step_avg:23.66ms
step:650/1194 train_time:15536ms step_avg:23.90ms
step:675/1194 train_time:16294ms step_avg:24.14ms
step:700/1194 train_time:17287ms step_avg:24.70ms
step:725/1194 train_time:18383ms step_avg:25.36ms
step:750/1194 train_time:19481ms step_avg:25.98ms
step:775/1194 train_time:20588ms step_avg:26.57ms
step:800/1194 train_time:21692ms step_avg:27.12ms
step:825/1194 train_time:22789ms step_avg:27.62ms
step:850/1194 train_time:23895ms step_avg:28.11ms
step:875/1194 train_time:25007ms step_avg:28.58ms
step:900/1194 train_time:26115ms step_avg:29.02ms
step:925/1194 train_time:27214ms step_avg:29.42ms
step:950/1194 train_time:28318ms step_avg:29.81ms
step:975/1194 train_time:29446ms step_avg:30.20ms
step:1000/1194 train_time:30609ms step_avg:30.61ms
step:1025/1194 train_time:31762ms step_avg:30.99ms
step:1050/1194 train_time:32922ms step_avg:31.35ms
step:1075/1194 train_time:34088ms step_avg:31.71ms
step:1100/1194 train_time:35253ms step_avg:32.05ms
step:1125/1194 train_time:36422ms step_avg:32.37ms
step:1150/1194 train_time:37604ms step_avg:32.70ms
step:1175/1194 train_time:38793ms step_avg:33.02ms
[embed] untied from lm_head; optimizer state copied exactly
step:1193/1194 train_time:39208ms step_avg:32.86ms
step:1194/1194 train_time:39229ms step_avg:32.85ms
[ship:tail-ema] win=298 blend=0.65 labels=['embed', 'lm_head']
[ship:tail-avg] win=250 blend=None labels=['mlp_bank', 'vo_bank']
[ship:value-embed] win=250 blend=None labels=['value_embeds']
[ship:bank-blend] win=298 blend={'qk_bank': 0.55, 'vo_bank': 0.34930000000000005, 'mlp_bank': 0.34930000000000005} labels=['mlp_bank', 'qk_bank', 'vo_bank']
step:1194/1194 val_loss:3.2775 train_time:39376ms step_avg:32.98ms
peak memory allocated: 51998 MiB reserved: 65710 MiB
[approx-backward-result] {"attention_enabled": true, "attention_stop": 1107, "calibration": [{"observations": [{"document_lengths": [140, 1726, 390, 4096, 554, 394, 320], "error": [[[0.18779058754444122, 0.1293725073337555, 0.6009252667427063], [0.09740716218948364, 0.04935924708843231, 0.5035024285316467], [0.06787306070327759, 0.03825417906045914, 0.391074538230896]], [[0.10236870497465134, 0.08540749549865723, 0.3656771183013916], [0.048952069133520126, 0.03106665425002575, 0.28666967153549194], [0.03584979474544525, 0.021285444498062134, 0.2032594233751297]], [[0.06311706453561783, 0.055846527218818665, 0.14462226629257202], [0.0312931165099144, 0.02114776521921158, 0.11732249706983566], [0.022073136642575264, 0.013627860695123672, 0.08077351748943329]]], "full_window": 384, "layer": 0}, {"document_lengths": [70, 863, 195, 2048, 277, 197, 160, 674, 867, 320, 102, 510, 895, 116, 712], "error": [[[0.6265847682952881, 0.5260636210441589, 0.23311495780944824, 0.22164329886436462, 0.5804080963134766, 0.0877101868391037], [0.4589644968509674, 0.46550601720809937, 0.13954225182533264, 0.105528324842453, 0.42487549781799316, 0.04969091713428497], [0.36661162972450256, 0.48478132486343384, 0.09298601746559143, 0.1242537647485733, 0.35712191462516785, 0.021540336310863495]], [[0.4900144934654236, 0.3963923752307892, 0.14936967194080353, 0.14666052162647247, 0.4693600535392761, 0.049124252051115036], [0.3470880389213562, 0.34071171283721924, 0.07897214591503143, 0.0605851486325264, 0.32783621549606323, 0.014513930305838585], [0.271433562040329, 0.3335101306438446, 0.05443554371595383, 0.05880329757928848, 0.2874765694141388, 0.009527137503027916]], [[0.2881888747215271, 0.1913066953420639, 0.0905463770031929, 0.07151486724615097, 0.3072807788848877, 0.03716154769062996], [0.20152856409549713, 0.16419659554958344, 0.04673489183187485, 0.024884304031729698, 0.21515382826328278, 0.011729384772479534], [0.1501258909702301, 0.15199488401412964, 0.033881597220897675, 0.02620912715792656, 0.20626164972782135, 0.007570039946585894]]], "full_window": 384, "layer": 1}, {"document_lengths": [140, 1726, 390, 4096, 554, 394, 320], "error": [[[0.10143445432186127, 0.16283421218395233, 0.4590861201286316], [0.02930627390742302, 0.06936206668615341, 0.2854839861392975], [0.02739427424967289, 0.05950019136071205, 0.2465473860502243]], [[0.07422962039709091, 0.10330357402563095, 0.2755087912082672], [0.02173701860010624, 0.03294387087225914, 0.13841314613819122], [0.018354691565036774, 0.03164420649409294, 0.13264569640159607]], [[0.04446183517575264, 0.048383720219135284, 0.08920856565237045], [0.014599934220314026, 0.015435677021741867, 0.034280549734830856], [0.011554679833352566, 0.014617914333939552, 0.04323820024728775]]], "full_window": 384, "layer": 2}, {"document_lengths": [140, 1726, 390, 4096, 554, 394, 320], "error": [[[0.1381828337907791, 0.44930776953697205, 0.22063754498958588], [0.040872830897569656, 0.2892853319644928, 0.11400091648101807], [0.039677929133176804, 0.2577759623527527, 0.09167014807462692]], [[0.09356855601072311, 0.25884154438972473, 0.1340266764163971], [0.024898430332541466, 0.155844584107399, 0.054865431040525436], [0.02365555241703987, 0.13745594024658203, 0.049306340515613556]], [[0.048878010362386703, 0.10495513677597046, 0.06371121853590012], [0.014178522862493992, 0.06268966197967529, 0.023511601611971855], [0.013171895407140255, 0.05627192556858063, 0.02506413124501705]]], "full_window": 384, "layer": 5}, {"document_lengths": [70, 863, 195, 2048, 277, 197, 160, 674, 867, 320, 102, 510, 895, 116, 712], "error": [[[0.49925103783607483, 0.3790624141693115, 0.5712761878967285, 0.36315348744392395, 0.6221800446510315, 0.1491449624300003], [0.3131808042526245, 0.21443964540958405, 0.45294585824012756, 0.21470443904399872, 0.43829405307769775, 0.0478704608976841], [0.29477542638778687, 0.1962181031703949, 0.36591342091560364, 0.21462517976760864, 0.37862643599510193, 0.06006290763616562]], [[0.33083122968673706, 0.23978017270565033, 0.4077446460723877, 0.22578036785125732, 0.4471307098865509, 0.0884719043970108], [0.20298682153224945, 0.1366780400276184, 0.29247143864631653, 0.12707467377185822, 0.3086393475532532, 0.024734625592827797], [0.18376851081848145, 0.1120976060628891, 0.2531125545501709, 0.1166364848613739, 0.25217002630233765, 0.02432604506611824]], [[0.15509310364723206, 0.11011000722646713, 0.21943987905979156, 0.10257183760404587, 0.24066689610481262, 0.0501529686152935], [0.09430902451276779, 0.06332885473966599, 0.14864878356456757, 0.058237116783857346, 0.16467267274856567, 0.014237179420888424], [0.07861886918544769, 0.04541537165641785, 0.1359245628118515, 0.050780393183231354, 0.1320977360010147, 0.012562149204313755]]], "full_window": 384, "layer": 8}], "seconds": 0.08567202836275101, "step": 592}, {"observations": [{"document_lengths": [488, 440, 342, 2816, 208, 242, 370, 254, 2250, 560], "error": [[[0.20752736926078796, 0.12636928260326385, 0.5106000900268555], [0.12485019117593765, 0.05065789446234703, 0.4390987455844879], [0.07131634652614594, 0.04008159041404724, 0.3047885298728943]], [[0.11004754155874252, 0.07655511051416397, 0.2900698184967041], [0.06774440407752991, 0.028116343542933464, 0.23490047454833984], [0.03369651362299919, 0.019280223175883293, 0.15924787521362305]], [[0.04992144927382469, 0.04709108918905258, 0.10360369086265564], [0.026785757392644882, 0.017632808536291122, 0.0810440182685852], [0.019199993461370468, 0.01108825858682394, 0.05322936922311783]]], "full_window": 384, "layer": 0}, {"document_lengths": [244, 220, 171, 1408, 104, 121, 185, 127, 1125, 280, 732, 124, 780, 1076, 409, 617, 90, 276], "error": [[[0.6136108040809631, 0.473666250705719, 0.2540203630924225, 0.32770925760269165, 0.5398001074790955, 0.08992083370685577], [0.4884083569049835, 0.5014683604240417, 0.17726728320121765, 0.19468000531196594, 0.4322480857372284, 0.050970252603292465], [0.36160555481910706, 0.49294352531433105, 0.11523058265447617, 0.12689992785453796, 0.35691389441490173, 0.03195415809750557]], [[0.47459426522254944, 0.31134480237960815, 0.16308225691318512, 0.15699590742588043, 0.43475303053855896, 0.04905569553375244], [0.3885587155818939, 0.32593682408332825, 0.11177260428667068, 0.08345866948366165, 0.35455167293548584, 0.017918450757861137], [0.2676965892314911, 0.3045975863933563, 0.07122606784105301, 0.051509611308574677, 0.2918906509876251, 0.0117905642837286]], [[0.26826438307762146, 0.1638111025094986, 0.09573409706354141, 0.0670851618051529, 0.2764482796192169, 0.034538958221673965], [0.20499001443386078, 0.14748722314834595, 0.06168767064809799, 0.0324060395359993, 0.23147810995578766, 0.01159259956330061], [0.13740551471710205, 0.133230522274971, 0.03739510849118233, 0.022251594811677933, 0.2098056823015213, 0.0073922467418015]]], "full_window": 384, "layer": 1}, {"document_lengths": [488, 440, 342, 2816, 208, 242, 370, 254, 2250, 560], "error": [[[0.09752774238586426, 0.16668522357940674, 0.5073590278625488], [0.02770407684147358, 0.05406622961163521, 0.3190458416938782], [0.02644124999642372, 0.053913187235593796, 0.230804905295372]], [[0.06891541182994843, 0.10457092523574829, 0.3494844138622284], [0.020108988508582115, 0.028089139610528946, 0.17516745626926422], [0.018358847126364708, 0.029294505715370178, 0.11701159179210663]], [[0.03899490088224411, 0.041324764490127563, 0.07683295011520386], [0.012522048316895962, 0.012070894241333008, 0.03243989124894142], [0.010909437201917171, 0.011681314557790756, 0.03462900221347809]]], "full_window": 384, "layer": 2}, {"document_lengths": [488, 440, 342, 2816, 208, 242, 370, 254, 2250, 560], "error": [[[0.13681821525096893, 0.40585440397262573, 0.2691536545753479], [0.039607904851436615, 0.24247661232948303, 0.13160580396652222], [0.039077162742614746, 0.2237241268157959, 0.09830200672149658]], [[0.09200841933488846, 0.2373327612876892, 0.19235944747924805], [0.02586127258837223, 0.12964411079883575, 0.08499142527580261], [0.025414718315005302, 0.11982904374599457, 0.06155557185411453]], [[0.04375682771205902, 0.0984327644109726, 0.09662489593029022], [0.01421916950494051, 0.055774375796318054, 0.03194595128297806], [0.013819733634591103, 0.04560745507478714, 0.034121349453926086]]], "full_window": 384, "layer": 5}, {"document_lengths": [244, 220, 171, 1408, 104, 121, 185, 127, 1125, 280, 732, 124, 780, 1076, 409, 617, 90, 276], "error": [[[0.46897295117378235, 0.35966944694519043, 0.558742105960846, 0.35814428329467773, 0.6116273999214172, 0.15873335301876068], [0.30019938945770264, 0.20898133516311646, 0.40936794877052307, 0.22545072436332703, 0.447704553604126, 0.04854506999254227], [0.2788237929344177, 0.17477236688137054, 0.32048192620277405, 0.21766717731952667, 0.3769638240337372, 0.06011047959327698]], [[0.31284666061401367, 0.2671761214733124, 0.3794742226600647, 0.20777371525764465, 0.42410340905189514, 0.1006435975432396], [0.17631900310516357, 0.14014434814453125, 0.25200891494750977, 0.11219026893377304, 0.2973758578300476, 0.029133005067706108], [0.1641828864812851, 0.09759745001792908, 0.20679359138011932, 0.1081617921590805, 0.24657846987247467, 0.02674427628517151]], [[0.14554227888584137, 0.10275618731975555, 0.19153007864952087, 0.09456165134906769, 0.23734211921691895, 0.06376290321350098], [0.07902385294437408, 0.04917808622121811, 0.12544701993465424, 0.056013841181993484, 0.1780857890844345, 0.018852585926651955], [0.06966017186641693, 0.04346664622426033, 0.10495485365390778, 0.046296246349811554, 0.13923127949237823, 0.015521815046668053]]], "full_window": 384, "layer": 8}], "seconds": 0.034966036677360535, "step": 593}], "calibration_steps": [592, 593], "extension": "nanogpt_ab_33ed10bb784d", "head_min_rows": 32768, "head_sample_group": 4, "threshold": 0.2, "training_ms": 39375.69770962, "val_loss": 3.277488946914673, "windows": {"0": [128, 64, 256], "1": [-1, -1, 128, 128, -1, 256], "2": [64, 64, 256], "5": [64, 256, 128], "8": [256, 256, -1, 256, -1, 128]}, "worst_errors": {"0": [[0.21738849580287933, 0.14297889173030853, 0.6266216039657593], [0.12362221628427505, 0.09469524770975113, 0.382966548204422], [0.06783335655927658, 0.06136240065097809, 0.14543814957141876]], "1": [[0.6817788481712341, 0.6059362888336182, 0.2703603506088257, 0.38074514269828796, 0.6255152225494385, 0.28182265162467957], [0.5352026224136353, 0.4885440170764923, 0.18626441061496735, 0.17546547949314117, 0.5166266560554504, 0.2055237889289856], [0.3150600492954254, 0.26929450035095215, 0.10861186683177948, 0.08032070845365524, 0.36036208271980286, 0.0629284679889679]], "2": [[0.10225467383861542, 0.1867036372423172, 0.5073590278625488], [0.0769743025302887, 0.14758826792240143, 0.3494844138622284], [0.04538832604885101, 0.056383464485406876, 0.10212184488773346]], "5": [[0.14351236820220947, 0.4752259850502014, 0.2691536545753479], [0.09804286807775497, 0.269839346408844, 0.19235944747924805], [0.048878010362386703, 0.10606647282838821, 0.09662489593029022]], "8": [[0.49925103783607483, 0.4435094892978668, 0.7059221863746643, 0.3781895637512207, 0.632442831993103, 0.17290633916854858], [0.34190866351127625, 0.2737028896808624, 0.5269635319709778, 0.23418383300304413, 0.46957409381866455, 0.11350130289793015], [0.18029260635375977, 0.1501438021659851, 0.3008829355239868, 0.11529073119163513, 0.2828528881072998, 0.0684700608253479]]}}
