[Gloo] Rank 6 is connected to 7 peer ranks. Expected number of connected peer ranks is : 7
[Gloo] Rank 2 is connected to 7 peer ranks. Expected number of connected peer ranks is : 7
[Gloo] Rank 0 is connected to 7 peer ranks. Expected number of connected peer ranks is : 7
[Gloo] Rank 1 is connected to 7 peer ranks. Expected number of connected peer ranks is : 7
[Gloo] Rank 3 is connected to 7 peer ranks. Expected number of connected peer ranks is : 7
[Gloo] Rank 4 is connected to 7 peer ranks. Expected number of connected peer ranks is : 7
[Gloo] Rank 5 is connected to 7 peer ranks. Expected number of connected peer ranks is : 7
[Gloo] Rank 7 is connected to 7 peer ranks. Expected number of connected peer ranks is : 7
logs/0312bff6-41e0-4ebe-a3b6-d47699d05410.txt
[approx-backward] {'attention_enabled': True, 'calibration_steps': [592, 593], 'attention_stop': 1107, 'threshold': 0.2, 'head_sample_group': 4, 'head_min_rows': 32768, 'extension': 'nanogpt_ab_33ed10bb784d'}
[residual-fusions] ON: post-lambda in the O gain, per-row scalar-lambda grads, VE gate slice from rstd
[value-embed] value_embeds (201216, 768) = 4 planes (plane 3 retired: layer 9 attention absent) 154.5M params, sink 294.8 MiB (before retirement: 5 planes, 251520x768, 193.2M, 368.4 MiB)
[banks] qk_bank (48, 256, 768) (42 live), vo_bank (16, 768, 768) (14 live); slot order (attn-bank idx) (0, 2, 5, 1, 7, 3, 9), narrow ++ dv64 ++ wide
[fused-kernels] selftest PASS (every fused kernel is byte-exact vs ATen)
[sampled-softmax] ON P=[10240, 14336, 24576] rows<=49152 vocab=50304 until=1107
[eval-ce] ON slab=32768 rows x 50304 vocab, 8 slabs per 262144-row val batch
[value-embed-comms] ON planes=4 table=201216x768; compact buffer 295 MB, shard 25152 rows
[graph:step] ON: 11 keys, runahead_throttle=2, pool=shared, sink_ring=4
Compiling model and warming up kernels (~7 minutes on first execution)
[warmup:restore] ON: bigram shard (10575360, 768) (15.13 GiB) out of initial_state (key _orig_mod.bigram_embed.weight), restored by zero_() in place; checksum (0.0, 0.0, 0.0); initial_state pins 0.92 GiB of CUDA
[graph:step] warmup extended for 11 capture keys; first steps [0, 320, 411, 501, 591, 592, 594, 681, 965, 1107, 1174]
Sampling steps [0, 1, 2, 3, 4, 5, 6, 7, 318, 319, 320, 321, 411, 412, 501, 502, 591, 591, 592, 593, 594, 595, 679, 680, 681, 682, 963, 964, 965, 966, 1105, 1106, 1107, 1108, 1172, 1173, 1174, 1175, 1176, 1177, 1178] for warmup
[embed] untied from lm_head; optimizer state copied exactly
Resetting Model
[warmup] captures armed in the single sampled pass: tgr banks ['mlp_bank', 'qk_bank', 'vo_bank'] | tgr2 1 attn + 2 mlp; prefix 0..7 last, tgr@4 tgr2@5, all self-checks consumed
step:25/1194 train_time:552ms step_avg:22.06ms
step:50/1194 train_time:981ms step_avg:19.62ms
step:75/1194 train_time:1404ms step_avg:18.72ms
step:100/1194 train_time:1833ms step_avg:18.33ms
step:125/1194 train_time:2256ms step_avg:18.05ms
step:150/1194 train_time:2685ms step_avg:17.90ms
step:175/1194 train_time:3107ms step_avg:17.76ms
step:200/1194 train_time:3536ms step_avg:17.68ms
step:225/1194 train_time:3959ms step_avg:17.59ms
step:250/1194 train_time:4388ms step_avg:17.55ms
step:275/1194 train_time:4810ms step_avg:17.49ms
step:300/1194 train_time:5239ms step_avg:17.46ms
step:325/1194 train_time:5700ms step_avg:17.54ms
step:350/1194 train_time:6456ms step_avg:18.45ms
step:375/1194 train_time:7217ms step_avg:19.25ms
step:400/1194 train_time:7975ms step_avg:19.94ms
step:425/1194 train_time:8723ms step_avg:20.53ms
step:450/1194 train_time:9479ms step_avg:21.07ms
step:475/1194 train_time:10238ms step_avg:21.55ms
step:500/1194 train_time:10996ms step_avg:21.99ms
step:525/1194 train_time:11747ms step_avg:22.38ms
step:550/1194 train_time:12503ms step_avg:22.73ms
step:575/1194 train_time:13263ms step_avg:23.07ms
step:600/1194 train_time:14050ms step_avg:23.42ms
step:625/1194 train_time:14790ms step_avg:23.66ms
step:650/1194 train_time:15541ms step_avg:23.91ms
step:675/1194 train_time:16298ms step_avg:24.15ms
step:700/1194 train_time:17290ms step_avg:24.70ms
step:725/1194 train_time:18391ms step_avg:25.37ms
step:750/1194 train_time:19489ms step_avg:25.99ms
step:775/1194 train_time:20600ms step_avg:26.58ms
step:800/1194 train_time:21707ms step_avg:27.13ms
step:825/1194 train_time:22805ms step_avg:27.64ms
step:850/1194 train_time:23910ms step_avg:28.13ms
step:875/1194 train_time:25019ms step_avg:28.59ms
step:900/1194 train_time:26130ms step_avg:29.03ms
step:925/1194 train_time:27230ms step_avg:29.44ms
step:950/1194 train_time:28337ms step_avg:29.83ms
step:975/1194 train_time:29466ms step_avg:30.22ms
step:1000/1194 train_time:30631ms step_avg:30.63ms
step:1025/1194 train_time:31784ms step_avg:31.01ms
step:1050/1194 train_time:32946ms step_avg:31.38ms
step:1075/1194 train_time:34113ms step_avg:31.73ms
step:1100/1194 train_time:35279ms step_avg:32.07ms
step:1125/1194 train_time:36451ms step_avg:32.40ms
step:1150/1194 train_time:37636ms step_avg:32.73ms
step:1175/1194 train_time:38824ms step_avg:33.04ms
[embed] untied from lm_head; optimizer state copied exactly
step:1193/1194 train_time:39239ms step_avg:32.89ms
step:1194/1194 train_time:39260ms step_avg:32.88ms
[ship:tail-ema] win=298 blend=0.65 labels=['embed', 'lm_head']
[ship:tail-avg] win=250 blend=None labels=['mlp_bank', 'vo_bank']
[ship:value-embed] win=250 blend=None labels=['value_embeds']
[ship:bank-blend] win=298 blend={'qk_bank': 0.55, 'vo_bank': 0.34930000000000005, 'mlp_bank': 0.34930000000000005} labels=['mlp_bank', 'qk_bank', 'vo_bank']
step:1194/1194 val_loss:3.2792 train_time:39391ms step_avg:32.99ms
peak memory allocated: 54277 MiB reserved: 66112 MiB
[approx-backward-result] {"attention_enabled": true, "attention_stop": 1107, "calibration": [{"observations": [{"document_lengths": [140, 1726, 390, 4096, 554, 394, 320], "error": [[[0.3379969894886017, 0.10169225931167603, 0.5832334160804749], [0.24313831329345703, 0.03802863135933876, 0.4695284962654114], [0.17163579165935516, 0.026407597586512566, 0.3421861529350281]], [[0.20079302787780762, 0.0782894492149353, 0.3561570942401886], [0.12984199821949005, 0.031131280586123466, 0.28156065940856934], [0.09139446169137955, 0.021439777687191963, 0.18588851392269135]], [[0.09757638722658157, 0.03845306113362312, 0.134405255317688], [0.05970151349902153, 0.017485035583376884, 0.11442317813634872], [0.04808778688311577, 0.011789471842348576, 0.06826482713222504]]], "full_window": 384, "layer": 0}, {"document_lengths": [70, 863, 195, 2048, 277, 197, 160, 674, 867, 320, 102, 510, 895, 116, 712], "error": [[[0.592301607131958, 0.6916000843048096, 0.3710414469242096, 0.0572790801525116, 0.41977182030677795, 0.6349905729293823], [0.5231533050537109, 0.5473592877388, 0.24200299382209778, 0.017680875957012177, 0.3051697611808777, 0.5455582141876221], [0.3940540552139282, 0.38151225447654724, 0.16458281874656677, 0.010333484970033169, 0.19949482381343842, 0.3874431550502777]], [[0.4284540116786957, 0.5433415174484253, 0.24851466715335846, 0.04617173224687576, 0.2815779745578766, 0.5372813940048218], [0.32996666431427, 0.3941783607006073, 0.13135874271392822, 0.013823242858052254, 0.18554913997650146, 0.4352613389492035], [0.25753653049468994, 0.26375308632850647, 0.09915202111005783, 0.007942374795675278, 0.12729331851005554, 0.2899876832962036]], [[0.22900305688381195, 0.32721206545829773, 0.13729453086853027, 0.03467811644077301, 0.15207166969776154, 0.3787272274494171], [0.15974536538124084, 0.22499752044677734, 0.073061004281044, 0.011261412873864174, 0.10705552250146866, 0.29872724413871765], [0.12322870641946793, 0.1436425894498825, 0.05104672908782959, 0.006325111258774996, 0.06642312556505203, 0.19386230409145355]]], "full_window": 384, "layer": 1}, {"document_lengths": [140, 1726, 390, 4096, 554, 394, 320], "error": [[[0.12281154841184616, 0.2847461700439453, 0.15999066829681396], [0.06443727761507034, 0.18492679297924042, 0.08159934729337692], [0.06078682094812393, 0.11908013373613358, 0.0551476813852787]], [[0.07558444142341614, 0.13490134477615356, 0.08350074291229248], [0.02965608984231949, 0.06586761772632599, 0.025875793769955635], [0.027344034984707832, 0.04982617124915123, 0.023406116291880608]], [[0.045348938554525375, 0.0485050305724144, 0.046414826065301895], [0.017611119896173477, 0.01337485946714878, 0.014896024949848652], [0.015935998409986496, 0.013039246201515198, 0.014104684814810753]]], "full_window": 384, "layer": 2}, {"document_lengths": [140, 1726, 390, 4096, 554, 394, 320], "error": [[[0.3450011909008026, 0.11981238424777985, 0.16613081097602844], [0.21110473573207855, 0.04819437861442566, 0.06267409026622772], [0.18216784298419952, 0.047301117330789566, 0.06340304762125015]], [[0.147607684135437, 0.07740463316440582, 0.1069597378373146], [0.08672134578227997, 0.027080630883574486, 0.0379745289683342], [0.07774529606103897, 0.02604461833834648, 0.04152330756187439]], [[0.04974987357854843, 0.0425589457154274, 0.05371186137199402], [0.025334183126688004, 0.015869947150349617, 0.02234063856303692], [0.023048562929034233, 0.015062103047966957, 0.024698972702026367]]], "full_window": 384, "layer": 5}, {"document_lengths": [70, 863, 195, 2048, 277, 197, 160, 674, 867, 320, 102, 510, 895, 116, 712], "error": [[[0.3742386996746063, 0.4697186350822449, 0.20750604569911957, 0.5856528282165527, 0.44727250933647156, 0.18704953789710999], [0.19801487028598785, 0.3350768983364105, 0.07375608384609222, 0.3979077935218811, 0.25419488549232483, 0.07345693558454514], [0.20447365939617157, 0.29938268661499023, 0.0684737116098404, 0.3605949282646179, 0.22465358674526215, 0.08937195688486099]], [[0.21868787705898285, 0.3564325273036957, 0.13601957261562347, 0.4073854684829712, 0.2690297067165375, 0.11701645702123642], [0.11880544573068619, 0.22528991103172302, 0.04423186182975769, 0.27155575156211853, 0.1456613838672638, 0.04000319167971611], [0.11597397178411484, 0.2038920521736145, 0.034647468477487564, 0.2337195724248886, 0.11967495828866959, 0.04760044813156128]], [[0.09442984312772751, 0.22377750277519226, 0.07716311514377594, 0.20450179278850555, 0.12928055226802826, 0.06787281483411789], [0.05496819317340851, 0.14068326354026794, 0.02761920727789402, 0.1327008455991745, 0.06844539940357208, 0.02281995303928852], [0.04106953367590904, 0.11984981596469879, 0.019883839413523674, 0.1202182024717331, 0.053951457142829895, 0.01914936862885952]]], "full_window": 384, "layer": 8}], "seconds": 0.08314625173807144, "step": 592}, {"observations": [{"document_lengths": [488, 440, 342, 2816, 208, 242, 370, 254, 2250, 560], "error": [[[0.39045584201812744, 0.08818483352661133, 0.48150867223739624], [0.29863667488098145, 0.03273262828588486, 0.3916175365447998], [0.18392392992973328, 0.02166605368256569, 0.281412810087204]], [[0.22227631509304047, 0.06650916486978531, 0.31444624066352844], [0.14393162727355957, 0.026155434548854828, 0.24865520000457764], [0.09212736040353775, 0.01686464436352253, 0.16062813997268677]], [[0.0910865068435669, 0.03066410683095455, 0.15178807079792023], [0.05350618436932564, 0.013596493750810623, 0.1273801475763321], [0.04515582695603371, 0.008477381430566311, 0.05819746479392052]]], "full_window": 384, "layer": 0}, {"document_lengths": [244, 220, 171, 1408, 104, 121, 185, 127, 1125, 280, 732, 124, 780, 1076, 409, 617, 90, 276], "error": [[[0.5775054097175598, 0.6550625562667847, 0.3065485954284668, 0.051978982985019684, 0.37651458382606506, 0.595081090927124], [0.4651350975036621, 0.5167375802993774, 0.21275271475315094, 0.01620771922171116, 0.271073579788208, 0.5001775026321411], [0.36145806312561035, 0.3596085011959076, 0.15684066712856293, 0.0104413703083992, 0.18940426409244537, 0.33906784653663635]], [[0.38901597261428833, 0.48314255475997925, 0.16168732941150665, 0.041251447051763535, 0.26083076000213623, 0.49184703826904297], [0.2988404929637909, 0.37376275658607483, 0.08941737562417984, 0.012593214400112629, 0.18090274930000305, 0.383160263299942], [0.22674627602100372, 0.23024670779705048, 0.08023936301469803, 0.007971199229359627, 0.1186055839061737, 0.2605484127998352]], [[0.20678368210792542, 0.2913854420185089, 0.08507847785949707, 0.030651895329356194, 0.13448025286197662, 0.33399537205696106], [0.14583760499954224, 0.20740002393722534, 0.04559990018606186, 0.009844819083809853, 0.08517926931381226, 0.2576211392879486], [0.10338324308395386, 0.12397411465644836, 0.041279200464487076, 0.006173257250338793, 0.06051763519644737, 0.1624700427055359]]], "full_window": 384, "layer": 1}, {"document_lengths": [488, 440, 342, 2816, 208, 242, 370, 254, 2250, 560], "error": [[[0.1324550211429596, 0.3148692846298218, 0.11352821439504623], [0.06134011596441269, 0.2464977502822876, 0.04197419807314873], [0.060441695153713226, 0.15458407998085022, 0.03348643705248833]], [[0.08418713510036469, 0.16664442420005798, 0.07087520509958267], [0.03238325193524361, 0.0990854799747467, 0.02033146657049656], [0.02941894344985485, 0.06429821997880936, 0.018380509689450264]], [[0.0473666675388813, 0.04333009198307991, 0.04252078756690025], [0.017783813178539276, 0.014567377977073193, 0.014920943416655064], [0.015660375356674194, 0.010854695923626423, 0.012582293711602688]]], "full_window": 384, "layer": 2}, {"document_lengths": [488, 440, 342, 2816, 208, 242, 370, 254, 2250, 560], "error": [[[0.3241981267929077, 0.11433539539575577, 0.16502457857131958], [0.1761796921491623, 0.04626237973570824, 0.06845197081565857], [0.15015950798988342, 0.0419040322303772, 0.062195438891649246]], [[0.16114541888237, 0.07649167627096176, 0.10493218153715134], [0.08339834958314896, 0.028016462922096252, 0.04188733920454979], [0.0736234188079834, 0.026128605008125305, 0.038735758513212204]], [[0.05187966302037239, 0.04483979567885399, 0.044473178684711456], [0.020739244297146797, 0.017187390476465225, 0.01787935383617878], [0.022521350532770157, 0.015890875831246376, 0.017397582530975342]]], "full_window": 384, "layer": 5}, {"document_lengths": [244, 220, 171, 1408, 104, 121, 185, 127, 1125, 280, 732, 124, 780, 1076, 409, 617, 90, 276], "error": [[[0.3587433695793152, 0.5035069584846497, 0.1854245364665985, 0.606391966342926, 0.4157963693141937, 0.219808429479599], [0.20309050381183624, 0.32469481229782104, 0.06475460529327393, 0.4369455873966217, 0.23763741552829742, 0.0948510617017746], [0.16311638057231903, 0.2876831889152527, 0.062442801892757416, 0.38365069031715393, 0.1926957070827484, 0.08597198873758316]], [[0.2920052111148834, 0.32672354578971863, 0.11678559333086014, 0.423745721578598, 0.24521204829216003, 0.15639837086200714], [0.1544778048992157, 0.19550275802612305, 0.036107007414102554, 0.26621678471565247, 0.13270527124404907, 0.058241646736860275], [0.09347113966941833, 0.17024961113929749, 0.027091624215245247, 0.23806168138980865, 0.10063834488391876, 0.05287442356348038]], [[0.06536422669887543, 0.17643608152866364, 0.0637732446193695, 0.24026833474636078, 0.11998803913593292, 0.06468167155981064], [0.03829990327358246, 0.10209985822439194, 0.020904438570141792, 0.14892709255218506, 0.062253907322883606, 0.020174646750092506], [0.03431811183691025, 0.09371014684438705, 0.015390479937195778, 0.1301892250776291, 0.046489402651786804, 0.016860606148838997]]], "full_window": 384, "layer": 8}], "seconds": 0.03373128920793533, "step": 593}], "calibration_steps": [592, 593], "extension": "nanogpt_ab_33ed10bb784d", "head_min_rows": 32768, "head_sample_group": 4, "threshold": 0.2, "training_ms": 39390.635557472706, "val_loss": 3.2792227268218994, "windows": {"0": [256, 64, 256], "1": [-1, -1, 256, 128, -1, -1], "2": [64, 128, 64], "5": [128, 64, 64], "8": [256, -1, 128, -1, 256, 128]}, "worst_errors": {"0": [[0.48496219515800476, 0.1107712835073471, 0.5832334160804749], [0.25280067324638367, 0.08543216437101364, 0.3947865068912506], [0.11818194389343262, 0.04126034677028656, 0.16419963538646698]], "1": [[0.6214377880096436, 0.737182080745697, 0.3710414469242096, 0.06485459953546524, 0.7074499726295471, 0.6833422183990479], [0.43961212038993835, 0.6076902747154236, 0.24851466715335846, 0.05001859739422798, 0.48271819949150085, 0.5745599865913391], [0.24931474030017853, 0.37912866473197937, 0.13729453086853027, 0.03806845471262932, 0.25272804498672485, 0.41409677267074585]], "2": [[0.14958716928958893, 0.3739759027957916, 0.17681023478507996], [0.09621167182922363, 0.16704663634300232, 0.09943526238203049], [0.048997752368450165, 0.05224121734499931, 0.05292600393295288]], "5": [[0.3699067234992981, 0.1362064778804779, 0.17806245386600494], [0.1640142798423767, 0.07979011535644531, 0.1194237545132637], [0.059933166950941086, 0.052197471261024475, 0.057022493332624435]], "8": [[0.4053817689418793, 0.708936870098114, 0.21418985724449158, 0.606391966342926, 0.4689542055130005, 0.219808429479599], [0.2920052111148834, 0.4126391112804413, 0.13668085634708405, 0.4331059455871582, 0.2898395359516144, 0.15639837086200714], [0.11510037630796432, 0.22377750277519226, 0.0824824720621109, 0.24442975223064423, 0.13785341382026672, 0.07813386619091034]]}}
