[Gloo] Rank 0 is connected to 7 peer ranks. Expected number of connected peer ranks is : 7
[Gloo] Rank [Gloo] Rank 12 is connected to  is connected to 77 peer ranks.  peer ranks. Expected number of connected peer ranks is : Expected number of connected peer ranks is : 77

[Gloo] Rank [Gloo] Rank [Gloo] Rank 543 is connected to  is connected to  is connected to 777 peer ranks.  peer ranks. [Gloo] Rank  peer ranks. [Gloo] Rank Expected number of connected peer ranks is : Expected number of connected peer ranks is : 67Expected number of connected peer ranks is : 77 is connected to 
 is connected to 77
7 peer ranks. 
 peer ranks. Expected number of connected peer ranks is : Expected number of connected peer ranks is : 77

logs/19810599-d1dc-421c-971b-b8bd34b375e4.txt
Compiling model and warming up kernels (~7 minutes on first execution)
Sampling steps [0, 1, 415, 416, 417, 418, 831, 832, 833, 834, 1248, 1249, 1250, 1251] for warmup
Resetting Model
step:0/1290 val_loss:10.8296 train_time:147ms step_avg:147.28ms
step:1/1290 train_time:249ms step_avg:249.27ms
step:2/1290 train_time:288ms step_avg:143.95ms
step:3/1290 train_time:316ms step_avg:105.48ms
step:4/1290 train_time:348ms step_avg:86.99ms
step:5/1290 train_time:375ms step_avg:74.95ms
step:6/1290 train_time:405ms step_avg:67.47ms
step:7/1290 train_time:431ms step_avg:61.53ms
step:8/1290 train_time:461ms step_avg:57.57ms
step:9/1290 train_time:486ms step_avg:54.05ms
step:10/1290 train_time:522ms step_avg:52.21ms
step:11/1290 train_time:548ms step_avg:49.82ms
step:12/1290 train_time:578ms step_avg:48.14ms
step:13/1290 train_time:603ms step_avg:46.41ms
step:14/1290 train_time:632ms step_avg:45.14ms
step:15/1290 train_time:657ms step_avg:43.78ms
step:16/1290 train_time:685ms step_avg:42.83ms
step:17/1290 train_time:710ms step_avg:41.79ms
step:18/1290 train_time:750ms step_avg:41.65ms
step:19/1290 train_time:775ms step_avg:40.80ms
step:20/1290 train_time:804ms step_avg:40.20ms
step:21/1290 train_time:833ms step_avg:39.69ms
step:22/1290 train_time:870ms step_avg:39.52ms
step:23/1290 train_time:894ms step_avg:38.89ms
step:24/1290 train_time:925ms step_avg:38.55ms
step:25/1290 train_time:951ms step_avg:38.04ms
step:26/1290 train_time:985ms step_avg:37.89ms
step:27/1290 train_time:1012ms step_avg:37.48ms
step:28/1290 train_time:1047ms step_avg:37.39ms
step:29/1290 train_time:1087ms step_avg:37.47ms
step:30/1290 train_time:1133ms step_avg:37.75ms
step:31/1290 train_time:1170ms step_avg:37.73ms
step:32/1290 train_time:1198ms step_avg:37.45ms
step:33/1290 train_time:1224ms step_avg:37.09ms
step:34/1290 train_time:1253ms step_avg:36.84ms
step:35/1290 train_time:1278ms step_avg:36.50ms
step:36/1290 train_time:1307ms step_avg:36.30ms
step:37/1290 train_time:1332ms step_avg:36.00ms
step:38/1290 train_time:1361ms step_avg:35.81ms
step:39/1290 train_time:1386ms step_avg:35.55ms
step:40/1290 train_time:1418ms step_avg:35.46ms
step:41/1290 train_time:1443ms step_avg:35.20ms
step:42/1290 train_time:1477ms step_avg:35.18ms
step:43/1290 train_time:1502ms step_avg:34.94ms
step:44/1290 train_time:1538ms step_avg:34.95ms
step:45/1290 train_time:1563ms step_avg:34.73ms
step:46/1290 train_time:1598ms step_avg:34.73ms
step:47/1290 train_time:1623ms step_avg:34.54ms
step:48/1290 train_time:1658ms step_avg:34.54ms
step:49/1290 train_time:1683ms step_avg:34.35ms
step:50/1290 train_time:1718ms step_avg:34.35ms
step:51/1290 train_time:1743ms step_avg:34.18ms
step:52/1290 train_time:1777ms step_avg:34.18ms
step:53/1290 train_time:1803ms step_avg:34.01ms
step:54/1290 train_time:1838ms step_avg:34.03ms
step:55/1290 train_time:1863ms step_avg:33.87ms
step:56/1290 train_time:1897ms step_avg:33.88ms
step:57/1290 train_time:1922ms step_avg:33.73ms
step:58/1290 train_time:1957ms step_avg:33.75ms
step:59/1290 train_time:1983ms step_avg:33.60ms
step:60/1290 train_time:2017ms step_avg:33.62ms
step:61/1290 train_time:2043ms step_avg:33.49ms
step:62/1290 train_time:2077ms step_avg:33.50ms
step:63/1290 train_time:2103ms step_avg:33.38ms
step:64/1290 train_time:2137ms step_avg:33.40ms
step:65/1290 train_time:2162ms step_avg:33.27ms
step:66/1290 train_time:2197ms step_avg:33.28ms
step:67/1290 train_time:2222ms step_avg:33.17ms
step:68/1290 train_time:2257ms step_avg:33.19ms
step:69/1290 train_time:2282ms step_avg:33.07ms
step:70/1290 train_time:2317ms step_avg:33.10ms
step:71/1290 train_time:2352ms step_avg:33.13ms
step:72/1290 train_time:2382ms step_avg:33.08ms
step:73/1290 train_time:2406ms step_avg:32.97ms
step:74/1290 train_time:2443ms step_avg:33.02ms
step:75/1290 train_time:2470ms step_avg:32.94ms
step:76/1290 train_time:2499ms step_avg:32.88ms
step:77/1290 train_time:2524ms step_avg:32.77ms
step:78/1290 train_time:2556ms step_avg:32.77ms
step:79/1290 train_time:2581ms step_avg:32.67ms
step:80/1290 train_time:2617ms step_avg:32.71ms
step:81/1290 train_time:2642ms step_avg:32.61ms
step:82/1290 train_time:2676ms step_avg:32.64ms
step:83/1290 train_time:2701ms step_avg:32.54ms
step:84/1290 train_time:2736ms step_avg:32.57ms
step:85/1290 train_time:2761ms step_avg:32.48ms
step:86/1290 train_time:2796ms step_avg:32.51ms
step:87/1290 train_time:2821ms step_avg:32.42ms
step:88/1290 train_time:2856ms step_avg:32.45ms
step:89/1290 train_time:2880ms step_avg:32.36ms
step:90/1290 train_time:2916ms step_avg:32.40ms
step:91/1290 train_time:2941ms step_avg:32.32ms
step:92/1290 train_time:2976ms step_avg:32.34ms
step:93/1290 train_time:3000ms step_avg:32.26ms
step:94/1290 train_time:3036ms step_avg:32.30ms
step:95/1290 train_time:3060ms step_avg:32.21ms
step:96/1290 train_time:3095ms step_avg:32.24ms
step:97/1290 train_time:3120ms step_avg:32.17ms
step:98/1290 train_time:3156ms step_avg:32.20ms
step:99/1290 train_time:3180ms step_avg:32.13ms
step:100/1290 train_time:3215ms step_avg:32.15ms
step:101/1290 train_time:3241ms step_avg:32.08ms
step:102/1290 train_time:3275ms step_avg:32.11ms
step:103/1290 train_time:3300ms step_avg:32.04ms
step:104/1290 train_time:3336ms step_avg:32.07ms
step:105/1290 train_time:3360ms step_avg:32.00ms
step:106/1290 train_time:3395ms step_avg:32.03ms
step:107/1290 train_time:3420ms step_avg:31.96ms
step:108/1290 train_time:3455ms step_avg:32.00ms
step:109/1290 train_time:3480ms step_avg:31.93ms
step:110/1290 train_time:3515ms step_avg:31.95ms
step:111/1290 train_time:3540ms step_avg:31.89ms
step:112/1290 train_time:3575ms step_avg:31.92ms
step:113/1290 train_time:3600ms step_avg:31.86ms
step:114/1290 train_time:3635ms step_avg:31.88ms
step:115/1290 train_time:3660ms step_avg:31.82ms
step:116/1290 train_time:3695ms step_avg:31.85ms
step:117/1290 train_time:3720ms step_avg:31.79ms
step:118/1290 train_time:3755ms step_avg:31.82ms
step:119/1290 train_time:3779ms step_avg:31.76ms
step:120/1290 train_time:3814ms step_avg:31.79ms
step:121/1290 train_time:3846ms step_avg:31.78ms
step:122/1290 train_time:3876ms step_avg:31.77ms
step:123/1290 train_time:3901ms step_avg:31.71ms
step:124/1290 train_time:3934ms step_avg:31.73ms
step:125/1290 train_time:3959ms step_avg:31.67ms
step:126/1290 train_time:3994ms step_avg:31.70ms
step:127/1290 train_time:4019ms step_avg:31.65ms
step:128/1290 train_time:4058ms step_avg:31.70ms
step:129/1290 train_time:4082ms step_avg:31.65ms
step:130/1290 train_time:4114ms step_avg:31.65ms
step:131/1290 train_time:4139ms step_avg:31.60ms
step:132/1290 train_time:4174ms step_avg:31.62ms
step:133/1290 train_time:4199ms step_avg:31.57ms
step:134/1290 train_time:4235ms step_avg:31.60ms
step:135/1290 train_time:4260ms step_avg:31.55ms
step:136/1290 train_time:4294ms step_avg:31.57ms
step:137/1290 train_time:4319ms step_avg:31.52ms
step:138/1290 train_time:4354ms step_avg:31.55ms
step:139/1290 train_time:4378ms step_avg:31.50ms
step:140/1290 train_time:4413ms step_avg:31.52ms
step:141/1290 train_time:4438ms step_avg:31.48ms
step:142/1290 train_time:4474ms step_avg:31.50ms
step:143/1290 train_time:4498ms step_avg:31.46ms
step:144/1290 train_time:4534ms step_avg:31.48ms
step:145/1290 train_time:4558ms step_avg:31.44ms
step:146/1290 train_time:4593ms step_avg:31.46ms
step:147/1290 train_time:4618ms step_avg:31.42ms
step:148/1290 train_time:4653ms step_avg:31.44ms
step:149/1290 train_time:4678ms step_avg:31.40ms
step:150/1290 train_time:4713ms step_avg:31.42ms
step:151/1290 train_time:4738ms step_avg:31.38ms
step:152/1290 train_time:4774ms step_avg:31.40ms
step:153/1290 train_time:4799ms step_avg:31.36ms
step:154/1290 train_time:4834ms step_avg:31.39ms
step:155/1290 train_time:4858ms step_avg:31.34ms
step:156/1290 train_time:4894ms step_avg:31.37ms
step:157/1290 train_time:4919ms step_avg:31.33ms
step:158/1290 train_time:4953ms step_avg:31.35ms
step:159/1290 train_time:4978ms step_avg:31.31ms
step:160/1290 train_time:5013ms step_avg:31.33ms
step:161/1290 train_time:5039ms step_avg:31.30ms
step:162/1290 train_time:5073ms step_avg:31.32ms
step:163/1290 train_time:5098ms step_avg:31.28ms
step:164/1290 train_time:5133ms step_avg:31.30ms
step:165/1290 train_time:5158ms step_avg:31.26ms
step:166/1290 train_time:5193ms step_avg:31.29ms
step:167/1290 train_time:5218ms step_avg:31.24ms
step:168/1290 train_time:5253ms step_avg:31.27ms
step:169/1290 train_time:5278ms step_avg:31.23ms
step:170/1290 train_time:5314ms step_avg:31.26ms
step:171/1290 train_time:5338ms step_avg:31.22ms
step:172/1290 train_time:5373ms step_avg:31.24ms
step:173/1290 train_time:5398ms step_avg:31.20ms
step:174/1290 train_time:5436ms step_avg:31.24ms
step:175/1290 train_time:5470ms step_avg:31.26ms
step:176/1290 train_time:5498ms step_avg:31.24ms
step:177/1290 train_time:5527ms step_avg:31.22ms
step:178/1290 train_time:5555ms step_avg:31.21ms
step:179/1290 train_time:5579ms step_avg:31.17ms
step:180/1290 train_time:5612ms step_avg:31.18ms
step:181/1290 train_time:5638ms step_avg:31.15ms
step:182/1290 train_time:5672ms step_avg:31.17ms
step:183/1290 train_time:5697ms step_avg:31.13ms
step:184/1290 train_time:5732ms step_avg:31.15ms
step:185/1290 train_time:5760ms step_avg:31.13ms
step:186/1290 train_time:5792ms step_avg:31.14ms
step:187/1290 train_time:5817ms step_avg:31.11ms
step:188/1290 train_time:5852ms step_avg:31.13ms
step:189/1290 train_time:5877ms step_avg:31.10ms
step:190/1290 train_time:5912ms step_avg:31.12ms
step:191/1290 train_time:5943ms step_avg:31.11ms
step:192/1290 train_time:5974ms step_avg:31.12ms
step:193/1290 train_time:5999ms step_avg:31.08ms
step:194/1290 train_time:6032ms step_avg:31.09ms
step:195/1290 train_time:6057ms step_avg:31.06ms
step:196/1290 train_time:6092ms step_avg:31.08ms
step:197/1290 train_time:6117ms step_avg:31.05ms
step:198/1290 train_time:6152ms step_avg:31.07ms
step:199/1290 train_time:6178ms step_avg:31.04ms
step:200/1290 train_time:6212ms step_avg:31.06ms
step:201/1290 train_time:6237ms step_avg:31.03ms
step:202/1290 train_time:6272ms step_avg:31.05ms
step:203/1290 train_time:6297ms step_avg:31.02ms
step:204/1290 train_time:6333ms step_avg:31.04ms
step:205/1290 train_time:6358ms step_avg:31.01ms
step:206/1290 train_time:6391ms step_avg:31.03ms
step:207/1290 train_time:6416ms step_avg:31.00ms
step:208/1290 train_time:6452ms step_avg:31.02ms
step:209/1290 train_time:6479ms step_avg:31.00ms
step:210/1290 train_time:6512ms step_avg:31.01ms
step:211/1290 train_time:6537ms step_avg:30.98ms
step:212/1290 train_time:6574ms step_avg:31.01ms
step:213/1290 train_time:6599ms step_avg:30.98ms
step:214/1290 train_time:6631ms step_avg:30.99ms
step:215/1290 train_time:6656ms step_avg:30.96ms
step:216/1290 train_time:6691ms step_avg:30.98ms
step:217/1290 train_time:6716ms step_avg:30.95ms
step:218/1290 train_time:6754ms step_avg:30.98ms
step:219/1290 train_time:6778ms step_avg:30.95ms
step:220/1290 train_time:6811ms step_avg:30.96ms
step:221/1290 train_time:6836ms step_avg:30.93ms
step:222/1290 train_time:6871ms step_avg:30.95ms
step:223/1290 train_time:6896ms step_avg:30.92ms
step:224/1290 train_time:6932ms step_avg:30.94ms
step:225/1290 train_time:6956ms step_avg:30.92ms
step:226/1290 train_time:6990ms step_avg:30.93ms
step:227/1290 train_time:7015ms step_avg:30.90ms
step:228/1290 train_time:7051ms step_avg:30.92ms
step:229/1290 train_time:7075ms step_avg:30.90ms
step:230/1290 train_time:7110ms step_avg:30.91ms
step:231/1290 train_time:7135ms step_avg:30.89ms
step:232/1290 train_time:7170ms step_avg:30.91ms
step:233/1290 train_time:7195ms step_avg:30.88ms
step:234/1290 train_time:7230ms step_avg:30.90ms
step:235/1290 train_time:7255ms step_avg:30.87ms
step:236/1290 train_time:7290ms step_avg:30.89ms
step:237/1290 train_time:7316ms step_avg:30.87ms
step:238/1290 train_time:7355ms step_avg:30.90ms
step:239/1290 train_time:7385ms step_avg:30.90ms
step:240/1290 train_time:7412ms step_avg:30.88ms
step:241/1290 train_time:7437ms step_avg:30.86ms
step:242/1290 train_time:7469ms step_avg:30.86ms
step:243/1290 train_time:7495ms step_avg:30.84ms
step:244/1290 train_time:7529ms step_avg:30.86ms
step:245/1290 train_time:7554ms step_avg:30.83ms
step:246/1290 train_time:7589ms step_avg:30.85ms
step:247/1290 train_time:7614ms step_avg:30.82ms
step:248/1290 train_time:7654ms step_avg:30.86ms
step:249/1290 train_time:7681ms step_avg:30.85ms
step:250/1290 train_time:7709ms step_avg:30.83ms
step:250/1290 val_loss:4.4887 train_time:7738ms step_avg:30.95ms
step:251/1290 train_time:7766ms step_avg:30.94ms
step:252/1290 train_time:7795ms step_avg:30.93ms
step:253/1290 train_time:7821ms step_avg:30.91ms
step:254/1290 train_time:7849ms step_avg:30.90ms
step:255/1290 train_time:7873ms step_avg:30.88ms
step:256/1290 train_time:7902ms step_avg:30.87ms
step:257/1290 train_time:7926ms step_avg:30.84ms
step:258/1290 train_time:7954ms step_avg:30.83ms
step:259/1290 train_time:7979ms step_avg:30.81ms
step:260/1290 train_time:8016ms step_avg:30.83ms
step:261/1290 train_time:8041ms step_avg:30.81ms
step:262/1290 train_time:8074ms step_avg:30.82ms
step:263/1290 train_time:8099ms step_avg:30.79ms
step:264/1290 train_time:8134ms step_avg:30.81ms
step:265/1290 train_time:8159ms step_avg:30.79ms
step:266/1290 train_time:8194ms step_avg:30.80ms
step:267/1290 train_time:8229ms step_avg:30.82ms
step:268/1290 train_time:8256ms step_avg:30.81ms
step:269/1290 train_time:8280ms step_avg:30.78ms
step:270/1290 train_time:8313ms step_avg:30.79ms
step:271/1290 train_time:8341ms step_avg:30.78ms
step:272/1290 train_time:8373ms step_avg:30.78ms
step:273/1290 train_time:8403ms step_avg:30.78ms
step:274/1290 train_time:8437ms step_avg:30.79ms
step:275/1290 train_time:8461ms step_avg:30.77ms
step:276/1290 train_time:8493ms step_avg:30.77ms
step:277/1290 train_time:8520ms step_avg:30.76ms
step:278/1290 train_time:8553ms step_avg:30.77ms
step:279/1290 train_time:8578ms step_avg:30.75ms
step:280/1290 train_time:8613ms step_avg:30.76ms
step:281/1290 train_time:8638ms step_avg:30.74ms
step:282/1290 train_time:8672ms step_avg:30.75ms
step:283/1290 train_time:8698ms step_avg:30.73ms
step:284/1290 train_time:8732ms step_avg:30.75ms
step:285/1290 train_time:8758ms step_avg:30.73ms
step:286/1290 train_time:8792ms step_avg:30.74ms
step:287/1290 train_time:8817ms step_avg:30.72ms
step:288/1290 train_time:8852ms step_avg:30.74ms
step:289/1290 train_time:8877ms step_avg:30.72ms
step:290/1290 train_time:8912ms step_avg:30.73ms
step:291/1290 train_time:8937ms step_avg:30.71ms
step:292/1290 train_time:8972ms step_avg:30.72ms
step:293/1290 train_time:8997ms step_avg:30.71ms
step:294/1290 train_time:9032ms step_avg:30.72ms
step:295/1290 train_time:9057ms step_avg:30.70ms
step:296/1290 train_time:9093ms step_avg:30.72ms
step:297/1290 train_time:9118ms step_avg:30.70ms
step:298/1290 train_time:9151ms step_avg:30.71ms
step:299/1290 train_time:9176ms step_avg:30.69ms
step:300/1290 train_time:9211ms step_avg:30.70ms
step:301/1290 train_time:9236ms step_avg:30.69ms
step:302/1290 train_time:9271ms step_avg:30.70ms
step:303/1290 train_time:9296ms step_avg:30.68ms
step:304/1290 train_time:9331ms step_avg:30.69ms
step:305/1290 train_time:9356ms step_avg:30.68ms
step:306/1290 train_time:9391ms step_avg:30.69ms
step:307/1290 train_time:9416ms step_avg:30.67ms
step:308/1290 train_time:9451ms step_avg:30.68ms
step:309/1290 train_time:9476ms step_avg:30.67ms
step:310/1290 train_time:9510ms step_avg:30.68ms
step:311/1290 train_time:9535ms step_avg:30.66ms
step:312/1290 train_time:9570ms step_avg:30.67ms
step:313/1290 train_time:9599ms step_avg:30.67ms
step:314/1290 train_time:9630ms step_avg:30.67ms
step:315/1290 train_time:9655ms step_avg:30.65ms
step:316/1290 train_time:9690ms step_avg:30.67ms
step:317/1290 train_time:9725ms step_avg:30.68ms
step:318/1290 train_time:9754ms step_avg:30.67ms
step:319/1290 train_time:9778ms step_avg:30.65ms
step:320/1290 train_time:9810ms step_avg:30.65ms
step:321/1290 train_time:9835ms step_avg:30.64ms
step:322/1290 train_time:9869ms step_avg:30.65ms
step:323/1290 train_time:9894ms step_avg:30.63ms
step:324/1290 train_time:9933ms step_avg:30.66ms
step:325/1290 train_time:9957ms step_avg:30.64ms
step:326/1290 train_time:9989ms step_avg:30.64ms
step:327/1290 train_time:10014ms step_avg:30.62ms
step:328/1290 train_time:10049ms step_avg:30.64ms
step:329/1290 train_time:10076ms step_avg:30.63ms
step:330/1290 train_time:10109ms step_avg:30.63ms
step:331/1290 train_time:10134ms step_avg:30.62ms
step:332/1290 train_time:10169ms step_avg:30.63ms
step:333/1290 train_time:10193ms step_avg:30.61ms
step:334/1290 train_time:10228ms step_avg:30.62ms
step:335/1290 train_time:10253ms step_avg:30.61ms
step:336/1290 train_time:10288ms step_avg:30.62ms
step:337/1290 train_time:10313ms step_avg:30.60ms
step:338/1290 train_time:10348ms step_avg:30.62ms
step:339/1290 train_time:10373ms step_avg:30.60ms
step:340/1290 train_time:10408ms step_avg:30.61ms
step:341/1290 train_time:10433ms step_avg:30.60ms
step:342/1290 train_time:10468ms step_avg:30.61ms
step:343/1290 train_time:10493ms step_avg:30.59ms
step:344/1290 train_time:10527ms step_avg:30.60ms
step:345/1290 train_time:10553ms step_avg:30.59ms
step:346/1290 train_time:10587ms step_avg:30.60ms
step:347/1290 train_time:10613ms step_avg:30.58ms
step:348/1290 train_time:10647ms step_avg:30.60ms
step:349/1290 train_time:10675ms step_avg:30.59ms
step:350/1290 train_time:10707ms step_avg:30.59ms
step:351/1290 train_time:10732ms step_avg:30.58ms
step:352/1290 train_time:10767ms step_avg:30.59ms
step:353/1290 train_time:10792ms step_avg:30.57ms
step:354/1290 train_time:10826ms step_avg:30.58ms
step:355/1290 train_time:10852ms step_avg:30.57ms
step:356/1290 train_time:10886ms step_avg:30.58ms
step:357/1290 train_time:10912ms step_avg:30.57ms
step:358/1290 train_time:10947ms step_avg:30.58ms
step:359/1290 train_time:10972ms step_avg:30.56ms
step:360/1290 train_time:11006ms step_avg:30.57ms
step:361/1290 train_time:11032ms step_avg:30.56ms
step:362/1290 train_time:11066ms step_avg:30.57ms
step:363/1290 train_time:11091ms step_avg:30.55ms
step:364/1290 train_time:11126ms step_avg:30.57ms
step:365/1290 train_time:11151ms step_avg:30.55ms
step:366/1290 train_time:11186ms step_avg:30.56ms
step:367/1290 train_time:11211ms step_avg:30.55ms
step:368/1290 train_time:11246ms step_avg:30.56ms
step:369/1290 train_time:11271ms step_avg:30.54ms
step:370/1290 train_time:11311ms step_avg:30.57ms
step:371/1290 train_time:11338ms step_avg:30.56ms
step:372/1290 train_time:11366ms step_avg:30.55ms
step:373/1290 train_time:11391ms step_avg:30.54ms
step:374/1290 train_time:11425ms step_avg:30.55ms
step:375/1290 train_time:11451ms step_avg:30.53ms
step:376/1290 train_time:11485ms step_avg:30.55ms
step:377/1290 train_time:11518ms step_avg:30.55ms
step:378/1290 train_time:11547ms step_avg:30.55ms
step:379/1290 train_time:11571ms step_avg:30.53ms
step:380/1290 train_time:11605ms step_avg:30.54ms
step:381/1290 train_time:11630ms step_avg:30.53ms
step:382/1290 train_time:11665ms step_avg:30.54ms
step:383/1290 train_time:11690ms step_avg:30.52ms
step:384/1290 train_time:11725ms step_avg:30.53ms
step:385/1290 train_time:11750ms step_avg:30.52ms
step:386/1290 train_time:11785ms step_avg:30.53ms
step:387/1290 train_time:11812ms step_avg:30.52ms
step:388/1290 train_time:11845ms step_avg:30.53ms
step:389/1290 train_time:11870ms step_avg:30.51ms
step:390/1290 train_time:11904ms step_avg:30.52ms
step:391/1290 train_time:11929ms step_avg:30.51ms
step:392/1290 train_time:11964ms step_avg:30.52ms
step:393/1290 train_time:11989ms step_avg:30.51ms
step:394/1290 train_time:12024ms step_avg:30.52ms
step:395/1290 train_time:12049ms step_avg:30.50ms
step:396/1290 train_time:12084ms step_avg:30.51ms
step:397/1290 train_time:12109ms step_avg:30.50ms
step:398/1290 train_time:12144ms step_avg:30.51ms
step:399/1290 train_time:12169ms step_avg:30.50ms
step:400/1290 train_time:12203ms step_avg:30.51ms
step:401/1290 train_time:12229ms step_avg:30.50ms
step:402/1290 train_time:12264ms step_avg:30.51ms
step:403/1290 train_time:12288ms step_avg:30.49ms
step:404/1290 train_time:12323ms step_avg:30.50ms
step:405/1290 train_time:12348ms step_avg:30.49ms
step:406/1290 train_time:12383ms step_avg:30.50ms
step:407/1290 train_time:12408ms step_avg:30.49ms
step:408/1290 train_time:12443ms step_avg:30.50ms
step:409/1290 train_time:12471ms step_avg:30.49ms
step:410/1290 train_time:12503ms step_avg:30.49ms
step:411/1290 train_time:12528ms step_avg:30.48ms
step:412/1290 train_time:12562ms step_avg:30.49ms
step:413/1290 train_time:12588ms step_avg:30.48ms
step:414/1290 train_time:12622ms step_avg:30.49ms
step:415/1290 train_time:12647ms step_avg:30.48ms
step:416/1290 train_time:12682ms step_avg:30.49ms
step:417/1290 train_time:12707ms step_avg:30.47ms
step:418/1290 train_time:12745ms step_avg:30.49ms
step:419/1290 train_time:12794ms step_avg:30.53ms
step:420/1290 train_time:12849ms step_avg:30.59ms
step:421/1290 train_time:12898ms step_avg:30.64ms
step:422/1290 train_time:12953ms step_avg:30.69ms
step:423/1290 train_time:13003ms step_avg:30.74ms
step:424/1290 train_time:13058ms step_avg:30.80ms
step:425/1290 train_time:13107ms step_avg:30.84ms
step:426/1290 train_time:13162ms step_avg:30.90ms
step:427/1290 train_time:13212ms step_avg:30.94ms
step:428/1290 train_time:13267ms step_avg:31.00ms
step:429/1290 train_time:13316ms step_avg:31.04ms
step:430/1290 train_time:13371ms step_avg:31.10ms
step:431/1290 train_time:13421ms step_avg:31.14ms
step:432/1290 train_time:13476ms step_avg:31.20ms
step:433/1290 train_time:13526ms step_avg:31.24ms
step:434/1290 train_time:13581ms step_avg:31.29ms
step:435/1290 train_time:13632ms step_avg:31.34ms
step:436/1290 train_time:13687ms step_avg:31.39ms
step:437/1290 train_time:13737ms step_avg:31.43ms
step:438/1290 train_time:13792ms step_avg:31.49ms
step:439/1290 train_time:13842ms step_avg:31.53ms
step:440/1290 train_time:13898ms step_avg:31.59ms
step:441/1290 train_time:13947ms step_avg:31.63ms
step:442/1290 train_time:14002ms step_avg:31.68ms
step:443/1290 train_time:14052ms step_avg:31.72ms
step:444/1290 train_time:14107ms step_avg:31.77ms
step:445/1290 train_time:14157ms step_avg:31.81ms
step:446/1290 train_time:14211ms step_avg:31.86ms
step:447/1290 train_time:14262ms step_avg:31.90ms
step:448/1290 train_time:14316ms step_avg:31.96ms
step:449/1290 train_time:14366ms step_avg:32.00ms
step:450/1290 train_time:14421ms step_avg:32.05ms
step:451/1290 train_time:14471ms step_avg:32.09ms
step:452/1290 train_time:14526ms step_avg:32.14ms
step:453/1290 train_time:14576ms step_avg:32.18ms
step:454/1290 train_time:14631ms step_avg:32.23ms
step:455/1290 train_time:14681ms step_avg:32.27ms
step:456/1290 train_time:14736ms step_avg:32.32ms
step:457/1290 train_time:14786ms step_avg:32.35ms
step:458/1290 train_time:14841ms step_avg:32.40ms
step:459/1290 train_time:14891ms step_avg:32.44ms
step:460/1290 train_time:14946ms step_avg:32.49ms
step:461/1290 train_time:14996ms step_avg:32.53ms
step:462/1290 train_time:15051ms step_avg:32.58ms
step:463/1290 train_time:15102ms step_avg:32.62ms
step:464/1290 train_time:15156ms step_avg:32.66ms
step:465/1290 train_time:15207ms step_avg:32.70ms
step:466/1290 train_time:15262ms step_avg:32.75ms
step:467/1290 train_time:15312ms step_avg:32.79ms
step:468/1290 train_time:15367ms step_avg:32.84ms
step:469/1290 train_time:15417ms step_avg:32.87ms
step:470/1290 train_time:15472ms step_avg:32.92ms
step:471/1290 train_time:15522ms step_avg:32.96ms
step:472/1290 train_time:15577ms step_avg:33.00ms
step:473/1290 train_time:15627ms step_avg:33.04ms
step:474/1290 train_time:15682ms step_avg:33.08ms
step:475/1290 train_time:15732ms step_avg:33.12ms
step:476/1290 train_time:15788ms step_avg:33.17ms
step:477/1290 train_time:15837ms step_avg:33.20ms
step:478/1290 train_time:15893ms step_avg:33.25ms
step:479/1290 train_time:15941ms step_avg:33.28ms
step:480/1290 train_time:15997ms step_avg:33.33ms
step:481/1290 train_time:16046ms step_avg:33.36ms
step:482/1290 train_time:16101ms step_avg:33.40ms
step:483/1290 train_time:16151ms step_avg:33.44ms
step:484/1290 train_time:16206ms step_avg:33.48ms
step:485/1290 train_time:16256ms step_avg:33.52ms
step:486/1290 train_time:16311ms step_avg:33.56ms
step:487/1290 train_time:16361ms step_avg:33.60ms
step:488/1290 train_time:16416ms step_avg:33.64ms
step:489/1290 train_time:16466ms step_avg:33.67ms
step:490/1290 train_time:16522ms step_avg:33.72ms
step:491/1290 train_time:16572ms step_avg:33.75ms
step:492/1290 train_time:16627ms step_avg:33.79ms
step:493/1290 train_time:16677ms step_avg:33.83ms
step:494/1290 train_time:16732ms step_avg:33.87ms
step:495/1290 train_time:16782ms step_avg:33.90ms
step:496/1290 train_time:16837ms step_avg:33.95ms
step:497/1290 train_time:16886ms step_avg:33.98ms
step:498/1290 train_time:16942ms step_avg:34.02ms
step:499/1290 train_time:16991ms step_avg:34.05ms
step:500/1290 train_time:17046ms step_avg:34.09ms
step:500/1290 val_loss:4.1478 train_time:17100ms step_avg:34.20ms
step:501/1290 train_time:17130ms step_avg:34.19ms
step:502/1290 train_time:17161ms step_avg:34.19ms
step:503/1290 train_time:17205ms step_avg:34.21ms
step:504/1290 train_time:17261ms step_avg:34.25ms
step:505/1290 train_time:17311ms step_avg:34.28ms
step:506/1290 train_time:17366ms step_avg:34.32ms
step:507/1290 train_time:17417ms step_avg:34.35ms
step:508/1290 train_time:17471ms step_avg:34.39ms
step:509/1290 train_time:17522ms step_avg:34.42ms
step:510/1290 train_time:17577ms step_avg:34.46ms
step:511/1290 train_time:17626ms step_avg:34.49ms
step:512/1290 train_time:17682ms step_avg:34.53ms
step:513/1290 train_time:17731ms step_avg:34.56ms
step:514/1290 train_time:17786ms step_avg:34.60ms
step:515/1290 train_time:17835ms step_avg:34.63ms
step:516/1290 train_time:17891ms step_avg:34.67ms
step:517/1290 train_time:17940ms step_avg:34.70ms
step:518/1290 train_time:17995ms step_avg:34.74ms
step:519/1290 train_time:18045ms step_avg:34.77ms
step:520/1290 train_time:18100ms step_avg:34.81ms
step:521/1290 train_time:18150ms step_avg:34.84ms
step:522/1290 train_time:18205ms step_avg:34.88ms
step:523/1290 train_time:18256ms step_avg:34.91ms
step:524/1290 train_time:18311ms step_avg:34.95ms
step:525/1290 train_time:18362ms step_avg:34.98ms
step:526/1290 train_time:18416ms step_avg:35.01ms
step:527/1290 train_time:18467ms step_avg:35.04ms
step:528/1290 train_time:18522ms step_avg:35.08ms
step:529/1290 train_time:18572ms step_avg:35.11ms
step:530/1290 train_time:18627ms step_avg:35.14ms
step:531/1290 train_time:18677ms step_avg:35.17ms
step:532/1290 train_time:18732ms step_avg:35.21ms
step:533/1290 train_time:18781ms step_avg:35.24ms
step:534/1290 train_time:18836ms step_avg:35.27ms
step:535/1290 train_time:18886ms step_avg:35.30ms
step:536/1290 train_time:18940ms step_avg:35.34ms
step:537/1290 train_time:18990ms step_avg:35.36ms
step:538/1290 train_time:19045ms step_avg:35.40ms
step:539/1290 train_time:19095ms step_avg:35.43ms
step:540/1290 train_time:19150ms step_avg:35.46ms
step:541/1290 train_time:19200ms step_avg:35.49ms
step:542/1290 train_time:19256ms step_avg:35.53ms
step:543/1290 train_time:19306ms step_avg:35.56ms
step:544/1290 train_time:19361ms step_avg:35.59ms
step:545/1290 train_time:19412ms step_avg:35.62ms
step:546/1290 train_time:19467ms step_avg:35.65ms
step:547/1290 train_time:19518ms step_avg:35.68ms
step:548/1290 train_time:19574ms step_avg:35.72ms
step:549/1290 train_time:19623ms step_avg:35.74ms
step:550/1290 train_time:19678ms step_avg:35.78ms
step:551/1290 train_time:19728ms step_avg:35.80ms
step:552/1290 train_time:19782ms step_avg:35.84ms
step:553/1290 train_time:19832ms step_avg:35.86ms
step:554/1290 train_time:19888ms step_avg:35.90ms
step:555/1290 train_time:19937ms step_avg:35.92ms
step:556/1290 train_time:19992ms step_avg:35.96ms
step:557/1290 train_time:20041ms step_avg:35.98ms
step:558/1290 train_time:20096ms step_avg:36.01ms
step:559/1290 train_time:20146ms step_avg:36.04ms
step:560/1290 train_time:20201ms step_avg:36.07ms
step:561/1290 train_time:20251ms step_avg:36.10ms
step:562/1290 train_time:20306ms step_avg:36.13ms
step:563/1290 train_time:20356ms step_avg:36.16ms
step:564/1290 train_time:20411ms step_avg:36.19ms
step:565/1290 train_time:20462ms step_avg:36.22ms
step:566/1290 train_time:20517ms step_avg:36.25ms
step:567/1290 train_time:20568ms step_avg:36.27ms
step:568/1290 train_time:20623ms step_avg:36.31ms
step:569/1290 train_time:20673ms step_avg:36.33ms
step:570/1290 train_time:20728ms step_avg:36.36ms
step:571/1290 train_time:20778ms step_avg:36.39ms
step:572/1290 train_time:20833ms step_avg:36.42ms
step:573/1290 train_time:20883ms step_avg:36.44ms
step:574/1290 train_time:20938ms step_avg:36.48ms
step:575/1290 train_time:20988ms step_avg:36.50ms
step:576/1290 train_time:21047ms step_avg:36.54ms
step:577/1290 train_time:21093ms step_avg:36.56ms
step:578/1290 train_time:21148ms step_avg:36.59ms
step:579/1290 train_time:21197ms step_avg:36.61ms
step:580/1290 train_time:21253ms step_avg:36.64ms
step:581/1290 train_time:21303ms step_avg:36.67ms
step:582/1290 train_time:21358ms step_avg:36.70ms
step:583/1290 train_time:21408ms step_avg:36.72ms
step:584/1290 train_time:21463ms step_avg:36.75ms
step:585/1290 train_time:21513ms step_avg:36.77ms
step:586/1290 train_time:21568ms step_avg:36.81ms
step:587/1290 train_time:21619ms step_avg:36.83ms
step:588/1290 train_time:21675ms step_avg:36.86ms
step:589/1290 train_time:21725ms step_avg:36.88ms
step:590/1290 train_time:21780ms step_avg:36.91ms
step:591/1290 train_time:21829ms step_avg:36.94ms
step:592/1290 train_time:21884ms step_avg:36.97ms
step:593/1290 train_time:21934ms step_avg:36.99ms
step:594/1290 train_time:21989ms step_avg:37.02ms
step:595/1290 train_time:22039ms step_avg:37.04ms
step:596/1290 train_time:22094ms step_avg:37.07ms
step:597/1290 train_time:22144ms step_avg:37.09ms
step:598/1290 train_time:22199ms step_avg:37.12ms
step:599/1290 train_time:22249ms step_avg:37.14ms
step:600/1290 train_time:22304ms step_avg:37.17ms
step:601/1290 train_time:22355ms step_avg:37.20ms
step:602/1290 train_time:22410ms step_avg:37.23ms
step:603/1290 train_time:22460ms step_avg:37.25ms
step:604/1290 train_time:22515ms step_avg:37.28ms
step:605/1290 train_time:22565ms step_avg:37.30ms
step:606/1290 train_time:22620ms step_avg:37.33ms
step:607/1290 train_time:22670ms step_avg:37.35ms
step:608/1290 train_time:22726ms step_avg:37.38ms
step:609/1290 train_time:22775ms step_avg:37.40ms
step:610/1290 train_time:22830ms step_avg:37.43ms
step:611/1290 train_time:22881ms step_avg:37.45ms
step:612/1290 train_time:22936ms step_avg:37.48ms
step:613/1290 train_time:22986ms step_avg:37.50ms
step:614/1290 train_time:23041ms step_avg:37.53ms
step:615/1290 train_time:23091ms step_avg:37.55ms
step:616/1290 train_time:23146ms step_avg:37.58ms
step:617/1290 train_time:23195ms step_avg:37.59ms
step:618/1290 train_time:23251ms step_avg:37.62ms
step:619/1290 train_time:23301ms step_avg:37.64ms
step:620/1290 train_time:23356ms step_avg:37.67ms
step:621/1290 train_time:23406ms step_avg:37.69ms
step:622/1290 train_time:23466ms step_avg:37.73ms
step:623/1290 train_time:23512ms step_avg:37.74ms
step:624/1290 train_time:23567ms step_avg:37.77ms
step:625/1290 train_time:23617ms step_avg:37.79ms
step:626/1290 train_time:23672ms step_avg:37.82ms
step:627/1290 train_time:23723ms step_avg:37.84ms
step:628/1290 train_time:23778ms step_avg:37.86ms
step:629/1290 train_time:23828ms step_avg:37.88ms
step:630/1290 train_time:23883ms step_avg:37.91ms
step:631/1290 train_time:23933ms step_avg:37.93ms
step:632/1290 train_time:23988ms step_avg:37.96ms
step:633/1290 train_time:24038ms step_avg:37.97ms
step:634/1290 train_time:24093ms step_avg:38.00ms
step:635/1290 train_time:24142ms step_avg:38.02ms
step:636/1290 train_time:24197ms step_avg:38.05ms
step:637/1290 train_time:24247ms step_avg:38.06ms
step:638/1290 train_time:24302ms step_avg:38.09ms
step:639/1290 train_time:24352ms step_avg:38.11ms
step:640/1290 train_time:24407ms step_avg:38.14ms
step:641/1290 train_time:24458ms step_avg:38.16ms
step:642/1290 train_time:24512ms step_avg:38.18ms
step:643/1290 train_time:24563ms step_avg:38.20ms
step:644/1290 train_time:24618ms step_avg:38.23ms
step:645/1290 train_time:24668ms step_avg:38.24ms
step:646/1290 train_time:24725ms step_avg:38.27ms
step:647/1290 train_time:24773ms step_avg:38.29ms
step:648/1290 train_time:24830ms step_avg:38.32ms
step:649/1290 train_time:24879ms step_avg:38.33ms
step:650/1290 train_time:24936ms step_avg:38.36ms
step:651/1290 train_time:24984ms step_avg:38.38ms
step:652/1290 train_time:25041ms step_avg:38.41ms
step:653/1290 train_time:25088ms step_avg:38.42ms
step:654/1290 train_time:25148ms step_avg:38.45ms
step:655/1290 train_time:25193ms step_avg:38.46ms
step:656/1290 train_time:25250ms step_avg:38.49ms
step:657/1290 train_time:25298ms step_avg:38.51ms
step:658/1290 train_time:25353ms step_avg:38.53ms
step:659/1290 train_time:25403ms step_avg:38.55ms
step:660/1290 train_time:25458ms step_avg:38.57ms
step:661/1290 train_time:25508ms step_avg:38.59ms
step:662/1290 train_time:25564ms step_avg:38.62ms
step:663/1290 train_time:25614ms step_avg:38.63ms
step:664/1290 train_time:25669ms step_avg:38.66ms
step:665/1290 train_time:25719ms step_avg:38.68ms
step:666/1290 train_time:25775ms step_avg:38.70ms
step:667/1290 train_time:25825ms step_avg:38.72ms
step:668/1290 train_time:25880ms step_avg:38.74ms
step:669/1290 train_time:25930ms step_avg:38.76ms
step:670/1290 train_time:25985ms step_avg:38.78ms
step:671/1290 train_time:26035ms step_avg:38.80ms
step:672/1290 train_time:26090ms step_avg:38.82ms
step:673/1290 train_time:26139ms step_avg:38.84ms
step:674/1290 train_time:26195ms step_avg:38.86ms
step:675/1290 train_time:26245ms step_avg:38.88ms
step:676/1290 train_time:26299ms step_avg:38.90ms
step:677/1290 train_time:26350ms step_avg:38.92ms
step:678/1290 train_time:26405ms step_avg:38.95ms
step:679/1290 train_time:26455ms step_avg:38.96ms
step:680/1290 train_time:26510ms step_avg:38.99ms
step:681/1290 train_time:26561ms step_avg:39.00ms
step:682/1290 train_time:26616ms step_avg:39.03ms
step:683/1290 train_time:26666ms step_avg:39.04ms
step:684/1290 train_time:26721ms step_avg:39.07ms
step:685/1290 train_time:26771ms step_avg:39.08ms
step:686/1290 train_time:26826ms step_avg:39.11ms
step:687/1290 train_time:26877ms step_avg:39.12ms
step:688/1290 train_time:26932ms step_avg:39.15ms
step:689/1290 train_time:26982ms step_avg:39.16ms
step:690/1290 train_time:27037ms step_avg:39.18ms
step:691/1290 train_time:27087ms step_avg:39.20ms
step:692/1290 train_time:27142ms step_avg:39.22ms
step:693/1290 train_time:27192ms step_avg:39.24ms
step:694/1290 train_time:27247ms step_avg:39.26ms
step:695/1290 train_time:27297ms step_avg:39.28ms
step:696/1290 train_time:27352ms step_avg:39.30ms
step:697/1290 train_time:27402ms step_avg:39.31ms
step:698/1290 train_time:27457ms step_avg:39.34ms
step:699/1290 train_time:27507ms step_avg:39.35ms
step:700/1290 train_time:27562ms step_avg:39.37ms
step:701/1290 train_time:27612ms step_avg:39.39ms
step:702/1290 train_time:27667ms step_avg:39.41ms
step:703/1290 train_time:27718ms step_avg:39.43ms
step:704/1290 train_time:27773ms step_avg:39.45ms
step:705/1290 train_time:27823ms step_avg:39.47ms
step:706/1290 train_time:27878ms step_avg:39.49ms
step:707/1290 train_time:27928ms step_avg:39.50ms
step:708/1290 train_time:27983ms step_avg:39.52ms
step:709/1290 train_time:28032ms step_avg:39.54ms
step:710/1290 train_time:28088ms step_avg:39.56ms
step:711/1290 train_time:28137ms step_avg:39.57ms
step:712/1290 train_time:28192ms step_avg:39.60ms
step:713/1290 train_time:28242ms step_avg:39.61ms
step:714/1290 train_time:28297ms step_avg:39.63ms
step:715/1290 train_time:28347ms step_avg:39.65ms
step:716/1290 train_time:28402ms step_avg:39.67ms
step:717/1290 train_time:28452ms step_avg:39.68ms
step:718/1290 train_time:28507ms step_avg:39.70ms
step:719/1290 train_time:28557ms step_avg:39.72ms
step:720/1290 train_time:28613ms step_avg:39.74ms
step:721/1290 train_time:28663ms step_avg:39.75ms
step:722/1290 train_time:28718ms step_avg:39.78ms
step:723/1290 train_time:28768ms step_avg:39.79ms
step:724/1290 train_time:28823ms step_avg:39.81ms
step:725/1290 train_time:28873ms step_avg:39.83ms
step:726/1290 train_time:28928ms step_avg:39.85ms
step:727/1290 train_time:28979ms step_avg:39.86ms
step:728/1290 train_time:29034ms step_avg:39.88ms
step:729/1290 train_time:29084ms step_avg:39.90ms
step:730/1290 train_time:29140ms step_avg:39.92ms
step:731/1290 train_time:29189ms step_avg:39.93ms
step:732/1290 train_time:29244ms step_avg:39.95ms
step:733/1290 train_time:29294ms step_avg:39.96ms
step:734/1290 train_time:29349ms step_avg:39.99ms
step:735/1290 train_time:29399ms step_avg:40.00ms
step:736/1290 train_time:29454ms step_avg:40.02ms
step:737/1290 train_time:29504ms step_avg:40.03ms
step:738/1290 train_time:29559ms step_avg:40.05ms
step:739/1290 train_time:29610ms step_avg:40.07ms
step:740/1290 train_time:29667ms step_avg:40.09ms
step:741/1290 train_time:29715ms step_avg:40.10ms
step:742/1290 train_time:29770ms step_avg:40.12ms
step:743/1290 train_time:29820ms step_avg:40.14ms
step:744/1290 train_time:29875ms step_avg:40.15ms
step:745/1290 train_time:29926ms step_avg:40.17ms
step:746/1290 train_time:29981ms step_avg:40.19ms
step:747/1290 train_time:30030ms step_avg:40.20ms
step:748/1290 train_time:30085ms step_avg:40.22ms
step:749/1290 train_time:30135ms step_avg:40.23ms
step:750/1290 train_time:30191ms step_avg:40.25ms
step:750/1290 val_loss:3.6701 train_time:30244ms step_avg:40.33ms
step:751/1290 train_time:30272ms step_avg:40.31ms
step:752/1290 train_time:30302ms step_avg:40.30ms
step:753/1290 train_time:30349ms step_avg:40.30ms
step:754/1290 train_time:30404ms step_avg:40.32ms
step:755/1290 train_time:30457ms step_avg:40.34ms
step:756/1290 train_time:30512ms step_avg:40.36ms
step:757/1290 train_time:30562ms step_avg:40.37ms
step:758/1290 train_time:30617ms step_avg:40.39ms
step:759/1290 train_time:30668ms step_avg:40.41ms
step:760/1290 train_time:30723ms step_avg:40.42ms
step:761/1290 train_time:30772ms step_avg:40.44ms
step:762/1290 train_time:30828ms step_avg:40.46ms
step:763/1290 train_time:30877ms step_avg:40.47ms
step:764/1290 train_time:30931ms step_avg:40.49ms
step:765/1290 train_time:30981ms step_avg:40.50ms
step:766/1290 train_time:31037ms step_avg:40.52ms
step:767/1290 train_time:31086ms step_avg:40.53ms
step:768/1290 train_time:31141ms step_avg:40.55ms
step:769/1290 train_time:31191ms step_avg:40.56ms
step:770/1290 train_time:31246ms step_avg:40.58ms
step:771/1290 train_time:31296ms step_avg:40.59ms
step:772/1290 train_time:31351ms step_avg:40.61ms
step:773/1290 train_time:31403ms step_avg:40.62ms
step:774/1290 train_time:31458ms step_avg:40.64ms
step:775/1290 train_time:31509ms step_avg:40.66ms
step:776/1290 train_time:31564ms step_avg:40.68ms
step:777/1290 train_time:31615ms step_avg:40.69ms
step:778/1290 train_time:31670ms step_avg:40.71ms
step:779/1290 train_time:31720ms step_avg:40.72ms
step:780/1290 train_time:31775ms step_avg:40.74ms
step:781/1290 train_time:31826ms step_avg:40.75ms
step:782/1290 train_time:31881ms step_avg:40.77ms
step:783/1290 train_time:31931ms step_avg:40.78ms
step:784/1290 train_time:31986ms step_avg:40.80ms
step:785/1290 train_time:32035ms step_avg:40.81ms
step:786/1290 train_time:32090ms step_avg:40.83ms
step:787/1290 train_time:32140ms step_avg:40.84ms
step:788/1290 train_time:32195ms step_avg:40.86ms
step:789/1290 train_time:32245ms step_avg:40.87ms
step:790/1290 train_time:32300ms step_avg:40.89ms
step:791/1290 train_time:32351ms step_avg:40.90ms
step:792/1290 train_time:32409ms step_avg:40.92ms
step:793/1290 train_time:32457ms step_avg:40.93ms
step:794/1290 train_time:32513ms step_avg:40.95ms
step:795/1290 train_time:32563ms step_avg:40.96ms
step:796/1290 train_time:32619ms step_avg:40.98ms
step:797/1290 train_time:32669ms step_avg:40.99ms
step:798/1290 train_time:32724ms step_avg:41.01ms
step:799/1290 train_time:32775ms step_avg:41.02ms
step:800/1290 train_time:32830ms step_avg:41.04ms
step:801/1290 train_time:32880ms step_avg:41.05ms
step:802/1290 train_time:32935ms step_avg:41.07ms
step:803/1290 train_time:32984ms step_avg:41.08ms
step:804/1290 train_time:33039ms step_avg:41.09ms
step:805/1290 train_time:33089ms step_avg:41.10ms
step:806/1290 train_time:33144ms step_avg:41.12ms
step:807/1290 train_time:33194ms step_avg:41.13ms
step:808/1290 train_time:33249ms step_avg:41.15ms
step:809/1290 train_time:33299ms step_avg:41.16ms
step:810/1290 train_time:33354ms step_avg:41.18ms
step:811/1290 train_time:33405ms step_avg:41.19ms
step:812/1290 train_time:33460ms step_avg:41.21ms
step:813/1290 train_time:33511ms step_avg:41.22ms
step:814/1290 train_time:33566ms step_avg:41.24ms
step:815/1290 train_time:33616ms step_avg:41.25ms
step:816/1290 train_time:33671ms step_avg:41.26ms
step:817/1290 train_time:33721ms step_avg:41.27ms
step:818/1290 train_time:33776ms step_avg:41.29ms
step:819/1290 train_time:33826ms step_avg:41.30ms
step:820/1290 train_time:33882ms step_avg:41.32ms
step:821/1290 train_time:33932ms step_avg:41.33ms
step:822/1290 train_time:33987ms step_avg:41.35ms
step:823/1290 train_time:34036ms step_avg:41.36ms
step:824/1290 train_time:34092ms step_avg:41.37ms
step:825/1290 train_time:34141ms step_avg:41.38ms
step:826/1290 train_time:34196ms step_avg:41.40ms
step:827/1290 train_time:34247ms step_avg:41.41ms
step:828/1290 train_time:34302ms step_avg:41.43ms
step:829/1290 train_time:34352ms step_avg:41.44ms
step:830/1290 train_time:34412ms step_avg:41.46ms
step:831/1290 train_time:34458ms step_avg:41.47ms
step:832/1290 train_time:34513ms step_avg:41.48ms
step:833/1290 train_time:34564ms step_avg:41.49ms
step:834/1290 train_time:34624ms step_avg:41.52ms
step:835/1290 train_time:34696ms step_avg:41.55ms
step:836/1290 train_time:34773ms step_avg:41.59ms
step:837/1290 train_time:34847ms step_avg:41.63ms
step:838/1290 train_time:34923ms step_avg:41.67ms
step:839/1290 train_time:34998ms step_avg:41.71ms
step:840/1290 train_time:35075ms step_avg:41.76ms
step:841/1290 train_time:35150ms step_avg:41.80ms
step:842/1290 train_time:35226ms step_avg:41.84ms
step:843/1290 train_time:35300ms step_avg:41.87ms
step:844/1290 train_time:35377ms step_avg:41.92ms
step:845/1290 train_time:35452ms step_avg:41.95ms
step:846/1290 train_time:35528ms step_avg:42.00ms
step:847/1290 train_time:35604ms step_avg:42.04ms
step:848/1290 train_time:35680ms step_avg:42.08ms
step:849/1290 train_time:35756ms step_avg:42.12ms
step:850/1290 train_time:35833ms step_avg:42.16ms
step:851/1290 train_time:35908ms step_avg:42.19ms
step:852/1290 train_time:35983ms step_avg:42.23ms
step:853/1290 train_time:36057ms step_avg:42.27ms
step:854/1290 train_time:36134ms step_avg:42.31ms
step:855/1290 train_time:36209ms step_avg:42.35ms
step:856/1290 train_time:36286ms step_avg:42.39ms
step:857/1290 train_time:36360ms step_avg:42.43ms
step:858/1290 train_time:36436ms step_avg:42.47ms
step:859/1290 train_time:36512ms step_avg:42.51ms
step:860/1290 train_time:36589ms step_avg:42.54ms
step:861/1290 train_time:36665ms step_avg:42.58ms
step:862/1290 train_time:36741ms step_avg:42.62ms
step:863/1290 train_time:36817ms step_avg:42.66ms
step:864/1290 train_time:36894ms step_avg:42.70ms
step:865/1290 train_time:36968ms step_avg:42.74ms
step:866/1290 train_time:37044ms step_avg:42.78ms
step:867/1290 train_time:37119ms step_avg:42.81ms
step:868/1290 train_time:37196ms step_avg:42.85ms
step:869/1290 train_time:37271ms step_avg:42.89ms
step:870/1290 train_time:37347ms step_avg:42.93ms
step:871/1290 train_time:37422ms step_avg:42.96ms
step:872/1290 train_time:37499ms step_avg:43.00ms
step:873/1290 train_time:37573ms step_avg:43.04ms
step:874/1290 train_time:37650ms step_avg:43.08ms
step:875/1290 train_time:37725ms step_avg:43.11ms
step:876/1290 train_time:37802ms step_avg:43.15ms
step:877/1290 train_time:37876ms step_avg:43.19ms
step:878/1290 train_time:37953ms step_avg:43.23ms
step:879/1290 train_time:38027ms step_avg:43.26ms
step:880/1290 train_time:38104ms step_avg:43.30ms
step:881/1290 train_time:38179ms step_avg:43.34ms
step:882/1290 train_time:38255ms step_avg:43.37ms
step:883/1290 train_time:38330ms step_avg:43.41ms
step:884/1290 train_time:38407ms step_avg:43.45ms
step:885/1290 train_time:38481ms step_avg:43.48ms
step:886/1290 train_time:38558ms step_avg:43.52ms
step:887/1290 train_time:38633ms step_avg:43.55ms
step:888/1290 train_time:38709ms step_avg:43.59ms
step:889/1290 train_time:38784ms step_avg:43.63ms
step:890/1290 train_time:38861ms step_avg:43.66ms
step:891/1290 train_time:38936ms step_avg:43.70ms
step:892/1290 train_time:39013ms step_avg:43.74ms
step:893/1290 train_time:39088ms step_avg:43.77ms
step:894/1290 train_time:39164ms step_avg:43.81ms
step:895/1290 train_time:39241ms step_avg:43.84ms
step:896/1290 train_time:39317ms step_avg:43.88ms
step:897/1290 train_time:39392ms step_avg:43.92ms
step:898/1290 train_time:39468ms step_avg:43.95ms
step:899/1290 train_time:39543ms step_avg:43.99ms
step:900/1290 train_time:39620ms step_avg:44.02ms
step:901/1290 train_time:39694ms step_avg:44.06ms
step:902/1290 train_time:39771ms step_avg:44.09ms
step:903/1290 train_time:39845ms step_avg:44.13ms
step:904/1290 train_time:39922ms step_avg:44.16ms
step:905/1290 train_time:39997ms step_avg:44.20ms
step:906/1290 train_time:40074ms step_avg:44.23ms
step:907/1290 train_time:40148ms step_avg:44.26ms
step:908/1290 train_time:40225ms step_avg:44.30ms
step:909/1290 train_time:40300ms step_avg:44.33ms
step:910/1290 train_time:40377ms step_avg:44.37ms
step:911/1290 train_time:40452ms step_avg:44.40ms
step:912/1290 train_time:40529ms step_avg:44.44ms
step:913/1290 train_time:40604ms step_avg:44.47ms
step:914/1290 train_time:40681ms step_avg:44.51ms
step:915/1290 train_time:40756ms step_avg:44.54ms
step:916/1290 train_time:40833ms step_avg:44.58ms
step:917/1290 train_time:40907ms step_avg:44.61ms
step:918/1290 train_time:40984ms step_avg:44.64ms
step:919/1290 train_time:41058ms step_avg:44.68ms
step:920/1290 train_time:41135ms step_avg:44.71ms
step:921/1290 train_time:41210ms step_avg:44.74ms
step:922/1290 train_time:41286ms step_avg:44.78ms
step:923/1290 train_time:41361ms step_avg:44.81ms
step:924/1290 train_time:41438ms step_avg:44.85ms
step:925/1290 train_time:41512ms step_avg:44.88ms
step:926/1290 train_time:41589ms step_avg:44.91ms
step:927/1290 train_time:41664ms step_avg:44.94ms
step:928/1290 train_time:41741ms step_avg:44.98ms
step:929/1290 train_time:41816ms step_avg:45.01ms
step:930/1290 train_time:41893ms step_avg:45.05ms
step:931/1290 train_time:41967ms step_avg:45.08ms
step:932/1290 train_time:42044ms step_avg:45.11ms
step:933/1290 train_time:42119ms step_avg:45.14ms
step:934/1290 train_time:42196ms step_avg:45.18ms
step:935/1290 train_time:42272ms step_avg:45.21ms
step:936/1290 train_time:42348ms step_avg:45.24ms
step:937/1290 train_time:42423ms step_avg:45.28ms
step:938/1290 train_time:42500ms step_avg:45.31ms
step:939/1290 train_time:42575ms step_avg:45.34ms
step:940/1290 train_time:42652ms step_avg:45.37ms
step:941/1290 train_time:42726ms step_avg:45.40ms
step:942/1290 train_time:42803ms step_avg:45.44ms
step:943/1290 train_time:42878ms step_avg:45.47ms
step:944/1290 train_time:42956ms step_avg:45.50ms
step:945/1290 train_time:43029ms step_avg:45.53ms
step:946/1290 train_time:43106ms step_avg:45.57ms
step:947/1290 train_time:43181ms step_avg:45.60ms
step:948/1290 train_time:43259ms step_avg:45.63ms
step:949/1290 train_time:43333ms step_avg:45.66ms
step:950/1290 train_time:43411ms step_avg:45.70ms
step:951/1290 train_time:43485ms step_avg:45.73ms
step:952/1290 train_time:43561ms step_avg:45.76ms
step:953/1290 train_time:43637ms step_avg:45.79ms
step:954/1290 train_time:43714ms step_avg:45.82ms
step:955/1290 train_time:43788ms step_avg:45.85ms
step:956/1290 train_time:43864ms step_avg:45.88ms
step:957/1290 train_time:43941ms step_avg:45.92ms
step:958/1290 train_time:44019ms step_avg:45.95ms
step:959/1290 train_time:44093ms step_avg:45.98ms
step:960/1290 train_time:44170ms step_avg:46.01ms
step:961/1290 train_time:44244ms step_avg:46.04ms
step:962/1290 train_time:44321ms step_avg:46.07ms
step:963/1290 train_time:44396ms step_avg:46.10ms
step:964/1290 train_time:44473ms step_avg:46.13ms
step:965/1290 train_time:44548ms step_avg:46.16ms
step:966/1290 train_time:44624ms step_avg:46.19ms
step:967/1290 train_time:44700ms step_avg:46.23ms
step:968/1290 train_time:44776ms step_avg:46.26ms
step:969/1290 train_time:44852ms step_avg:46.29ms
step:970/1290 train_time:44929ms step_avg:46.32ms
step:971/1290 train_time:45005ms step_avg:46.35ms
step:972/1290 train_time:45082ms step_avg:46.38ms
step:973/1290 train_time:45157ms step_avg:46.41ms
step:974/1290 train_time:45234ms step_avg:46.44ms
step:975/1290 train_time:45309ms step_avg:46.47ms
step:976/1290 train_time:45385ms step_avg:46.50ms
step:977/1290 train_time:45460ms step_avg:46.53ms
step:978/1290 train_time:45537ms step_avg:46.56ms
step:979/1290 train_time:45612ms step_avg:46.59ms
step:980/1290 train_time:45689ms step_avg:46.62ms
step:981/1290 train_time:45763ms step_avg:46.65ms
step:982/1290 train_time:45839ms step_avg:46.68ms
step:983/1290 train_time:45915ms step_avg:46.71ms
step:984/1290 train_time:45992ms step_avg:46.74ms
step:985/1290 train_time:46067ms step_avg:46.77ms
step:986/1290 train_time:46143ms step_avg:46.80ms
step:987/1290 train_time:46219ms step_avg:46.83ms
step:988/1290 train_time:46296ms step_avg:46.86ms
step:989/1290 train_time:46371ms step_avg:46.89ms
step:990/1290 train_time:46447ms step_avg:46.92ms
step:991/1290 train_time:46522ms step_avg:46.94ms
step:992/1290 train_time:46603ms step_avg:46.98ms
step:993/1290 train_time:46674ms step_avg:47.00ms
step:994/1290 train_time:46751ms step_avg:47.03ms
step:995/1290 train_time:46825ms step_avg:47.06ms
step:996/1290 train_time:46902ms step_avg:47.09ms
step:997/1290 train_time:46978ms step_avg:47.12ms
step:998/1290 train_time:47054ms step_avg:47.15ms
step:999/1290 train_time:47129ms step_avg:47.18ms
step:1000/1290 train_time:47206ms step_avg:47.21ms
step:1000/1290 val_loss:3.4106 train_time:47285ms step_avg:47.29ms
step:1001/1290 train_time:47314ms step_avg:47.27ms
step:1002/1290 train_time:47361ms step_avg:47.27ms
step:1003/1290 train_time:47435ms step_avg:47.29ms
step:1004/1290 train_time:47512ms step_avg:47.32ms
step:1005/1290 train_time:47586ms step_avg:47.35ms
step:1006/1290 train_time:47663ms step_avg:47.38ms
step:1007/1290 train_time:47737ms step_avg:47.41ms
step:1008/1290 train_time:47813ms step_avg:47.43ms
step:1009/1290 train_time:47887ms step_avg:47.46ms
step:1010/1290 train_time:47964ms step_avg:47.49ms
step:1011/1290 train_time:48039ms step_avg:47.52ms
step:1012/1290 train_time:48115ms step_avg:47.54ms
step:1013/1290 train_time:48189ms step_avg:47.57ms
step:1014/1290 train_time:48267ms step_avg:47.60ms
step:1015/1290 train_time:48344ms step_avg:47.63ms
step:1016/1290 train_time:48422ms step_avg:47.66ms
step:1017/1290 train_time:48498ms step_avg:47.69ms
step:1018/1290 train_time:48574ms step_avg:47.72ms
step:1019/1290 train_time:48650ms step_avg:47.74ms
step:1020/1290 train_time:48729ms step_avg:47.77ms
step:1021/1290 train_time:48801ms step_avg:47.80ms
step:1022/1290 train_time:48878ms step_avg:47.83ms
step:1023/1290 train_time:48951ms step_avg:47.85ms
step:1024/1290 train_time:49034ms step_avg:47.88ms
step:1025/1290 train_time:49103ms step_avg:47.91ms
step:1026/1290 train_time:49181ms step_avg:47.93ms
step:1027/1290 train_time:49254ms step_avg:47.96ms
step:1028/1290 train_time:49331ms step_avg:47.99ms
step:1029/1290 train_time:49407ms step_avg:48.01ms
step:1030/1290 train_time:49485ms step_avg:48.04ms
step:1031/1290 train_time:49560ms step_avg:48.07ms
step:1032/1290 train_time:49637ms step_avg:48.10ms
step:1033/1290 train_time:49711ms step_avg:48.12ms
step:1034/1290 train_time:49788ms step_avg:48.15ms
step:1035/1290 train_time:49863ms step_avg:48.18ms
step:1036/1290 train_time:49940ms step_avg:48.21ms
step:1037/1290 train_time:50014ms step_avg:48.23ms
step:1038/1290 train_time:50090ms step_avg:48.26ms
step:1039/1290 train_time:50166ms step_avg:48.28ms
step:1040/1290 train_time:50243ms step_avg:48.31ms
step:1041/1290 train_time:50318ms step_avg:48.34ms
step:1042/1290 train_time:50394ms step_avg:48.36ms
step:1043/1290 train_time:50470ms step_avg:48.39ms
step:1044/1290 train_time:50547ms step_avg:48.42ms
step:1045/1290 train_time:50622ms step_avg:48.44ms
step:1046/1290 train_time:50699ms step_avg:48.47ms
step:1047/1290 train_time:50774ms step_avg:48.49ms
step:1048/1290 train_time:50850ms step_avg:48.52ms
step:1049/1290 train_time:50926ms step_avg:48.55ms
step:1050/1290 train_time:51003ms step_avg:48.57ms
step:1051/1290 train_time:51078ms step_avg:48.60ms
step:1052/1290 train_time:51154ms step_avg:48.63ms
step:1053/1290 train_time:51229ms step_avg:48.65ms
step:1054/1290 train_time:51306ms step_avg:48.68ms
step:1055/1290 train_time:51380ms step_avg:48.70ms
step:1056/1290 train_time:51457ms step_avg:48.73ms
step:1057/1290 train_time:51532ms step_avg:48.75ms
step:1058/1290 train_time:51609ms step_avg:48.78ms
step:1059/1290 train_time:51683ms step_avg:48.80ms
step:1060/1290 train_time:51761ms step_avg:48.83ms
step:1061/1290 train_time:51835ms step_avg:48.85ms
step:1062/1290 train_time:51912ms step_avg:48.88ms
step:1063/1290 train_time:51986ms step_avg:48.91ms
step:1064/1290 train_time:52064ms step_avg:48.93ms
step:1065/1290 train_time:52139ms step_avg:48.96ms
step:1066/1290 train_time:52216ms step_avg:48.98ms
step:1067/1290 train_time:52291ms step_avg:49.01ms
step:1068/1290 train_time:52367ms step_avg:49.03ms
step:1069/1290 train_time:52442ms step_avg:49.06ms
step:1070/1290 train_time:52520ms step_avg:49.08ms
step:1071/1290 train_time:52594ms step_avg:49.11ms
step:1072/1290 train_time:52671ms step_avg:49.13ms
step:1073/1290 train_time:52746ms step_avg:49.16ms
step:1074/1290 train_time:52824ms step_avg:49.18ms
step:1075/1290 train_time:52898ms step_avg:49.21ms
step:1076/1290 train_time:52975ms step_avg:49.23ms
step:1077/1290 train_time:53050ms step_avg:49.26ms
step:1078/1290 train_time:53127ms step_avg:49.28ms
step:1079/1290 train_time:53202ms step_avg:49.31ms
step:1080/1290 train_time:53280ms step_avg:49.33ms
step:1081/1290 train_time:53354ms step_avg:49.36ms
step:1082/1290 train_time:53431ms step_avg:49.38ms
step:1083/1290 train_time:53506ms step_avg:49.41ms
step:1084/1290 train_time:53583ms step_avg:49.43ms
step:1085/1290 train_time:53658ms step_avg:49.45ms
step:1086/1290 train_time:53734ms step_avg:49.48ms
step:1087/1290 train_time:53809ms step_avg:49.50ms
step:1088/1290 train_time:53885ms step_avg:49.53ms
step:1089/1290 train_time:53961ms step_avg:49.55ms
step:1090/1290 train_time:54038ms step_avg:49.58ms
step:1091/1290 train_time:54112ms step_avg:49.60ms
step:1092/1290 train_time:54189ms step_avg:49.62ms
step:1093/1290 train_time:54264ms step_avg:49.65ms
step:1094/1290 train_time:54341ms step_avg:49.67ms
step:1095/1290 train_time:54416ms step_avg:49.69ms
step:1096/1290 train_time:54492ms step_avg:49.72ms
step:1097/1290 train_time:54567ms step_avg:49.74ms
step:1098/1290 train_time:54644ms step_avg:49.77ms
step:1099/1290 train_time:54719ms step_avg:49.79ms
step:1100/1290 train_time:54795ms step_avg:49.81ms
step:1101/1290 train_time:54871ms step_avg:49.84ms
step:1102/1290 train_time:54948ms step_avg:49.86ms
step:1103/1290 train_time:55025ms step_avg:49.89ms
step:1104/1290 train_time:55101ms step_avg:49.91ms
step:1105/1290 train_time:55176ms step_avg:49.93ms
step:1106/1290 train_time:55253ms step_avg:49.96ms
step:1107/1290 train_time:55327ms step_avg:49.98ms
step:1108/1290 train_time:55405ms step_avg:50.00ms
step:1109/1290 train_time:55479ms step_avg:50.03ms
step:1110/1290 train_time:55555ms step_avg:50.05ms
step:1111/1290 train_time:55631ms step_avg:50.07ms
step:1112/1290 train_time:55707ms step_avg:50.10ms
step:1113/1290 train_time:55782ms step_avg:50.12ms
step:1114/1290 train_time:55860ms step_avg:50.14ms
step:1115/1290 train_time:55934ms step_avg:50.16ms
step:1116/1290 train_time:56010ms step_avg:50.19ms
step:1117/1290 train_time:56085ms step_avg:50.21ms
step:1118/1290 train_time:56162ms step_avg:50.23ms
step:1119/1290 train_time:56237ms step_avg:50.26ms
step:1120/1290 train_time:56314ms step_avg:50.28ms
step:1121/1290 train_time:56388ms step_avg:50.30ms
step:1122/1290 train_time:56465ms step_avg:50.33ms
step:1123/1290 train_time:56540ms step_avg:50.35ms
step:1124/1290 train_time:56618ms step_avg:50.37ms
step:1125/1290 train_time:56692ms step_avg:50.39ms
step:1126/1290 train_time:56771ms step_avg:50.42ms
step:1127/1290 train_time:56843ms step_avg:50.44ms
step:1128/1290 train_time:56921ms step_avg:50.46ms
step:1129/1290 train_time:56996ms step_avg:50.48ms
step:1130/1290 train_time:57072ms step_avg:50.51ms
step:1131/1290 train_time:57148ms step_avg:50.53ms
step:1132/1290 train_time:57225ms step_avg:50.55ms
step:1133/1290 train_time:57300ms step_avg:50.57ms
step:1134/1290 train_time:57377ms step_avg:50.60ms
step:1135/1290 train_time:57451ms step_avg:50.62ms
step:1136/1290 train_time:57529ms step_avg:50.64ms
step:1137/1290 train_time:57603ms step_avg:50.66ms
step:1138/1290 train_time:57682ms step_avg:50.69ms
step:1139/1290 train_time:57755ms step_avg:50.71ms
step:1140/1290 train_time:57832ms step_avg:50.73ms
step:1141/1290 train_time:57907ms step_avg:50.75ms
step:1142/1290 train_time:57985ms step_avg:50.77ms
step:1143/1290 train_time:58059ms step_avg:50.80ms
step:1144/1290 train_time:58140ms step_avg:50.82ms
step:1145/1290 train_time:58211ms step_avg:50.84ms
step:1146/1290 train_time:58289ms step_avg:50.86ms
step:1147/1290 train_time:58364ms step_avg:50.88ms
step:1148/1290 train_time:58441ms step_avg:50.91ms
step:1149/1290 train_time:58525ms step_avg:50.94ms
step:1150/1290 train_time:58593ms step_avg:50.95ms
step:1151/1290 train_time:58684ms step_avg:50.98ms
step:1152/1290 train_time:58743ms step_avg:50.99ms
step:1153/1290 train_time:58820ms step_avg:51.01ms
step:1154/1290 train_time:58895ms step_avg:51.04ms
step:1155/1290 train_time:58970ms step_avg:51.06ms
step:1156/1290 train_time:59047ms step_avg:51.08ms
step:1157/1290 train_time:59121ms step_avg:51.10ms
step:1158/1290 train_time:59199ms step_avg:51.12ms
step:1159/1290 train_time:59273ms step_avg:51.14ms
step:1160/1290 train_time:59350ms step_avg:51.16ms
step:1161/1290 train_time:59425ms step_avg:51.18ms
step:1162/1290 train_time:59502ms step_avg:51.21ms
step:1163/1290 train_time:59577ms step_avg:51.23ms
step:1164/1290 train_time:59655ms step_avg:51.25ms
step:1165/1290 train_time:59729ms step_avg:51.27ms
step:1166/1290 train_time:59806ms step_avg:51.29ms
step:1167/1290 train_time:59880ms step_avg:51.31ms
step:1168/1290 train_time:59957ms step_avg:51.33ms
step:1169/1290 train_time:60032ms step_avg:51.35ms
step:1170/1290 train_time:60109ms step_avg:51.38ms
step:1171/1290 train_time:60183ms step_avg:51.39ms
step:1172/1290 train_time:60261ms step_avg:51.42ms
step:1173/1290 train_time:60335ms step_avg:51.44ms
step:1174/1290 train_time:60412ms step_avg:51.46ms
step:1175/1290 train_time:60487ms step_avg:51.48ms
step:1176/1290 train_time:60564ms step_avg:51.50ms
step:1177/1290 train_time:60640ms step_avg:51.52ms
step:1178/1290 train_time:60716ms step_avg:51.54ms
step:1179/1290 train_time:60792ms step_avg:51.56ms
step:1180/1290 train_time:60869ms step_avg:51.58ms
step:1181/1290 train_time:60944ms step_avg:51.60ms
step:1182/1290 train_time:61021ms step_avg:51.63ms
step:1183/1290 train_time:61096ms step_avg:51.64ms
step:1184/1290 train_time:61173ms step_avg:51.67ms
step:1185/1290 train_time:61247ms step_avg:51.69ms
step:1186/1290 train_time:61326ms step_avg:51.71ms
step:1187/1290 train_time:61400ms step_avg:51.73ms
step:1188/1290 train_time:61478ms step_avg:51.75ms
step:1189/1290 train_time:61551ms step_avg:51.77ms
step:1190/1290 train_time:61631ms step_avg:51.79ms
step:1191/1290 train_time:61703ms step_avg:51.81ms
step:1192/1290 train_time:61781ms step_avg:51.83ms
step:1193/1290 train_time:61854ms step_avg:51.85ms
step:1194/1290 train_time:61931ms step_avg:51.87ms
step:1195/1290 train_time:62005ms step_avg:51.89ms
step:1196/1290 train_time:62082ms step_avg:51.91ms
step:1197/1290 train_time:62155ms step_avg:51.93ms
step:1198/1290 train_time:62234ms step_avg:51.95ms
step:1199/1290 train_time:62307ms step_avg:51.97ms
step:1200/1290 train_time:62385ms step_avg:51.99ms
step:1201/1290 train_time:62459ms step_avg:52.01ms
step:1202/1290 train_time:62537ms step_avg:52.03ms
step:1203/1290 train_time:62611ms step_avg:52.05ms
step:1204/1290 train_time:62687ms step_avg:52.07ms
step:1205/1290 train_time:62762ms step_avg:52.08ms
step:1206/1290 train_time:62842ms step_avg:52.11ms
step:1207/1290 train_time:62914ms step_avg:52.12ms
step:1208/1290 train_time:62990ms step_avg:52.14ms
step:1209/1290 train_time:63065ms step_avg:52.16ms
step:1210/1290 train_time:63143ms step_avg:52.18ms
step:1211/1290 train_time:63217ms step_avg:52.20ms
step:1212/1290 train_time:63294ms step_avg:52.22ms
step:1213/1290 train_time:63369ms step_avg:52.24ms
step:1214/1290 train_time:63446ms step_avg:52.26ms
step:1215/1290 train_time:63521ms step_avg:52.28ms
step:1216/1290 train_time:63599ms step_avg:52.30ms
step:1217/1290 train_time:63673ms step_avg:52.32ms
step:1218/1290 train_time:63750ms step_avg:52.34ms
step:1219/1290 train_time:63825ms step_avg:52.36ms
step:1220/1290 train_time:63903ms step_avg:52.38ms
step:1221/1290 train_time:63977ms step_avg:52.40ms
step:1222/1290 train_time:64054ms step_avg:52.42ms
step:1223/1290 train_time:64128ms step_avg:52.44ms
step:1224/1290 train_time:64205ms step_avg:52.46ms
step:1225/1290 train_time:64281ms step_avg:52.47ms
step:1226/1290 train_time:64358ms step_avg:52.49ms
step:1227/1290 train_time:64432ms step_avg:52.51ms
step:1228/1290 train_time:64509ms step_avg:52.53ms
step:1229/1290 train_time:64583ms step_avg:52.55ms
step:1230/1290 train_time:64661ms step_avg:52.57ms
step:1231/1290 train_time:64736ms step_avg:52.59ms
step:1232/1290 train_time:64814ms step_avg:52.61ms
step:1233/1290 train_time:64887ms step_avg:52.63ms
step:1234/1290 train_time:64965ms step_avg:52.65ms
step:1235/1290 train_time:65039ms step_avg:52.66ms
step:1236/1290 train_time:65117ms step_avg:52.68ms
step:1237/1290 train_time:65191ms step_avg:52.70ms
step:1238/1290 train_time:65268ms step_avg:52.72ms
step:1239/1290 train_time:65343ms step_avg:52.74ms
step:1240/1290 train_time:65421ms step_avg:52.76ms
step:1241/1290 train_time:65496ms step_avg:52.78ms
step:1242/1290 train_time:65572ms step_avg:52.80ms
step:1243/1290 train_time:65647ms step_avg:52.81ms
step:1244/1290 train_time:65725ms step_avg:52.83ms
step:1245/1290 train_time:65799ms step_avg:52.85ms
step:1246/1290 train_time:65876ms step_avg:52.87ms
step:1247/1290 train_time:65951ms step_avg:52.89ms
step:1248/1290 train_time:66028ms step_avg:52.91ms
step:1249/1290 train_time:66103ms step_avg:52.92ms
step:1250/1290 train_time:66180ms step_avg:52.94ms
step:1250/1290 val_loss:3.2915 train_time:66263ms step_avg:53.01ms
step:1251/1290 train_time:66297ms step_avg:53.00ms
step:1252/1290 train_time:66339ms step_avg:52.99ms
step:1253/1290 train_time:66417ms step_avg:53.01ms
step:1254/1290 train_time:66495ms step_avg:53.03ms
step:1255/1290 train_time:66571ms step_avg:53.04ms
step:1256/1290 train_time:66649ms step_avg:53.06ms
step:1257/1290 train_time:66723ms step_avg:53.08ms
step:1258/1290 train_time:66800ms step_avg:53.10ms
step:1259/1290 train_time:66874ms step_avg:53.12ms
step:1260/1290 train_time:66951ms step_avg:53.14ms
step:1261/1290 train_time:67025ms step_avg:53.15ms
step:1262/1290 train_time:67102ms step_avg:53.17ms
step:1263/1290 train_time:67177ms step_avg:53.19ms
step:1264/1290 train_time:67256ms step_avg:53.21ms
step:1265/1290 train_time:67332ms step_avg:53.23ms
step:1266/1290 train_time:67410ms step_avg:53.25ms
step:1267/1290 train_time:67485ms step_avg:53.26ms
step:1268/1290 train_time:67563ms step_avg:53.28ms
step:1269/1290 train_time:67638ms step_avg:53.30ms
step:1270/1290 train_time:67715ms step_avg:53.32ms
step:1271/1290 train_time:67789ms step_avg:53.34ms
step:1272/1290 train_time:67866ms step_avg:53.35ms
step:1273/1290 train_time:67941ms step_avg:53.37ms
step:1274/1290 train_time:68018ms step_avg:53.39ms
step:1275/1290 train_time:68093ms step_avg:53.41ms
step:1276/1290 train_time:68172ms step_avg:53.43ms
step:1277/1290 train_time:68245ms step_avg:53.44ms
step:1278/1290 train_time:68322ms step_avg:53.46ms
step:1279/1290 train_time:68397ms step_avg:53.48ms
step:1280/1290 train_time:68479ms step_avg:53.50ms
step:1281/1290 train_time:68551ms step_avg:53.51ms
step:1282/1290 train_time:68628ms step_avg:53.53ms
step:1283/1290 train_time:68703ms step_avg:53.55ms
step:1284/1290 train_time:68780ms step_avg:53.57ms
step:1285/1290 train_time:68855ms step_avg:53.58ms
step:1286/1290 train_time:68934ms step_avg:53.60ms
step:1287/1290 train_time:69007ms step_avg:53.62ms
step:1288/1290 train_time:69085ms step_avg:53.64ms
step:1289/1290 train_time:69160ms step_avg:53.65ms
step:1290/1290 train_time:69237ms step_avg:53.67ms
step:1290/1290 val_loss:3.2765 train_time:69364ms step_avg:53.77ms
peak memory allocated: 32292 MiB reserved: 42380 MiB
