[Gloo] Rank 0 is connected to 7 peer ranks. Expected number of connected peer ranks is : 7
[Gloo] Rank 1 is connected to 7 peer ranks. Expected number of connected peer ranks is : 7
[Gloo] Rank 2 is connected to 7 peer ranks. Expected number of connected peer ranks is : 7
[Gloo] Rank 5 is connected to 7 peer ranks. Expected number of connected peer ranks is : 7
[Gloo] Rank 4 is connected to 7 peer ranks. Expected number of connected peer ranks is : 7
[Gloo] Rank 6 is connected to 7 peer ranks. Expected number of connected peer ranks is : 7
[Gloo] Rank 3 is connected to 7 peer ranks. Expected number of connected peer ranks is : 7
[Gloo] Rank 7 is connected to 7 peer ranks. Expected number of connected peer ranks is : 7
logs/3870aaba-22dc-4434-9428-4ba4e7792b24.txt
[approx-backward] {'attention_enabled': True, 'calibration_steps': [592, 593], 'attention_stop': 1107, 'threshold': 0.2, 'head_sample_group': 4, 'head_min_rows': 32768, 'extension': 'nanogpt_ab_33ed10bb784d'}
[residual-fusions] ON: post-lambda in the O gain, per-row scalar-lambda grads, VE gate slice from rstd
[value-embed] value_embeds (201216, 768) = 4 planes (plane 3 retired: layer 9 attention absent) 154.5M params, sink 294.8 MiB (before retirement: 5 planes, 251520x768, 193.2M, 368.4 MiB)
[banks] qk_bank (48, 256, 768) (42 live), vo_bank (16, 768, 768) (14 live); slot order (attn-bank idx) (0, 2, 5, 1, 7, 3, 9), narrow ++ dv64 ++ wide
[fused-kernels] selftest PASS (every fused kernel is byte-exact vs ATen)
[sampled-softmax] ON P=[10240, 14336, 24576] rows<=49152 vocab=50304 until=1107
[eval-ce] ON slab=32768 rows x 50304 vocab, 8 slabs per 262144-row val batch
[value-embed-comms] ON planes=4 table=201216x768; compact buffer 295 MB, shard 25152 rows
[graph:step] ON: 11 keys, runahead_throttle=2, pool=shared, sink_ring=4
Compiling model and warming up kernels (~7 minutes on first execution)
[warmup:restore] ON: bigram shard (10575360, 768) (15.13 GiB) out of initial_state (key _orig_mod.bigram_embed.weight), restored by zero_() in place; checksum (0.0, 0.0, 0.0); initial_state pins 0.92 GiB of CUDA
[graph:step] warmup extended for 11 capture keys; first steps [0, 320, 411, 501, 591, 592, 594, 681, 965, 1107, 1174]
Sampling steps [0, 1, 2, 3, 4, 5, 6, 7, 318, 319, 320, 321, 411, 412, 501, 502, 591, 591, 592, 593, 594, 595, 679, 680, 681, 682, 963, 964, 965, 966, 1105, 1106, 1107, 1108, 1172, 1173, 1174, 1175, 1176, 1177, 1178] for warmup
[embed] untied from lm_head; optimizer state copied exactly
Resetting Model
[warmup] captures armed in the single sampled pass: tgr banks ['mlp_bank', 'qk_bank', 'vo_bank'] | tgr2 1 attn + 2 mlp; prefix 0..7 last, tgr@4 tgr2@5, all self-checks consumed
step:25/1194 train_time:1119ms step_avg:44.74ms
step:50/1194 train_time:1550ms step_avg:31.00ms
step:75/1194 train_time:1971ms step_avg:26.27ms
step:100/1194 train_time:2400ms step_avg:24.00ms
step:125/1194 train_time:2822ms step_avg:22.58ms
step:150/1194 train_time:3251ms step_avg:21.67ms
step:175/1194 train_time:3673ms step_avg:20.99ms
step:200/1194 train_time:4102ms step_avg:20.51ms
step:225/1194 train_time:4524ms step_avg:20.11ms
step:250/1194 train_time:4953ms step_avg:19.81ms
step:275/1194 train_time:5375ms step_avg:19.55ms
step:300/1194 train_time:5804ms step_avg:19.35ms
step:325/1194 train_time:6265ms step_avg:19.28ms
step:350/1194 train_time:7020ms step_avg:20.06ms
step:375/1194 train_time:7778ms step_avg:20.74ms
step:400/1194 train_time:8535ms step_avg:21.34ms
step:425/1194 train_time:9286ms step_avg:21.85ms
step:450/1194 train_time:10039ms step_avg:22.31ms
step:475/1194 train_time:10796ms step_avg:22.73ms
step:500/1194 train_time:11556ms step_avg:23.11ms
step:525/1194 train_time:12308ms step_avg:23.44ms
step:550/1194 train_time:13061ms step_avg:23.75ms
step:575/1194 train_time:13818ms step_avg:24.03ms
step:600/1194 train_time:14608ms step_avg:24.35ms
step:625/1194 train_time:15346ms step_avg:24.55ms
step:650/1194 train_time:16097ms step_avg:24.76ms
step:675/1194 train_time:16855ms step_avg:24.97ms
step:700/1194 train_time:17845ms step_avg:25.49ms
step:725/1194 train_time:18941ms step_avg:26.13ms
step:750/1194 train_time:20040ms step_avg:26.72ms
step:775/1194 train_time:21150ms step_avg:27.29ms
step:800/1194 train_time:22257ms step_avg:27.82ms
step:825/1194 train_time:23353ms step_avg:28.31ms
step:850/1194 train_time:24456ms step_avg:28.77ms
step:875/1194 train_time:25568ms step_avg:29.22ms
step:900/1194 train_time:26677ms step_avg:29.64ms
step:925/1194 train_time:27777ms step_avg:30.03ms
step:950/1194 train_time:28881ms step_avg:30.40ms
step:975/1194 train_time:30010ms step_avg:30.78ms
step:1000/1194 train_time:31172ms step_avg:31.17ms
step:1025/1194 train_time:32327ms step_avg:31.54ms
step:1050/1194 train_time:33487ms step_avg:31.89ms
step:1075/1194 train_time:34660ms step_avg:32.24ms
step:1100/1194 train_time:35824ms step_avg:32.57ms
step:1125/1194 train_time:36991ms step_avg:32.88ms
step:1150/1194 train_time:38173ms step_avg:33.19ms
step:1175/1194 train_time:39361ms step_avg:33.50ms
[embed] untied from lm_head; optimizer state copied exactly
step:1193/1194 train_time:39774ms step_avg:33.34ms
step:1194/1194 train_time:39795ms step_avg:33.33ms
[ship:tail-ema] win=298 blend=0.65 labels=['embed', 'lm_head']
[ship:tail-avg] win=250 blend=None labels=['mlp_bank', 'vo_bank']
[ship:value-embed] win=250 blend=None labels=['value_embeds']
[ship:bank-blend] win=298 blend={'qk_bank': 0.55, 'vo_bank': 0.34930000000000005, 'mlp_bank': 0.34930000000000005} labels=['mlp_bank', 'qk_bank', 'vo_bank']
step:1194/1194 val_loss:3.2789 train_time:39933ms step_avg:33.44ms
peak memory allocated: 54277 MiB reserved: 66390 MiB
[approx-backward-result] {"attention_enabled": true, "attention_stop": 1107, "calibration": [{"observations": [{"document_lengths": [140, 1726, 390, 4096, 554, 394, 320], "error": [[[0.15749186277389526, 0.6476370692253113, 0.12392478436231613], [0.08638457953929901, 0.5820677280426025, 0.0471041202545166], [0.07125881314277649, 0.45758840441703796, 0.029394907876849174]], [[0.0889691412448883, 0.433602899312973, 0.07405359297990799], [0.044141530990600586, 0.37308818101882935, 0.028131546452641487], [0.03542725741863251, 0.27911806106567383, 0.016481993719935417]], [[0.053837113082408905, 0.22804149985313416, 0.05708382651209831], [0.026334071531891823, 0.19942086935043335, 0.02430715598165989], [0.020009048283100128, 0.13485004007816315, 0.013594003394246101]]], "full_window": 384, "layer": 0}, {"document_lengths": [70, 863, 195, 2048, 277, 197, 160, 674, 867, 320, 102, 510, 895, 116, 712], "error": [[[0.21642833948135376, 0.06211740896105766, 0.6576561331748962, 0.6356393098831177, 0.7035987973213196, 0.14874149858951569], [0.1310250461101532, 0.01792083866894245, 0.5753965973854065, 0.4763846695423126, 0.5062963366508484, 0.0864759087562561], [0.07764268666505814, 0.013220072723925114, 0.43834662437438965, 0.33297601342201233, 0.3752177953720093, 0.14091706275939941]], [[0.14385272562503815, 0.0523524135351181, 0.5137876272201538, 0.5059850811958313, 0.5341183543205261, 0.08568894863128662], [0.07426819950342178, 0.014864617958664894, 0.4291335344314575, 0.3582670986652374, 0.34977468848228455, 0.0357503667473793], [0.0442078597843647, 0.010397515259683132, 0.2966533601284027, 0.24827957153320312, 0.2545735538005829, 0.04122290015220642]], [[0.09051080793142319, 0.03462589159607887, 0.2986835539340973, 0.3182944357395172, 0.3241853713989258, 0.04959912598133087], [0.04262916371226311, 0.010668424889445305, 0.24657650291919708, 0.2236635535955429, 0.20245732367038727, 0.017908234149217606], [0.028489267453551292, 0.007701692171394825, 0.14441823959350586, 0.1508021354675293, 0.14126208424568176, 0.01761731132864952]]], "full_window": 384, "layer": 1}, {"document_lengths": [140, 1726, 390, 4096, 554, 394, 320], "error": [[[0.5560206174850464, 0.13349391520023346, 0.14810501039028168], [0.3975904583930969, 0.059088334441185, 0.08209089934825897], [0.22634544968605042, 0.041640669107437134, 0.10441870987415314]], [[0.16814075410366058, 0.0901852399110794, 0.09425917267799377], [0.09208064526319504, 0.03126675263047218, 0.043054115027189255], [0.08243567496538162, 0.022298285737633705, 0.05600463226437569]], [[0.04812316223978996, 0.05117438733577728, 0.04570319876074791], [0.01913284696638584, 0.016766704618930817, 0.019814858213067055], [0.024980099871754646, 0.013407686725258827, 0.01900552771985531]]], "full_window": 384, "layer": 2}, {"document_lengths": [140, 1726, 390, 4096, 554, 394, 320], "error": [[[0.15557889640331268, 0.3020251393318176, 0.24606819450855255], [0.05224974453449249, 0.15318912267684937, 0.13281559944152832], [0.05053068324923515, 0.11922009289264679, 0.09220515191555023]], [[0.09694787859916687, 0.19243398308753967, 0.09640330821275711], [0.029403282329440117, 0.08979007601737976, 0.04002509266138077], [0.027994448319077492, 0.07240095734596252, 0.03769899904727936]], [[0.05166196450591087, 0.09260035306215286, 0.04924791306257248], [0.017625337466597557, 0.04708031192421913, 0.016773825511336327], [0.016040248796343803, 0.037035465240478516, 0.01771223545074463]]], "full_window": 384, "layer": 5}, {"document_lengths": [70, 863, 195, 2048, 277, 197, 160, 674, 867, 320, 102, 510, 895, 116, 712], "error": [[[0.5009546875953674, 0.1715146154165268, 0.5188368558883667, 0.5761289596557617, 0.3466378450393677, 0.28742286562919617], [0.27752482891082764, 0.04950166493654251, 0.32004427909851074, 0.4440819025039673, 0.2022046595811844, 0.13451702892780304], [0.28660058975219727, 0.04990273341536522, 0.29661524295806885, 0.3511093258857727, 0.19648714363574982, 0.13893352448940277]], [[0.3277953267097473, 0.11443422734737396, 0.3368282616138458, 0.46550726890563965, 0.21062245965003967, 0.14979758858680725], [0.19183923304080963, 0.03144015744328499, 0.20275738835334778, 0.3657554090023041, 0.12090273201465607, 0.06358735263347626], [0.17818135023117065, 0.023913055658340454, 0.1839459091424942, 0.26679420471191406, 0.10802776366472244, 0.06597403436899185]], [[0.1727692186832428, 0.06505335867404938, 0.16984619200229645, 0.3407856523990631, 0.08282773941755295, 0.05212675780057907], [0.10033830255270004, 0.020658887922763824, 0.1021331399679184, 0.2940368950366974, 0.04682795703411102, 0.019683461636304855], [0.08947504311800003, 0.013882570900022984, 0.09272576868534088, 0.16380934417247772, 0.03909808024764061, 0.020345240831375122]]], "full_window": 384, "layer": 8}], "seconds": 0.08298872597515583, "step": 592}, {"observations": [{"document_lengths": [488, 440, 342, 2816, 208, 242, 370, 254, 2250, 560], "error": [[[0.1385660320520401, 0.5882254838943481, 0.10739073157310486], [0.07245949655771255, 0.5187272429466248, 0.03727971389889717], [0.07069095969200134, 0.3860850930213928, 0.028443951159715652]], [[0.07283846288919449, 0.38709673285484314, 0.05957113578915596], [0.03574548289179802, 0.3416401445865631, 0.020186228677630424], [0.02777222730219364, 0.23996101319789886, 0.015021692961454391]], [[0.0455351248383522, 0.179426372051239, 0.04401621222496033], [0.02179066650569439, 0.16278359293937683, 0.01617210917174816], [0.016622377559542656, 0.1035364493727684, 0.011782214045524597]]], "full_window": 384, "layer": 0}, {"document_lengths": [244, 220, 171, 1408, 104, 121, 185, 127, 1125, 280, 732, 124, 780, 1076, 409, 617, 90, 276], "error": [[[0.24353963136672974, 0.07687545567750931, 0.6207898259162903, 0.6239362359046936, 0.6869268417358398, 0.146723672747612], [0.1533927321434021, 0.026611870154738426, 0.5286694765090942, 0.4869192838668823, 0.55307936668396, 0.1026705652475357], [0.07675953954458237, 0.01887146569788456, 0.39653292298316956, 0.32836294174194336, 0.3721643090248108, 0.16031165421009064]], [[0.13754607737064362, 0.056126274168491364, 0.4603397846221924, 0.49177268147468567, 0.5155720114707947, 0.07699618488550186], [0.07517054677009583, 0.016093578189611435, 0.3781818449497223, 0.37788742780685425, 0.3823072016239166, 0.04191714897751808], [0.04037013277411461, 0.011084645986557007, 0.26107561588287354, 0.2549441158771515, 0.24077735841274261, 0.04530569538474083]], [[0.07997892051935196, 0.03871539235115051, 0.249570831656456, 0.3211210072040558, 0.30035606026649475, 0.04433288052678108], [0.04087022319436073, 0.012024288065731525, 0.20024995505809784, 0.23479063808918, 0.21259143948554993, 0.019578365609049797], [0.023022659122943878, 0.008205173537135124, 0.11983141303062439, 0.16074007749557495, 0.13294021785259247, 0.01506621204316616]]], "full_window": 384, "layer": 1}, {"document_lengths": [488, 440, 342, 2816, 208, 242, 370, 254, 2250, 560], "error": [[[0.4430888295173645, 0.12775172293186188, 0.15651045739650726], [0.2628891170024872, 0.04650004208087921, 0.08494614064693451], [0.17532610893249512, 0.039566732943058014, 0.12476539611816406]], [[0.33005258440971375, 0.09115169197320938, 0.09175851941108704], [0.17051497101783752, 0.02853941172361374, 0.04447467625141144], [0.0809437558054924, 0.022385194897651672, 0.047928228974342346]], [[0.05189233273267746, 0.04944312572479248, 0.042304519563913345], [0.019938576966524124, 0.016436155885457993, 0.017536260187625885], [0.02132435142993927, 0.013063314370810986, 0.016897210851311684]]], "full_window": 384, "layer": 2}, {"document_lengths": [488, 440, 342, 2816, 208, 242, 370, 254, 2250, 560], "error": [[[0.15372416377067566, 0.31533515453338623, 0.22499647736549377], [0.05827007070183754, 0.16256208717823029, 0.11379977315664291], [0.04896681755781174, 0.13081291317939758, 0.07802332937717438]], [[0.08612067252397537, 0.20431143045425415, 0.08879946917295456], [0.027994148433208466, 0.09348124265670776, 0.035819701850414276], [0.02707790769636631, 0.07563044130802155, 0.03154332935810089]], [[0.04596765711903572, 0.0843239352107048, 0.04546812176704407], [0.01713082194328308, 0.038778096437454224, 0.016140425577759743], [0.01511550135910511, 0.03230702877044678, 0.01676454208791256]]], "full_window": 384, "layer": 5}, {"document_lengths": [244, 220, 171, 1408, 104, 121, 185, 127, 1125, 280, 732, 124, 780, 1076, 409, 617, 90, 276], "error": [[[0.46592584252357483, 0.17095543444156647, 0.4797588884830475, 0.5303992033004761, 0.3317265808582306, 0.30292099714279175], [0.325169175863266, 0.04777909815311432, 0.312703937292099, 0.3167971074581146, 0.21293705701828003, 0.16130533814430237], [0.2985086441040039, 0.05925054848194122, 0.2763860523700714, 0.2943374812602997, 0.2020990252494812, 0.12158413976430893]], [[0.33874523639678955, 0.10464682430028915, 0.32417669892311096, 0.39530205726623535, 0.19909550249576569, 0.1437721848487854], [0.22167636454105377, 0.02727372571825981, 0.19661937654018402, 0.21699455380439758, 0.13349173963069916, 0.060990046709775925], [0.19381947815418243, 0.02227410115301609, 0.17111144959926605, 0.2009052336215973, 0.10054157674312592, 0.06106143444776535]], [[0.13991907238960266, 0.055344194173812866, 0.1681089997291565, 0.22927281260490417, 0.0816749706864357, 0.06318549811840057], [0.09044552594423294, 0.016623325645923615, 0.10022313892841339, 0.1389082670211792, 0.04575830325484276, 0.021403761580586433], [0.10497915744781494, 0.012319942936301231, 0.08490654081106186, 0.12076684832572937, 0.03947434574365616, 0.02233472466468811]]], "full_window": 384, "layer": 8}], "seconds": 0.03808332048356533, "step": 593}], "calibration_steps": [592, 593], "extension": "nanogpt_ab_33ed10bb784d", "head_min_rows": 32768, "head_sample_group": 4, "threshold": 0.2, "training_ms": 39933.017302304506, "val_loss": 3.2789058685302734, "windows": {"0": [64, -1, 64], "1": [128, 128, -1, -1, -1, 128], "2": [256, 64, 64], "5": [64, 256, 128], "8": [-1, 128, 256, -1, 256, 256]}, "worst_errors": {"0": [[0.18667346239089966, 0.665992796421051, 0.12988053262233734], [0.09160490334033966, 0.46277832984924316, 0.07706793397665024], [0.05815957486629486, 0.22855031490325928, 0.057973913848400116]], "1": [[0.2560318112373352, 0.0809539258480072, 0.6754573583602905, 0.6836411952972412, 0.7789434194564819, 0.177016019821167], [0.1752522736787796, 0.06330953538417816, 0.5252547264099121, 0.5690751671791077, 0.5933109521865845, 0.09246554970741272], [0.11557783931493759, 0.04808726906776428, 0.3170793056488037, 0.3787252902984619, 0.37140077352523804, 0.05387751758098602]], "2": [[0.5560206174850464, 0.18161414563655853, 0.16269075870513916], [0.33005258440971375, 0.11071526259183884, 0.11095108836889267], [0.0578620620071888, 0.056073274463415146, 0.05197645351290703]], "5": [[0.17013457417488098, 0.3343556821346283, 0.25852251052856445], [0.09958209842443466, 0.23011013865470886, 0.10685919225215912], [0.05489929020404816, 0.11393045634031296, 0.058733683079481125]], "8": [[0.5255517363548279, 0.1809842586517334, 0.5188368558883667, 0.6897023320198059, 0.3502294719219208, 0.438059538602829], [0.34753429889678955, 0.11851654201745987, 0.344094455242157, 0.6156644821166992, 0.22435660660266876, 0.20121556520462036], [0.2065681666135788, 0.06687019020318985, 0.18020901083946228, 0.3407856523990631, 0.09775955975055695, 0.07494030147790909]]}}
