[Gloo] Rank 1 is connected to 7 peer ranks. Expected number of connected peer ranks is : 7
[Gloo] Rank 0 is connected to 7 peer ranks. Expected number of connected peer ranks is : 7
[Gloo] Rank 2 is connected to 7 peer ranks. Expected number of connected peer ranks is : 7
[Gloo] Rank [Gloo] Rank 4 is connected to 7 peer ranks. 3Expected number of connected peer ranks is : 7 is connected to 
7 peer ranks. Expected number of connected peer ranks is : 7
[Gloo] Rank 5 is connected to 7 peer ranks. Expected number of connected peer ranks is : 7
[Gloo] Rank [Gloo] Rank 7 is connected to 7 peer ranks. Expected number of connected peer ranks is : 76
 is connected to 7 peer ranks. Expected number of connected peer ranks is : 7
logs/3587c97a-889f-4e73-9560-9c2cf79edb13.txt
[approx-backward] {'attention_enabled': True, 'calibration_steps': [592, 593], 'attention_stop': 1107, 'threshold': 0.2, 'head_sample_group': 4, 'head_min_rows': 32768, 'extension': 'nanogpt_ab_33ed10bb784d'}
[residual-fusions] ON: post-lambda in the O gain, per-row scalar-lambda grads, VE gate slice from rstd
[value-embed] value_embeds (201216, 768) = 4 planes (plane 3 retired: layer 9 attention absent) 154.5M params, sink 294.8 MiB (before retirement: 5 planes, 251520x768, 193.2M, 368.4 MiB)
[banks] qk_bank (48, 256, 768) (42 live), vo_bank (16, 768, 768) (14 live); slot order (attn-bank idx) (0, 2, 5, 1, 7, 3, 9), narrow ++ dv64 ++ wide
[fused-kernels] selftest PASS (every fused kernel is byte-exact vs ATen)
[sampled-softmax] ON P=[10240, 14336, 24576] rows<=49152 vocab=50304 until=1107
[eval-ce] ON slab=32768 rows x 50304 vocab, 8 slabs per 262144-row val batch
[value-embed-comms] ON planes=4 table=201216x768; compact buffer 295 MB, shard 25152 rows
[graph:step] ON: 11 keys, runahead_throttle=2, pool=shared, sink_ring=4
Compiling model and warming up kernels (~7 minutes on first execution)
[warmup:restore] ON: bigram shard (10575360, 768) (15.13 GiB) out of initial_state (key _orig_mod.bigram_embed.weight), restored by zero_() in place; checksum (0.0, 0.0, 0.0); initial_state pins 0.92 GiB of CUDA
[graph:step] warmup extended for 11 capture keys; first steps [0, 320, 411, 501, 591, 592, 594, 681, 965, 1107, 1174]
Sampling steps [0, 1, 2, 3, 4, 5, 6, 7, 318, 319, 320, 321, 411, 412, 501, 502, 591, 591, 592, 593, 594, 595, 679, 680, 681, 682, 963, 964, 965, 966, 1105, 1106, 1107, 1108, 1172, 1173, 1174, 1175, 1176, 1177, 1178] for warmup
[embed] untied from lm_head; optimizer state copied exactly
Resetting Model
[warmup] captures armed in the single sampled pass: tgr banks ['mlp_bank', 'qk_bank', 'vo_bank'] | tgr2 1 attn + 2 mlp; prefix 0..7 last, tgr@4 tgr2@5, all self-checks consumed
step:25/1194 train_time:526ms step_avg:21.02ms
step:50/1194 train_time:956ms step_avg:19.11ms
step:75/1194 train_time:1379ms step_avg:18.39ms
step:100/1194 train_time:1813ms step_avg:18.13ms
step:125/1194 train_time:2229ms step_avg:17.84ms
step:150/1194 train_time:2659ms step_avg:17.73ms
step:175/1194 train_time:3081ms step_avg:17.61ms
step:200/1194 train_time:3510ms step_avg:17.55ms
step:225/1194 train_time:3932ms step_avg:17.48ms
step:250/1194 train_time:4362ms step_avg:17.45ms
step:275/1194 train_time:4784ms step_avg:17.40ms
step:300/1194 train_time:5214ms step_avg:17.38ms
step:325/1194 train_time:5675ms step_avg:17.46ms
step:350/1194 train_time:6429ms step_avg:18.37ms
step:375/1194 train_time:7186ms step_avg:19.16ms
step:400/1194 train_time:7946ms step_avg:19.86ms
step:425/1194 train_time:8696ms step_avg:20.46ms
step:450/1194 train_time:9450ms step_avg:21.00ms
step:475/1194 train_time:10206ms step_avg:21.49ms
step:500/1194 train_time:10965ms step_avg:21.93ms
step:525/1194 train_time:11715ms step_avg:22.31ms
step:550/1194 train_time:12470ms step_avg:22.67ms
step:575/1194 train_time:13227ms step_avg:23.00ms
step:600/1194 train_time:14017ms step_avg:23.36ms
step:625/1194 train_time:14755ms step_avg:23.61ms
step:650/1194 train_time:15507ms step_avg:23.86ms
step:675/1194 train_time:16264ms step_avg:24.10ms
step:700/1194 train_time:17258ms step_avg:24.65ms
step:725/1194 train_time:18353ms step_avg:25.31ms
step:750/1194 train_time:19452ms step_avg:25.94ms
step:775/1194 train_time:20562ms step_avg:26.53ms
step:800/1194 train_time:21671ms step_avg:27.09ms
step:825/1194 train_time:22768ms step_avg:27.60ms
step:850/1194 train_time:23870ms step_avg:28.08ms
step:875/1194 train_time:24979ms step_avg:28.55ms
step:900/1194 train_time:26091ms step_avg:28.99ms
step:925/1194 train_time:27190ms step_avg:29.39ms
step:950/1194 train_time:28295ms step_avg:29.78ms
step:975/1194 train_time:29425ms step_avg:30.18ms
step:1000/1194 train_time:30590ms step_avg:30.59ms
step:1025/1194 train_time:31741ms step_avg:30.97ms
step:1050/1194 train_time:32902ms step_avg:31.34ms
step:1075/1194 train_time:34069ms step_avg:31.69ms
step:1100/1194 train_time:35236ms step_avg:32.03ms
step:1125/1194 train_time:36405ms step_avg:32.36ms
step:1150/1194 train_time:37589ms step_avg:32.69ms
step:1175/1194 train_time:38779ms step_avg:33.00ms
[embed] untied from lm_head; optimizer state copied exactly
step:1193/1194 train_time:39194ms step_avg:32.85ms
step:1194/1194 train_time:39214ms step_avg:32.84ms
[ship:tail-ema] win=298 blend=0.65 labels=['embed', 'lm_head']
[ship:tail-avg] win=250 blend=None labels=['mlp_bank', 'vo_bank']
[ship:value-embed] win=250 blend=None labels=['value_embeds']
[ship:bank-blend] win=298 blend={'qk_bank': 0.55, 'vo_bank': 0.34930000000000005, 'mlp_bank': 0.34930000000000005} labels=['mlp_bank', 'qk_bank', 'vo_bank']
step:1194/1194 val_loss:3.2780 train_time:39345ms step_avg:32.95ms
peak memory allocated: 54277 MiB reserved: 66388 MiB
[approx-backward-result] {"attention_enabled": true, "attention_stop": 1107, "calibration": [{"observations": [{"document_lengths": [140, 1726, 390, 4096, 554, 394, 320], "error": [[[0.12855640053749084, 0.5560044050216675, 0.12894514203071594], [0.058529242873191833, 0.46665439009666443, 0.06192254275083542], [0.03802734613418579, 0.32047802209854126, 0.05607803538441658]], [[0.07619789987802505, 0.35210132598876953, 0.08457567542791367], [0.031075524166226387, 0.27887603640556335, 0.039005097001791], [0.020543605089187622, 0.18085387349128723, 0.03584429994225502]], [[0.04538504779338837, 0.14408548176288605, 0.055466216057538986], [0.016586927697062492, 0.11520610004663467, 0.026796014979481697], [0.010227307677268982, 0.07281338423490524, 0.02367127314209938]]], "full_window": 384, "layer": 0}, {"document_lengths": [70, 863, 195, 2048, 277, 197, 160, 674, 867, 320, 102, 510, 895, 116, 712], "error": [[[0.5343908667564392, 0.6077777743339539, 0.6313596963882446, 0.24063614010810852, 0.23194490373134613, 0.11877145618200302], [0.41198116540908813, 0.4619121849536896, 0.49362537264823914, 0.13414320349693298, 0.15341892838478088, 0.044964440166950226], [0.44511497020721436, 0.31871771812438965, 0.335714727640152, 0.11438047885894775, 0.15968717634677887, 0.040398530662059784]], [[0.3399248421192169, 0.4881895184516907, 0.48134809732437134, 0.15073968470096588, 0.16076414287090302, 0.07962609827518463], [0.19802264869213104, 0.34591737389564514, 0.34741640090942383, 0.07942534983158112, 0.09237433224916458, 0.026583464816212654], [0.22151942551136017, 0.2466057389974594, 0.237050399184227, 0.06673973798751831, 0.09890851378440857, 0.020976725965738297]], [[0.13997946679592133, 0.3331426680088043, 0.2835882008075714, 0.09240075945854187, 0.10977700352668762, 0.04768279939889908], [0.07709317654371262, 0.24065813422203064, 0.18890918791294098, 0.050850823521614075, 0.061510179191827774, 0.016500184312462807], [0.06865217536687851, 0.16545425355434418, 0.12840186059474945, 0.041081417351961136, 0.05416707694530487, 0.012072182260453701]]], "full_window": 384, "layer": 1}, {"document_lengths": [140, 1726, 390, 4096, 554, 394, 320], "error": [[[0.2397674322128296, 0.11501828581094742, 0.14033280313014984], [0.13797913491725922, 0.03576136380434036, 0.07026073336601257], [0.09218001365661621, 0.037241291254758835, 0.05951698124408722]], [[0.12991657853126526, 0.08921309560537338, 0.06577581912279129], [0.047652438282966614, 0.02786274068057537, 0.022349173203110695], [0.04215708374977112, 0.02558630332350731, 0.01922171376645565]], [[0.06313460320234299, 0.05771917104721069, 0.037523530423641205], [0.01910310424864292, 0.019956547766923904, 0.01197467278689146], [0.021120969206094742, 0.017373869195580482, 0.010666027665138245]]], "full_window": 384, "layer": 2}, {"document_lengths": [140, 1726, 390, 4096, 554, 394, 320], "error": [[[0.13669566810131073, 0.5260496735572815, 0.21731942892074585], [0.05040435492992401, 0.3958272933959961, 0.10245358198881149], [0.05050523579120636, 0.3266412019729614, 0.08856689929962158]], [[0.08652741461992264, 0.32984670996665955, 0.1390271782875061], [0.025152433663606644, 0.2311132550239563, 0.061774007976055145], [0.023498062044382095, 0.19387494027614594, 0.054320432245731354]], [[0.042998433113098145, 0.1396421194076538, 0.07348943501710892], [0.01299626287072897, 0.10482320934534073, 0.03292687237262726], [0.011942162178456783, 0.09291978925466537, 0.028942471370100975]]], "full_window": 384, "layer": 5}, {"document_lengths": [70, 863, 195, 2048, 277, 197, 160, 674, 867, 320, 102, 510, 895, 116, 712], "error": [[[0.26865342259407043, 0.6779565811157227, 0.41180989146232605, 0.2504754960536957, 0.17766712605953217, 0.44777122139930725], [0.15248064696788788, 0.5291774868965149, 0.2340315878391266, 0.09666983038187027, 0.060862112790346146, 0.2820664346218109], [0.16258232295513153, 0.4164804220199585, 0.2557390332221985, 0.06113579124212265, 0.08148086071014404, 0.26642122864723206]], [[0.15245045721530914, 0.5252046585083008, 0.2620280981063843, 0.1278138905763626, 0.1137770488858223, 0.2709554433822632], [0.07835087925195694, 0.39178571105003357, 0.15286961197853088, 0.03694360330700874, 0.036497026681900024, 0.161198228597641], [0.0816749632358551, 0.29249343276023865, 0.14733059704303741, 0.030285250395536423, 0.038547761738300323, 0.15320555865764618]], [[0.07297909259796143, 0.3317079246044159, 0.11164230108261108, 0.05316604673862457, 0.06258957087993622, 0.14209000766277313], [0.03427754342556, 0.2520228922367096, 0.06735195219516754, 0.015295215882360935, 0.019510747864842415, 0.08637838065624237], [0.02865976095199585, 0.16277027130126953, 0.06416811048984528, 0.012647808529436588, 0.015128170140087605, 0.08096128702163696]]], "full_window": 384, "layer": 8}], "seconds": 0.08365961909294128, "step": 592}, {"observations": [{"document_lengths": [488, 440, 342, 2816, 208, 242, 370, 254, 2250, 560], "error": [[[0.12008541077375412, 0.4950558543205261, 0.10817477852106094], [0.053926996886730194, 0.4135344922542572, 0.049373406916856766], [0.03963245078921318, 0.28281736373901367, 0.050720762461423874]], [[0.0642462968826294, 0.32491686940193176, 0.06629949063062668], [0.02769906260073185, 0.26515302062034607, 0.028759725391864777], [0.021052593365311623, 0.16178551316261292, 0.026205645874142647]], [[0.0298196692019701, 0.1249830350279808, 0.042378801852464676], [0.013555229641497135, 0.10197905451059341, 0.017677921801805496], [0.009232141077518463, 0.06166592612862587, 0.01559857465326786]]], "full_window": 384, "layer": 0}, {"document_lengths": [244, 220, 171, 1408, 104, 121, 185, 127, 1125, 280, 732, 124, 780, 1076, 409, 617, 90, 276], "error": [[[0.5246739983558655, 0.5231764316558838, 0.6077559590339661, 0.23363424837589264, 0.18004272878170013, 0.12623654305934906], [0.43690571188926697, 0.41236066818237305, 0.45948851108551025, 0.16953186690807343, 0.09669432044029236, 0.06469880044460297], [0.4185417592525482, 0.3030291795730591, 0.2889859080314636, 0.11520203948020935, 0.12392709404230118, 0.04637439548969269]], [[0.32035398483276367, 0.41933298110961914, 0.42433539032936096, 0.1326708346605301, 0.12230918556451797, 0.0777980238199234], [0.2519652545452118, 0.325118750333786, 0.2858884334564209, 0.0900731161236763, 0.0661604031920433, 0.027486467733979225], [0.23170650005340576, 0.22809571027755737, 0.19759432971477509, 0.06455328315496445, 0.0747046023607254, 0.021954936906695366]], [[0.11973285675048828, 0.25947657227516174, 0.23593410849571228, 0.07252120226621628, 0.07520754635334015, 0.045684412121772766], [0.07154122740030289, 0.19619503617286682, 0.15673194825649261, 0.04750202223658562, 0.03690513223409653, 0.016601592302322388], [0.06224750354886055, 0.14071808755397797, 0.11065477132797241, 0.03638129308819771, 0.03839941322803497, 0.012604801915585995]]], "full_window": 384, "layer": 1}, {"document_lengths": [488, 440, 342, 2816, 208, 242, 370, 254, 2250, 560], "error": [[[0.244460791349411, 0.11013628542423248, 0.11069314181804657], [0.19800229370594025, 0.036067768931388855, 0.044639360159635544], [0.09983380138874054, 0.034550733864307404, 0.04588450863957405]], [[0.12942659854888916, 0.0793381780385971, 0.05274888500571251], [0.0780196487903595, 0.026056045666337013, 0.015962379053235054], [0.040217380970716476, 0.022226078435778618, 0.015569048933684826]], [[0.044970639050006866, 0.04712659493088722, 0.030164169147610664], [0.016325445845723152, 0.01718127354979515, 0.009793790057301521], [0.016185276210308075, 0.013552863150835037, 0.009309106506407261]]], "full_window": 384, "layer": 2}, {"document_lengths": [488, 440, 342, 2816, 208, 242, 370, 254, 2250, 560], "error": [[[0.12999866902828217, 0.46271926164627075, 0.20009388029575348], [0.05171193927526474, 0.3225904405117035, 0.08885696530342102], [0.04197951406240463, 0.27317970991134644, 0.08652179688215256]], [[0.08196448534727097, 0.2595154643058777, 0.13028760254383087], [0.026054784655570984, 0.15275174379348755, 0.06023881211876869], [0.02312205731868744, 0.14358477294445038, 0.054451726377010345]], [[0.04130222648382187, 0.10452500730752945, 0.0640874132514], [0.014187680557370186, 0.06530128419399261, 0.03553980216383934], [0.012385566718876362, 0.06358512490987778, 0.025669215247035027]]], "full_window": 384, "layer": 5}, {"document_lengths": [244, 220, 171, 1408, 104, 121, 185, 127, 1125, 280, 732, 124, 780, 1076, 409, 617, 90, 276], "error": [[[0.2959715723991394, 0.6757616996765137, 0.42282140254974365, 0.1948290318250656, 0.17385219037532806, 0.4705030620098114], [0.18180373311042786, 0.4559340476989746, 0.24964652955532074, 0.05536322668194771, 0.05502057448029518, 0.3247534930706024], [0.1713343858718872, 0.39077097177505493, 0.24404290318489075, 0.05024157091975212, 0.07440955936908722, 0.2993258535861969]], [[0.15315811336040497, 0.5016075968742371, 0.3112010955810547, 0.12709790468215942, 0.11676400899887085, 0.30726203322410583], [0.09219197928905487, 0.2993435263633728, 0.18219777941703796, 0.03343355283141136, 0.033938974142074585, 0.19451798498630524], [0.08658689260482788, 0.25964733958244324, 0.14626099169254303, 0.028406407684087753, 0.03688822314143181, 0.1706620454788208]], [[0.0693865641951561, 0.2843037545681, 0.11843684315681458, 0.06017402186989784, 0.0629691332578659, 0.15657548606395721], [0.0380728580057621, 0.16786861419677734, 0.06958316266536713, 0.01743151806294918, 0.019509201869368553, 0.10446479171514511], [0.03512231260538101, 0.1498544067144394, 0.06327454000711441, 0.014878652058541775, 0.015197714790701866, 0.08500094711780548]]], "full_window": 384, "layer": 8}], "seconds": 0.03373697213828564, "step": 593}], "calibration_steps": [592, 593], "extension": "nanogpt_ab_33ed10bb784d", "head_min_rows": 32768, "head_sample_group": 4, "threshold": 0.2, "training_ms": 39345.14837153256, "val_loss": 3.27801775932312, "windows": {"0": [64, 256, 64], "1": [256, -1, -1, 128, 256, 128], "2": [256, 64, 64], "5": [128, 256, 128], "8": [256, -1, 256, 128, 128, 256]}, "worst_errors": {"0": [[0.1398555189371109, 0.5725604891777039, 0.1341390162706375], [0.08261020481586456, 0.377425879240036, 0.08965246379375458], [0.04538504779338837, 0.15923745930194855, 0.06280282139778137]], "1": [[0.6388028264045715, 0.6262819170951843, 0.8127346634864807, 0.30514803528785706, 0.30431219935417175, 0.20978209376335144], [0.37053805589675903, 0.5033634901046753, 0.5311666131019592, 0.18524208664894104, 0.22193235158920288, 0.09259824454784393], [0.13997946679592133, 0.3491169214248657, 0.32130715250968933, 0.10593268275260925, 0.1440173089504242, 0.052430808544158936]], "2": [[0.2989821135997772, 0.12465652078390121, 0.14033280313014984], [0.25844505429267883, 0.09302692115306854, 0.0732586681842804], [0.07456574589014053, 0.059029217809438705, 0.04456781595945358]], "5": [[0.23253947496414185, 0.5514835715293884, 0.22906598448753357], [0.09767621755599976, 0.361508309841156, 0.1539973020553589], [0.04850434139370918, 0.1590014398097992, 0.07689502090215683]], "8": [[0.5371410250663757, 0.6779565811157227, 0.4656558036804199, 0.2504754960536957, 0.19210778176784515, 0.4764477610588074], [0.2633098363876343, 0.5835686922073364, 0.3112010955810547, 0.15277345478534698, 0.13057976961135864, 0.30981582403182983], [0.09470933675765991, 0.3317079246044159, 0.1534782201051712, 0.07181622087955475, 0.07534652948379517, 0.16840451955795288]]}}
