[Gloo] Rank 1 is connected to 7 peer ranks. Expected number of connected peer ranks is : 7
[Gloo] Rank 0 is connected to 7 peer ranks. Expected number of connected peer ranks is : 7
[Gloo] Rank 3 is connected to 7 peer ranks. Expected number of connected peer ranks is : 7
[Gloo] Rank 4 is connected to 7 peer ranks. Expected number of connected peer ranks is : 7
[Gloo] Rank 2 is connected to 7 peer ranks. Expected number of connected peer ranks is : 7
[Gloo] Rank 6 is connected to 7 peer ranks. Expected number of connected peer ranks is : 7
[Gloo] Rank 5 is connected to 7 peer ranks. Expected number of connected peer ranks is : 7
[Gloo] Rank 7 is connected to 7 peer ranks. Expected number of connected peer ranks is : 7
logs/28acae17-6ec6-4da3-855b-abff706b6183.txt
[approx-backward] {'attention_enabled': True, 'calibration_steps': [592, 593], 'attention_stop': 1107, 'threshold': 0.2, 'head_sample_group': 4, 'head_min_rows': 32768, 'extension': 'nanogpt_ab_33ed10bb784d'}
[residual-fusions] ON: post-lambda in the O gain, per-row scalar-lambda grads, VE gate slice from rstd
[value-embed] value_embeds (201216, 768) = 4 planes (plane 3 retired: layer 9 attention absent) 154.5M params, sink 294.8 MiB (before retirement: 5 planes, 251520x768, 193.2M, 368.4 MiB)
[banks] qk_bank (48, 256, 768) (42 live), vo_bank (16, 768, 768) (14 live); slot order (attn-bank idx) (0, 2, 5, 1, 7, 3, 9), narrow ++ dv64 ++ wide
[fused-kernels] selftest PASS (every fused kernel is byte-exact vs ATen)
[sampled-softmax] ON P=[10240, 14336, 24576] rows<=49152 vocab=50304 until=1107
[eval-ce] ON slab=32768 rows x 50304 vocab, 8 slabs per 262144-row val batch
[value-embed-comms] ON planes=4 table=201216x768; compact buffer 295 MB, shard 25152 rows
[graph:step] ON: 11 keys, runahead_throttle=2, pool=shared, sink_ring=4
Compiling model and warming up kernels (~7 minutes on first execution)
[warmup:restore] ON: bigram shard (10575360, 768) (15.13 GiB) out of initial_state (key _orig_mod.bigram_embed.weight), restored by zero_() in place; checksum (0.0, 0.0, 0.0); initial_state pins 0.92 GiB of CUDA
[graph:step] warmup extended for 11 capture keys; first steps [0, 320, 411, 501, 591, 592, 594, 681, 965, 1107, 1174]
Sampling steps [0, 1, 2, 3, 4, 5, 6, 7, 318, 319, 320, 321, 411, 412, 501, 502, 591, 591, 592, 593, 594, 595, 679, 680, 681, 682, 963, 964, 965, 966, 1105, 1106, 1107, 1108, 1172, 1173, 1174, 1175, 1176, 1177, 1178] for warmup
[embed] untied from lm_head; optimizer state copied exactly
Resetting Model
[warmup] captures armed in the single sampled pass: tgr banks ['mlp_bank', 'qk_bank', 'vo_bank'] | tgr2 1 attn + 2 mlp; prefix 0..7 last, tgr@4 tgr2@5, all self-checks consumed
step:25/1194 train_time:523ms step_avg:20.90ms
step:50/1194 train_time:952ms step_avg:19.04ms
step:75/1194 train_time:1375ms step_avg:18.34ms
step:100/1194 train_time:1805ms step_avg:18.05ms
step:125/1194 train_time:2226ms step_avg:17.81ms
step:150/1194 train_time:2655ms step_avg:17.70ms
step:175/1194 train_time:3077ms step_avg:17.59ms
step:200/1194 train_time:3508ms step_avg:17.54ms
step:225/1194 train_time:3928ms step_avg:17.46ms
step:250/1194 train_time:4358ms step_avg:17.43ms
step:275/1194 train_time:4780ms step_avg:17.38ms
step:300/1194 train_time:5209ms step_avg:17.36ms
step:325/1194 train_time:5671ms step_avg:17.45ms
step:350/1194 train_time:6424ms step_avg:18.35ms
step:375/1194 train_time:7184ms step_avg:19.16ms
step:400/1194 train_time:7944ms step_avg:19.86ms
step:425/1194 train_time:8691ms step_avg:20.45ms
step:450/1194 train_time:9443ms step_avg:20.98ms
step:475/1194 train_time:10200ms step_avg:21.47ms
step:500/1194 train_time:10960ms step_avg:21.92ms
step:525/1194 train_time:11709ms step_avg:22.30ms
step:550/1194 train_time:12464ms step_avg:22.66ms
step:575/1194 train_time:13224ms step_avg:23.00ms
step:600/1194 train_time:14017ms step_avg:23.36ms
step:625/1194 train_time:14757ms step_avg:23.61ms
step:650/1194 train_time:15510ms step_avg:23.86ms
step:675/1194 train_time:16267ms step_avg:24.10ms
step:700/1194 train_time:17260ms step_avg:24.66ms
step:725/1194 train_time:18359ms step_avg:25.32ms
step:750/1194 train_time:19458ms step_avg:25.94ms
step:775/1194 train_time:20568ms step_avg:26.54ms
step:800/1194 train_time:21677ms step_avg:27.10ms
step:825/1194 train_time:22775ms step_avg:27.61ms
step:850/1194 train_time:23882ms step_avg:28.10ms
step:875/1194 train_time:24992ms step_avg:28.56ms
step:900/1194 train_time:26098ms step_avg:29.00ms
step:925/1194 train_time:27199ms step_avg:29.40ms
step:950/1194 train_time:28305ms step_avg:29.79ms
step:975/1194 train_time:29434ms step_avg:30.19ms
step:1000/1194 train_time:30599ms step_avg:30.60ms
step:1025/1194 train_time:31751ms step_avg:30.98ms
step:1050/1194 train_time:32911ms step_avg:31.34ms
step:1075/1194 train_time:34078ms step_avg:31.70ms
step:1100/1194 train_time:35245ms step_avg:32.04ms
step:1125/1194 train_time:36414ms step_avg:32.37ms
step:1150/1194 train_time:37599ms step_avg:32.70ms
step:1175/1194 train_time:38794ms step_avg:33.02ms
[embed] untied from lm_head; optimizer state copied exactly
step:1193/1194 train_time:39208ms step_avg:32.87ms
step:1194/1194 train_time:39229ms step_avg:32.86ms
[ship:tail-ema] win=298 blend=0.65 labels=['embed', 'lm_head']
[ship:tail-avg] win=250 blend=None labels=['mlp_bank', 'vo_bank']
[ship:value-embed] win=250 blend=None labels=['value_embeds']
[ship:bank-blend] win=298 blend={'qk_bank': 0.55, 'vo_bank': 0.34930000000000005, 'mlp_bank': 0.34930000000000005} labels=['mlp_bank', 'qk_bank', 'vo_bank']
step:1194/1194 val_loss:3.2821 train_time:39364ms step_avg:32.97ms
peak memory allocated: 54277 MiB reserved: 66030 MiB
[approx-backward-result] {"attention_enabled": true, "attention_stop": 1107, "calibration": [{"observations": [{"document_lengths": [140, 1726, 390, 4096, 554, 394, 320], "error": [[[0.32791000604629517, 0.24449440836906433, 0.23015759885311127], [0.22544215619564056, 0.16241180896759033, 0.12674732506275177], [0.10542590916156769, 0.11628852784633636, 0.13493938744068146]], [[0.2081499695777893, 0.13436007499694824, 0.16101190447807312], [0.13785779476165771, 0.07828791439533234, 0.08961304277181625], [0.06573846936225891, 0.07292813062667847, 0.0954531878232956]], [[0.08509032428264618, 0.06468040496110916, 0.09085408598184586], [0.05107925832271576, 0.03704829141497612, 0.04964485019445419], [0.023681294173002243, 0.03141972795128822, 0.05311252921819687]]], "full_window": 384, "layer": 0}, {"document_lengths": [70, 863, 195, 2048, 277, 197, 160, 674, 867, 320, 102, 510, 895, 116, 712], "error": [[[0.1763646900653839, 0.14559464156627655, 0.2343939244747162, 0.09716791659593582, 0.7423850893974304, 0.5391330122947693], [0.09027417004108429, 0.0619020089507103, 0.12250728160142899, 0.03603962063789368, 0.5994880199432373, 0.42576825618743896], [0.10969698429107666, 0.07242783904075623, 0.08731228113174438, 0.03045685403048992, 0.4827308654785156, 0.33809950947761536]], [[0.11680158227682114, 0.08848821371793747, 0.16996876895427704, 0.07250390946865082, 0.6005094647407532, 0.38730588555336], [0.05572683736681938, 0.028744330629706383, 0.08538014441728592, 0.025861447677016258, 0.4476589858531952, 0.2854345738887787], [0.06462438404560089, 0.03522949665784836, 0.05895688757300377, 0.020061181858181953, 0.335865318775177, 0.2296409010887146]], [[0.06722793728113174, 0.04486798495054245, 0.10917112231254578, 0.043060239404439926, 0.3622710108757019, 0.2062777429819107], [0.03169148415327072, 0.01648285798728466, 0.05815508961677551, 0.015236902981996536, 0.23104603588581085, 0.1538568139076233], [0.03367122262716293, 0.020489906892180443, 0.03944549337029457, 0.011740067042410374, 0.16477452218532562, 0.1211991161108017]]], "full_window": 384, "layer": 1}, {"document_lengths": [140, 1726, 390, 4096, 554, 394, 320], "error": [[[0.2012520730495453, 0.466685026884079, 0.10731235146522522], [0.11794421821832657, 0.3219422698020935, 0.030422570183873177], [0.10477015376091003, 0.2751070261001587, 0.030920857563614845]], [[0.1139281764626503, 0.26717671751976013, 0.08683014661073685], [0.054404571652412415, 0.1450185775756836, 0.024936869740486145], [0.04844943806529045, 0.13565859198570251, 0.024942191317677498]], [[0.06293360143899918, 0.0912565290927887, 0.050676677376031876], [0.030497686937451363, 0.03583715111017227, 0.01618805155158043], [0.0268847793340683, 0.044492170214653015, 0.015849268063902855]]], "full_window": 384, "layer": 2}, {"document_lengths": [140, 1726, 390, 4096, 554, 394, 320], "error": [[[0.1571412831544876, 0.23245564103126526, 0.30010929703712463], [0.060401786118745804, 0.13640469312667847, 0.1601191908121109], [0.06357201933860779, 0.10967913269996643, 0.1270686239004135]], [[0.09387240558862686, 0.1488238126039505, 0.1549645960330963], [0.027431057766079903, 0.07792892307043076, 0.07935035228729248], [0.0325700007379055, 0.06531424075365067, 0.06314895302057266]], [[0.04415213316679001, 0.08404485136270523, 0.045634910464286804], [0.015200977213680744, 0.04441261664032936, 0.01941288262605667], [0.018297499045729637, 0.038518983870744705, 0.017621168866753578]]], "full_window": 384, "layer": 5}, {"document_lengths": [70, 863, 195, 2048, 277, 197, 160, 674, 867, 320, 102, 510, 895, 116, 712], "error": [[[0.2871168851852417, 0.5359016060829163, 0.5926228165626526, 0.17780666053295135, 0.5977790951728821, 0.3739050626754761], [0.17354534566402435, 0.3197839856147766, 0.40867871046066284, 0.06415442377328873, 0.4404655396938324, 0.21284346282482147], [0.16819150745868683, 0.26592323184013367, 0.37326717376708984, 0.06313765794038773, 0.3790927231311798, 0.20022469758987427]], [[0.16477808356285095, 0.3397223949432373, 0.417751282453537, 0.10685387998819351, 0.4477996826171875, 0.22423326969146729], [0.10598544031381607, 0.22469639778137207, 0.2956309914588928, 0.0346214659512043, 0.30485135316848755, 0.1156628429889679], [0.0910315066576004, 0.16571421921253204, 0.2426096796989441, 0.033130522817373276, 0.2553587257862091, 0.11232348531484604]], [[0.07067333161830902, 0.1853770613670349, 0.21437689661979675, 0.06126321852207184, 0.26901379227638245, 0.09566574543714523], [0.04413388669490814, 0.11789470165967941, 0.140604168176651, 0.020091934129595757, 0.18443642556667328, 0.048661813139915466], [0.031471848487854004, 0.08425133675336838, 0.13302701711654663, 0.015767408534884453, 0.13525255024433136, 0.04201219230890274]]], "full_window": 384, "layer": 8}], "seconds": 0.08534956350922585, "step": 592}, {"observations": [{"document_lengths": [488, 440, 342, 2816, 208, 242, 370, 254, 2250, 560], "error": [[[0.3243933618068695, 0.20053018629550934, 0.23169299960136414], [0.2244892567396164, 0.11296872794628143, 0.14455771446228027], [0.12279417365789413, 0.10306171327829361, 0.13808272778987885]], [[0.222230464220047, 0.12107411026954651, 0.14060615003108978], [0.1493569165468216, 0.05805563926696777, 0.08849009871482849], [0.07113229483366013, 0.055946458131074905, 0.08716653287410736]], [[0.07621259987354279, 0.05032862350344658, 0.06809566915035248], [0.045613598078489304, 0.024108517915010452, 0.04299645498394966], [0.023079216480255127, 0.02419627457857132, 0.043377362191677094]]], "full_window": 384, "layer": 0}, {"document_lengths": [244, 220, 171, 1408, 104, 121, 185, 127, 1125, 280, 732, 124, 780, 1076, 409, 617, 90, 276], "error": [[[0.1888226568698883, 0.13255944848060608, 0.20616334676742554, 0.10370665788650513, 0.7101576328277588, 0.491588294506073], [0.11765916645526886, 0.054397813975811005, 0.11369429528713226, 0.04390108585357666, 0.6110212206840515, 0.39222005009651184], [0.10457617789506912, 0.07824918627738953, 0.08344228565692902, 0.03444868326187134, 0.4713781774044037, 0.30228391289711]], [[0.11551621556282043, 0.07967515289783478, 0.14983727037906647, 0.07323096692562103, 0.5438261032104492, 0.3592393100261688], [0.06806229799985886, 0.027717433869838715, 0.07915688306093216, 0.029052352532744408, 0.40579620003700256, 0.2745612561702728], [0.05792888626456261, 0.03268376737833023, 0.057748451828956604, 0.02328537404537201, 0.30542701482772827, 0.20641806721687317]], [[0.06347278505563736, 0.040038034319877625, 0.09535814076662064, 0.041620977222919464, 0.3151787221431732, 0.1939663141965866], [0.03181196004152298, 0.014751529321074486, 0.04937362298369408, 0.016386132687330246, 0.21739572286605835, 0.14308099448680878], [0.027788223698735237, 0.017119400203227997, 0.036529090255498886, 0.012777263298630714, 0.14006878435611725, 0.11475244164466858]]], "full_window": 384, "layer": 1}, {"document_lengths": [488, 440, 342, 2816, 208, 242, 370, 254, 2250, 560], "error": [[[0.21742001175880432, 0.5120955109596252, 0.10147516429424286], [0.14026591181755066, 0.4222765564918518, 0.02867422066628933], [0.10973968356847763, 0.2632945477962494, 0.028524182736873627]], [[0.13503673672676086, 0.3393237590789795, 0.07776810228824615], [0.07683150470256805, 0.2067985236644745, 0.022503627464175224], [0.05999891459941864, 0.12367583811283112, 0.02133108116686344]], [[0.0598064661026001, 0.08596335351467133, 0.04582494497299194], [0.027649296447634697, 0.044278305023908615, 0.015112042427062988], [0.025459522381424904, 0.037455104291439056, 0.013602967374026775]]], "full_window": 384, "layer": 2}, {"document_lengths": [488, 440, 342, 2816, 208, 242, 370, 254, 2250, 560], "error": [[[0.14162993431091309, 0.2390802651643753, 0.3074636161327362], [0.05250021070241928, 0.13740013539791107, 0.1537231206893921], [0.053005460649728775, 0.10406337678432465, 0.11538781225681305]], [[0.08546564728021622, 0.14550922811031342, 0.14346544444561005], [0.02593810483813286, 0.0745270773768425, 0.06371401250362396], [0.03115394152700901, 0.05977719649672508, 0.05276499316096306]], [[0.036447469145059586, 0.06677377969026566, 0.0472484789788723], [0.013458969071507454, 0.03316635638475418, 0.017010223120450974], [0.015461264178156853, 0.02637227065861225, 0.016742778941988945]]], "full_window": 384, "layer": 5}, {"document_lengths": [244, 220, 171, 1408, 104, 121, 185, 127, 1125, 280, 732, 124, 780, 1076, 409, 617, 90, 276], "error": [[[0.26772257685661316, 0.4047139883041382, 0.6054683923721313, 0.1652267724275589, 0.5750237107276917, 0.40565451979637146], [0.14757509529590607, 0.2509639263153076, 0.45295852422714233, 0.0534752681851387, 0.36311158537864685, 0.22618332505226135], [0.17090636491775513, 0.2502085864543915, 0.37145331501960754, 0.06180152669548988, 0.3339625895023346, 0.1867668628692627]], [[0.14385364949703217, 0.2710241675376892, 0.4257908761501312, 0.0993364006280899, 0.389433354139328, 0.2564912736415863], [0.0762186124920845, 0.1683749407529831, 0.27720773220062256, 0.03042866848409176, 0.23345084488391876, 0.1383718103170395], [0.07815694808959961, 0.1520003229379654, 0.24780240654945374, 0.030827311798930168, 0.2169072926044464, 0.11375963687896729]], [[0.06490309536457062, 0.11963360756635666, 0.2616410255432129, 0.059342995285987854, 0.20301464200019836, 0.11674948036670685], [0.03242688998579979, 0.07717195898294449, 0.15538881719112396, 0.01833432912826538, 0.1292719691991806, 0.05670997500419617], [0.029195770621299744, 0.07090620696544647, 0.1482156664133072, 0.015865974128246307, 0.11814329028129578, 0.0454501174390316]]], "full_window": 384, "layer": 8}], "seconds": 0.03295037895441055, "step": 593}], "calibration_steps": [592, 593], "extension": "nanogpt_ab_33ed10bb784d", "head_min_rows": 32768, "head_sample_group": 4, "threshold": 0.2, "training_ms": 39363.75373788178, "val_loss": 3.2821364402770996, "windows": {"0": [256, 128, 128], "1": [128, 128, 256, 128, -1, -1], "2": [128, 256, 64], "5": [64, 128, 128], "8": [256, -1, -1, 128, -1, 256]}, "worst_errors": {"0": [[0.414338082075119, 0.2594502568244934, 0.2517150044441223], [0.24439510703086853, 0.1536271572113037, 0.16101190447807312], [0.09325902909040451, 0.09084159135818481, 0.09243554621934891]], "1": [[0.5327579975128174, 0.15820342302322388, 0.36754342913627625, 0.12789638340473175, 0.7812595367431641, 0.6302490830421448], [0.15549878776073456, 0.10180380195379257, 0.2706579864025116, 0.09495807439088821, 0.6226010322570801, 0.42527666687965393], [0.0960254967212677, 0.06007979065179825, 0.1800064742565155, 0.05286139249801636, 0.4133068919181824, 0.236480712890625]], "2": [[0.2194790542125702, 0.5456928610801697, 0.11207444965839386], [0.15679574012756348, 0.3393237590789795, 0.0881730243563652], [0.0727478638291359, 0.18104849755764008, 0.05173179879784584]], "5": [[0.17878417670726776, 0.2409336268901825, 0.338530957698822], [0.09483346343040466, 0.15465620160102844, 0.18936428427696228], [0.04654935002326965, 0.08404485136270523, 0.06209362670779228]], "8": [[0.30963844060897827, 0.5359016060829163, 0.6054683923721313, 0.2869938910007477, 0.6227516531944275, 0.48241764307022095], [0.21653081476688385, 0.3551786243915558, 0.4372212588787079, 0.13865920901298523, 0.5100074410438538, 0.2738814949989319], [0.0815216600894928, 0.2083951085805893, 0.2616410255432129, 0.07133258879184723, 0.277578204870224, 0.16299976408481598]]}}
