[Gloo] Rank 0 is connected to 7 peer ranks. Expected number of connected peer ranks is : 7
[Gloo] Rank 1 is connected to 7 peer ranks. Expected number of connected peer ranks is : 7
[Gloo] Rank 3 is connected to 7 peer ranks. Expected number of connected peer ranks is : 7
[Gloo] Rank [Gloo] Rank 25 is connected to  is connected to 77 peer ranks.  peer ranks. Expected number of connected peer ranks is : Expected number of connected peer ranks is : 77

[Gloo] Rank 4 is connected to 7 peer ranks. Expected number of connected peer ranks is : 7
[Gloo] Rank [Gloo] Rank 76 is connected to  is connected to 77 peer ranks.  peer ranks. Expected number of connected peer ranks is : Expected number of connected peer ranks is : 77

logs/483861e7-6e96-45a3-be7f-0e189262bd34.txt
[residual-fusions] ON: post-lambda in the O gain, per-row scalar-lambda grads, VE gate slice from rstd
[value-embed] value_embeds (201216, 768) = 4 planes (plane 3 retired: layer 9 attention absent) 154.5M params, sink 294.8 MiB (before retirement: 5 planes, 251520x768, 193.2M, 368.4 MiB)
[banks] qk_bank (48, 256, 768) (42 live), vo_bank (16, 768, 768) (14 live); slot order (attn-bank idx) (0, 2, 5, 1, 7, 3, 9), narrow ++ dv64 ++ wide
[fused-kernels] selftest PASS (every fused kernel is byte-exact vs ATen)
[sampled-softmax] ON P=[10240, 14336, 24576] rows<=49152 vocab=50304 until=1107
[eval-ce] ON slab=32768 rows x 50304 vocab, 8 slabs per 262144-row val batch
[value-embed-comms] ON planes=4 table=201216x768; compact buffer 295 MB, shard 25152 rows
[graph:step] ON: 9 keys, runahead_throttle=2, pool=shared, sink_ring=4
Compiling model and warming up kernels (~7 minutes on first execution)
[warmup:restore] ON: bigram shard (10575360, 768) (15.13 GiB) out of initial_state (key _orig_mod.bigram_embed.weight), restored by zero_() in place; checksum (0.0, 0.0, 0.0); initial_state pins 0.92 GiB of CUDA
[graph:step] warmup extended for 9 capture keys; first steps [0, 320, 411, 501, 591, 681, 965, 1107, 1174]
Sampling steps [0, 1, 2, 3, 4, 5, 6, 7, 318, 319, 320, 321, 411, 412, 501, 502, 591, 592, 679, 680, 681, 682, 963, 964, 965, 966, 1105, 1106, 1107, 1108, 1172, 1173, 1174, 1175, 1176, 1177, 1178] for warmup
[embed] untied from lm_head; optimizer state copied exactly
Resetting Model
[warmup] captures armed in the single sampled pass: tgr banks ['mlp_bank', 'qk_bank', 'vo_bank'] | tgr2 1 attn + 2 mlp; prefix 0..7 last, tgr@4 tgr2@5, all self-checks consumed
step:25/1194 train_time:501ms step_avg:20.03ms
step:50/1194 train_time:931ms step_avg:18.62ms
step:75/1194 train_time:1354ms step_avg:18.05ms
step:100/1194 train_time:1784ms step_avg:17.84ms
step:125/1194 train_time:2206ms step_avg:17.65ms
step:150/1194 train_time:2636ms step_avg:17.58ms
step:175/1194 train_time:3060ms step_avg:17.48ms
step:200/1194 train_time:3488ms step_avg:17.44ms
step:225/1194 train_time:3911ms step_avg:17.38ms
step:250/1194 train_time:4340ms step_avg:17.36ms
step:275/1194 train_time:4763ms step_avg:17.32ms
step:300/1194 train_time:5192ms step_avg:17.31ms
step:325/1194 train_time:5655ms step_avg:17.40ms
step:350/1194 train_time:6419ms step_avg:18.34ms
step:375/1194 train_time:7186ms step_avg:19.16ms
step:400/1194 train_time:7956ms step_avg:19.89ms
step:425/1194 train_time:8714ms step_avg:20.50ms
step:450/1194 train_time:9479ms step_avg:21.06ms
step:475/1194 train_time:10247ms step_avg:21.57ms
step:500/1194 train_time:11015ms step_avg:22.03ms
step:525/1194 train_time:11775ms step_avg:22.43ms
step:550/1194 train_time:12537ms step_avg:22.79ms
step:575/1194 train_time:13304ms step_avg:23.14ms
step:600/1194 train_time:14074ms step_avg:23.46ms
step:625/1194 train_time:14835ms step_avg:23.74ms
step:650/1194 train_time:15598ms step_avg:24.00ms
step:675/1194 train_time:16368ms step_avg:24.25ms
step:700/1194 train_time:17390ms step_avg:24.84ms
step:725/1194 train_time:18524ms step_avg:25.55ms
step:750/1194 train_time:19654ms step_avg:26.21ms
step:775/1194 train_time:20798ms step_avg:26.84ms
step:800/1194 train_time:21939ms step_avg:27.42ms
step:825/1194 train_time:23072ms step_avg:27.97ms
step:850/1194 train_time:24207ms step_avg:28.48ms
step:875/1194 train_time:25353ms step_avg:28.98ms
step:900/1194 train_time:26498ms step_avg:29.44ms
step:925/1194 train_time:27632ms step_avg:29.87ms
step:950/1194 train_time:28773ms step_avg:30.29ms
step:975/1194 train_time:29943ms step_avg:30.71ms
step:1000/1194 train_time:31160ms step_avg:31.16ms
step:1025/1194 train_time:32366ms step_avg:31.58ms
step:1050/1194 train_time:33578ms step_avg:31.98ms
step:1075/1194 train_time:34797ms step_avg:32.37ms
step:1100/1194 train_time:36019ms step_avg:32.74ms
step:1125/1194 train_time:37209ms step_avg:33.07ms
step:1150/1194 train_time:38394ms step_avg:33.39ms
step:1175/1194 train_time:39582ms step_avg:33.69ms
[embed] untied from lm_head; optimizer state copied exactly
step:1193/1194 train_time:39996ms step_avg:33.53ms
step:1194/1194 train_time:40017ms step_avg:33.52ms
[ship:tail-ema] win=298 blend=0.65 labels=['embed', 'lm_head']
[ship:tail-avg] win=250 blend=None labels=['mlp_bank', 'vo_bank']
[ship:value-embed] win=250 blend=None labels=['value_embeds']
[ship:bank-blend] win=298 blend={'qk_bank': 0.55, 'vo_bank': 0.34930000000000005, 'mlp_bank': 0.34930000000000005} labels=['mlp_bank', 'qk_bank', 'vo_bank']
step:1194/1194 val_loss:3.2808 train_time:40148ms step_avg:33.62ms
peak memory allocated: 53380 MiB reserved: 65244 MiB
