[Gloo] Rank 0 is connected to 7 peer ranks. Expected number of connected peer ranks is : 7
[Gloo] Rank 2 is connected to 7 peer ranks. Expected number of connected peer ranks is : 7
[Gloo] Rank 1 is connected to 7 peer ranks. Expected number of connected peer ranks is : 7
[Gloo] Rank 3 is connected to 7 peer ranks. Expected number of connected peer ranks is : 7
[Gloo] Rank 6 is connected to 7 peer ranks. Expected number of connected peer ranks is : 7
[Gloo] Rank 5 is connected to 7 peer ranks. [Gloo] Rank Expected number of connected peer ranks is : 47 is connected to 
7 peer ranks. Expected number of connected peer ranks is : 7
[Gloo] Rank 7 is connected to 7 peer ranks. Expected number of connected peer ranks is : 7
logs/d8e84741-5e33-45f3-98a6-d125c7993c46.txt
Compiling model and warming up kernels (~7 minutes on first execution)
Sampling steps [0, 1, 415, 416, 417, 418, 831, 832, 833, 834, 1248, 1249, 1250, 1251] for warmup
Resetting Model
step:0/1290 val_loss:10.8282 train_time:167ms step_avg:167.10ms
step:1/1290 train_time:292ms step_avg:291.50ms
step:2/1290 train_time:338ms step_avg:168.86ms
step:3/1290 train_time:372ms step_avg:124.01ms
step:4/1290 train_time:412ms step_avg:102.88ms
step:5/1290 train_time:444ms step_avg:88.83ms
step:6/1290 train_time:481ms step_avg:80.14ms
step:7/1290 train_time:513ms step_avg:73.31ms
step:8/1290 train_time:546ms step_avg:68.25ms
step:9/1290 train_time:579ms step_avg:64.31ms
step:10/1290 train_time:613ms step_avg:61.34ms
step:11/1290 train_time:639ms step_avg:58.12ms
step:12/1290 train_time:669ms step_avg:55.75ms
step:13/1290 train_time:696ms step_avg:53.51ms
step:14/1290 train_time:725ms step_avg:51.80ms
step:15/1290 train_time:751ms step_avg:50.04ms
step:16/1290 train_time:780ms step_avg:48.77ms
step:17/1290 train_time:806ms step_avg:47.43ms
step:18/1290 train_time:836ms step_avg:46.45ms
step:19/1290 train_time:862ms step_avg:45.37ms
step:20/1290 train_time:892ms step_avg:44.61ms
step:21/1290 train_time:918ms step_avg:43.71ms
step:22/1290 train_time:948ms step_avg:43.10ms
step:23/1290 train_time:974ms step_avg:42.35ms
step:24/1290 train_time:1008ms step_avg:42.00ms
step:25/1290 train_time:1034ms step_avg:41.35ms
step:26/1290 train_time:1068ms step_avg:41.07ms
step:27/1290 train_time:1094ms step_avg:40.51ms
step:28/1290 train_time:1128ms step_avg:40.28ms
step:29/1290 train_time:1153ms step_avg:39.77ms
step:30/1290 train_time:1189ms step_avg:39.63ms
step:31/1290 train_time:1214ms step_avg:39.17ms
step:32/1290 train_time:1248ms step_avg:39.00ms
step:33/1290 train_time:1273ms step_avg:38.59ms
step:34/1290 train_time:1308ms step_avg:38.48ms
step:35/1290 train_time:1334ms step_avg:38.13ms
step:36/1290 train_time:1368ms step_avg:38.00ms
step:37/1290 train_time:1394ms step_avg:37.67ms
step:38/1290 train_time:1428ms step_avg:37.58ms
step:39/1290 train_time:1454ms step_avg:37.27ms
step:40/1290 train_time:1488ms step_avg:37.20ms
step:41/1290 train_time:1514ms step_avg:36.93ms
step:42/1290 train_time:1548ms step_avg:36.85ms
step:43/1290 train_time:1573ms step_avg:36.59ms
step:44/1290 train_time:1608ms step_avg:36.55ms
step:45/1290 train_time:1634ms step_avg:36.31ms
step:46/1290 train_time:1668ms step_avg:36.26ms
step:47/1290 train_time:1695ms step_avg:36.05ms
step:48/1290 train_time:1728ms step_avg:36.00ms
step:49/1290 train_time:1754ms step_avg:35.79ms
step:50/1290 train_time:1788ms step_avg:35.76ms
step:51/1290 train_time:1814ms step_avg:35.56ms
step:52/1290 train_time:1848ms step_avg:35.54ms
step:53/1290 train_time:1873ms step_avg:35.35ms
step:54/1290 train_time:1908ms step_avg:35.34ms
step:55/1290 train_time:1934ms step_avg:35.16ms
step:56/1290 train_time:1968ms step_avg:35.14ms
step:57/1290 train_time:1994ms step_avg:34.97ms
step:58/1290 train_time:2028ms step_avg:34.96ms
step:59/1290 train_time:2053ms step_avg:34.80ms
step:60/1290 train_time:2088ms step_avg:34.80ms
step:61/1290 train_time:2114ms step_avg:34.65ms
step:62/1290 train_time:2148ms step_avg:34.64ms
step:63/1290 train_time:2173ms step_avg:34.50ms
step:64/1290 train_time:2208ms step_avg:34.50ms
step:65/1290 train_time:2233ms step_avg:34.36ms
step:66/1290 train_time:2268ms step_avg:34.36ms
step:67/1290 train_time:2294ms step_avg:34.23ms
step:68/1290 train_time:2328ms step_avg:34.24ms
step:69/1290 train_time:2354ms step_avg:34.12ms
step:70/1290 train_time:2388ms step_avg:34.11ms
step:71/1290 train_time:2414ms step_avg:34.00ms
step:72/1290 train_time:2448ms step_avg:34.00ms
step:73/1290 train_time:2474ms step_avg:33.89ms
step:74/1290 train_time:2508ms step_avg:33.90ms
step:75/1290 train_time:2534ms step_avg:33.79ms
step:76/1290 train_time:2568ms step_avg:33.79ms
step:77/1290 train_time:2593ms step_avg:33.68ms
step:78/1290 train_time:2628ms step_avg:33.70ms
step:79/1290 train_time:2654ms step_avg:33.59ms
step:80/1290 train_time:2688ms step_avg:33.60ms
step:81/1290 train_time:2714ms step_avg:33.50ms
step:82/1290 train_time:2748ms step_avg:33.51ms
step:83/1290 train_time:2773ms step_avg:33.41ms
step:84/1290 train_time:2808ms step_avg:33.43ms
step:85/1290 train_time:2834ms step_avg:33.34ms
step:86/1290 train_time:2868ms step_avg:33.35ms
step:87/1290 train_time:2893ms step_avg:33.25ms
step:88/1290 train_time:2928ms step_avg:33.28ms
step:89/1290 train_time:2954ms step_avg:33.19ms
step:90/1290 train_time:2988ms step_avg:33.20ms
step:91/1290 train_time:3014ms step_avg:33.12ms
step:92/1290 train_time:3048ms step_avg:33.13ms
step:93/1290 train_time:3073ms step_avg:33.05ms
step:94/1290 train_time:3108ms step_avg:33.07ms
step:95/1290 train_time:3133ms step_avg:32.98ms
step:96/1290 train_time:3168ms step_avg:33.00ms
step:97/1290 train_time:3193ms step_avg:32.92ms
step:98/1290 train_time:3228ms step_avg:32.94ms
step:99/1290 train_time:3253ms step_avg:32.86ms
step:100/1290 train_time:3288ms step_avg:32.88ms
step:101/1290 train_time:3313ms step_avg:32.81ms
step:102/1290 train_time:3348ms step_avg:32.82ms
step:103/1290 train_time:3373ms step_avg:32.75ms
step:104/1290 train_time:3408ms step_avg:32.77ms
step:105/1290 train_time:3433ms step_avg:32.70ms
step:106/1290 train_time:3468ms step_avg:32.72ms
step:107/1290 train_time:3493ms step_avg:32.64ms
step:108/1290 train_time:3528ms step_avg:32.67ms
step:109/1290 train_time:3553ms step_avg:32.60ms
step:110/1290 train_time:3588ms step_avg:32.62ms
step:111/1290 train_time:3613ms step_avg:32.55ms
step:112/1290 train_time:3648ms step_avg:32.57ms
step:113/1290 train_time:3673ms step_avg:32.50ms
step:114/1290 train_time:3709ms step_avg:32.53ms
step:115/1290 train_time:3733ms step_avg:32.47ms
step:116/1290 train_time:3768ms step_avg:32.48ms
step:117/1290 train_time:3793ms step_avg:32.42ms
step:118/1290 train_time:3828ms step_avg:32.44ms
step:119/1290 train_time:3853ms step_avg:32.38ms
step:120/1290 train_time:3888ms step_avg:32.40ms
step:121/1290 train_time:3913ms step_avg:32.34ms
step:122/1290 train_time:3948ms step_avg:32.36ms
step:123/1290 train_time:3973ms step_avg:32.30ms
step:124/1290 train_time:4009ms step_avg:32.33ms
step:125/1290 train_time:4034ms step_avg:32.27ms
step:126/1290 train_time:4068ms step_avg:32.29ms
step:127/1290 train_time:4093ms step_avg:32.23ms
step:128/1290 train_time:4128ms step_avg:32.25ms
step:129/1290 train_time:4153ms step_avg:32.19ms
step:130/1290 train_time:4188ms step_avg:32.21ms
step:131/1290 train_time:4213ms step_avg:32.16ms
step:132/1290 train_time:4248ms step_avg:32.18ms
step:133/1290 train_time:4273ms step_avg:32.12ms
step:134/1290 train_time:4309ms step_avg:32.16ms
step:135/1290 train_time:4334ms step_avg:32.11ms
step:136/1290 train_time:4368ms step_avg:32.12ms
step:137/1290 train_time:4393ms step_avg:32.07ms
step:138/1290 train_time:4428ms step_avg:32.09ms
step:139/1290 train_time:4454ms step_avg:32.04ms
step:140/1290 train_time:4488ms step_avg:32.06ms
step:141/1290 train_time:4514ms step_avg:32.01ms
step:142/1290 train_time:4548ms step_avg:32.03ms
step:143/1290 train_time:4574ms step_avg:31.98ms
step:144/1290 train_time:4609ms step_avg:32.00ms
step:145/1290 train_time:4635ms step_avg:31.96ms
step:146/1290 train_time:4669ms step_avg:31.98ms
step:147/1290 train_time:4694ms step_avg:31.93ms
step:148/1290 train_time:4729ms step_avg:31.95ms
step:149/1290 train_time:4754ms step_avg:31.91ms
step:150/1290 train_time:4789ms step_avg:31.92ms
step:151/1290 train_time:4815ms step_avg:31.89ms
step:152/1290 train_time:4848ms step_avg:31.90ms
step:153/1290 train_time:4874ms step_avg:31.85ms
step:154/1290 train_time:4908ms step_avg:31.87ms
step:155/1290 train_time:4934ms step_avg:31.83ms
step:156/1290 train_time:4968ms step_avg:31.85ms
step:157/1290 train_time:4993ms step_avg:31.80ms
step:158/1290 train_time:5028ms step_avg:31.82ms
step:159/1290 train_time:5053ms step_avg:31.78ms
step:160/1290 train_time:5088ms step_avg:31.80ms
step:161/1290 train_time:5112ms step_avg:31.75ms
step:162/1290 train_time:5148ms step_avg:31.78ms
step:163/1290 train_time:5172ms step_avg:31.73ms
step:164/1290 train_time:5207ms step_avg:31.75ms
step:165/1290 train_time:5233ms step_avg:31.71ms
step:166/1290 train_time:5267ms step_avg:31.73ms
step:167/1290 train_time:5292ms step_avg:31.69ms
step:168/1290 train_time:5328ms step_avg:31.71ms
step:169/1290 train_time:5352ms step_avg:31.67ms
step:170/1290 train_time:5387ms step_avg:31.69ms
step:171/1290 train_time:5412ms step_avg:31.65ms
step:172/1290 train_time:5448ms step_avg:31.68ms
step:173/1290 train_time:5474ms step_avg:31.64ms
step:174/1290 train_time:5507ms step_avg:31.65ms
step:175/1290 train_time:5532ms step_avg:31.61ms
step:176/1290 train_time:5567ms step_avg:31.63ms
step:177/1290 train_time:5592ms step_avg:31.59ms
step:178/1290 train_time:5628ms step_avg:31.62ms
step:179/1290 train_time:5652ms step_avg:31.58ms
step:180/1290 train_time:5687ms step_avg:31.60ms
step:181/1290 train_time:5712ms step_avg:31.56ms
step:182/1290 train_time:5747ms step_avg:31.58ms
step:183/1290 train_time:5772ms step_avg:31.54ms
step:184/1290 train_time:5807ms step_avg:31.56ms
step:185/1290 train_time:5832ms step_avg:31.52ms
step:186/1290 train_time:5867ms step_avg:31.54ms
step:187/1290 train_time:5892ms step_avg:31.51ms
step:188/1290 train_time:5927ms step_avg:31.53ms
step:189/1290 train_time:5952ms step_avg:31.49ms
step:190/1290 train_time:5987ms step_avg:31.51ms
step:191/1290 train_time:6012ms step_avg:31.48ms
step:192/1290 train_time:6048ms step_avg:31.50ms
step:193/1290 train_time:6073ms step_avg:31.46ms
step:194/1290 train_time:6107ms step_avg:31.48ms
step:195/1290 train_time:6132ms step_avg:31.45ms
step:196/1290 train_time:6167ms step_avg:31.46ms
step:197/1290 train_time:6192ms step_avg:31.43ms
step:198/1290 train_time:6228ms step_avg:31.45ms
step:199/1290 train_time:6252ms step_avg:31.42ms
step:200/1290 train_time:6287ms step_avg:31.43ms
step:201/1290 train_time:6312ms step_avg:31.40ms
step:202/1290 train_time:6347ms step_avg:31.42ms
step:203/1290 train_time:6372ms step_avg:31.39ms
step:204/1290 train_time:6407ms step_avg:31.41ms
step:205/1290 train_time:6432ms step_avg:31.38ms
step:206/1290 train_time:6467ms step_avg:31.39ms
step:207/1290 train_time:6492ms step_avg:31.36ms
step:208/1290 train_time:6527ms step_avg:31.38ms
step:209/1290 train_time:6552ms step_avg:31.35ms
step:210/1290 train_time:6587ms step_avg:31.37ms
step:211/1290 train_time:6614ms step_avg:31.35ms
step:212/1290 train_time:6647ms step_avg:31.35ms
step:213/1290 train_time:6672ms step_avg:31.32ms
step:214/1290 train_time:6707ms step_avg:31.34ms
step:215/1290 train_time:6732ms step_avg:31.31ms
step:216/1290 train_time:6767ms step_avg:31.33ms
step:217/1290 train_time:6792ms step_avg:31.30ms
step:218/1290 train_time:6827ms step_avg:31.32ms
step:219/1290 train_time:6852ms step_avg:31.29ms
step:220/1290 train_time:6887ms step_avg:31.30ms
step:221/1290 train_time:6912ms step_avg:31.28ms
step:222/1290 train_time:6947ms step_avg:31.29ms
step:223/1290 train_time:6972ms step_avg:31.26ms
step:224/1290 train_time:7007ms step_avg:31.28ms
step:225/1290 train_time:7032ms step_avg:31.25ms
step:226/1290 train_time:7067ms step_avg:31.27ms
step:227/1290 train_time:7092ms step_avg:31.24ms
step:228/1290 train_time:7127ms step_avg:31.26ms
step:229/1290 train_time:7152ms step_avg:31.23ms
step:230/1290 train_time:7187ms step_avg:31.25ms
step:231/1290 train_time:7212ms step_avg:31.22ms
step:232/1290 train_time:7247ms step_avg:31.24ms
step:233/1290 train_time:7272ms step_avg:31.21ms
step:234/1290 train_time:7307ms step_avg:31.23ms
step:235/1290 train_time:7332ms step_avg:31.20ms
step:236/1290 train_time:7367ms step_avg:31.21ms
step:237/1290 train_time:7391ms step_avg:31.19ms
step:238/1290 train_time:7427ms step_avg:31.21ms
step:239/1290 train_time:7452ms step_avg:31.18ms
step:240/1290 train_time:7487ms step_avg:31.19ms
step:241/1290 train_time:7511ms step_avg:31.17ms
step:242/1290 train_time:7547ms step_avg:31.18ms
step:243/1290 train_time:7571ms step_avg:31.16ms
step:244/1290 train_time:7607ms step_avg:31.17ms
step:245/1290 train_time:7631ms step_avg:31.15ms
step:246/1290 train_time:7667ms step_avg:31.17ms
step:247/1290 train_time:7692ms step_avg:31.14ms
step:248/1290 train_time:7727ms step_avg:31.16ms
step:249/1290 train_time:7752ms step_avg:31.13ms
step:250/1290 train_time:7787ms step_avg:31.15ms
step:250/1290 val_loss:4.5073 train_time:7815ms step_avg:31.26ms
step:251/1290 train_time:7844ms step_avg:31.25ms
step:252/1290 train_time:7875ms step_avg:31.25ms
step:253/1290 train_time:7900ms step_avg:31.23ms
step:254/1290 train_time:7930ms step_avg:31.22ms
step:255/1290 train_time:7954ms step_avg:31.19ms
step:256/1290 train_time:7983ms step_avg:31.18ms
step:257/1290 train_time:8008ms step_avg:31.16ms
step:258/1290 train_time:8038ms step_avg:31.15ms
step:259/1290 train_time:8063ms step_avg:31.13ms
step:260/1290 train_time:8093ms step_avg:31.13ms
step:261/1290 train_time:8118ms step_avg:31.11ms
step:262/1290 train_time:8153ms step_avg:31.12ms
step:263/1290 train_time:8178ms step_avg:31.10ms
step:264/1290 train_time:8214ms step_avg:31.11ms
step:265/1290 train_time:8239ms step_avg:31.09ms
step:266/1290 train_time:8273ms step_avg:31.10ms
step:267/1290 train_time:8298ms step_avg:31.08ms
step:268/1290 train_time:8334ms step_avg:31.10ms
step:269/1290 train_time:8358ms step_avg:31.07ms
step:270/1290 train_time:8393ms step_avg:31.09ms
step:271/1290 train_time:8418ms step_avg:31.06ms
step:272/1290 train_time:8453ms step_avg:31.08ms
step:273/1290 train_time:8478ms step_avg:31.05ms
step:274/1290 train_time:8514ms step_avg:31.07ms
step:275/1290 train_time:8538ms step_avg:31.05ms
step:276/1290 train_time:8573ms step_avg:31.06ms
step:277/1290 train_time:8598ms step_avg:31.04ms
step:278/1290 train_time:8633ms step_avg:31.05ms
step:279/1290 train_time:8658ms step_avg:31.03ms
step:280/1290 train_time:8693ms step_avg:31.05ms
step:281/1290 train_time:8718ms step_avg:31.02ms
step:282/1290 train_time:8753ms step_avg:31.04ms
step:283/1290 train_time:8777ms step_avg:31.02ms
step:284/1290 train_time:8813ms step_avg:31.03ms
step:285/1290 train_time:8838ms step_avg:31.01ms
step:286/1290 train_time:8872ms step_avg:31.02ms
step:287/1290 train_time:8897ms step_avg:31.00ms
step:288/1290 train_time:8932ms step_avg:31.02ms
step:289/1290 train_time:8957ms step_avg:30.99ms
step:290/1290 train_time:8992ms step_avg:31.01ms
step:291/1290 train_time:9017ms step_avg:30.99ms
step:292/1290 train_time:9052ms step_avg:31.00ms
step:293/1290 train_time:9077ms step_avg:30.98ms
step:294/1290 train_time:9112ms step_avg:30.99ms
step:295/1290 train_time:9137ms step_avg:30.97ms
step:296/1290 train_time:9172ms step_avg:30.99ms
step:297/1290 train_time:9197ms step_avg:30.96ms
step:298/1290 train_time:9232ms step_avg:30.98ms
step:299/1290 train_time:9257ms step_avg:30.96ms
step:300/1290 train_time:9291ms step_avg:30.97ms
step:301/1290 train_time:9317ms step_avg:30.95ms
step:302/1290 train_time:9351ms step_avg:30.96ms
step:303/1290 train_time:9376ms step_avg:30.94ms
step:304/1290 train_time:9411ms step_avg:30.96ms
step:305/1290 train_time:9436ms step_avg:30.94ms
step:306/1290 train_time:9471ms step_avg:30.95ms
step:307/1290 train_time:9496ms step_avg:30.93ms
step:308/1290 train_time:9531ms step_avg:30.95ms
step:309/1290 train_time:9556ms step_avg:30.93ms
step:310/1290 train_time:9591ms step_avg:30.94ms
step:311/1290 train_time:9616ms step_avg:30.92ms
step:312/1290 train_time:9651ms step_avg:30.93ms
step:313/1290 train_time:9676ms step_avg:30.91ms
step:314/1290 train_time:9711ms step_avg:30.93ms
step:315/1290 train_time:9736ms step_avg:30.91ms
step:316/1290 train_time:9771ms step_avg:30.92ms
step:317/1290 train_time:9796ms step_avg:30.90ms
step:318/1290 train_time:9831ms step_avg:30.92ms
step:319/1290 train_time:9856ms step_avg:30.90ms
step:320/1290 train_time:9891ms step_avg:30.91ms
step:321/1290 train_time:9915ms step_avg:30.89ms
step:322/1290 train_time:9951ms step_avg:30.90ms
step:323/1290 train_time:9975ms step_avg:30.88ms
step:324/1290 train_time:10011ms step_avg:30.90ms
step:325/1290 train_time:10036ms step_avg:30.88ms
step:326/1290 train_time:10071ms step_avg:30.89ms
step:327/1290 train_time:10096ms step_avg:30.87ms
step:328/1290 train_time:10131ms step_avg:30.89ms
step:329/1290 train_time:10156ms step_avg:30.87ms
step:330/1290 train_time:10191ms step_avg:30.88ms
step:331/1290 train_time:10215ms step_avg:30.86ms
step:332/1290 train_time:10251ms step_avg:30.88ms
step:333/1290 train_time:10275ms step_avg:30.86ms
step:334/1290 train_time:10311ms step_avg:30.87ms
step:335/1290 train_time:10336ms step_avg:30.85ms
step:336/1290 train_time:10370ms step_avg:30.86ms
step:337/1290 train_time:10395ms step_avg:30.85ms
step:338/1290 train_time:10431ms step_avg:30.86ms
step:339/1290 train_time:10455ms step_avg:30.84ms
step:340/1290 train_time:10490ms step_avg:30.85ms
step:341/1290 train_time:10515ms step_avg:30.84ms
step:342/1290 train_time:10550ms step_avg:30.85ms
step:343/1290 train_time:10575ms step_avg:30.83ms
step:344/1290 train_time:10611ms step_avg:30.85ms
step:345/1290 train_time:10638ms step_avg:30.83ms
step:346/1290 train_time:10670ms step_avg:30.84ms
step:347/1290 train_time:10695ms step_avg:30.82ms
step:348/1290 train_time:10730ms step_avg:30.83ms
step:349/1290 train_time:10755ms step_avg:30.82ms
step:350/1290 train_time:10790ms step_avg:30.83ms
step:351/1290 train_time:10815ms step_avg:30.81ms
step:352/1290 train_time:10850ms step_avg:30.82ms
step:353/1290 train_time:10875ms step_avg:30.81ms
step:354/1290 train_time:10910ms step_avg:30.82ms
step:355/1290 train_time:10935ms step_avg:30.80ms
step:356/1290 train_time:10970ms step_avg:30.82ms
step:357/1290 train_time:10995ms step_avg:30.80ms
step:358/1290 train_time:11031ms step_avg:30.81ms
step:359/1290 train_time:11055ms step_avg:30.79ms
step:360/1290 train_time:11089ms step_avg:30.80ms
step:361/1290 train_time:11114ms step_avg:30.79ms
step:362/1290 train_time:11149ms step_avg:30.80ms
step:363/1290 train_time:11174ms step_avg:30.78ms
step:364/1290 train_time:11209ms step_avg:30.80ms
step:365/1290 train_time:11234ms step_avg:30.78ms
step:366/1290 train_time:11269ms step_avg:30.79ms
step:367/1290 train_time:11294ms step_avg:30.77ms
step:368/1290 train_time:11330ms step_avg:30.79ms
step:369/1290 train_time:11355ms step_avg:30.77ms
step:370/1290 train_time:11389ms step_avg:30.78ms
step:371/1290 train_time:11414ms step_avg:30.77ms
step:372/1290 train_time:11449ms step_avg:30.78ms
step:373/1290 train_time:11474ms step_avg:30.76ms
step:374/1290 train_time:11509ms step_avg:30.77ms
step:375/1290 train_time:11534ms step_avg:30.76ms
step:376/1290 train_time:11569ms step_avg:30.77ms
step:377/1290 train_time:11594ms step_avg:30.75ms
step:378/1290 train_time:11629ms step_avg:30.76ms
step:379/1290 train_time:11654ms step_avg:30.75ms
step:380/1290 train_time:11689ms step_avg:30.76ms
step:381/1290 train_time:11713ms step_avg:30.74ms
step:382/1290 train_time:11749ms step_avg:30.76ms
step:383/1290 train_time:11773ms step_avg:30.74ms
step:384/1290 train_time:11808ms step_avg:30.75ms
step:385/1290 train_time:11833ms step_avg:30.74ms
step:386/1290 train_time:11868ms step_avg:30.75ms
step:387/1290 train_time:11893ms step_avg:30.73ms
step:388/1290 train_time:11928ms step_avg:30.74ms
step:389/1290 train_time:11953ms step_avg:30.73ms
step:390/1290 train_time:11988ms step_avg:30.74ms
step:391/1290 train_time:12013ms step_avg:30.72ms
step:392/1290 train_time:12048ms step_avg:30.74ms
step:393/1290 train_time:12073ms step_avg:30.72ms
step:394/1290 train_time:12108ms step_avg:30.73ms
step:395/1290 train_time:12133ms step_avg:30.72ms
step:396/1290 train_time:12168ms step_avg:30.73ms
step:397/1290 train_time:12193ms step_avg:30.71ms
step:398/1290 train_time:12228ms step_avg:30.72ms
step:399/1290 train_time:12253ms step_avg:30.71ms
step:400/1290 train_time:12288ms step_avg:30.72ms
step:401/1290 train_time:12313ms step_avg:30.71ms
step:402/1290 train_time:12348ms step_avg:30.72ms
step:403/1290 train_time:12373ms step_avg:30.70ms
step:404/1290 train_time:12408ms step_avg:30.71ms
step:405/1290 train_time:12433ms step_avg:30.70ms
step:406/1290 train_time:12468ms step_avg:30.71ms
step:407/1290 train_time:12493ms step_avg:30.69ms
step:408/1290 train_time:12528ms step_avg:30.71ms
step:409/1290 train_time:12553ms step_avg:30.69ms
step:410/1290 train_time:12588ms step_avg:30.70ms
step:411/1290 train_time:12612ms step_avg:30.69ms
step:412/1290 train_time:12648ms step_avg:30.70ms
step:413/1290 train_time:12672ms step_avg:30.68ms
step:414/1290 train_time:12707ms step_avg:30.69ms
step:415/1290 train_time:12732ms step_avg:30.68ms
step:416/1290 train_time:12768ms step_avg:30.69ms
step:417/1290 train_time:12793ms step_avg:30.68ms
step:418/1290 train_time:12830ms step_avg:30.69ms
step:419/1290 train_time:12878ms step_avg:30.74ms
step:420/1290 train_time:12934ms step_avg:30.80ms
step:421/1290 train_time:12983ms step_avg:30.84ms
step:422/1290 train_time:13038ms step_avg:30.90ms
step:423/1290 train_time:13087ms step_avg:30.94ms
step:424/1290 train_time:13143ms step_avg:31.00ms
step:425/1290 train_time:13192ms step_avg:31.04ms
step:426/1290 train_time:13248ms step_avg:31.10ms
step:427/1290 train_time:13297ms step_avg:31.14ms
step:428/1290 train_time:13352ms step_avg:31.20ms
step:429/1290 train_time:13401ms step_avg:31.24ms
step:430/1290 train_time:13457ms step_avg:31.29ms
step:431/1290 train_time:13506ms step_avg:31.34ms
step:432/1290 train_time:13561ms step_avg:31.39ms
step:433/1290 train_time:13610ms step_avg:31.43ms
step:434/1290 train_time:13667ms step_avg:31.49ms
step:435/1290 train_time:13716ms step_avg:31.53ms
step:436/1290 train_time:13771ms step_avg:31.59ms
step:437/1290 train_time:13821ms step_avg:31.63ms
step:438/1290 train_time:13877ms step_avg:31.68ms
step:439/1290 train_time:13926ms step_avg:31.72ms
step:440/1290 train_time:13982ms step_avg:31.78ms
step:441/1290 train_time:14031ms step_avg:31.82ms
step:442/1290 train_time:14087ms step_avg:31.87ms
step:443/1290 train_time:14136ms step_avg:31.91ms
step:444/1290 train_time:14192ms step_avg:31.96ms
step:445/1290 train_time:14241ms step_avg:32.00ms
step:446/1290 train_time:14297ms step_avg:32.06ms
step:447/1290 train_time:14346ms step_avg:32.09ms
step:448/1290 train_time:14402ms step_avg:32.15ms
step:449/1290 train_time:14450ms step_avg:32.18ms
step:450/1290 train_time:14506ms step_avg:32.24ms
step:451/1290 train_time:14555ms step_avg:32.27ms
step:452/1290 train_time:14611ms step_avg:32.32ms
step:453/1290 train_time:14660ms step_avg:32.36ms
step:454/1290 train_time:14715ms step_avg:32.41ms
step:455/1290 train_time:14765ms step_avg:32.45ms
step:456/1290 train_time:14820ms step_avg:32.50ms
step:457/1290 train_time:14870ms step_avg:32.54ms
step:458/1290 train_time:14926ms step_avg:32.59ms
step:459/1290 train_time:14975ms step_avg:32.63ms
step:460/1290 train_time:15031ms step_avg:32.68ms
step:461/1290 train_time:15081ms step_avg:32.71ms
step:462/1290 train_time:15136ms step_avg:32.76ms
step:463/1290 train_time:15185ms step_avg:32.80ms
step:464/1290 train_time:15241ms step_avg:32.85ms
step:465/1290 train_time:15290ms step_avg:32.88ms
step:466/1290 train_time:15345ms step_avg:32.93ms
step:467/1290 train_time:15395ms step_avg:32.97ms
step:468/1290 train_time:15450ms step_avg:33.01ms
step:469/1290 train_time:15500ms step_avg:33.05ms
step:470/1290 train_time:15555ms step_avg:33.10ms
step:471/1290 train_time:15604ms step_avg:33.13ms
step:472/1290 train_time:15660ms step_avg:33.18ms
step:473/1290 train_time:15708ms step_avg:33.21ms
step:474/1290 train_time:15764ms step_avg:33.26ms
step:475/1290 train_time:15814ms step_avg:33.29ms
step:476/1290 train_time:15870ms step_avg:33.34ms
step:477/1290 train_time:15918ms step_avg:33.37ms
step:478/1290 train_time:15974ms step_avg:33.42ms
step:479/1290 train_time:16023ms step_avg:33.45ms
step:480/1290 train_time:16078ms step_avg:33.50ms
step:481/1290 train_time:16128ms step_avg:33.53ms
step:482/1290 train_time:16184ms step_avg:33.58ms
step:483/1290 train_time:16233ms step_avg:33.61ms
step:484/1290 train_time:16289ms step_avg:33.65ms
step:485/1290 train_time:16338ms step_avg:33.69ms
step:486/1290 train_time:16393ms step_avg:33.73ms
step:487/1290 train_time:16443ms step_avg:33.76ms
step:488/1290 train_time:16498ms step_avg:33.81ms
step:489/1290 train_time:16547ms step_avg:33.84ms
step:490/1290 train_time:16603ms step_avg:33.88ms
step:491/1290 train_time:16652ms step_avg:33.91ms
step:492/1290 train_time:16708ms step_avg:33.96ms
step:493/1290 train_time:16757ms step_avg:33.99ms
step:494/1290 train_time:16812ms step_avg:34.03ms
step:495/1290 train_time:16862ms step_avg:34.06ms
step:496/1290 train_time:16917ms step_avg:34.11ms
step:497/1290 train_time:16967ms step_avg:34.14ms
step:498/1290 train_time:17023ms step_avg:34.18ms
step:499/1290 train_time:17073ms step_avg:34.21ms
step:500/1290 train_time:17128ms step_avg:34.26ms
step:500/1290 val_loss:4.1229 train_time:17182ms step_avg:34.36ms
step:501/1290 train_time:17211ms step_avg:34.35ms
step:502/1290 train_time:17243ms step_avg:34.35ms
step:503/1290 train_time:17287ms step_avg:34.37ms
step:504/1290 train_time:17343ms step_avg:34.41ms
step:505/1290 train_time:17393ms step_avg:34.44ms
step:506/1290 train_time:17449ms step_avg:34.48ms
step:507/1290 train_time:17498ms step_avg:34.51ms
step:508/1290 train_time:17554ms step_avg:34.55ms
step:509/1290 train_time:17603ms step_avg:34.58ms
step:510/1290 train_time:17659ms step_avg:34.63ms
step:511/1290 train_time:17708ms step_avg:34.65ms
step:512/1290 train_time:17764ms step_avg:34.69ms
step:513/1290 train_time:17813ms step_avg:34.72ms
step:514/1290 train_time:17868ms step_avg:34.76ms
step:515/1290 train_time:17917ms step_avg:34.79ms
step:516/1290 train_time:17972ms step_avg:34.83ms
step:517/1290 train_time:18021ms step_avg:34.86ms
step:518/1290 train_time:18077ms step_avg:34.90ms
step:519/1290 train_time:18127ms step_avg:34.93ms
step:520/1290 train_time:18182ms step_avg:34.97ms
step:521/1290 train_time:18232ms step_avg:35.00ms
step:522/1290 train_time:18288ms step_avg:35.03ms
step:523/1290 train_time:18339ms step_avg:35.06ms
step:524/1290 train_time:18394ms step_avg:35.10ms
step:525/1290 train_time:18444ms step_avg:35.13ms
step:526/1290 train_time:18499ms step_avg:35.17ms
step:527/1290 train_time:18549ms step_avg:35.20ms
step:528/1290 train_time:18605ms step_avg:35.24ms
step:529/1290 train_time:18654ms step_avg:35.26ms
step:530/1290 train_time:18709ms step_avg:35.30ms
step:531/1290 train_time:18759ms step_avg:35.33ms
step:532/1290 train_time:18814ms step_avg:35.37ms
step:533/1290 train_time:18863ms step_avg:35.39ms
step:534/1290 train_time:18919ms step_avg:35.43ms
step:535/1290 train_time:18968ms step_avg:35.45ms
step:536/1290 train_time:19024ms step_avg:35.49ms
step:537/1290 train_time:19073ms step_avg:35.52ms
step:538/1290 train_time:19128ms step_avg:35.55ms
step:539/1290 train_time:19178ms step_avg:35.58ms
step:540/1290 train_time:19234ms step_avg:35.62ms
step:541/1290 train_time:19283ms step_avg:35.64ms
step:542/1290 train_time:19339ms step_avg:35.68ms
step:543/1290 train_time:19389ms step_avg:35.71ms
step:544/1290 train_time:19445ms step_avg:35.74ms
step:545/1290 train_time:19494ms step_avg:35.77ms
step:546/1290 train_time:19550ms step_avg:35.81ms
step:547/1290 train_time:19599ms step_avg:35.83ms
step:548/1290 train_time:19655ms step_avg:35.87ms
step:549/1290 train_time:19704ms step_avg:35.89ms
step:550/1290 train_time:19760ms step_avg:35.93ms
step:551/1290 train_time:19809ms step_avg:35.95ms
step:552/1290 train_time:19865ms step_avg:35.99ms
step:553/1290 train_time:19914ms step_avg:36.01ms
step:554/1290 train_time:19970ms step_avg:36.05ms
step:555/1290 train_time:20018ms step_avg:36.07ms
step:556/1290 train_time:20074ms step_avg:36.10ms
step:557/1290 train_time:20123ms step_avg:36.13ms
step:558/1290 train_time:20179ms step_avg:36.16ms
step:559/1290 train_time:20229ms step_avg:36.19ms
step:560/1290 train_time:20284ms step_avg:36.22ms
step:561/1290 train_time:20334ms step_avg:36.25ms
step:562/1290 train_time:20390ms step_avg:36.28ms
step:563/1290 train_time:20439ms step_avg:36.30ms
step:564/1290 train_time:20494ms step_avg:36.34ms
step:565/1290 train_time:20545ms step_avg:36.36ms
step:566/1290 train_time:20600ms step_avg:36.40ms
step:567/1290 train_time:20650ms step_avg:36.42ms
step:568/1290 train_time:20705ms step_avg:36.45ms
step:569/1290 train_time:20755ms step_avg:36.48ms
step:570/1290 train_time:20810ms step_avg:36.51ms
step:571/1290 train_time:20859ms step_avg:36.53ms
step:572/1290 train_time:20914ms step_avg:36.56ms
step:573/1290 train_time:20964ms step_avg:36.59ms
step:574/1290 train_time:21019ms step_avg:36.62ms
step:575/1290 train_time:21069ms step_avg:36.64ms
step:576/1290 train_time:21124ms step_avg:36.67ms
step:577/1290 train_time:21174ms step_avg:36.70ms
step:578/1290 train_time:21229ms step_avg:36.73ms
step:579/1290 train_time:21279ms step_avg:36.75ms
step:580/1290 train_time:21335ms step_avg:36.78ms
step:581/1290 train_time:21385ms step_avg:36.81ms
step:582/1290 train_time:21440ms step_avg:36.84ms
step:583/1290 train_time:21490ms step_avg:36.86ms
step:584/1290 train_time:21547ms step_avg:36.90ms
step:585/1290 train_time:21596ms step_avg:36.92ms
step:586/1290 train_time:21652ms step_avg:36.95ms
step:587/1290 train_time:21700ms step_avg:36.97ms
step:588/1290 train_time:21756ms step_avg:37.00ms
step:589/1290 train_time:21805ms step_avg:37.02ms
step:590/1290 train_time:21861ms step_avg:37.05ms
step:591/1290 train_time:21910ms step_avg:37.07ms
step:592/1290 train_time:21966ms step_avg:37.10ms
step:593/1290 train_time:22016ms step_avg:37.13ms
step:594/1290 train_time:22071ms step_avg:37.16ms
step:595/1290 train_time:22121ms step_avg:37.18ms
step:596/1290 train_time:22177ms step_avg:37.21ms
step:597/1290 train_time:22226ms step_avg:37.23ms
step:598/1290 train_time:22282ms step_avg:37.26ms
step:599/1290 train_time:22331ms step_avg:37.28ms
step:600/1290 train_time:22387ms step_avg:37.31ms
step:601/1290 train_time:22436ms step_avg:37.33ms
step:602/1290 train_time:22492ms step_avg:37.36ms
step:603/1290 train_time:22541ms step_avg:37.38ms
step:604/1290 train_time:22597ms step_avg:37.41ms
step:605/1290 train_time:22647ms step_avg:37.43ms
step:606/1290 train_time:22702ms step_avg:37.46ms
step:607/1290 train_time:22752ms step_avg:37.48ms
step:608/1290 train_time:22807ms step_avg:37.51ms
step:609/1290 train_time:22856ms step_avg:37.53ms
step:610/1290 train_time:22912ms step_avg:37.56ms
step:611/1290 train_time:22961ms step_avg:37.58ms
step:612/1290 train_time:23017ms step_avg:37.61ms
step:613/1290 train_time:23066ms step_avg:37.63ms
step:614/1290 train_time:23122ms step_avg:37.66ms
step:615/1290 train_time:23171ms step_avg:37.68ms
step:616/1290 train_time:23227ms step_avg:37.71ms
step:617/1290 train_time:23277ms step_avg:37.73ms
step:618/1290 train_time:23334ms step_avg:37.76ms
step:619/1290 train_time:23381ms step_avg:37.77ms
step:620/1290 train_time:23437ms step_avg:37.80ms
step:621/1290 train_time:23487ms step_avg:37.82ms
step:622/1290 train_time:23542ms step_avg:37.85ms
step:623/1290 train_time:23592ms step_avg:37.87ms
step:624/1290 train_time:23647ms step_avg:37.90ms
step:625/1290 train_time:23697ms step_avg:37.91ms
step:626/1290 train_time:23752ms step_avg:37.94ms
step:627/1290 train_time:23801ms step_avg:37.96ms
step:628/1290 train_time:23858ms step_avg:37.99ms
step:629/1290 train_time:23906ms step_avg:38.01ms
step:630/1290 train_time:23962ms step_avg:38.03ms
step:631/1290 train_time:24011ms step_avg:38.05ms
step:632/1290 train_time:24066ms step_avg:38.08ms
step:633/1290 train_time:24115ms step_avg:38.10ms
step:634/1290 train_time:24171ms step_avg:38.12ms
step:635/1290 train_time:24221ms step_avg:38.14ms
step:636/1290 train_time:24276ms step_avg:38.17ms
step:637/1290 train_time:24326ms step_avg:38.19ms
step:638/1290 train_time:24382ms step_avg:38.22ms
step:639/1290 train_time:24431ms step_avg:38.23ms
step:640/1290 train_time:24488ms step_avg:38.26ms
step:641/1290 train_time:24536ms step_avg:38.28ms
step:642/1290 train_time:24592ms step_avg:38.30ms
step:643/1290 train_time:24641ms step_avg:38.32ms
step:644/1290 train_time:24697ms step_avg:38.35ms
step:645/1290 train_time:24747ms step_avg:38.37ms
step:646/1290 train_time:24802ms step_avg:38.39ms
step:647/1290 train_time:24852ms step_avg:38.41ms
step:648/1290 train_time:24907ms step_avg:38.44ms
step:649/1290 train_time:24956ms step_avg:38.45ms
step:650/1290 train_time:25012ms step_avg:38.48ms
step:651/1290 train_time:25061ms step_avg:38.50ms
step:652/1290 train_time:25117ms step_avg:38.52ms
step:653/1290 train_time:25167ms step_avg:38.54ms
step:654/1290 train_time:25222ms step_avg:38.57ms
step:655/1290 train_time:25272ms step_avg:38.58ms
step:656/1290 train_time:25328ms step_avg:38.61ms
step:657/1290 train_time:25377ms step_avg:38.63ms
step:658/1290 train_time:25433ms step_avg:38.65ms
step:659/1290 train_time:25482ms step_avg:38.67ms
step:660/1290 train_time:25538ms step_avg:38.69ms
step:661/1290 train_time:25587ms step_avg:38.71ms
step:662/1290 train_time:25643ms step_avg:38.74ms
step:663/1290 train_time:25693ms step_avg:38.75ms
step:664/1290 train_time:25748ms step_avg:38.78ms
step:665/1290 train_time:25798ms step_avg:38.79ms
step:666/1290 train_time:25853ms step_avg:38.82ms
step:667/1290 train_time:25903ms step_avg:38.83ms
step:668/1290 train_time:25958ms step_avg:38.86ms
step:669/1290 train_time:26007ms step_avg:38.88ms
step:670/1290 train_time:26063ms step_avg:38.90ms
step:671/1290 train_time:26112ms step_avg:38.92ms
step:672/1290 train_time:26168ms step_avg:38.94ms
step:673/1290 train_time:26217ms step_avg:38.96ms
step:674/1290 train_time:26273ms step_avg:38.98ms
step:675/1290 train_time:26322ms step_avg:39.00ms
step:676/1290 train_time:26378ms step_avg:39.02ms
step:677/1290 train_time:26428ms step_avg:39.04ms
step:678/1290 train_time:26484ms step_avg:39.06ms
step:679/1290 train_time:26533ms step_avg:39.08ms
step:680/1290 train_time:26589ms step_avg:39.10ms
step:681/1290 train_time:26638ms step_avg:39.12ms
step:682/1290 train_time:26694ms step_avg:39.14ms
step:683/1290 train_time:26743ms step_avg:39.16ms
step:684/1290 train_time:26799ms step_avg:39.18ms
step:685/1290 train_time:26848ms step_avg:39.19ms
step:686/1290 train_time:26904ms step_avg:39.22ms
step:687/1290 train_time:26954ms step_avg:39.23ms
step:688/1290 train_time:27010ms step_avg:39.26ms
step:689/1290 train_time:27058ms step_avg:39.27ms
step:690/1290 train_time:27114ms step_avg:39.30ms
step:691/1290 train_time:27163ms step_avg:39.31ms
step:692/1290 train_time:27219ms step_avg:39.33ms
step:693/1290 train_time:27268ms step_avg:39.35ms
step:694/1290 train_time:27324ms step_avg:39.37ms
step:695/1290 train_time:27374ms step_avg:39.39ms
step:696/1290 train_time:27429ms step_avg:39.41ms
step:697/1290 train_time:27479ms step_avg:39.42ms
step:698/1290 train_time:27535ms step_avg:39.45ms
step:699/1290 train_time:27584ms step_avg:39.46ms
step:700/1290 train_time:27640ms step_avg:39.49ms
step:701/1290 train_time:27690ms step_avg:39.50ms
step:702/1290 train_time:27745ms step_avg:39.52ms
step:703/1290 train_time:27795ms step_avg:39.54ms
step:704/1290 train_time:27850ms step_avg:39.56ms
step:705/1290 train_time:27900ms step_avg:39.57ms
step:706/1290 train_time:27956ms step_avg:39.60ms
step:707/1290 train_time:28005ms step_avg:39.61ms
step:708/1290 train_time:28061ms step_avg:39.63ms
step:709/1290 train_time:28109ms step_avg:39.65ms
step:710/1290 train_time:28165ms step_avg:39.67ms
step:711/1290 train_time:28214ms step_avg:39.68ms
step:712/1290 train_time:28269ms step_avg:39.70ms
step:713/1290 train_time:28319ms step_avg:39.72ms
step:714/1290 train_time:28375ms step_avg:39.74ms
step:715/1290 train_time:28425ms step_avg:39.76ms
step:716/1290 train_time:28481ms step_avg:39.78ms
step:717/1290 train_time:28530ms step_avg:39.79ms
step:718/1290 train_time:28586ms step_avg:39.81ms
step:719/1290 train_time:28636ms step_avg:39.83ms
step:720/1290 train_time:28692ms step_avg:39.85ms
step:721/1290 train_time:28741ms step_avg:39.86ms
step:722/1290 train_time:28797ms step_avg:39.88ms
step:723/1290 train_time:28846ms step_avg:39.90ms
step:724/1290 train_time:28902ms step_avg:39.92ms
step:725/1290 train_time:28951ms step_avg:39.93ms
step:726/1290 train_time:29007ms step_avg:39.95ms
step:727/1290 train_time:29056ms step_avg:39.97ms
step:728/1290 train_time:29112ms step_avg:39.99ms
step:729/1290 train_time:29161ms step_avg:40.00ms
step:730/1290 train_time:29217ms step_avg:40.02ms
step:731/1290 train_time:29266ms step_avg:40.04ms
step:732/1290 train_time:29322ms step_avg:40.06ms
step:733/1290 train_time:29372ms step_avg:40.07ms
step:734/1290 train_time:29427ms step_avg:40.09ms
step:735/1290 train_time:29477ms step_avg:40.10ms
step:736/1290 train_time:29532ms step_avg:40.13ms
step:737/1290 train_time:29582ms step_avg:40.14ms
step:738/1290 train_time:29638ms step_avg:40.16ms
step:739/1290 train_time:29688ms step_avg:40.17ms
step:740/1290 train_time:29743ms step_avg:40.19ms
step:741/1290 train_time:29793ms step_avg:40.21ms
step:742/1290 train_time:29849ms step_avg:40.23ms
step:743/1290 train_time:29899ms step_avg:40.24ms
step:744/1290 train_time:29955ms step_avg:40.26ms
step:745/1290 train_time:30004ms step_avg:40.27ms
step:746/1290 train_time:30059ms step_avg:40.29ms
step:747/1290 train_time:30109ms step_avg:40.31ms
step:748/1290 train_time:30165ms step_avg:40.33ms
step:749/1290 train_time:30214ms step_avg:40.34ms
step:750/1290 train_time:30269ms step_avg:40.36ms
step:750/1290 val_loss:3.6698 train_time:30323ms step_avg:40.43ms
step:751/1290 train_time:30352ms step_avg:40.42ms
step:752/1290 train_time:30383ms step_avg:40.40ms
step:753/1290 train_time:30428ms step_avg:40.41ms
step:754/1290 train_time:30483ms step_avg:40.43ms
step:755/1290 train_time:30534ms step_avg:40.44ms
step:756/1290 train_time:30590ms step_avg:40.46ms
step:757/1290 train_time:30639ms step_avg:40.47ms
step:758/1290 train_time:30695ms step_avg:40.49ms
step:759/1290 train_time:30744ms step_avg:40.51ms
step:760/1290 train_time:30800ms step_avg:40.53ms
step:761/1290 train_time:30848ms step_avg:40.54ms
step:762/1290 train_time:30904ms step_avg:40.56ms
step:763/1290 train_time:30953ms step_avg:40.57ms
step:764/1290 train_time:31009ms step_avg:40.59ms
step:765/1290 train_time:31058ms step_avg:40.60ms
step:766/1290 train_time:31114ms step_avg:40.62ms
step:767/1290 train_time:31162ms step_avg:40.63ms
step:768/1290 train_time:31218ms step_avg:40.65ms
step:769/1290 train_time:31267ms step_avg:40.66ms
step:770/1290 train_time:31324ms step_avg:40.68ms
step:771/1290 train_time:31373ms step_avg:40.69ms
step:772/1290 train_time:31429ms step_avg:40.71ms
step:773/1290 train_time:31479ms step_avg:40.72ms
step:774/1290 train_time:31535ms step_avg:40.74ms
step:775/1290 train_time:31585ms step_avg:40.75ms
step:776/1290 train_time:31641ms step_avg:40.77ms
step:777/1290 train_time:31690ms step_avg:40.78ms
step:778/1290 train_time:31746ms step_avg:40.80ms
step:779/1290 train_time:31795ms step_avg:40.81ms
step:780/1290 train_time:31850ms step_avg:40.83ms
step:781/1290 train_time:31899ms step_avg:40.84ms
step:782/1290 train_time:31956ms step_avg:40.86ms
step:783/1290 train_time:32004ms step_avg:40.87ms
step:784/1290 train_time:32060ms step_avg:40.89ms
step:785/1290 train_time:32108ms step_avg:40.90ms
step:786/1290 train_time:32164ms step_avg:40.92ms
step:787/1290 train_time:32213ms step_avg:40.93ms
step:788/1290 train_time:32273ms step_avg:40.96ms
step:789/1290 train_time:32318ms step_avg:40.96ms
step:790/1290 train_time:32374ms step_avg:40.98ms
step:791/1290 train_time:32424ms step_avg:40.99ms
step:792/1290 train_time:32482ms step_avg:41.01ms
step:793/1290 train_time:32530ms step_avg:41.02ms
step:794/1290 train_time:32586ms step_avg:41.04ms
step:795/1290 train_time:32635ms step_avg:41.05ms
step:796/1290 train_time:32691ms step_avg:41.07ms
step:797/1290 train_time:32740ms step_avg:41.08ms
step:798/1290 train_time:32796ms step_avg:41.10ms
step:799/1290 train_time:32845ms step_avg:41.11ms
step:800/1290 train_time:32901ms step_avg:41.13ms
step:801/1290 train_time:32950ms step_avg:41.14ms
step:802/1290 train_time:33005ms step_avg:41.15ms
step:803/1290 train_time:33055ms step_avg:41.16ms
step:804/1290 train_time:33111ms step_avg:41.18ms
step:805/1290 train_time:33160ms step_avg:41.19ms
step:806/1290 train_time:33216ms step_avg:41.21ms
step:807/1290 train_time:33265ms step_avg:41.22ms
step:808/1290 train_time:33320ms step_avg:41.24ms
step:809/1290 train_time:33370ms step_avg:41.25ms
step:810/1290 train_time:33426ms step_avg:41.27ms
step:811/1290 train_time:33476ms step_avg:41.28ms
step:812/1290 train_time:33531ms step_avg:41.29ms
step:813/1290 train_time:33581ms step_avg:41.31ms
step:814/1290 train_time:33637ms step_avg:41.32ms
step:815/1290 train_time:33687ms step_avg:41.33ms
step:816/1290 train_time:33742ms step_avg:41.35ms
step:817/1290 train_time:33792ms step_avg:41.36ms
step:818/1290 train_time:33847ms step_avg:41.38ms
step:819/1290 train_time:33897ms step_avg:41.39ms
step:820/1290 train_time:33953ms step_avg:41.41ms
step:821/1290 train_time:34002ms step_avg:41.42ms
step:822/1290 train_time:34058ms step_avg:41.43ms
step:823/1290 train_time:34107ms step_avg:41.44ms
step:824/1290 train_time:34162ms step_avg:41.46ms
step:825/1290 train_time:34212ms step_avg:41.47ms
step:826/1290 train_time:34267ms step_avg:41.49ms
step:827/1290 train_time:34317ms step_avg:41.50ms
step:828/1290 train_time:34372ms step_avg:41.51ms
step:829/1290 train_time:34422ms step_avg:41.52ms
step:830/1290 train_time:34478ms step_avg:41.54ms
step:831/1290 train_time:34528ms step_avg:41.55ms
step:832/1290 train_time:34584ms step_avg:41.57ms
step:833/1290 train_time:34634ms step_avg:41.58ms
step:834/1290 train_time:34694ms step_avg:41.60ms
step:835/1290 train_time:34766ms step_avg:41.64ms
step:836/1290 train_time:34843ms step_avg:41.68ms
step:837/1290 train_time:34917ms step_avg:41.72ms
step:838/1290 train_time:34994ms step_avg:41.76ms
step:839/1290 train_time:35068ms step_avg:41.80ms
step:840/1290 train_time:35145ms step_avg:41.84ms
step:841/1290 train_time:35219ms step_avg:41.88ms
step:842/1290 train_time:35296ms step_avg:41.92ms
step:843/1290 train_time:35370ms step_avg:41.96ms
step:844/1290 train_time:35448ms step_avg:42.00ms
step:845/1290 train_time:35521ms step_avg:42.04ms
step:846/1290 train_time:35598ms step_avg:42.08ms
step:847/1290 train_time:35673ms step_avg:42.12ms
step:848/1290 train_time:35750ms step_avg:42.16ms
step:849/1290 train_time:35825ms step_avg:42.20ms
step:850/1290 train_time:35902ms step_avg:42.24ms
step:851/1290 train_time:35975ms step_avg:42.27ms
step:852/1290 train_time:36052ms step_avg:42.31ms
step:853/1290 train_time:36126ms step_avg:42.35ms
step:854/1290 train_time:36203ms step_avg:42.39ms
step:855/1290 train_time:36277ms step_avg:42.43ms
step:856/1290 train_time:36354ms step_avg:42.47ms
step:857/1290 train_time:36428ms step_avg:42.51ms
step:858/1290 train_time:36506ms step_avg:42.55ms
step:859/1290 train_time:36581ms step_avg:42.59ms
step:860/1290 train_time:36658ms step_avg:42.63ms
step:861/1290 train_time:36732ms step_avg:42.66ms
step:862/1290 train_time:36810ms step_avg:42.70ms
step:863/1290 train_time:36883ms step_avg:42.74ms
step:864/1290 train_time:36960ms step_avg:42.78ms
step:865/1290 train_time:37034ms step_avg:42.81ms
step:866/1290 train_time:37112ms step_avg:42.85ms
step:867/1290 train_time:37187ms step_avg:42.89ms
step:868/1290 train_time:37265ms step_avg:42.93ms
step:869/1290 train_time:37339ms step_avg:42.97ms
step:870/1290 train_time:37415ms step_avg:43.01ms
step:871/1290 train_time:37489ms step_avg:43.04ms
step:872/1290 train_time:37567ms step_avg:43.08ms
step:873/1290 train_time:37641ms step_avg:43.12ms
step:874/1290 train_time:37718ms step_avg:43.16ms
step:875/1290 train_time:37792ms step_avg:43.19ms
step:876/1290 train_time:37870ms step_avg:43.23ms
step:877/1290 train_time:37943ms step_avg:43.26ms
step:878/1290 train_time:38021ms step_avg:43.30ms
step:879/1290 train_time:38094ms step_avg:43.34ms
step:880/1290 train_time:38171ms step_avg:43.38ms
step:881/1290 train_time:38246ms step_avg:43.41ms
step:882/1290 train_time:38324ms step_avg:43.45ms
step:883/1290 train_time:38397ms step_avg:43.48ms
step:884/1290 train_time:38474ms step_avg:43.52ms
step:885/1290 train_time:38548ms step_avg:43.56ms
step:886/1290 train_time:38626ms step_avg:43.60ms
step:887/1290 train_time:38700ms step_avg:43.63ms
step:888/1290 train_time:38778ms step_avg:43.67ms
step:889/1290 train_time:38852ms step_avg:43.70ms
step:890/1290 train_time:38929ms step_avg:43.74ms
step:891/1290 train_time:39003ms step_avg:43.77ms
step:892/1290 train_time:39080ms step_avg:43.81ms
step:893/1290 train_time:39154ms step_avg:43.85ms
step:894/1290 train_time:39230ms step_avg:43.88ms
step:895/1290 train_time:39306ms step_avg:43.92ms
step:896/1290 train_time:39384ms step_avg:43.96ms
step:897/1290 train_time:39456ms step_avg:43.99ms
step:898/1290 train_time:39533ms step_avg:44.02ms
step:899/1290 train_time:39608ms step_avg:44.06ms
step:900/1290 train_time:39686ms step_avg:44.10ms
step:901/1290 train_time:39760ms step_avg:44.13ms
step:902/1290 train_time:39837ms step_avg:44.16ms
step:903/1290 train_time:39910ms step_avg:44.20ms
step:904/1290 train_time:39988ms step_avg:44.23ms
step:905/1290 train_time:40062ms step_avg:44.27ms
step:906/1290 train_time:40139ms step_avg:44.30ms
step:907/1290 train_time:40214ms step_avg:44.34ms
step:908/1290 train_time:40291ms step_avg:44.37ms
step:909/1290 train_time:40364ms step_avg:44.41ms
step:910/1290 train_time:40441ms step_avg:44.44ms
step:911/1290 train_time:40515ms step_avg:44.47ms
step:912/1290 train_time:40592ms step_avg:44.51ms
step:913/1290 train_time:40668ms step_avg:44.54ms
step:914/1290 train_time:40745ms step_avg:44.58ms
step:915/1290 train_time:40819ms step_avg:44.61ms
step:916/1290 train_time:40896ms step_avg:44.65ms
step:917/1290 train_time:40970ms step_avg:44.68ms
step:918/1290 train_time:41048ms step_avg:44.72ms
step:919/1290 train_time:41122ms step_avg:44.75ms
step:920/1290 train_time:41199ms step_avg:44.78ms
step:921/1290 train_time:41274ms step_avg:44.81ms
step:922/1290 train_time:41351ms step_avg:44.85ms
step:923/1290 train_time:41425ms step_avg:44.88ms
step:924/1290 train_time:41503ms step_avg:44.92ms
step:925/1290 train_time:41576ms step_avg:44.95ms
step:926/1290 train_time:41653ms step_avg:44.98ms
step:927/1290 train_time:41727ms step_avg:45.01ms
step:928/1290 train_time:41805ms step_avg:45.05ms
step:929/1290 train_time:41879ms step_avg:45.08ms
step:930/1290 train_time:41956ms step_avg:45.11ms
step:931/1290 train_time:42030ms step_avg:45.14ms
step:932/1290 train_time:42108ms step_avg:45.18ms
step:933/1290 train_time:42182ms step_avg:45.21ms
step:934/1290 train_time:42259ms step_avg:45.25ms
step:935/1290 train_time:42334ms step_avg:45.28ms
step:936/1290 train_time:42411ms step_avg:45.31ms
step:937/1290 train_time:42486ms step_avg:45.34ms
step:938/1290 train_time:42564ms step_avg:45.38ms
step:939/1290 train_time:42637ms step_avg:45.41ms
step:940/1290 train_time:42714ms step_avg:45.44ms
step:941/1290 train_time:42788ms step_avg:45.47ms
step:942/1290 train_time:42866ms step_avg:45.51ms
step:943/1290 train_time:42941ms step_avg:45.54ms
step:944/1290 train_time:43018ms step_avg:45.57ms
step:945/1290 train_time:43092ms step_avg:45.60ms
step:946/1290 train_time:43169ms step_avg:45.63ms
step:947/1290 train_time:43244ms step_avg:45.66ms
step:948/1290 train_time:43322ms step_avg:45.70ms
step:949/1290 train_time:43395ms step_avg:45.73ms
step:950/1290 train_time:43472ms step_avg:45.76ms
step:951/1290 train_time:43547ms step_avg:45.79ms
step:952/1290 train_time:43624ms step_avg:45.82ms
step:953/1290 train_time:43698ms step_avg:45.85ms
step:954/1290 train_time:43775ms step_avg:45.89ms
step:955/1290 train_time:43849ms step_avg:45.91ms
step:956/1290 train_time:43926ms step_avg:45.95ms
step:957/1290 train_time:44000ms step_avg:45.98ms
step:958/1290 train_time:44078ms step_avg:46.01ms
step:959/1290 train_time:44151ms step_avg:46.04ms
step:960/1290 train_time:44229ms step_avg:46.07ms
step:961/1290 train_time:44302ms step_avg:46.10ms
step:962/1290 train_time:44379ms step_avg:46.13ms
step:963/1290 train_time:44454ms step_avg:46.16ms
step:964/1290 train_time:44531ms step_avg:46.19ms
step:965/1290 train_time:44606ms step_avg:46.22ms
step:966/1290 train_time:44683ms step_avg:46.26ms
step:967/1290 train_time:44758ms step_avg:46.29ms
step:968/1290 train_time:44835ms step_avg:46.32ms
step:969/1290 train_time:44910ms step_avg:46.35ms
step:970/1290 train_time:44987ms step_avg:46.38ms
step:971/1290 train_time:45062ms step_avg:46.41ms
step:972/1290 train_time:45139ms step_avg:46.44ms
step:973/1290 train_time:45213ms step_avg:46.47ms
step:974/1290 train_time:45291ms step_avg:46.50ms
step:975/1290 train_time:45366ms step_avg:46.53ms
step:976/1290 train_time:45443ms step_avg:46.56ms
step:977/1290 train_time:45517ms step_avg:46.59ms
step:978/1290 train_time:45594ms step_avg:46.62ms
step:979/1290 train_time:45669ms step_avg:46.65ms
step:980/1290 train_time:45746ms step_avg:46.68ms
step:981/1290 train_time:45821ms step_avg:46.71ms
step:982/1290 train_time:45897ms step_avg:46.74ms
step:983/1290 train_time:45973ms step_avg:46.77ms
step:984/1290 train_time:46050ms step_avg:46.80ms
step:985/1290 train_time:46125ms step_avg:46.83ms
step:986/1290 train_time:46202ms step_avg:46.86ms
step:987/1290 train_time:46277ms step_avg:46.89ms
step:988/1290 train_time:46355ms step_avg:46.92ms
step:989/1290 train_time:46428ms step_avg:46.94ms
step:990/1290 train_time:46507ms step_avg:46.98ms
step:991/1290 train_time:46580ms step_avg:47.00ms
step:992/1290 train_time:46658ms step_avg:47.03ms
step:993/1290 train_time:46732ms step_avg:47.06ms
step:994/1290 train_time:46810ms step_avg:47.09ms
step:995/1290 train_time:46883ms step_avg:47.12ms
step:996/1290 train_time:46961ms step_avg:47.15ms
step:997/1290 train_time:47034ms step_avg:47.18ms
step:998/1290 train_time:47112ms step_avg:47.21ms
step:999/1290 train_time:47187ms step_avg:47.23ms
step:1000/1290 train_time:47265ms step_avg:47.26ms
step:1000/1290 val_loss:3.4108 train_time:47343ms step_avg:47.34ms
step:1001/1290 train_time:47372ms step_avg:47.33ms
step:1002/1290 train_time:47422ms step_avg:47.33ms
step:1003/1290 train_time:47496ms step_avg:47.35ms
step:1004/1290 train_time:47574ms step_avg:47.38ms
step:1005/1290 train_time:47648ms step_avg:47.41ms
step:1006/1290 train_time:47728ms step_avg:47.44ms
step:1007/1290 train_time:47799ms step_avg:47.47ms
step:1008/1290 train_time:47876ms step_avg:47.50ms
step:1009/1290 train_time:47949ms step_avg:47.52ms
step:1010/1290 train_time:48026ms step_avg:47.55ms
step:1011/1290 train_time:48099ms step_avg:47.58ms
step:1012/1290 train_time:48176ms step_avg:47.60ms
step:1013/1290 train_time:48250ms step_avg:47.63ms
step:1014/1290 train_time:48328ms step_avg:47.66ms
step:1015/1290 train_time:48404ms step_avg:47.69ms
step:1016/1290 train_time:48482ms step_avg:47.72ms
step:1017/1290 train_time:48558ms step_avg:47.75ms
step:1018/1290 train_time:48635ms step_avg:47.78ms
step:1019/1290 train_time:48710ms step_avg:47.80ms
step:1020/1290 train_time:48789ms step_avg:47.83ms
step:1021/1290 train_time:48860ms step_avg:47.85ms
step:1022/1290 train_time:48938ms step_avg:47.88ms
step:1023/1290 train_time:49011ms step_avg:47.91ms
step:1024/1290 train_time:49088ms step_avg:47.94ms
step:1025/1290 train_time:49162ms step_avg:47.96ms
step:1026/1290 train_time:49240ms step_avg:47.99ms
step:1027/1290 train_time:49313ms step_avg:48.02ms
step:1028/1290 train_time:49391ms step_avg:48.05ms
step:1029/1290 train_time:49466ms step_avg:48.07ms
step:1030/1290 train_time:49545ms step_avg:48.10ms
step:1031/1290 train_time:49620ms step_avg:48.13ms
step:1032/1290 train_time:49699ms step_avg:48.16ms
step:1033/1290 train_time:49772ms step_avg:48.18ms
step:1034/1290 train_time:49849ms step_avg:48.21ms
step:1035/1290 train_time:49923ms step_avg:48.23ms
step:1036/1290 train_time:50001ms step_avg:48.26ms
step:1037/1290 train_time:50074ms step_avg:48.29ms
step:1038/1290 train_time:50151ms step_avg:48.32ms
step:1039/1290 train_time:50224ms step_avg:48.34ms
step:1040/1290 train_time:50302ms step_avg:48.37ms
step:1041/1290 train_time:50376ms step_avg:48.39ms
step:1042/1290 train_time:50454ms step_avg:48.42ms
step:1043/1290 train_time:50528ms step_avg:48.44ms
step:1044/1290 train_time:50606ms step_avg:48.47ms
step:1045/1290 train_time:50681ms step_avg:48.50ms
step:1046/1290 train_time:50761ms step_avg:48.53ms
step:1047/1290 train_time:50833ms step_avg:48.55ms
step:1048/1290 train_time:50911ms step_avg:48.58ms
step:1049/1290 train_time:50984ms step_avg:48.60ms
step:1050/1290 train_time:51064ms step_avg:48.63ms
step:1051/1290 train_time:51136ms step_avg:48.65ms
step:1052/1290 train_time:51214ms step_avg:48.68ms
step:1053/1290 train_time:51288ms step_avg:48.71ms
step:1054/1290 train_time:51366ms step_avg:48.73ms
step:1055/1290 train_time:51440ms step_avg:48.76ms
step:1056/1290 train_time:51518ms step_avg:48.79ms
step:1057/1290 train_time:51592ms step_avg:48.81ms
step:1058/1290 train_time:51669ms step_avg:48.84ms
step:1059/1290 train_time:51744ms step_avg:48.86ms
step:1060/1290 train_time:51822ms step_avg:48.89ms
step:1061/1290 train_time:51895ms step_avg:48.91ms
step:1062/1290 train_time:51972ms step_avg:48.94ms
step:1063/1290 train_time:52046ms step_avg:48.96ms
step:1064/1290 train_time:52124ms step_avg:48.99ms
step:1065/1290 train_time:52198ms step_avg:49.01ms
step:1066/1290 train_time:52276ms step_avg:49.04ms
step:1067/1290 train_time:52350ms step_avg:49.06ms
step:1068/1290 train_time:52428ms step_avg:49.09ms
step:1069/1290 train_time:52502ms step_avg:49.11ms
step:1070/1290 train_time:52580ms step_avg:49.14ms
step:1071/1290 train_time:52654ms step_avg:49.16ms
step:1072/1290 train_time:52732ms step_avg:49.19ms
step:1073/1290 train_time:52806ms step_avg:49.21ms
step:1074/1290 train_time:52884ms step_avg:49.24ms
step:1075/1290 train_time:52958ms step_avg:49.26ms
step:1076/1290 train_time:53035ms step_avg:49.29ms
step:1077/1290 train_time:53109ms step_avg:49.31ms
step:1078/1290 train_time:53186ms step_avg:49.34ms
step:1079/1290 train_time:53260ms step_avg:49.36ms
step:1080/1290 train_time:53338ms step_avg:49.39ms
step:1081/1290 train_time:53412ms step_avg:49.41ms
step:1082/1290 train_time:53489ms step_avg:49.44ms
step:1083/1290 train_time:53563ms step_avg:49.46ms
step:1084/1290 train_time:53642ms step_avg:49.49ms
step:1085/1290 train_time:53715ms step_avg:49.51ms
step:1086/1290 train_time:53792ms step_avg:49.53ms
step:1087/1290 train_time:53867ms step_avg:49.56ms
step:1088/1290 train_time:53943ms step_avg:49.58ms
step:1089/1290 train_time:54019ms step_avg:49.60ms
step:1090/1290 train_time:54097ms step_avg:49.63ms
step:1091/1290 train_time:54170ms step_avg:49.65ms
step:1092/1290 train_time:54248ms step_avg:49.68ms
step:1093/1290 train_time:54322ms step_avg:49.70ms
step:1094/1290 train_time:54400ms step_avg:49.73ms
step:1095/1290 train_time:54475ms step_avg:49.75ms
step:1096/1290 train_time:54552ms step_avg:49.77ms
step:1097/1290 train_time:54626ms step_avg:49.80ms
step:1098/1290 train_time:54704ms step_avg:49.82ms
step:1099/1290 train_time:54779ms step_avg:49.84ms
step:1100/1290 train_time:54856ms step_avg:49.87ms
step:1101/1290 train_time:54930ms step_avg:49.89ms
step:1102/1290 train_time:55008ms step_avg:49.92ms
step:1103/1290 train_time:55083ms step_avg:49.94ms
step:1104/1290 train_time:55160ms step_avg:49.96ms
step:1105/1290 train_time:55234ms step_avg:49.99ms
step:1106/1290 train_time:55313ms step_avg:50.01ms
step:1107/1290 train_time:55386ms step_avg:50.03ms
step:1108/1290 train_time:55464ms step_avg:50.06ms
step:1109/1290 train_time:55539ms step_avg:50.08ms
step:1110/1290 train_time:55617ms step_avg:50.11ms
step:1111/1290 train_time:55690ms step_avg:50.13ms
step:1112/1290 train_time:55770ms step_avg:50.15ms
step:1113/1290 train_time:55842ms step_avg:50.17ms
step:1114/1290 train_time:55920ms step_avg:50.20ms
step:1115/1290 train_time:55994ms step_avg:50.22ms
step:1116/1290 train_time:56071ms step_avg:50.24ms
step:1117/1290 train_time:56145ms step_avg:50.26ms
step:1118/1290 train_time:56224ms step_avg:50.29ms
step:1119/1290 train_time:56298ms step_avg:50.31ms
step:1120/1290 train_time:56375ms step_avg:50.33ms
step:1121/1290 train_time:56449ms step_avg:50.36ms
step:1122/1290 train_time:56526ms step_avg:50.38ms
step:1123/1290 train_time:56601ms step_avg:50.40ms
step:1124/1290 train_time:56678ms step_avg:50.43ms
step:1125/1290 train_time:56753ms step_avg:50.45ms
step:1126/1290 train_time:56830ms step_avg:50.47ms
step:1127/1290 train_time:56903ms step_avg:50.49ms
step:1128/1290 train_time:56981ms step_avg:50.52ms
step:1129/1290 train_time:57055ms step_avg:50.54ms
step:1130/1290 train_time:57132ms step_avg:50.56ms
step:1131/1290 train_time:57207ms step_avg:50.58ms
step:1132/1290 train_time:57284ms step_avg:50.60ms
step:1133/1290 train_time:57358ms step_avg:50.63ms
step:1134/1290 train_time:57436ms step_avg:50.65ms
step:1135/1290 train_time:57510ms step_avg:50.67ms
step:1136/1290 train_time:57586ms step_avg:50.69ms
step:1137/1290 train_time:57661ms step_avg:50.71ms
step:1138/1290 train_time:57739ms step_avg:50.74ms
step:1139/1290 train_time:57813ms step_avg:50.76ms
step:1140/1290 train_time:57890ms step_avg:50.78ms
step:1141/1290 train_time:57964ms step_avg:50.80ms
step:1142/1290 train_time:58042ms step_avg:50.82ms
step:1143/1290 train_time:58117ms step_avg:50.85ms
step:1144/1290 train_time:58194ms step_avg:50.87ms
step:1145/1290 train_time:58268ms step_avg:50.89ms
step:1146/1290 train_time:58345ms step_avg:50.91ms
step:1147/1290 train_time:58420ms step_avg:50.93ms
step:1148/1290 train_time:58498ms step_avg:50.96ms
step:1149/1290 train_time:58572ms step_avg:50.98ms
step:1150/1290 train_time:58649ms step_avg:51.00ms
step:1151/1290 train_time:58723ms step_avg:51.02ms
step:1152/1290 train_time:58801ms step_avg:51.04ms
step:1153/1290 train_time:58876ms step_avg:51.06ms
step:1154/1290 train_time:58953ms step_avg:51.09ms
step:1155/1290 train_time:59027ms step_avg:51.11ms
step:1156/1290 train_time:59105ms step_avg:51.13ms
step:1157/1290 train_time:59179ms step_avg:51.15ms
step:1158/1290 train_time:59257ms step_avg:51.17ms
step:1159/1290 train_time:59330ms step_avg:51.19ms
step:1160/1290 train_time:59407ms step_avg:51.21ms
step:1161/1290 train_time:59482ms step_avg:51.23ms
step:1162/1290 train_time:59560ms step_avg:51.26ms
step:1163/1290 train_time:59634ms step_avg:51.28ms
step:1164/1290 train_time:59712ms step_avg:51.30ms
step:1165/1290 train_time:59786ms step_avg:51.32ms
step:1166/1290 train_time:59863ms step_avg:51.34ms
step:1167/1290 train_time:59937ms step_avg:51.36ms
step:1168/1290 train_time:60015ms step_avg:51.38ms
step:1169/1290 train_time:60089ms step_avg:51.40ms
step:1170/1290 train_time:60166ms step_avg:51.42ms
step:1171/1290 train_time:60241ms step_avg:51.44ms
step:1172/1290 train_time:60318ms step_avg:51.47ms
step:1173/1290 train_time:60392ms step_avg:51.49ms
step:1174/1290 train_time:60470ms step_avg:51.51ms
step:1175/1290 train_time:60544ms step_avg:51.53ms
step:1176/1290 train_time:60621ms step_avg:51.55ms
step:1177/1290 train_time:60696ms step_avg:51.57ms
step:1178/1290 train_time:60773ms step_avg:51.59ms
step:1179/1290 train_time:60848ms step_avg:51.61ms
step:1180/1290 train_time:60926ms step_avg:51.63ms
step:1181/1290 train_time:61000ms step_avg:51.65ms
step:1182/1290 train_time:61077ms step_avg:51.67ms
step:1183/1290 train_time:61152ms step_avg:51.69ms
step:1184/1290 train_time:61228ms step_avg:51.71ms
step:1185/1290 train_time:61304ms step_avg:51.73ms
step:1186/1290 train_time:61381ms step_avg:51.75ms
step:1187/1290 train_time:61456ms step_avg:51.77ms
step:1188/1290 train_time:61533ms step_avg:51.80ms
step:1189/1290 train_time:61608ms step_avg:51.81ms
step:1190/1290 train_time:61685ms step_avg:51.84ms
step:1191/1290 train_time:61760ms step_avg:51.86ms
step:1192/1290 train_time:61837ms step_avg:51.88ms
step:1193/1290 train_time:61912ms step_avg:51.90ms
step:1194/1290 train_time:61989ms step_avg:51.92ms
step:1195/1290 train_time:62062ms step_avg:51.94ms
step:1196/1290 train_time:62140ms step_avg:51.96ms
step:1197/1290 train_time:62214ms step_avg:51.98ms
step:1198/1290 train_time:62292ms step_avg:52.00ms
step:1199/1290 train_time:62366ms step_avg:52.01ms
step:1200/1290 train_time:62443ms step_avg:52.04ms
step:1201/1290 train_time:62519ms step_avg:52.06ms
step:1202/1290 train_time:62596ms step_avg:52.08ms
step:1203/1290 train_time:62670ms step_avg:52.09ms
step:1204/1290 train_time:62747ms step_avg:52.12ms
step:1205/1290 train_time:62822ms step_avg:52.13ms
step:1206/1290 train_time:62900ms step_avg:52.16ms
step:1207/1290 train_time:62974ms step_avg:52.17ms
step:1208/1290 train_time:63051ms step_avg:52.19ms
step:1209/1290 train_time:63125ms step_avg:52.21ms
step:1210/1290 train_time:63203ms step_avg:52.23ms
step:1211/1290 train_time:63277ms step_avg:52.25ms
step:1212/1290 train_time:63355ms step_avg:52.27ms
step:1213/1290 train_time:63428ms step_avg:52.29ms
step:1214/1290 train_time:63505ms step_avg:52.31ms
step:1215/1290 train_time:63580ms step_avg:52.33ms
step:1216/1290 train_time:63658ms step_avg:52.35ms
step:1217/1290 train_time:63731ms step_avg:52.37ms
step:1218/1290 train_time:63808ms step_avg:52.39ms
step:1219/1290 train_time:63883ms step_avg:52.41ms
step:1220/1290 train_time:63961ms step_avg:52.43ms
step:1221/1290 train_time:64034ms step_avg:52.44ms
step:1222/1290 train_time:64111ms step_avg:52.46ms
step:1223/1290 train_time:64187ms step_avg:52.48ms
step:1224/1290 train_time:64264ms step_avg:52.50ms
step:1225/1290 train_time:64339ms step_avg:52.52ms
step:1226/1290 train_time:64417ms step_avg:52.54ms
step:1227/1290 train_time:64491ms step_avg:52.56ms
step:1228/1290 train_time:64568ms step_avg:52.58ms
step:1229/1290 train_time:64642ms step_avg:52.60ms
step:1230/1290 train_time:64720ms step_avg:52.62ms
step:1231/1290 train_time:64794ms step_avg:52.63ms
step:1232/1290 train_time:64872ms step_avg:52.66ms
step:1233/1290 train_time:64944ms step_avg:52.67ms
step:1234/1290 train_time:65023ms step_avg:52.69ms
step:1235/1290 train_time:65096ms step_avg:52.71ms
step:1236/1290 train_time:65174ms step_avg:52.73ms
step:1237/1290 train_time:65248ms step_avg:52.75ms
step:1238/1290 train_time:65326ms step_avg:52.77ms
step:1239/1290 train_time:65400ms step_avg:52.78ms
step:1240/1290 train_time:65477ms step_avg:52.80ms
step:1241/1290 train_time:65552ms step_avg:52.82ms
step:1242/1290 train_time:65628ms step_avg:52.84ms
step:1243/1290 train_time:65703ms step_avg:52.86ms
step:1244/1290 train_time:65781ms step_avg:52.88ms
step:1245/1290 train_time:65854ms step_avg:52.89ms
step:1246/1290 train_time:65931ms step_avg:52.91ms
step:1247/1290 train_time:66006ms step_avg:52.93ms
step:1248/1290 train_time:66083ms step_avg:52.95ms
step:1249/1290 train_time:66157ms step_avg:52.97ms
step:1250/1290 train_time:66235ms step_avg:52.99ms
step:1250/1290 val_loss:3.2919 train_time:66318ms step_avg:53.05ms
step:1251/1290 train_time:66357ms step_avg:53.04ms
step:1252/1290 train_time:66396ms step_avg:53.03ms
step:1253/1290 train_time:66470ms step_avg:53.05ms
step:1254/1290 train_time:66549ms step_avg:53.07ms
step:1255/1290 train_time:66623ms step_avg:53.09ms
step:1256/1290 train_time:66700ms step_avg:53.11ms
step:1257/1290 train_time:66774ms step_avg:53.12ms
step:1258/1290 train_time:66852ms step_avg:53.14ms
step:1259/1290 train_time:66927ms step_avg:53.16ms
step:1260/1290 train_time:67003ms step_avg:53.18ms
step:1261/1290 train_time:67078ms step_avg:53.19ms
step:1262/1290 train_time:67155ms step_avg:53.21ms
step:1263/1290 train_time:67230ms step_avg:53.23ms
step:1264/1290 train_time:67309ms step_avg:53.25ms
step:1265/1290 train_time:67384ms step_avg:53.27ms
step:1266/1290 train_time:67462ms step_avg:53.29ms
step:1267/1290 train_time:67538ms step_avg:53.31ms
step:1268/1290 train_time:67616ms step_avg:53.33ms
step:1269/1290 train_time:67692ms step_avg:53.34ms
step:1270/1290 train_time:67770ms step_avg:53.36ms
step:1271/1290 train_time:67844ms step_avg:53.38ms
step:1272/1290 train_time:67921ms step_avg:53.40ms
step:1273/1290 train_time:67996ms step_avg:53.41ms
step:1274/1290 train_time:68074ms step_avg:53.43ms
step:1275/1290 train_time:68148ms step_avg:53.45ms
step:1276/1290 train_time:68226ms step_avg:53.47ms
step:1277/1290 train_time:68300ms step_avg:53.48ms
step:1278/1290 train_time:68378ms step_avg:53.50ms
step:1279/1290 train_time:68453ms step_avg:53.52ms
step:1280/1290 train_time:68532ms step_avg:53.54ms
step:1281/1290 train_time:68607ms step_avg:53.56ms
step:1282/1290 train_time:68685ms step_avg:53.58ms
step:1283/1290 train_time:68759ms step_avg:53.59ms
step:1284/1290 train_time:68837ms step_avg:53.61ms
step:1285/1290 train_time:68911ms step_avg:53.63ms
step:1286/1290 train_time:68990ms step_avg:53.65ms
step:1287/1290 train_time:69063ms step_avg:53.66ms
step:1288/1290 train_time:69141ms step_avg:53.68ms
step:1289/1290 train_time:69215ms step_avg:53.70ms
step:1290/1290 train_time:69294ms step_avg:53.72ms
step:1290/1290 val_loss:3.2764 train_time:69409ms step_avg:53.81ms
peak memory allocated: 31962 MiB reserved: 43800 MiB
