[Gloo] Rank 0 is connected to 7 peer ranks. Expected number of connected peer ranks is : 7
[Gloo] Rank 1 is connected to 7 peer ranks. Expected number of connected peer ranks is : 7
[Gloo] Rank 2 is connected to 7 peer ranks. Expected number of connected peer ranks is : 7
[Gloo] Rank 4 is connected to 7 peer ranks. Expected number of connected peer ranks is : 7
[Gloo] Rank 3 is connected to 7 peer ranks. Expected number of connected peer ranks is : 7
[Gloo] Rank 6 is connected to 7 peer ranks. Expected number of connected peer ranks is : 7
[Gloo] Rank [Gloo] Rank 57 is connected to 7 peer ranks. Expected number of connected peer ranks is : 7
 is connected to 7 peer ranks. Expected number of connected peer ranks is : 7
logs/6c8580cc-55de-4d85-8065-61288b6b39a6.txt
[approx-backward] {'attention_enabled': True, 'calibration_steps': [592, 593], 'attention_stop': 1107, 'threshold': 0.2, 'head_sample_group': 4, 'head_min_rows': 32768, 'extension': 'nanogpt_ab_33ed10bb784d'}
[residual-fusions] ON: post-lambda in the O gain, per-row scalar-lambda grads, VE gate slice from rstd
[value-embed] value_embeds (201216, 768) = 4 planes (plane 3 retired: layer 9 attention absent) 154.5M params, sink 294.8 MiB (before retirement: 5 planes, 251520x768, 193.2M, 368.4 MiB)
[banks] qk_bank (48, 256, 768) (42 live), vo_bank (16, 768, 768) (14 live); slot order (attn-bank idx) (0, 2, 5, 1, 7, 3, 9), narrow ++ dv64 ++ wide
[fused-kernels] selftest PASS (every fused kernel is byte-exact vs ATen)
[sampled-softmax] ON P=[10240, 14336, 24576] rows<=49152 vocab=50304 until=1107
[eval-ce] ON slab=32768 rows x 50304 vocab, 8 slabs per 262144-row val batch
[value-embed-comms] ON planes=4 table=201216x768; compact buffer 295 MB, shard 25152 rows
[graph:step] ON: 11 keys, runahead_throttle=2, pool=shared, sink_ring=4
Compiling model and warming up kernels (~7 minutes on first execution)
[warmup:restore] ON: bigram shard (10575360, 768) (15.13 GiB) out of initial_state (key _orig_mod.bigram_embed.weight), restored by zero_() in place; checksum (0.0, 0.0, 0.0); initial_state pins 0.92 GiB of CUDA
[graph:step] warmup extended for 11 capture keys; first steps [0, 320, 411, 501, 591, 592, 594, 681, 965, 1107, 1174]
Sampling steps [0, 1, 2, 3, 4, 5, 6, 7, 318, 319, 320, 321, 411, 412, 501, 502, 591, 591, 592, 593, 594, 595, 679, 680, 681, 682, 963, 964, 965, 966, 1105, 1106, 1107, 1108, 1172, 1173, 1174, 1175, 1176, 1177, 1178] for warmup
[embed] untied from lm_head; optimizer state copied exactly
Resetting Model
[warmup] captures armed in the single sampled pass: tgr banks ['mlp_bank', 'qk_bank', 'vo_bank'] | tgr2 1 attn + 2 mlp; prefix 0..7 last, tgr@4 tgr2@5, all self-checks consumed
step:25/1194 train_time:541ms step_avg:21.63ms
step:50/1194 train_time:970ms step_avg:19.41ms
step:75/1194 train_time:1393ms step_avg:18.58ms
step:100/1194 train_time:1822ms step_avg:18.22ms
step:125/1194 train_time:2245ms step_avg:17.96ms
step:150/1194 train_time:2674ms step_avg:17.83ms
step:175/1194 train_time:3096ms step_avg:17.69ms
step:200/1194 train_time:3525ms step_avg:17.62ms
step:225/1194 train_time:3947ms step_avg:17.54ms
step:250/1194 train_time:4377ms step_avg:17.51ms
step:275/1194 train_time:4799ms step_avg:17.45ms
step:300/1194 train_time:5228ms step_avg:17.43ms
step:325/1194 train_time:5689ms step_avg:17.51ms
step:350/1194 train_time:6445ms step_avg:18.41ms
step:375/1194 train_time:7201ms step_avg:19.20ms
step:400/1194 train_time:7959ms step_avg:19.90ms
step:425/1194 train_time:8706ms step_avg:20.48ms
step:450/1194 train_time:9465ms step_avg:21.03ms
step:475/1194 train_time:10217ms step_avg:21.51ms
step:500/1194 train_time:10974ms step_avg:21.95ms
step:525/1194 train_time:11723ms step_avg:22.33ms
step:550/1194 train_time:12477ms step_avg:22.68ms
step:575/1194 train_time:13236ms step_avg:23.02ms
step:600/1194 train_time:14027ms step_avg:23.38ms
step:625/1194 train_time:14767ms step_avg:23.63ms
step:650/1194 train_time:15520ms step_avg:23.88ms
step:675/1194 train_time:16278ms step_avg:24.12ms
step:700/1194 train_time:17268ms step_avg:24.67ms
step:725/1194 train_time:18366ms step_avg:25.33ms
step:750/1194 train_time:19464ms step_avg:25.95ms
step:775/1194 train_time:20572ms step_avg:26.54ms
step:800/1194 train_time:21679ms step_avg:27.10ms
step:825/1194 train_time:22778ms step_avg:27.61ms
step:850/1194 train_time:23881ms step_avg:28.09ms
step:875/1194 train_time:24993ms step_avg:28.56ms
step:900/1194 train_time:26101ms step_avg:29.00ms
step:925/1194 train_time:27201ms step_avg:29.41ms
step:950/1194 train_time:28307ms step_avg:29.80ms
step:975/1194 train_time:29436ms step_avg:30.19ms
step:1000/1194 train_time:30600ms step_avg:30.60ms
step:1025/1194 train_time:31756ms step_avg:30.98ms
step:1050/1194 train_time:32913ms step_avg:31.35ms
step:1075/1194 train_time:34081ms step_avg:31.70ms
step:1100/1194 train_time:35244ms step_avg:32.04ms
step:1125/1194 train_time:36412ms step_avg:32.37ms
step:1150/1194 train_time:37596ms step_avg:32.69ms
step:1175/1194 train_time:38785ms step_avg:33.01ms
[embed] untied from lm_head; optimizer state copied exactly
step:1193/1194 train_time:39199ms step_avg:32.86ms
step:1194/1194 train_time:39220ms step_avg:32.85ms
[ship:tail-ema] win=298 blend=0.65 labels=['embed', 'lm_head']
[ship:tail-avg] win=250 blend=None labels=['mlp_bank', 'vo_bank']
[ship:value-embed] win=250 blend=None labels=['value_embeds']
[ship:bank-blend] win=298 blend={'qk_bank': 0.55, 'vo_bank': 0.34930000000000005, 'mlp_bank': 0.34930000000000005} labels=['mlp_bank', 'qk_bank', 'vo_bank']
step:1194/1194 val_loss:3.2784 train_time:39362ms step_avg:32.97ms
peak memory allocated: 54277 MiB reserved: 66012 MiB
[approx-backward-result] {"attention_enabled": true, "attention_stop": 1107, "calibration": [{"observations": [{"document_lengths": [140, 1726, 390, 4096, 554, 394, 320], "error": [[[0.13095103204250336, 0.2823548913002014, 0.4746783971786499], [0.06350794434547424, 0.191005140542984, 0.3647918701171875], [0.06118898466229439, 0.10372581332921982, 0.24628160893917084]], [[0.07495144754648209, 0.18500810861587524, 0.26307186484336853], [0.03677621856331825, 0.11881083995103836, 0.19058898091316223], [0.03502107784152031, 0.061132922768592834, 0.11293915659189224]], [[0.04646303877234459, 0.08162149786949158, 0.11186989396810532], [0.02409992925822735, 0.044730063527822495, 0.08598450571298599], [0.022035228088498116, 0.03117837943136692, 0.04648416489362717]]], "full_window": 384, "layer": 0}, {"document_lengths": [70, 863, 195, 2048, 277, 197, 160, 674, 867, 320, 102, 510, 895, 116, 712], "error": [[[0.3414861857891083, 0.5947391986846924, 0.6830570697784424, 0.5028343200683594, 0.3740665018558502, 0.40407365560531616], [0.3453192710876465, 0.4522787928581238, 0.5182855129241943, 0.33894288539886475, 0.2669745087623596, 0.32513538002967834], [0.33185896277427673, 0.3520912826061249, 0.33812230825424194, 0.23674969375133514, 0.19657205045223236, 0.2007729709148407]], [[0.2500895857810974, 0.44604983925819397, 0.5449837446212769, 0.37750759720802307, 0.16649436950683594, 0.26014381647109985], [0.19803589582443237, 0.3194049298763275, 0.4022723138332367, 0.24470636248588562, 0.09519267082214355, 0.17716223001480103], [0.2121470719575882, 0.245210200548172, 0.25030210614204407, 0.17262649536132812, 0.06741681694984436, 0.10902666300535202]], [[0.11956866085529327, 0.23437432944774628, 0.3431526720523834, 0.259705513715744, 0.06693275272846222, 0.12596987187862396], [0.09276547282934189, 0.1630999743938446, 0.24863873422145844, 0.1615372896194458, 0.02703704498708248, 0.08123224973678589], [0.08486660569906235, 0.12622040510177612, 0.1403864324092865, 0.12596538662910461, 0.03412747010588646, 0.052263859659433365]]], "full_window": 384, "layer": 1}, {"document_lengths": [140, 1726, 390, 4096, 554, 394, 320], "error": [[[0.15132929384708405, 0.12154687941074371, 0.3527475595474243], [0.05699765309691429, 0.043955087661743164, 0.22811324894428253], [0.05124840885400772, 0.040480874478816986, 0.21023918688297272]], [[0.08750364184379578, 0.08277975022792816, 0.1795228123664856], [0.023260820657014847, 0.029354136437177658, 0.09447098523378372], [0.023853065446019173, 0.02352328598499298, 0.09379731863737106]], [[0.054753378033638, 0.05313348025083542, 0.08157654851675034], [0.01626732386648655, 0.02080261893570423, 0.030119506642222404], [0.017398929223418236, 0.01554233767092228, 0.04808960482478142]]], "full_window": 384, "layer": 2}, {"document_lengths": [140, 1726, 390, 4096, 554, 394, 320], "error": [[[0.32410749793052673, 0.19706475734710693, 0.09092976897954941], [0.21802479028701782, 0.0647965669631958, 0.037819430232048035], [0.1689728945493698, 0.0615001879632473, 0.033993832767009735]], [[0.1705099642276764, 0.13486656546592712, 0.0604381263256073], [0.10590165853500366, 0.04316463693976402, 0.023492105305194855], [0.07664495706558228, 0.04025621339678764, 0.020507562905550003]], [[0.04959437996149063, 0.06250591576099396, 0.04212254285812378], [0.030043601989746094, 0.021641930565238, 0.01831665262579918], [0.02127007022500038, 0.019280770793557167, 0.016267601400613785]]], "full_window": 384, "layer": 5}, {"document_lengths": [70, 863, 195, 2048, 277, 197, 160, 674, 867, 320, 102, 510, 895, 116, 712], "error": [[[0.1480676233768463, 0.18459796905517578, 0.25911781191825867, 0.4628905653953552, 0.5696732997894287, 0.18304048478603363], [0.046800460666418076, 0.06486891955137253, 0.15413397550582886, 0.2742311954498291, 0.3820813000202179, 0.057727545499801636], [0.05836593732237816, 0.059222009032964706, 0.12927153706550598, 0.24428169429302216, 0.34138262271881104, 0.06802275031805038]], [[0.09829158335924149, 0.12152724713087082, 0.14242620766162872, 0.2839408814907074, 0.40062519907951355, 0.111069455742836], [0.028709853067994118, 0.036611028015613556, 0.07501830905675888, 0.159200519323349, 0.261505663394928, 0.03193576633930206], [0.028126003220677376, 0.03130706772208214, 0.062032341957092285, 0.13790537416934967, 0.22142168879508972, 0.035254284739494324]], [[0.05939865484833717, 0.06671594083309174, 0.05424727499485016, 0.12248615175485611, 0.19695813953876495, 0.053638722747564316], [0.017385786399245262, 0.020766334608197212, 0.02745133638381958, 0.06700187921524048, 0.1297680288553238, 0.016649587079882622], [0.016816260293126106, 0.01627952791750431, 0.021840134635567665, 0.06187926605343819, 0.11442453414201736, 0.017415910959243774]]], "full_window": 384, "layer": 8}], "seconds": 0.08449184149503708, "step": 592}, {"observations": [{"document_lengths": [488, 440, 342, 2816, 208, 242, 370, 254, 2250, 560], "error": [[[0.12449107319116592, 0.29977425932884216, 0.3963354527950287], [0.05896959453821182, 0.22109641134738922, 0.286969929933548], [0.05642341822385788, 0.11058545112609863, 0.18015120923519135]], [[0.06516638398170471, 0.20308704674243927, 0.23371672630310059], [0.03128120303153992, 0.14194044470787048, 0.15551315248012543], [0.028820546343922615, 0.06567548215389252, 0.08978062123060226]], [[0.03613783046603203, 0.06682618707418442, 0.08709713816642761], [0.018090248107910156, 0.03443300351500511, 0.058934081345796585], [0.015484216623008251, 0.026382358744740486, 0.03505928814411163]]], "full_window": 384, "layer": 0}, {"document_lengths": [244, 220, 171, 1408, 104, 121, 185, 127, 1125, 280, 732, 124, 780, 1076, 409, 617, 90, 276], "error": [[[0.3656340539455414, 0.5362510085105896, 0.6396504044532776, 0.5085173845291138, 0.3264687657356262, 0.3745969831943512], [0.33083751797676086, 0.40212157368659973, 0.4851739704608917, 0.36250317096710205, 0.24933993816375732, 0.28364884853363037], [0.3753960132598877, 0.3222476840019226, 0.3245003819465637, 0.2456049919128418, 0.17760886251926422, 0.1989349126815796]], [[0.2613195478916168, 0.3890116214752197, 0.47678786516189575, 0.38363033533096313, 0.11269548535346985, 0.23852676153182983], [0.19066499173641205, 0.2822133004665375, 0.3670494258403778, 0.26049619913101196, 0.06156504526734352, 0.17724938690662384], [0.24448394775390625, 0.21989206969738007, 0.22431854903697968, 0.18377907574176788, 0.05423082783818245, 0.11309485137462616]], [[0.11145483702421188, 0.20412695407867432, 0.2824045419692993, 0.2585482895374298, 0.048376116901636124, 0.11182256042957306], [0.062238071113824844, 0.14514769613742828, 0.21274811029434204, 0.17488610744476318, 0.021217934787273407, 0.08007106184959412], [0.08131370693445206, 0.1120978444814682, 0.1208866611123085, 0.12647797167301178, 0.02378845028579235, 0.051323432475328445]]], "full_window": 384, "layer": 1}, {"document_lengths": [488, 440, 342, 2816, 208, 242, 370, 254, 2250, 560], "error": [[[0.14070118963718414, 0.114571712911129, 0.2973386347293854], [0.059609606862068176, 0.045336198061704636, 0.16405142843723297], [0.051190439611673355, 0.036978937685489655, 0.1601850688457489]], [[0.06577223539352417, 0.07528383284807205, 0.16842526197433472], [0.019078148528933525, 0.025528300553560257, 0.07592399418354034], [0.020347533747553825, 0.0203418992459774, 0.08255904167890549]], [[0.034459102898836136, 0.04592401161789894, 0.07548104971647263], [0.010557463392615318, 0.01745051145553589, 0.02695690654218197], [0.012082438915967941, 0.013087858445942402, 0.04027391970157623]]], "full_window": 384, "layer": 2}, {"document_lengths": [488, 440, 342, 2816, 208, 242, 370, 254, 2250, 560], "error": [[[0.2941090166568756, 0.19342628121376038, 0.09071498364210129], [0.1920992136001587, 0.0643005222082138, 0.03446723520755768], [0.1415305733680725, 0.06226376071572304, 0.03271620720624924]], [[0.13608263432979584, 0.1314397156238556, 0.052442602813243866], [0.08694357424974442, 0.04282757639884949, 0.018956145271658897], [0.06102598085999489, 0.04068686068058014, 0.01711200922727585]], [[0.0412633940577507, 0.05532165616750717, 0.03500787168741226], [0.024539679288864136, 0.019532326608896255, 0.014415426179766655], [0.01720593497157097, 0.017902977764606476, 0.01284998469054699]]], "full_window": 384, "layer": 5}, {"document_lengths": [244, 220, 171, 1408, 104, 121, 185, 127, 1125, 280, 732, 124, 780, 1076, 409, 617, 90, 276], "error": [[[0.14619578421115875, 0.16981589794158936, 0.28050485253334045, 0.41012316942214966, 0.5698864459991455, 0.175564706325531], [0.04350299760699272, 0.0563959926366806, 0.16094963252544403, 0.23038239777088165, 0.3761517107486725, 0.05372929200530052], [0.049605514854192734, 0.05284235253930092, 0.13503658771514893, 0.21090811491012573, 0.3308524787425995, 0.05791856348514557]], [[0.09693219512701035, 0.11110065132379532, 0.13169963657855988, 0.2657664120197296, 0.38290685415267944, 0.10777764022350311], [0.026837196201086044, 0.032811444252729416, 0.0711182951927185, 0.1484709531068802, 0.24191920459270477, 0.03434991464018822], [0.02498483844101429, 0.026973381638526917, 0.058637186884880066, 0.1363547444343567, 0.2063477784395218, 0.0352088026702404]], [[0.06133681908249855, 0.059905435889959335, 0.047217149287462234, 0.10265180468559265, 0.20292216539382935, 0.05301278084516525], [0.017786705866456032, 0.018266350030899048, 0.022395895794034004, 0.04977640509605408, 0.1279071569442749, 0.018130993470549583], [0.015540530905127525, 0.013914664275944233, 0.01932939887046814, 0.052045319229364395, 0.10670438408851624, 0.015342874452471733]]], "full_window": 384, "layer": 8}], "seconds": 0.03400736302137375, "step": 593}], "calibration_steps": [592, 593], "extension": "nanogpt_ab_33ed10bb784d", "head_min_rows": 32768, "head_sample_group": 4, "threshold": 0.2, "training_ms": 39362.06199973822, "val_loss": 3.2784035205841064, "windows": {"0": [64, 256, 256], "1": [256, -1, -1, -1, 128, 256], "2": [64, 64, 256], "5": [128, 128, 64], "8": [128, 128, 256, 256, -1, 128]}, "worst_errors": {"0": [[0.13604924082756042, 0.3654840886592865, 0.48969653248786926], [0.07495144754648209, 0.20600897073745728, 0.3144994378089905], [0.047959163784980774, 0.08162149786949158, 0.11186989396810532]], "1": [[0.4220251739025116, 0.6127225160598755, 0.7398543357849121, 0.5717422962188721, 0.3740665018558502, 0.4327203035354614], [0.3272169530391693, 0.46706268191337585, 0.6235397458076477, 0.4506891369819641, 0.16649436950683594, 0.2887847125530243], [0.14252856373786926, 0.2503267824649811, 0.421517014503479, 0.3072127103805542, 0.0744115561246872, 0.14501678943634033]], "2": [[0.17301839590072632, 0.1270635426044464, 0.35535410046577454], [0.08946409076452255, 0.08531028032302856, 0.20801210403442383], [0.054753378033638, 0.053626298904418945, 0.0963817685842514]], "5": [[0.3548050820827484, 0.21117430925369263, 0.10022759437561035], [0.19267964363098145, 0.15304860472679138, 0.06092775613069534], [0.050266873091459274, 0.06383190304040909, 0.043729718774557114]], "8": [[0.1806071400642395, 0.20304064452648163, 0.5119462609291077, 0.4845768213272095, 0.5813794732093811, 0.2220502644777298], [0.11800546944141388, 0.1318877786397934, 0.2516716718673706, 0.30552971363067627, 0.41113173961639404, 0.17240449786186218], [0.06830299645662308, 0.07537837326526642, 0.0710681900382042, 0.136394664645195, 0.2196996957063675, 0.14002208411693573]]}}
