[Gloo] Rank [Gloo] Rank 01 is connected to  is connected to 77 peer ranks.  peer ranks. Expected number of connected peer ranks is : Expected number of connected peer ranks is : 77

[Gloo] Rank 4 is connected to 7 peer ranks. Expected number of connected peer ranks is : 7
[Gloo] Rank 2 is connected to 7 peer ranks. Expected number of connected peer ranks is : 7
[Gloo] Rank 3 is connected to 7 peer ranks. Expected number of connected peer ranks is : 7
[Gloo] Rank 6 is connected to 7 peer ranks. Expected number of connected peer ranks is : 7
[Gloo] Rank [Gloo] Rank 57 is connected to  is connected to 77 peer ranks.  peer ranks. Expected number of connected peer ranks is : Expected number of connected peer ranks is : 77

logs/8388285f-42ce-497e-bb14-3beac84a8abf.txt
[approx-backward] {'attention_enabled': True, 'calibration_steps': [592, 593], 'attention_stop': 1107, 'threshold': 0.2, 'head_sample_group': 4, 'head_min_rows': 32768, 'extension': 'nanogpt_ab_33ed10bb784d'}
[residual-fusions] ON: post-lambda in the O gain, per-row scalar-lambda grads, VE gate slice from rstd
[value-embed] value_embeds (201216, 768) = 4 planes (plane 3 retired: layer 9 attention absent) 154.5M params, sink 294.8 MiB (before retirement: 5 planes, 251520x768, 193.2M, 368.4 MiB)
[banks] qk_bank (48, 256, 768) (42 live), vo_bank (16, 768, 768) (14 live); slot order (attn-bank idx) (0, 2, 5, 1, 7, 3, 9), narrow ++ dv64 ++ wide
[fused-kernels] selftest PASS (every fused kernel is byte-exact vs ATen)
[sampled-softmax] ON P=[10240, 14336, 24576] rows<=49152 vocab=50304 until=1107
[eval-ce] ON slab=32768 rows x 50304 vocab, 8 slabs per 262144-row val batch
[value-embed-comms] ON planes=4 table=201216x768; compact buffer 295 MB, shard 25152 rows
[graph:step] ON: 11 keys, runahead_throttle=2, pool=shared, sink_ring=4
Compiling model and warming up kernels (~7 minutes on first execution)
[warmup:restore] ON: bigram shard (10575360, 768) (15.13 GiB) out of initial_state (key _orig_mod.bigram_embed.weight), restored by zero_() in place; checksum (0.0, 0.0, 0.0); initial_state pins 0.92 GiB of CUDA
[graph:step] warmup extended for 11 capture keys; first steps [0, 320, 411, 501, 591, 592, 594, 681, 965, 1107, 1174]
Sampling steps [0, 1, 2, 3, 4, 5, 6, 7, 318, 319, 320, 321, 411, 412, 501, 502, 591, 591, 592, 593, 594, 595, 679, 680, 681, 682, 963, 964, 965, 966, 1105, 1106, 1107, 1108, 1172, 1173, 1174, 1175, 1176, 1177, 1178] for warmup
[embed] untied from lm_head; optimizer state copied exactly
Resetting Model
[warmup] captures armed in the single sampled pass: tgr banks ['mlp_bank', 'qk_bank', 'vo_bank'] | tgr2 1 attn + 2 mlp; prefix 0..7 last, tgr@4 tgr2@5, all self-checks consumed
step:25/1194 train_time:1025ms step_avg:41.01ms
step:50/1194 train_time:1454ms step_avg:29.09ms
step:75/1194 train_time:1877ms step_avg:25.02ms
step:100/1194 train_time:2306ms step_avg:23.06ms
step:125/1194 train_time:2728ms step_avg:21.83ms
step:150/1194 train_time:3159ms step_avg:21.06ms
step:175/1194 train_time:3581ms step_avg:20.46ms
step:200/1194 train_time:4010ms step_avg:20.05ms
step:225/1194 train_time:4432ms step_avg:19.70ms
step:250/1194 train_time:4862ms step_avg:19.45ms
step:275/1194 train_time:5284ms step_avg:19.21ms
step:300/1194 train_time:5714ms step_avg:19.05ms
step:325/1194 train_time:6175ms step_avg:19.00ms
step:350/1194 train_time:6928ms step_avg:19.79ms
step:375/1194 train_time:7685ms step_avg:20.49ms
step:400/1194 train_time:8443ms step_avg:21.11ms
step:425/1194 train_time:9191ms step_avg:21.63ms
step:450/1194 train_time:9945ms step_avg:22.10ms
step:475/1194 train_time:10704ms step_avg:22.54ms
step:500/1194 train_time:11462ms step_avg:22.92ms
step:525/1194 train_time:12208ms step_avg:23.25ms
step:550/1194 train_time:12961ms step_avg:23.57ms
step:575/1194 train_time:13721ms step_avg:23.86ms
step:600/1194 train_time:14513ms step_avg:24.19ms
step:625/1194 train_time:15252ms step_avg:24.40ms
step:650/1194 train_time:16003ms step_avg:24.62ms
step:675/1194 train_time:16761ms step_avg:24.83ms
step:700/1194 train_time:17754ms step_avg:25.36ms
step:725/1194 train_time:18854ms step_avg:26.01ms
step:750/1194 train_time:19952ms step_avg:26.60ms
step:775/1194 train_time:21059ms step_avg:27.17ms
step:800/1194 train_time:22165ms step_avg:27.71ms
step:825/1194 train_time:23263ms step_avg:28.20ms
step:850/1194 train_time:24366ms step_avg:28.67ms
step:875/1194 train_time:25477ms step_avg:29.12ms
step:900/1194 train_time:26589ms step_avg:29.54ms
step:925/1194 train_time:27687ms step_avg:29.93ms
step:950/1194 train_time:28794ms step_avg:30.31ms
step:975/1194 train_time:29923ms step_avg:30.69ms
step:1000/1194 train_time:31087ms step_avg:31.09ms
step:1025/1194 train_time:32242ms step_avg:31.46ms
step:1050/1194 train_time:33404ms step_avg:31.81ms
step:1075/1194 train_time:34571ms step_avg:32.16ms
step:1100/1194 train_time:35740ms step_avg:32.49ms
step:1125/1194 train_time:36911ms step_avg:32.81ms
step:1150/1194 train_time:38097ms step_avg:33.13ms
step:1175/1194 train_time:39284ms step_avg:33.43ms
[embed] untied from lm_head; optimizer state copied exactly
step:1193/1194 train_time:39698ms step_avg:33.28ms
step:1194/1194 train_time:39719ms step_avg:33.27ms
[ship:tail-ema] win=298 blend=0.65 labels=['embed', 'lm_head']
[ship:tail-avg] win=250 blend=None labels=['mlp_bank', 'vo_bank']
[ship:value-embed] win=250 blend=None labels=['value_embeds']
[ship:bank-blend] win=298 blend={'qk_bank': 0.55, 'vo_bank': 0.34930000000000005, 'mlp_bank': 0.34930000000000005} labels=['mlp_bank', 'qk_bank', 'vo_bank']
step:1194/1194 val_loss:3.2776 train_time:39873ms step_avg:33.39ms
peak memory allocated: 54277 MiB reserved: 66014 MiB
[approx-backward-result] {"attention_enabled": true, "attention_stop": 1107, "calibration": [{"observations": [{"document_lengths": [140, 1726, 390, 4096, 554, 394, 320], "error": [[[0.15480653941631317, 0.13257738947868347, 0.603752076625824], [0.10192248225212097, 0.0650550127029419, 0.5466047525405884], [0.04954131692647934, 0.05716735124588013, 0.4088115096092224]], [[0.06799912452697754, 0.08228516578674316, 0.3880739212036133], [0.03149229288101196, 0.0348254069685936, 0.34369832277297974], [0.022610807791352272, 0.028850853443145752, 0.23177102208137512]], [[0.04311273247003555, 0.05439460277557373, 0.14028751850128174], [0.020271621644496918, 0.022338291630148888, 0.11439657211303711], [0.014706420712172985, 0.016844892874360085, 0.0880107581615448]]], "full_window": 384, "layer": 0}, {"document_lengths": [70, 863, 195, 2048, 277, 197, 160, 674, 867, 320, 102, 510, 895, 116, 712], "error": [[[0.6184976100921631, 0.05703050643205643, 0.39884570240974426, 0.32229650020599365, 0.6190997362136841, 0.5222992300987244], [0.4505036175251007, 0.016444223001599312, 0.26200011372566223, 0.24153098464012146, 0.49886220693588257, 0.563437283039093], [0.35065212845802307, 0.012371745891869068, 0.22238869965076447, 0.1398608535528183, 0.36015230417251587, 0.6121311783790588]], [[0.4686691462993622, 0.047550905495882034, 0.24352991580963135, 0.19093890488147736, 0.4782727360725403, 0.4159335792064667], [0.3133655786514282, 0.013997976668179035, 0.15136511623859406, 0.12888570129871368, 0.36612623929977417, 0.4358212649822235], [0.24331478774547577, 0.01030490081757307, 0.10607269406318665, 0.07227503508329391, 0.2706189453601837, 0.39830800890922546]], [[0.2586529850959778, 0.03278469294309616, 0.15153062343597412, 0.11253165453672409, 0.3220937252044678, 0.2497883290052414], [0.1760873943567276, 0.010205334052443504, 0.1069725975394249, 0.08267968147993088, 0.22950227558612823, 0.22494477033615112], [0.1274641901254654, 0.0074691250920295715, 0.06151988357305527, 0.03715156391263008, 0.18254822492599487, 0.17852596938610077]]], "full_window": 384, "layer": 1}, {"document_lengths": [140, 1726, 390, 4096, 554, 394, 320], "error": [[[0.14005517959594727, 0.14534971117973328, 0.29053327441215515], [0.0571337528526783, 0.07265540957450867, 0.16171663999557495], [0.05682101845741272, 0.09274470061063766, 0.11103140562772751]], [[0.09788700193166733, 0.09067413210868835, 0.11962232738733292], [0.036261577159166336, 0.04183084890246391, 0.05672081932425499], [0.032399825751781464, 0.03974404186010361, 0.039425063878297806]], [[0.057083792984485626, 0.053666118532419205, 0.04310256615281105], [0.022368457168340683, 0.022748155519366264, 0.013424417935311794], [0.017853286117315292, 0.019198518246412277, 0.013949674554169178]]], "full_window": 384, "layer": 2}, {"document_lengths": [140, 1726, 390, 4096, 554, 394, 320], "error": [[[0.13364295661449432, 0.1530855894088745, 0.5335515737533569], [0.04070166498422623, 0.0717807486653328, 0.3857313394546509], [0.04194610193371773, 0.09385082870721817, 0.32403063774108887]], [[0.08033648878335953, 0.09428488463163376, 0.34068772196769714], [0.025113707408308983, 0.03667940944433212, 0.22740980982780457], [0.024766139686107635, 0.05065585672855377, 0.179414302110672]], [[0.03920379653573036, 0.0533611960709095, 0.15575195848941803], [0.014593410305678844, 0.020134439691901207, 0.10557261109352112], [0.012540599331259727, 0.02206609398126602, 0.0849732831120491]]], "full_window": 384, "layer": 5}, {"document_lengths": [70, 863, 195, 2048, 277, 197, 160, 674, 867, 320, 102, 510, 895, 116, 712], "error": [[[0.21447548270225525, 0.5081104040145874, 0.46233752369880676, 0.24950453639030457, 0.579936683177948, 0.1772431582212448], [0.07986433804035187, 0.3267163336277008, 0.31639277935028076, 0.1320619434118271, 0.38149815797805786, 0.061338361352682114], [0.09627476334571838, 0.2749623656272888, 0.25600454211235046, 0.12371691316366196, 0.34919413924217224, 0.05547364801168442]], [[0.1260046660900116, 0.32164791226387024, 0.32949838042259216, 0.14065028727054596, 0.3972693085670471, 0.11659775674343109], [0.04162091389298439, 0.20863287150859833, 0.22691842913627625, 0.06854686141014099, 0.24953046441078186, 0.03780497610569], [0.04841058701276779, 0.1658135950565338, 0.17123126983642578, 0.06477922946214676, 0.22670799493789673, 0.02975492551922798]], [[0.0639306828379631, 0.16485826671123505, 0.19011586904525757, 0.056681565940380096, 0.19647210836410522, 0.07011465728282928], [0.020386995747685432, 0.11668902635574341, 0.14829619228839874, 0.026166152209043503, 0.12331397831439972, 0.02614353783428669], [0.017955493181943893, 0.07926233857870102, 0.08580491691827774, 0.023341337218880653, 0.11800041049718857, 0.015059344470500946]]], "full_window": 384, "layer": 8}], "seconds": 0.08308125287294388, "step": 592}, {"observations": [{"document_lengths": [488, 440, 342, 2816, 208, 242, 370, 254, 2250, 560], "error": [[[0.1737617701292038, 0.13682040572166443, 0.5465005040168762], [0.11409617215394974, 0.06893205642700195, 0.48148712515830994], [0.05825231224298477, 0.06985790282487869, 0.3428591787815094]], [[0.07312270998954773, 0.09397869557142258, 0.34945520758628845], [0.037205614149570465, 0.04957035556435585, 0.3026866018772125], [0.021927641704678535, 0.03617497533559799, 0.1999303698539734]], [[0.03878610581159592, 0.04929167404770851, 0.12675511837005615], [0.020982012152671814, 0.02307354286313057, 0.1087440475821495], [0.012296737171709538, 0.017804132774472237, 0.06529270857572556]]], "full_window": 384, "layer": 0}, {"document_lengths": [244, 220, 171, 1408, 104, 121, 185, 127, 1125, 280, 732, 124, 780, 1076, 409, 617, 90, 276], "error": [[[0.6091278791427612, 0.055656176060438156, 0.33064502477645874, 0.31561535596847534, 0.5975445508956909, 0.42673513293266296], [0.43959498405456543, 0.01702113077044487, 0.22014988958835602, 0.2282407283782959, 0.47048625349998474, 0.5120339393615723], [0.33636924624443054, 0.01254904456436634, 0.17216788232326508, 0.15611685812473297, 0.3400816023349762, 0.5595256686210632]], [[0.4440191686153412, 0.04533526301383972, 0.1385582536458969, 0.19698990881443024, 0.47039541602134705, 0.3343021869659424], [0.3183255195617676, 0.014013650827109814, 0.08004005998373032, 0.13205251097679138, 0.35355037450790405, 0.37155207991600037], [0.2292972207069397, 0.010157613083720207, 0.07452433556318283, 0.08301626890897751, 0.26029878854751587, 0.3667433261871338]], [[0.2522400915622711, 0.030577078461647034, 0.07143469154834747, 0.11723296344280243, 0.30571597814559937, 0.1730465143918991], [0.17784927785396576, 0.010238269343972206, 0.03647279739379883, 0.06822115182876587, 0.21224336326122284, 0.15714986622333527], [0.11496808379888535, 0.007142405025660992, 0.035461314022541046, 0.04250418022274971, 0.1692696362733841, 0.14395183324813843]]], "full_window": 384, "layer": 1}, {"document_lengths": [488, 440, 342, 2816, 208, 242, 370, 254, 2250, 560], "error": [[[0.1743983030319214, 0.15067069232463837, 0.3144714832305908], [0.11107921600341797, 0.07815023511648178, 0.19100414216518402], [0.06832727789878845, 0.10832194238901138, 0.11549534648656845]], [[0.08279299736022949, 0.08787471801042557, 0.13318803906440735], [0.0325213223695755, 0.04025902971625328, 0.06485521793365479], [0.0290671493858099, 0.04299517348408699, 0.03885263577103615]], [[0.04441220685839653, 0.04481048509478569, 0.038573816418647766], [0.01822984777390957, 0.019054049625992775, 0.012549870647490025], [0.014393673278391361, 0.01691349223256111, 0.012368498370051384]]], "full_window": 384, "layer": 2}, {"document_lengths": [488, 440, 342, 2816, 208, 242, 370, 254, 2250, 560], "error": [[[0.13301491737365723, 0.14854446053504944, 0.4861980378627777], [0.041404448449611664, 0.06407853960990906, 0.3430759310722351], [0.04223494231700897, 0.08676924556493759, 0.2744392156600952]], [[0.08084218949079514, 0.09552427381277084, 0.29685819149017334], [0.025375189259648323, 0.03819957375526428, 0.1719924509525299], [0.025843851268291473, 0.04882487654685974, 0.13749812543392181]], [[0.03644518554210663, 0.05229635909199715, 0.13631099462509155], [0.013991937041282654, 0.020304527133703232, 0.0815214142203331], [0.012910663150250912, 0.021535776555538177, 0.057220105081796646]]], "full_window": 384, "layer": 5}, {"document_lengths": [244, 220, 171, 1408, 104, 121, 185, 127, 1125, 280, 732, 124, 780, 1076, 409, 617, 90, 276], "error": [[[0.20554618537425995, 0.36995428800582886, 0.4235541820526123, 0.2326827198266983, 0.5320504307746887, 0.1766621470451355], [0.0746806263923645, 0.23011471331119537, 0.2749428451061249, 0.1222066879272461, 0.3675611615180969, 0.049786631017923355], [0.08497967571020126, 0.2317398488521576, 0.22070083022117615, 0.1253719925880432, 0.34268325567245483, 0.04843102768063545]], [[0.137947216629982, 0.2594369947910309, 0.28603610396385193, 0.12764184176921844, 0.3572949767112732, 0.1185307651758194], [0.04940197989344597, 0.15416841208934784, 0.18060599267482758, 0.06484208256006241, 0.2353394478559494, 0.033697281032800674], [0.05187520012259483, 0.12741702795028687, 0.14321619272232056, 0.06540390104055405, 0.21545924246311188, 0.028541650623083115]], [[0.0735587403178215, 0.11132965236902237, 0.12525686621665955, 0.04599155858159065, 0.19517692923545837, 0.06976017355918884], [0.02320825681090355, 0.06322936713695526, 0.08310817927122116, 0.020514460280537605, 0.13386015594005585, 0.021616147831082344], [0.021260276436805725, 0.06061600148677826, 0.06805562973022461, 0.02050921507179737, 0.11386293172836304, 0.01635236293077469]]], "full_window": 384, "layer": 8}], "seconds": 0.036602798849344254, "step": 593}], "calibration_steps": [592, 593], "extension": "nanogpt_ab_33ed10bb784d", "head_min_rows": 32768, "head_sample_group": 4, "threshold": 0.2, "training_ms": 39873.40668402612, "val_loss": 3.2776236534118652, "windows": {"0": [128, 128, 256], "1": [-1, 128, -1, 256, -1, -1], "2": [64, 64, 128], "5": [64, 64, 256], "8": [128, 256, 256, 128, -1, 128]}, "worst_errors": {"0": [[0.22688789665699005, 0.21581341326236725, 0.603752076625824], [0.10946444422006607, 0.10024750232696533, 0.42910540103912354], [0.05146114528179169, 0.058729734271764755, 0.16284726560115814]], "1": [[0.6981917023658752, 0.07033510506153107, 0.47485849261283875, 0.33612242341041565, 0.665398120880127, 0.7231807112693787], [0.5429018139839172, 0.05825752392411232, 0.3909597396850586, 0.21108293533325195, 0.5560237765312195, 0.5430763959884644], [0.32064902782440186, 0.039358749985694885, 0.2847383916378021, 0.11723296344280243, 0.38594985008239746, 0.2565379738807678]], "2": [[0.17892812192440033, 0.16610068082809448, 0.4182611107826233], [0.09788700193166733, 0.11001970618963242, 0.1760934740304947], [0.057083792984485626, 0.06861475110054016, 0.04698590561747551]], "5": [[0.1457335352897644, 0.18843381106853485, 0.5403595566749573], [0.09092371165752411, 0.09713362157344818, 0.347053587436676], [0.04263974726200104, 0.057226162403821945, 0.15575195848941803]], "8": [[0.24463532865047455, 0.5081104040145874, 0.6600924134254456, 0.2886922359466553, 0.579936683177948, 0.1796415150165558], [0.1676272600889206, 0.3256833851337433, 0.4202401638031006, 0.18779198825359344, 0.40783944725990295, 0.12448187172412872], [0.08067624270915985, 0.18751128017902374, 0.19011586904525757, 0.06703517585992813, 0.2256523072719574, 0.07266148179769516]]}}
