[Gloo] Rank 5 is connected to 7 peer ranks. Expected number of connected peer ranks is : 7
[Gloo] Rank 0 is connected to 7 peer ranks. Expected number of connected peer ranks is : 7
[Gloo] Rank 1 is connected to 7 peer ranks. Expected number of connected peer ranks is : 7
[Gloo] Rank [Gloo] Rank [Gloo] Rank [Gloo] Rank [Gloo] Rank 26347 is connected to  is connected to  is connected to  is connected to  is connected to 77777 peer ranks.  peer ranks.  peer ranks.  peer ranks.  peer ranks. Expected number of connected peer ranks is : Expected number of connected peer ranks is : Expected number of connected peer ranks is : Expected number of connected peer ranks is : Expected number of connected peer ranks is : 77

777


logs/a9d3fd4d-4fa9-4393-8f1e-16175e9f457f.txt
[residual-fusions] ON: post-lambda in the O gain, per-row scalar-lambda grads, VE gate slice from rstd
[value-embed] value_embeds (201216, 768) = 4 planes (plane 3 retired: layer 9 attention absent) 154.5M params, sink 294.8 MiB (before retirement: 5 planes, 251520x768, 193.2M, 368.4 MiB)
[banks] qk_bank (48, 256, 768) (42 live), vo_bank (16, 768, 768) (14 live); slot order (attn-bank idx) (0, 2, 5, 1, 7, 3, 9), narrow ++ dv64 ++ wide
[fused-kernels] selftest PASS (every fused kernel is byte-exact vs ATen)
[sampled-softmax] ON P=[10240, 14336, 24576] rows<=49152 vocab=50304 until=1107
[eval-ce] ON slab=32768 rows x 50304 vocab, 8 slabs per 262144-row val batch
[value-embed-comms] ON planes=4 table=201216x768; compact buffer 295 MB, shard 25152 rows
[graph:step] ON: 9 keys, runahead_throttle=2, pool=shared, sink_ring=4
Compiling model and warming up kernels (~7 minutes on first execution)
[warmup:restore] ON: bigram shard (10575360, 768) (15.13 GiB) out of initial_state (key _orig_mod.bigram_embed.weight), restored by zero_() in place; checksum (0.0, 0.0, 0.0); initial_state pins 0.92 GiB of CUDA
[graph:step] warmup extended for 9 capture keys; first steps [0, 320, 411, 501, 591, 681, 965, 1107, 1174]
Sampling steps [0, 1, 2, 3, 4, 5, 6, 7, 318, 319, 320, 321, 411, 412, 501, 502, 591, 592, 679, 680, 681, 682, 963, 964, 965, 966, 1105, 1106, 1107, 1108, 1172, 1173, 1174, 1175, 1176, 1177, 1178] for warmup
[embed] untied from lm_head; optimizer state copied exactly
Resetting Model
[warmup] captures armed in the single sampled pass: tgr banks ['mlp_bank', 'qk_bank', 'vo_bank'] | tgr2 1 attn + 2 mlp; prefix 0..7 last, tgr@4 tgr2@5, all self-checks consumed
step:25/1194 train_time:522ms step_avg:20.88ms
step:50/1194 train_time:953ms step_avg:19.07ms
step:75/1194 train_time:1376ms step_avg:18.34ms
step:100/1194 train_time:1805ms step_avg:18.05ms
step:125/1194 train_time:2229ms step_avg:17.83ms
step:150/1194 train_time:2658ms step_avg:17.72ms
step:175/1194 train_time:3082ms step_avg:17.61ms
step:200/1194 train_time:3512ms step_avg:17.56ms
step:225/1194 train_time:3935ms step_avg:17.49ms
step:250/1194 train_time:4366ms step_avg:17.46ms
step:275/1194 train_time:4789ms step_avg:17.41ms
step:300/1194 train_time:5219ms step_avg:17.40ms
step:325/1194 train_time:5688ms step_avg:17.50ms
step:350/1194 train_time:6445ms step_avg:18.41ms
step:375/1194 train_time:7211ms step_avg:19.23ms
step:400/1194 train_time:7979ms step_avg:19.95ms
step:425/1194 train_time:8737ms step_avg:20.56ms
step:450/1194 train_time:9500ms step_avg:21.11ms
step:475/1194 train_time:10268ms step_avg:21.62ms
step:500/1194 train_time:11037ms step_avg:22.07ms
step:525/1194 train_time:11793ms step_avg:22.46ms
step:550/1194 train_time:12557ms step_avg:22.83ms
step:575/1194 train_time:13326ms step_avg:23.18ms
step:600/1194 train_time:14095ms step_avg:23.49ms
step:625/1194 train_time:14854ms step_avg:23.77ms
step:650/1194 train_time:15618ms step_avg:24.03ms
step:675/1194 train_time:16390ms step_avg:24.28ms
step:700/1194 train_time:17412ms step_avg:24.87ms
step:725/1194 train_time:18548ms step_avg:25.58ms
step:750/1194 train_time:19679ms step_avg:26.24ms
step:775/1194 train_time:20819ms step_avg:26.86ms
step:800/1194 train_time:21959ms step_avg:27.45ms
step:825/1194 train_time:23089ms step_avg:27.99ms
step:850/1194 train_time:24226ms step_avg:28.50ms
step:875/1194 train_time:25368ms step_avg:28.99ms
step:900/1194 train_time:26512ms step_avg:29.46ms
step:925/1194 train_time:27645ms step_avg:29.89ms
step:950/1194 train_time:28786ms step_avg:30.30ms
step:975/1194 train_time:29955ms step_avg:30.72ms
step:1000/1194 train_time:31170ms step_avg:31.17ms
step:1025/1194 train_time:32377ms step_avg:31.59ms
step:1050/1194 train_time:33589ms step_avg:31.99ms
step:1075/1194 train_time:34810ms step_avg:32.38ms
step:1100/1194 train_time:36032ms step_avg:32.76ms
step:1125/1194 train_time:37220ms step_avg:33.08ms
step:1150/1194 train_time:38404ms step_avg:33.40ms
step:1175/1194 train_time:39591ms step_avg:33.69ms
[embed] untied from lm_head; optimizer state copied exactly
step:1193/1194 train_time:40004ms step_avg:33.53ms
step:1194/1194 train_time:40025ms step_avg:33.52ms
[ship:tail-ema] win=298 blend=0.65 labels=['embed', 'lm_head']
[ship:tail-avg] win=250 blend=None labels=['mlp_bank', 'vo_bank']
[ship:value-embed] win=250 blend=None labels=['value_embeds']
[ship:bank-blend] win=298 blend={'qk_bank': 0.55, 'vo_bank': 0.34930000000000005, 'mlp_bank': 0.34930000000000005} labels=['mlp_bank', 'qk_bank', 'vo_bank']
step:1194/1194 val_loss:3.2770 train_time:40177ms step_avg:33.65ms
peak memory allocated: 51308 MiB reserved: 64784 MiB
