[Gloo] Rank 0 is connected to 7 peer ranks. Expected number of connected peer ranks is : 7
[Gloo] Rank 1 is connected to 7 peer ranks. Expected number of connected peer ranks is : 7
[Gloo] Rank 3 is connected to 7 peer ranks. Expected number of connected peer ranks is : 7
[Gloo] Rank 2 is connected to 7 peer ranks. Expected number of connected peer ranks is : 7
[Gloo] Rank 4 is connected to 7 peer ranks. Expected number of connected peer ranks is : 7
[Gloo] Rank 5 is connected to 7 peer ranks. Expected number of connected peer ranks is : 7[Gloo] Rank 
[Gloo] Rank 7 is connected to 7 peer ranks. Expected number of connected peer ranks is : 7
6 is connected to 7 peer ranks. Expected number of connected peer ranks is : 7
logs/cd5e0885-8e28-4fe8-a4b0-394037965fdd.txt
[residual-fusions] ON: post-lambda in the O gain, per-row scalar-lambda grads, VE gate slice from rstd
[value-embed] value_embeds (201216, 768) = 4 planes (plane 3 retired: layer 9 attention absent) 154.5M params, sink 294.8 MiB (before retirement: 5 planes, 251520x768, 193.2M, 368.4 MiB)
[banks] qk_bank (48, 256, 768) (42 live), vo_bank (16, 768, 768) (14 live); slot order (attn-bank idx) (0, 2, 5, 1, 7, 3, 9), narrow ++ dv64 ++ wide
[fused-kernels] selftest PASS (every fused kernel is byte-exact vs ATen)
[sampled-softmax] ON P=[10240, 14336, 24576] rows<=49152 vocab=50304 until=1084
[eval-ce] ON slab=32768 rows x 50304 vocab, 8 slabs per 262144-row val batch
[value-embed-comms] ON planes=4 table=201216x768; compact buffer 295 MB, shard 25152 rows
[graph:step] ON: 9 keys, runahead_throttle=2, pool=shared, sink_ring=4
Compiling model and warming up kernels (~7 minutes on first execution)
[warmup:restore] ON: bigram shard (10575360, 768) (15.13 GiB) out of initial_state (key _orig_mod.bigram_embed.weight), restored by zero_() in place; checksum (0.0, 0.0, 0.0); initial_state pins 0.92 GiB of CUDA
[graph:step] warmup extended for 9 capture keys; first steps [0, 314, 402, 490, 578, 666, 945, 1084, 1150]
Sampling steps [0, 1, 2, 3, 4, 5, 6, 7, 312, 313, 314, 315, 402, 403, 490, 491, 578, 579, 664, 665, 666, 667, 943, 944, 945, 946, 1082, 1083, 1084, 1085, 1148, 1149, 1150, 1151, 1152, 1153, 1154] for warmup
[embed] untied from lm_head; optimizer state copied exactly
Resetting Model
[warmup] captures armed in the single sampled pass: tgr banks ['mlp_bank', 'qk_bank', 'vo_bank'] | tgr2 1 attn + 2 mlp; prefix 0..7 last, tgr@4 tgr2@5, all self-checks consumed
step:25/1170 train_time:552ms step_avg:22.07ms
step:50/1170 train_time:982ms step_avg:19.64ms
step:75/1170 train_time:1405ms step_avg:18.73ms
step:100/1170 train_time:1835ms step_avg:18.35ms
step:125/1170 train_time:2257ms step_avg:18.05ms
step:150/1170 train_time:2686ms step_avg:17.91ms
step:175/1170 train_time:3109ms step_avg:17.77ms
step:200/1170 train_time:3539ms step_avg:17.69ms
step:225/1170 train_time:3962ms step_avg:17.61ms
step:250/1170 train_time:4392ms step_avg:17.57ms
step:275/1170 train_time:4815ms step_avg:17.51ms
step:300/1170 train_time:5245ms step_avg:17.48ms
step:325/1170 train_time:5789ms step_avg:17.81ms
step:350/1170 train_time:6555ms step_avg:18.73ms
step:375/1170 train_time:7325ms step_avg:19.53ms
step:400/1170 train_time:8094ms step_avg:20.23ms
step:425/1170 train_time:8853ms step_avg:20.83ms
step:450/1170 train_time:9617ms step_avg:21.37ms
step:475/1170 train_time:10385ms step_avg:21.86ms
step:500/1170 train_time:11153ms step_avg:22.31ms
step:525/1170 train_time:11913ms step_avg:22.69ms
step:550/1170 train_time:12678ms step_avg:23.05ms
step:575/1170 train_time:13446ms step_avg:23.38ms
step:600/1170 train_time:14215ms step_avg:23.69ms
step:625/1170 train_time:14976ms step_avg:23.96ms
step:650/1170 train_time:15740ms step_avg:24.22ms
step:675/1170 train_time:16613ms step_avg:24.61ms
step:700/1170 train_time:17754ms step_avg:25.36ms
step:725/1170 train_time:18886ms step_avg:26.05ms
step:750/1170 train_time:20023ms step_avg:26.70ms
step:775/1170 train_time:21168ms step_avg:27.31ms
step:800/1170 train_time:22309ms step_avg:27.89ms
step:825/1170 train_time:23441ms step_avg:28.41ms
step:850/1170 train_time:24579ms step_avg:28.92ms
step:875/1170 train_time:25726ms step_avg:29.40ms
step:900/1170 train_time:26869ms step_avg:29.85ms
step:925/1170 train_time:28003ms step_avg:30.27ms
step:950/1170 train_time:29152ms step_avg:30.69ms
step:975/1170 train_time:30371ms step_avg:31.15ms
step:1000/1170 train_time:31589ms step_avg:31.59ms
step:1025/1170 train_time:32795ms step_avg:31.99ms
step:1050/1170 train_time:34009ms step_avg:32.39ms
step:1075/1170 train_time:35229ms step_avg:32.77ms
step:1100/1170 train_time:36431ms step_avg:33.12ms
step:1125/1170 train_time:37608ms step_avg:33.43ms
step:1150/1170 train_time:38794ms step_avg:33.73ms
[embed] untied from lm_head; optimizer state copied exactly
step:1169/1170 train_time:39259ms step_avg:33.58ms
step:1170/1170 train_time:39280ms step_avg:33.57ms
[ship:tail-ema] win=298 blend=0.65 labels=['embed', 'lm_head']
[ship:tail-avg] win=250 blend=None labels=['mlp_bank', 'vo_bank']
[ship:value-embed] win=250 blend=None labels=['value_embeds']
[ship:bank-blend] win=298 blend={'qk_bank': 0.55, 'vo_bank': 0.34930000000000005, 'mlp_bank': 0.34930000000000005} labels=['mlp_bank', 'qk_bank', 'vo_bank']
step:1170/1170 val_loss:3.2811 train_time:39409ms step_avg:33.68ms
peak memory allocated: 53370 MiB reserved: 65486 MiB
