[Gloo] Rank 0 is connected to 7 peer ranks. Expected number of connected peer ranks is : 7
[Gloo] Rank 1 is connected to 7 peer ranks. Expected number of connected peer ranks is : 7
[Gloo] Rank 3 is connected to 7 peer ranks. Expected number of connected peer ranks is : 7
[Gloo] Rank 2 is connected to 7 peer ranks. Expected number of connected peer ranks is : 7
[Gloo] Rank 4 is connected to 7 peer ranks. Expected number of connected peer ranks is : 7
[Gloo] Rank 5 is connected to 7 peer ranks. Expected number of connected peer ranks is : 7
[Gloo] Rank [Gloo] Rank 7 is connected to 7 peer ranks. Expected number of connected peer ranks is : 76
 is connected to 7 peer ranks. Expected number of connected peer ranks is : 7
logs/cd34fa07-61c7-463d-b0bd-6621160b6920.txt
[residual-fusions] ON: post-lambda in the O gain, per-row scalar-lambda grads, VE gate slice from rstd
[value-embed] value_embeds (201216, 768) = 4 planes (plane 3 retired: layer 9 attention absent) 154.5M params, sink 294.8 MiB (before retirement: 5 planes, 251520x768, 193.2M, 368.4 MiB)
[banks] qk_bank (48, 256, 768) (42 live), vo_bank (16, 768, 768) (14 live); slot order (attn-bank idx) (0, 2, 5, 1, 7, 3, 9), narrow ++ dv64 ++ wide
[fused-kernels] selftest PASS (every fused kernel is byte-exact vs ATen)
[sampled-softmax] ON P=[10240, 14336, 24576] rows<=49152 vocab=50304 until=1095
[eval-ce] ON slab=32768 rows x 50304 vocab, 8 slabs per 262144-row val batch
[value-embed-comms] ON planes=4 table=201216x768; compact buffer 295 MB, shard 25152 rows
[graph:step] ON: 9 keys, runahead_throttle=2, pool=shared, sink_ring=4
Compiling model and warming up kernels (~7 minutes on first execution)
[warmup:restore] ON: bigram shard (10575360, 768) (15.13 GiB) out of initial_state (key _orig_mod.bigram_embed.weight), restored by zero_() in place; checksum (0.0, 0.0, 0.0); initial_state pins 0.92 GiB of CUDA
[graph:step] warmup extended for 9 capture keys; first steps [0, 317, 406, 495, 584, 673, 955, 1095, 1162]
Sampling steps [0, 1, 2, 3, 4, 5, 6, 7, 315, 316, 317, 318, 406, 407, 495, 496, 584, 585, 671, 672, 673, 674, 953, 954, 955, 956, 1093, 1094, 1095, 1096, 1160, 1161, 1162, 1163, 1164, 1165, 1166] for warmup
[embed] untied from lm_head; optimizer state copied exactly
Resetting Model
[warmup] captures armed in the single sampled pass: tgr banks ['mlp_bank', 'qk_bank', 'vo_bank'] | tgr2 1 attn + 2 mlp; prefix 0..7 last, tgr@4 tgr2@5, all self-checks consumed
step:25/1182 train_time:543ms step_avg:21.70ms
step:50/1182 train_time:973ms step_avg:19.45ms
step:75/1182 train_time:1396ms step_avg:18.61ms
step:100/1182 train_time:1826ms step_avg:18.26ms
step:125/1182 train_time:2249ms step_avg:17.99ms
step:150/1182 train_time:2679ms step_avg:17.86ms
step:175/1182 train_time:3102ms step_avg:17.73ms
step:200/1182 train_time:3532ms step_avg:17.66ms
step:225/1182 train_time:3955ms step_avg:17.58ms
step:250/1182 train_time:4385ms step_avg:17.54ms
step:275/1182 train_time:4807ms step_avg:17.48ms
step:300/1182 train_time:5237ms step_avg:17.46ms
step:325/1182 train_time:5741ms step_avg:17.67ms
step:350/1182 train_time:6505ms step_avg:18.59ms
step:375/1182 train_time:7273ms step_avg:19.39ms
step:400/1182 train_time:8041ms step_avg:20.10ms
step:425/1182 train_time:8800ms step_avg:20.71ms
step:450/1182 train_time:9565ms step_avg:21.25ms
step:475/1182 train_time:10333ms step_avg:21.75ms
step:500/1182 train_time:11102ms step_avg:22.20ms
step:525/1182 train_time:11860ms step_avg:22.59ms
step:550/1182 train_time:12625ms step_avg:22.95ms
step:575/1182 train_time:13396ms step_avg:23.30ms
step:600/1182 train_time:14165ms step_avg:23.61ms
step:625/1182 train_time:14925ms step_avg:23.88ms
step:650/1182 train_time:15690ms step_avg:24.14ms
step:675/1182 train_time:16466ms step_avg:24.39ms
step:700/1182 train_time:17602ms step_avg:25.15ms
step:725/1182 train_time:18732ms step_avg:25.84ms
step:750/1182 train_time:19867ms step_avg:26.49ms
step:775/1182 train_time:21010ms step_avg:27.11ms
step:800/1182 train_time:22155ms step_avg:27.69ms
step:825/1182 train_time:23286ms step_avg:28.23ms
step:850/1182 train_time:24424ms step_avg:28.73ms
step:875/1182 train_time:25569ms step_avg:29.22ms
step:900/1182 train_time:26711ms step_avg:29.68ms
step:925/1182 train_time:27848ms step_avg:30.11ms
step:950/1182 train_time:28987ms step_avg:30.51ms
step:975/1182 train_time:30186ms step_avg:30.96ms
step:1000/1182 train_time:31404ms step_avg:31.40ms
step:1025/1182 train_time:32609ms step_avg:31.81ms
step:1050/1182 train_time:33824ms step_avg:32.21ms
step:1075/1182 train_time:35047ms step_avg:32.60ms
step:1100/1182 train_time:36269ms step_avg:32.97ms
step:1125/1182 train_time:37442ms step_avg:33.28ms
step:1150/1182 train_time:38628ms step_avg:33.59ms
[embed] untied from lm_head; optimizer state copied exactly
step:1175/1182 train_time:39537ms step_avg:33.65ms
step:1181/1182 train_time:39666ms step_avg:33.59ms
step:1182/1182 train_time:39686ms step_avg:33.58ms
[ship:tail-ema] win=298 blend=0.65 labels=['embed', 'lm_head']
[ship:tail-avg] win=250 blend=None labels=['mlp_bank', 'vo_bank']
[ship:value-embed] win=250 blend=None labels=['value_embeds']
[ship:bank-blend] win=298 blend={'qk_bank': 0.55, 'vo_bank': 0.34930000000000005, 'mlp_bank': 0.34930000000000005} labels=['mlp_bank', 'qk_bank', 'vo_bank']
step:1182/1182 val_loss:3.2823 train_time:39822ms step_avg:33.69ms
peak memory allocated: 53370 MiB reserved: 65924 MiB
