[Gloo] Rank 5 is connected to 7 peer ranks. Expected number of connected peer ranks is : 7
[Gloo] Rank 3 is connected to 7 peer ranks. Expected number of connected peer ranks is : 7
[Gloo] Rank 4 is connected to 7 peer ranks. Expected number of connected peer ranks is : 7
[Gloo] Rank 0 is connected to 7 peer ranks. Expected number of connected peer ranks is : 7
[Gloo] Rank 1 is connected to 7 peer ranks. Expected number of connected peer ranks is : 7
[Gloo] Rank 2 is connected to 7 peer ranks. Expected number of connected peer ranks is : 7
[Gloo] Rank [Gloo] Rank 7 is connected to 76 peer ranks. Expected number of connected peer ranks is :  is connected to 77
 peer ranks. Expected number of connected peer ranks is : 7
logs/a2399b62-d896-4355-bb37-b3104c9dd5c5.txt
[residual-fusions] ON: post-lambda in the O gain, per-row scalar-lambda grads, VE gate slice from rstd
[value-embed] value_embeds (201216, 768) = 4 planes (plane 3 retired: layer 9 attention absent) 154.5M params, sink 294.8 MiB (before retirement: 5 planes, 251520x768, 193.2M, 368.4 MiB)
[banks] qk_bank (48, 256, 768) (42 live), vo_bank (16, 768, 768) (14 live); slot order (attn-bank idx) (0, 2, 5, 1, 7, 3, 9), narrow ++ dv64 ++ wide
[fused-kernels] selftest PASS (every fused kernel is byte-exact vs ATen)
[sampled-softmax] ON P=[10240, 14336, 24576] rows<=49152 vocab=50304 until=1084
[eval-ce] ON slab=32768 rows x 50304 vocab, 8 slabs per 262144-row val batch
[value-embed-comms] ON planes=4 table=201216x768; compact buffer 295 MB, shard 25152 rows
[graph:step] ON: 9 keys, runahead_throttle=2, pool=shared, sink_ring=4
Compiling model and warming up kernels (~7 minutes on first execution)
[warmup:restore] ON: bigram shard (10575360, 768) (15.13 GiB) out of initial_state (key _orig_mod.bigram_embed.weight), restored by zero_() in place; checksum (0.0, 0.0, 0.0); initial_state pins 0.92 GiB of CUDA
[graph:step] warmup extended for 9 capture keys; first steps [0, 314, 402, 490, 578, 666, 945, 1084, 1150]
Sampling steps [0, 1, 2, 3, 4, 5, 6, 7, 312, 313, 314, 315, 402, 403, 490, 491, 578, 579, 664, 665, 666, 667, 943, 944, 945, 946, 1082, 1083, 1084, 1085, 1148, 1149, 1150, 1151, 1152, 1153, 1154] for warmup
[embed] untied from lm_head; optimizer state copied exactly
Resetting Model
[warmup] captures armed in the single sampled pass: tgr banks ['mlp_bank', 'qk_bank', 'vo_bank'] | tgr2 1 attn + 2 mlp; prefix 0..7 last, tgr@4 tgr2@5, all self-checks consumed
step:25/1170 train_time:574ms step_avg:22.97ms
step:50/1170 train_time:1005ms step_avg:20.09ms
step:75/1170 train_time:1427ms step_avg:19.03ms
step:100/1170 train_time:1857ms step_avg:18.57ms
step:125/1170 train_time:2280ms step_avg:18.24ms
step:150/1170 train_time:2710ms step_avg:18.06ms
step:175/1170 train_time:3133ms step_avg:17.90ms
step:200/1170 train_time:3562ms step_avg:17.81ms
step:225/1170 train_time:3985ms step_avg:17.71ms
step:250/1170 train_time:4414ms step_avg:17.66ms
step:275/1170 train_time:4837ms step_avg:17.59ms
step:300/1170 train_time:5266ms step_avg:17.55ms
step:325/1170 train_time:5809ms step_avg:17.87ms
step:350/1170 train_time:6574ms step_avg:18.78ms
step:375/1170 train_time:7341ms step_avg:19.58ms
step:400/1170 train_time:8108ms step_avg:20.27ms
step:425/1170 train_time:8866ms step_avg:20.86ms
step:450/1170 train_time:9629ms step_avg:21.40ms
step:475/1170 train_time:10398ms step_avg:21.89ms
step:500/1170 train_time:11165ms step_avg:22.33ms
step:525/1170 train_time:11922ms step_avg:22.71ms
step:550/1170 train_time:12688ms step_avg:23.07ms
step:575/1170 train_time:13457ms step_avg:23.40ms
step:600/1170 train_time:14225ms step_avg:23.71ms
step:625/1170 train_time:14984ms step_avg:23.97ms
step:650/1170 train_time:15750ms step_avg:24.23ms
step:675/1170 train_time:16627ms step_avg:24.63ms
step:700/1170 train_time:17766ms step_avg:25.38ms
step:725/1170 train_time:18895ms step_avg:26.06ms
step:750/1170 train_time:20030ms step_avg:26.71ms
step:775/1170 train_time:21175ms step_avg:27.32ms
step:800/1170 train_time:22316ms step_avg:27.89ms
step:825/1170 train_time:23448ms step_avg:28.42ms
step:850/1170 train_time:24588ms step_avg:28.93ms
step:875/1170 train_time:25733ms step_avg:29.41ms
step:900/1170 train_time:26878ms step_avg:29.86ms
step:925/1170 train_time:28012ms step_avg:30.28ms
step:950/1170 train_time:29162ms step_avg:30.70ms
step:975/1170 train_time:30382ms step_avg:31.16ms
step:1000/1170 train_time:31598ms step_avg:31.60ms
step:1025/1170 train_time:32805ms step_avg:32.00ms
step:1050/1170 train_time:34016ms step_avg:32.40ms
step:1075/1170 train_time:35239ms step_avg:32.78ms
step:1100/1170 train_time:36442ms step_avg:33.13ms
step:1125/1170 train_time:37622ms step_avg:33.44ms
step:1150/1170 train_time:38807ms step_avg:33.75ms
[embed] untied from lm_head; optimizer state copied exactly
step:1169/1170 train_time:39273ms step_avg:33.60ms
step:1170/1170 train_time:39294ms step_avg:33.58ms
[ship:tail-ema] win=298 blend=0.65 labels=['embed', 'lm_head']
[ship:tail-avg] win=250 blend=None labels=['mlp_bank', 'vo_bank']
[ship:value-embed] win=250 blend=None labels=['value_embeds']
[ship:bank-blend] win=298 blend={'qk_bank': 0.55, 'vo_bank': 0.34930000000000005, 'mlp_bank': 0.34930000000000005} labels=['mlp_bank', 'qk_bank', 'vo_bank']
step:1170/1170 val_loss:3.2808 train_time:39428ms step_avg:33.70ms
peak memory allocated: 53370 MiB reserved: 65384 MiB
