[Gloo] Rank 6 is connected to 7 peer ranks. Expected number of connected peer ranks is : 7
[Gloo] Rank 0 is connected to 7 peer ranks. Expected number of connected peer ranks is : 7
[Gloo] Rank [Gloo] Rank [Gloo] Rank 13 is connected to 2 is connected to 7 is connected to 7 peer ranks. 7 peer ranks. Expected number of connected peer ranks is :  peer ranks. Expected number of connected peer ranks is : 7Expected number of connected peer ranks is : 7
7
[Gloo] Rank 
4 is connected to 7 peer ranks. Expected number of connected peer ranks is : 7[Gloo] Rank 
5 is connected to 7[Gloo] Rank  peer ranks. Expected number of connected peer ranks is : 77 is connected to 
7 peer ranks. Expected number of connected peer ranks is : 7
logs/eb8d0770-d977-4eda-a9e9-d3df11fa3293.txt
[residual-fusions] ON: post-lambda in the O gain, per-row scalar-lambda grads, VE gate slice from rstd
[value-embed] value_embeds (201216, 768) = 4 planes (plane 3 retired: layer 9 attention absent) 154.5M params, sink 294.8 MiB (before retirement: 5 planes, 251520x768, 193.2M, 368.4 MiB)
[banks] qk_bank (48, 256, 768) (42 live), vo_bank (16, 768, 768) (14 live); slot order (attn-bank idx) (0, 2, 5, 1, 7, 3, 9), narrow ++ dv64 ++ wide
[fused-kernels] selftest PASS (every fused kernel is byte-exact vs ATen)
[sampled-softmax] ON P=[10240, 14336, 24576] rows<=49152 vocab=50304 until=1107
[eval-ce] ON slab=32768 rows x 50304 vocab, 8 slabs per 262144-row val batch
[value-embed-comms] ON planes=4 table=201216x768; compact buffer 295 MB, shard 25152 rows
[graph:step] ON: 9 keys, runahead_throttle=2, pool=shared, sink_ring=4
Compiling model and warming up kernels (~7 minutes on first execution)
[warmup:restore] ON: bigram shard (10575360, 768) (15.13 GiB) out of initial_state (key _orig_mod.bigram_embed.weight), restored by zero_() in place; checksum (0.0, 0.0, 0.0); initial_state pins 0.92 GiB of CUDA
[graph:step] warmup extended for 9 capture keys; first steps [0, 320, 411, 501, 591, 681, 965, 1107, 1174]
Sampling steps [0, 1, 2, 3, 4, 5, 6, 7, 318, 319, 320, 321, 411, 412, 501, 502, 591, 592, 679, 680, 681, 682, 963, 964, 965, 966, 1105, 1106, 1107, 1108, 1172, 1173, 1174, 1175, 1176, 1177, 1178] for warmup
[embed] untied from lm_head; optimizer state copied exactly
Resetting Model
[warmup] captures armed in the single sampled pass: tgr banks ['mlp_bank', 'qk_bank', 'vo_bank'] | tgr2 1 attn + 2 mlp; prefix 0..7 last, tgr@4 tgr2@5, all self-checks consumed
step:25/1194 train_time:724ms step_avg:28.97ms
step:50/1194 train_time:1154ms step_avg:23.08ms
step:75/1194 train_time:1577ms step_avg:21.03ms
step:100/1194 train_time:2007ms step_avg:20.07ms
step:125/1194 train_time:2430ms step_avg:19.44ms
step:150/1194 train_time:2860ms step_avg:19.06ms
step:175/1194 train_time:3283ms step_avg:18.76ms
step:200/1194 train_time:3712ms step_avg:18.56ms
step:225/1194 train_time:4135ms step_avg:18.38ms
step:250/1194 train_time:4564ms step_avg:18.26ms
step:275/1194 train_time:4987ms step_avg:18.13ms
step:300/1194 train_time:5416ms step_avg:18.05ms
step:325/1194 train_time:5880ms step_avg:18.09ms
step:350/1194 train_time:6643ms step_avg:18.98ms
step:375/1194 train_time:7412ms step_avg:19.76ms
step:400/1194 train_time:8180ms step_avg:20.45ms
step:425/1194 train_time:8939ms step_avg:21.03ms
step:450/1194 train_time:9701ms step_avg:21.56ms
step:475/1194 train_time:10467ms step_avg:22.03ms
step:500/1194 train_time:11237ms step_avg:22.47ms
step:525/1194 train_time:11994ms step_avg:22.85ms
step:550/1194 train_time:12758ms step_avg:23.20ms
step:575/1194 train_time:13528ms step_avg:23.53ms
step:600/1194 train_time:14299ms step_avg:23.83ms
step:625/1194 train_time:15057ms step_avg:24.09ms
step:650/1194 train_time:15821ms step_avg:24.34ms
step:675/1194 train_time:16590ms step_avg:24.58ms
step:700/1194 train_time:17612ms step_avg:25.16ms
step:725/1194 train_time:18743ms step_avg:25.85ms
step:750/1194 train_time:19876ms step_avg:26.50ms
step:775/1194 train_time:21018ms step_avg:27.12ms
step:800/1194 train_time:22163ms step_avg:27.70ms
step:825/1194 train_time:23293ms step_avg:28.23ms
step:850/1194 train_time:24430ms step_avg:28.74ms
step:875/1194 train_time:25575ms step_avg:29.23ms
step:900/1194 train_time:26719ms step_avg:29.69ms
step:925/1194 train_time:27853ms step_avg:30.11ms
step:950/1194 train_time:28992ms step_avg:30.52ms
step:975/1194 train_time:30163ms step_avg:30.94ms
step:1000/1194 train_time:31376ms step_avg:31.38ms
step:1025/1194 train_time:32581ms step_avg:31.79ms
step:1050/1194 train_time:33797ms step_avg:32.19ms
step:1075/1194 train_time:35017ms step_avg:32.57ms
step:1100/1194 train_time:36238ms step_avg:32.94ms
step:1125/1194 train_time:37428ms step_avg:33.27ms
step:1150/1194 train_time:38611ms step_avg:33.57ms
step:1175/1194 train_time:39799ms step_avg:33.87ms
[embed] untied from lm_head; optimizer state copied exactly
step:1193/1194 train_time:40214ms step_avg:33.71ms
step:1194/1194 train_time:40235ms step_avg:33.70ms
[ship:tail-ema] win=298 blend=0.65 labels=['embed', 'lm_head']
[ship:tail-avg] win=250 blend=None labels=['mlp_bank', 'vo_bank']
[ship:value-embed] win=250 blend=None labels=['value_embeds']
[ship:bank-blend] win=298 blend={'qk_bank': 0.55, 'vo_bank': 0.34930000000000005, 'mlp_bank': 0.34930000000000005} labels=['mlp_bank', 'qk_bank', 'vo_bank']
step:1194/1194 val_loss:3.2759 train_time:40373ms step_avg:33.81ms
peak memory allocated: 53380 MiB reserved: 65268 MiB
