[Gloo] Rank 0 is connected to 7 peer ranks. Expected number of connected peer ranks is : 7
[Gloo] Rank 2 is connected to 7 peer ranks. Expected number of connected peer ranks is : 7
[Gloo] Rank 1 is connected to 7 peer ranks. Expected number of connected peer ranks is : 7
[Gloo] Rank 4 is connected to 7 peer ranks. Expected number of connected peer ranks is : 7
[Gloo] Rank 3 is connected to 7 peer ranks. Expected number of connected peer ranks is : 7
[Gloo] Rank 5 is connected to 7 peer ranks. Expected number of connected peer ranks is : 7
[Gloo] Rank 6[Gloo] Rank  is connected to 77 peer ranks.  is connected to Expected number of connected peer ranks is : 77 peer ranks. 
Expected number of connected peer ranks is : 7
logs/b4dee831-2cd7-4c17-891f-54547166d430.txt
[residual-fusions] ON: post-lambda in the O gain, per-row scalar-lambda grads, VE gate slice from rstd
[value-embed] value_embeds (201216, 768) = 4 planes (plane 3 retired: layer 9 attention absent) 154.5M params, sink 294.8 MiB (before retirement: 5 planes, 251520x768, 193.2M, 368.4 MiB)
[banks] qk_bank (48, 256, 768) (42 live), vo_bank (16, 768, 768) (14 live); slot order (attn-bank idx) (0, 2, 5, 1, 7, 3, 9), narrow ++ dv64 ++ wide
[fused-kernels] selftest PASS (every fused kernel is byte-exact vs ATen)
[sampled-softmax] ON P=[10240, 14336, 24576] rows<=49152 vocab=50304 until=1107
[eval-ce] ON slab=32768 rows x 50304 vocab, 8 slabs per 262144-row val batch
[value-embed-comms] ON planes=4 table=201216x768; compact buffer 295 MB, shard 25152 rows
[graph:step] ON: 9 keys, runahead_throttle=2, pool=shared, sink_ring=4
Compiling model and warming up kernels (~7 minutes on first execution)
[warmup:restore] ON: bigram shard (10575360, 768) (15.13 GiB) out of initial_state (key _orig_mod.bigram_embed.weight), restored by zero_() in place; checksum (0.0, 0.0, 0.0); initial_state pins 0.92 GiB of CUDA
[graph:step] warmup extended for 9 capture keys; first steps [0, 320, 411, 501, 591, 681, 965, 1107, 1174]
Sampling steps [0, 1, 2, 3, 4, 5, 6, 7, 318, 319, 320, 321, 411, 412, 501, 502, 591, 592, 679, 680, 681, 682, 963, 964, 965, 966, 1105, 1106, 1107, 1108, 1172, 1173, 1174, 1175, 1176, 1177, 1178] for warmup
/workspace/nanogpt_submission/.venv/lib/python3.12/site-packages/torch/_inductor/lowering.py:1904: FutureWarning: `torch._prims_common.check` is deprecated and will be removed in the future. Please use `torch._check*` functions instead.
  check(
/workspace/nanogpt_submission/.venv/lib/python3.12/site-packages/torch/_inductor/lowering.py:1904: FutureWarning: `torch._prims_common.check` is deprecated and will be removed in the future. Please use `torch._check*` functions instead.
  check(
/workspace/nanogpt_submission/.venv/lib/python3.12/site-packages/torch/_inductor/lowering.py:1904: FutureWarning: `torch._prims_common.check` is deprecated and will be removed in the future. Please use `torch._check*` functions instead.
  check(
/workspace/nanogpt_submission/.venv/lib/python3.12/site-packages/torch/_inductor/lowering.py:1904: FutureWarning: `torch._prims_common.check` is deprecated and will be removed in the future. Please use `torch._check*` functions instead.
  check(
/workspace/nanogpt_submission/.venv/lib/python3.12/site-packages/torch/_inductor/lowering.py:1904: FutureWarning: `torch._prims_common.check` is deprecated and will be removed in the future. Please use `torch._check*` functions instead.
  check(
/workspace/nanogpt_submission/.venv/lib/python3.12/site-packages/torch/_inductor/lowering.py:1904: FutureWarning: `torch._prims_common.check` is deprecated and will be removed in the future. Please use `torch._check*` functions instead.
  check(
/workspace/nanogpt_submission/.venv/lib/python3.12/site-packages/torch/_inductor/lowering.py:1904: FutureWarning: `torch._prims_common.check` is deprecated and will be removed in the future. Please use `torch._check*` functions instead.
  check(
/workspace/nanogpt_submission/.venv/lib/python3.12/site-packages/torch/_inductor/lowering.py:1904: FutureWarning: `torch._prims_common.check` is deprecated and will be removed in the future. Please use `torch._check*` functions instead.
  check(
/workspace/nanogpt_submission/.venv/lib/python3.12/site-packages/torch/_inductor/lowering.py:1904: FutureWarning: `torch._prims_common.check` is deprecated and will be removed in the future. Please use `torch._check*` functions instead.
  check(
/workspace/nanogpt_submission/.venv/lib/python3.12/site-packages/torch/_inductor/lowering.py:1904: FutureWarning: `torch._prims_common.check` is deprecated and will be removed in the future. Please use `torch._check*` functions instead.
  check(
/workspace/nanogpt_submission/.venv/lib/python3.12/site-packages/torch/_inductor/lowering.py:1904: FutureWarning: `torch._prims_common.check` is deprecated and will be removed in the future. Please use `torch._check*` functions instead.
  check(
/workspace/nanogpt_submission/.venv/lib/python3.12/site-packages/torch/_inductor/lowering.py:1904: FutureWarning: `torch._prims_common.check` is deprecated and will be removed in the future. Please use `torch._check*` functions instead.
  check(
/workspace/nanogpt_submission/.venv/lib/python3.12/site-packages/torch/_inductor/lowering.py:1904: FutureWarning: `torch._prims_common.check` is deprecated and will be removed in the future. Please use `torch._check*` functions instead.
  check(
/workspace/nanogpt_submission/.venv/lib/python3.12/site-packages/torch/_inductor/lowering.py:1904: FutureWarning: `torch._prims_common.check` is deprecated and will be removed in the future. Please use `torch._check*` functions instead.
  check(
/workspace/nanogpt_submission/.venv/lib/python3.12/site-packages/torch/_inductor/lowering.py:1904: FutureWarning: `torch._prims_common.check` is deprecated and will be removed in the future. Please use `torch._check*` functions instead.
  check(
/workspace/nanogpt_submission/.venv/lib/python3.12/site-packages/torch/_inductor/lowering.py:1904: FutureWarning: `torch._prims_common.check` is deprecated and will be removed in the future. Please use `torch._check*` functions instead.
  check(
/workspace/nanogpt_submission/.venv/lib/python3.12/site-packages/torch/_inductor/lowering.py:1904: FutureWarning: `torch._prims_common.check` is deprecated and will be removed in the future. Please use `torch._check*` functions instead.
  check(
/workspace/nanogpt_submission/.venv/lib/python3.12/site-packages/torch/_inductor/lowering.py:1904: FutureWarning: `torch._prims_common.check` is deprecated and will be removed in the future. Please use `torch._check*` functions instead.
  check(
/workspace/nanogpt_submission/.venv/lib/python3.12/site-packages/torch/_inductor/lowering.py:1904: FutureWarning: `torch._prims_common.check` is deprecated and will be removed in the future. Please use `torch._check*` functions instead.
  check(
/workspace/nanogpt_submission/.venv/lib/python3.12/site-packages/torch/_inductor/lowering.py:1904: FutureWarning: `torch._prims_common.check` is deprecated and will be removed in the future. Please use `torch._check*` functions instead.
  check(
/workspace/nanogpt_submission/.venv/lib/python3.12/site-packages/torch/_inductor/lowering.py:1904: FutureWarning: `torch._prims_common.check` is deprecated and will be removed in the future. Please use `torch._check*` functions instead.
  check(
/workspace/nanogpt_submission/.venv/lib/python3.12/site-packages/torch/_inductor/lowering.py:1904: FutureWarning: `torch._prims_common.check` is deprecated and will be removed in the future. Please use `torch._check*` functions instead.
  check(
/workspace/nanogpt_submission/.venv/lib/python3.12/site-packages/torch/_inductor/lowering.py:1904: FutureWarning: `torch._prims_common.check` is deprecated and will be removed in the future. Please use `torch._check*` functions instead.
  check(
/workspace/nanogpt_submission/.venv/lib/python3.12/site-packages/torch/_inductor/lowering.py:1904: FutureWarning: `torch._prims_common.check` is deprecated and will be removed in the future. Please use `torch._check*` functions instead.
  check(
[embed] untied from lm_head; optimizer state copied exactly
Resetting Model
[warmup] captures armed in the single sampled pass: tgr banks ['mlp_bank', 'qk_bank', 'vo_bank'] | tgr2 1 attn + 2 mlp; prefix 0..7 last, tgr@4 tgr2@5, all self-checks consumed
step:25/1194 train_time:1258ms step_avg:50.32ms
step:50/1194 train_time:1688ms step_avg:33.77ms
step:75/1194 train_time:2112ms step_avg:28.16ms
step:100/1194 train_time:2542ms step_avg:25.42ms
step:125/1194 train_time:2966ms step_avg:23.73ms
step:150/1194 train_time:3396ms step_avg:22.64ms
step:175/1194 train_time:3819ms step_avg:21.82ms
step:200/1194 train_time:4249ms step_avg:21.25ms
step:225/1194 train_time:4673ms step_avg:20.77ms
step:250/1194 train_time:5103ms step_avg:20.41ms
step:275/1194 train_time:5526ms step_avg:20.10ms
step:300/1194 train_time:5957ms step_avg:19.86ms
step:325/1194 train_time:6419ms step_avg:19.75ms
step:350/1194 train_time:7180ms step_avg:20.51ms
step:375/1194 train_time:7947ms step_avg:21.19ms
step:400/1194 train_time:8716ms step_avg:21.79ms
step:425/1194 train_time:9474ms step_avg:22.29ms
step:450/1194 train_time:10238ms step_avg:22.75ms
step:475/1194 train_time:11005ms step_avg:23.17ms
step:500/1194 train_time:11773ms step_avg:23.55ms
step:525/1194 train_time:12533ms step_avg:23.87ms
step:550/1194 train_time:13298ms step_avg:24.18ms
step:575/1194 train_time:14067ms step_avg:24.46ms
step:600/1194 train_time:14833ms step_avg:24.72ms
step:625/1194 train_time:15592ms step_avg:24.95ms
step:650/1194 train_time:16355ms step_avg:25.16ms
step:675/1194 train_time:17124ms step_avg:25.37ms
step:700/1194 train_time:18145ms step_avg:25.92ms
step:725/1194 train_time:19277ms step_avg:26.59ms
step:750/1194 train_time:20407ms step_avg:27.21ms
step:775/1194 train_time:21547ms step_avg:27.80ms
step:800/1194 train_time:22685ms step_avg:28.36ms
step:825/1194 train_time:23813ms step_avg:28.86ms
step:850/1194 train_time:24947ms step_avg:29.35ms
step:875/1194 train_time:26089ms step_avg:29.82ms
step:900/1194 train_time:27231ms step_avg:30.26ms
step:925/1194 train_time:28363ms step_avg:30.66ms
step:950/1194 train_time:29499ms step_avg:31.05ms
step:975/1194 train_time:30669ms step_avg:31.46ms
step:1000/1194 train_time:31883ms step_avg:31.88ms
step:1025/1194 train_time:33089ms step_avg:32.28ms
step:1050/1194 train_time:34298ms step_avg:32.67ms
step:1075/1194 train_time:35518ms step_avg:33.04ms
step:1100/1194 train_time:36736ms step_avg:33.40ms
step:1125/1194 train_time:37919ms step_avg:33.71ms
step:1150/1194 train_time:39100ms step_avg:34.00ms
step:1175/1194 train_time:40284ms step_avg:34.28ms
[embed] untied from lm_head; optimizer state copied exactly
step:1193/1194 train_time:40697ms step_avg:34.11ms
step:1194/1194 train_time:40718ms step_avg:34.10ms
[ship:tail-ema] win=298 blend=0.65 labels=['embed', 'lm_head']
[ship:tail-avg] win=250 blend=None labels=['mlp_bank', 'vo_bank']
[ship:value-embed] win=250 blend=None labels=['value_embeds']
[ship:bank-blend] win=298 blend={'qk_bank': 0.55, 'vo_bank': 0.34930000000000005, 'mlp_bank': 0.34930000000000005} labels=['mlp_bank', 'qk_bank', 'vo_bank']
step:1194/1194 val_loss:3.2753 train_time:40846ms step_avg:34.21ms
peak memory allocated: 53424 MiB reserved: 64864 MiB
