[Gloo] Rank 4 is connected to 7 peer ranks. Expected number of connected peer ranks is : 7
[Gloo] Rank 0 is connected to 7 peer ranks. Expected number of connected peer ranks is : 7
[Gloo] Rank 1 is connected to 7 peer ranks. Expected number of connected peer ranks is : 7
[Gloo] Rank 2 is connected to 7 peer ranks. Expected number of connected peer ranks is : 7
[Gloo] Rank 5 is connected to 7 peer ranks. Expected number of connected peer ranks is : 7
[Gloo] Rank [Gloo] Rank [Gloo] Rank 367 is connected to  is connected to  is connected to 777 peer ranks.  peer ranks.  peer ranks. Expected number of connected peer ranks is : Expected number of connected peer ranks is : Expected number of connected peer ranks is : 777


logs/88120554-cbbc-442d-9ba1-5141533bbd1f.txt
[residual-fusions] ON: post-lambda in the O gain, per-row scalar-lambda grads, VE gate slice from rstd
[value-embed] value_embeds (201216, 768) = 4 planes (plane 3 retired: layer 9 attention absent) 154.5M params, sink 294.8 MiB (before retirement: 5 planes, 251520x768, 193.2M, 368.4 MiB)
[banks] qk_bank (48, 256, 768) (42 live), vo_bank (16, 768, 768) (14 live); slot order (attn-bank idx) (0, 2, 5, 1, 7, 3, 9), narrow ++ dv64 ++ wide
[fused-kernels] selftest PASS (every fused kernel is byte-exact vs ATen)
[sampled-softmax] ON P=[10240, 14336, 24576] rows<=49152 vocab=50304 until=1095
[eval-ce] ON slab=32768 rows x 50304 vocab, 8 slabs per 262144-row val batch
[value-embed-comms] ON planes=4 table=201216x768; compact buffer 295 MB, shard 25152 rows
[graph:step] ON: 9 keys, runahead_throttle=2, pool=shared, sink_ring=4
Compiling model and warming up kernels (~7 minutes on first execution)
[warmup:restore] ON: bigram shard (10575360, 768) (15.13 GiB) out of initial_state (key _orig_mod.bigram_embed.weight), restored by zero_() in place; checksum (0.0, 0.0, 0.0); initial_state pins 0.92 GiB of CUDA
[graph:step] warmup extended for 9 capture keys; first steps [0, 317, 406, 495, 584, 673, 955, 1095, 1162]
Sampling steps [0, 1, 2, 3, 4, 5, 6, 7, 315, 316, 317, 318, 406, 407, 495, 496, 584, 585, 671, 672, 673, 674, 953, 954, 955, 956, 1093, 1094, 1095, 1096, 1160, 1161, 1162, 1163, 1164, 1165, 1166] for warmup
[embed] untied from lm_head; optimizer state copied exactly
Resetting Model
[warmup] captures armed in the single sampled pass: tgr banks ['mlp_bank', 'qk_bank', 'vo_bank'] | tgr2 1 attn + 2 mlp; prefix 0..7 last, tgr@4 tgr2@5, all self-checks consumed
step:25/1182 train_time:516ms step_avg:20.62ms
step:50/1182 train_time:945ms step_avg:18.91ms
step:75/1182 train_time:1369ms step_avg:18.25ms
step:100/1182 train_time:1799ms step_avg:17.99ms
step:125/1182 train_time:2222ms step_avg:17.77ms
step:150/1182 train_time:2652ms step_avg:17.68ms
step:175/1182 train_time:3075ms step_avg:17.57ms
step:200/1182 train_time:3504ms step_avg:17.52ms
step:225/1182 train_time:3927ms step_avg:17.45ms
step:250/1182 train_time:4358ms step_avg:17.43ms
step:275/1182 train_time:4780ms step_avg:17.38ms
step:300/1182 train_time:5210ms step_avg:17.37ms
step:325/1182 train_time:5714ms step_avg:17.58ms
step:350/1182 train_time:6478ms step_avg:18.51ms
step:375/1182 train_time:7245ms step_avg:19.32ms
step:400/1182 train_time:8013ms step_avg:20.03ms
step:425/1182 train_time:8771ms step_avg:20.64ms
step:450/1182 train_time:9534ms step_avg:21.19ms
step:475/1182 train_time:10305ms step_avg:21.70ms
step:500/1182 train_time:11074ms step_avg:22.15ms
step:525/1182 train_time:11831ms step_avg:22.53ms
step:550/1182 train_time:12594ms step_avg:22.90ms
step:575/1182 train_time:13364ms step_avg:23.24ms
step:600/1182 train_time:14133ms step_avg:23.56ms
step:625/1182 train_time:14892ms step_avg:23.83ms
step:650/1182 train_time:15657ms step_avg:24.09ms
step:675/1182 train_time:16428ms step_avg:24.34ms
step:700/1182 train_time:17568ms step_avg:25.10ms
step:725/1182 train_time:18699ms step_avg:25.79ms
step:750/1182 train_time:19835ms step_avg:26.45ms
step:775/1182 train_time:20979ms step_avg:27.07ms
step:800/1182 train_time:22120ms step_avg:27.65ms
step:825/1182 train_time:23251ms step_avg:28.18ms
step:850/1182 train_time:24389ms step_avg:28.69ms
step:875/1182 train_time:25534ms step_avg:29.18ms
step:900/1182 train_time:26680ms step_avg:29.64ms
step:925/1182 train_time:27814ms step_avg:30.07ms
step:950/1182 train_time:28953ms step_avg:30.48ms
step:975/1182 train_time:30152ms step_avg:30.92ms
step:1000/1182 train_time:31368ms step_avg:31.37ms
step:1025/1182 train_time:32574ms step_avg:31.78ms
step:1050/1182 train_time:33788ms step_avg:32.18ms
step:1075/1182 train_time:35014ms step_avg:32.57ms
step:1100/1182 train_time:36229ms step_avg:32.94ms
step:1125/1182 train_time:37407ms step_avg:33.25ms
step:1150/1182 train_time:38593ms step_avg:33.56ms
[embed] untied from lm_head; optimizer state copied exactly
step:1175/1182 train_time:39503ms step_avg:33.62ms
step:1181/1182 train_time:39632ms step_avg:33.56ms
step:1182/1182 train_time:39652ms step_avg:33.55ms
[ship:tail-ema] win=298 blend=0.65 labels=['embed', 'lm_head']
[ship:tail-avg] win=250 blend=None labels=['mlp_bank', 'vo_bank']
[ship:value-embed] win=250 blend=None labels=['value_embeds']
[ship:bank-blend] win=298 blend={'qk_bank': 0.55, 'vo_bank': 0.34930000000000005, 'mlp_bank': 0.34930000000000005} labels=['mlp_bank', 'qk_bank', 'vo_bank']
step:1182/1182 val_loss:3.2786 train_time:39787ms step_avg:33.66ms
peak memory allocated: 53370 MiB reserved: 66104 MiB
