W0928 12:36:28.946000 98901 torch/distributed/run.py:852] 
W0928 12:36:28.946000 98901 torch/distributed/run.py:852] *****************************************
W0928 12:36:28.946000 98901 torch/distributed/run.py:852] Setting OMP_NUM_THREADS environment variable for each process to be 1 in default, to avoid your system being overloaded, please further tune the variable for optimal performance in your application as needed. 
W0928 12:36:28.946000 98901 torch/distributed/run.py:852] *****************************************
[Gloo] Rank 6 is connected to 7 peer ranks. Expected number of connected peer ranks is : 7
[Gloo] Rank 0 is connected to 7 peer ranks. Expected number of connected peer ranks is : 7
[Gloo] Rank 1 is connected to 7 peer ranks. Expected number of connected peer ranks is : 7
[Gloo] Rank 4 is connected to 7 peer ranks. Expected number of connected peer ranks is : 7
[Gloo] Rank 2 is connected to 7 peer ranks. Expected number of connected peer ranks is : 7
[Gloo] Rank 5 is connected to 7 peer ranks. Expected number of connected peer ranks is : 7
[Gloo] Rank 3 is connected to 7 peer ranks. Expected number of connected peer ranks is : 7
[Gloo] Rank 7 is connected to 7 peer ranks. Expected number of connected peer ranks is : 7
You are using version 1 of 'kernels-community/flash-attn3', but version 2 is available.
You are using version 1 of 'kernels-community/flash-attn3', but version 2 is available.
You are using version 1 of 'kernels-community/flash-attn3', but version 2 is available.
You are using version 1 of 'kernels-community/flash-attn3', but version 2 is available.
You are using version 1 of 'kernels-community/flash-attn3', but version 2 is available.
You are using version 1 of 'kernels-community/flash-attn3', but version 2 is available.
You are using version 1 of 'kernels-community/flash-attn3', but version 2 is available.
You are using version 1 of 'kernels-community/flash-attn3', but version 2 is available.
Fetching 8 files:   0%|          | 0/8 [00:00<?, ?it/s]Fetching 8 files:   0%|          | 0/8 [00:00<?, ?it/s]Fetching 8 files: 100%|██████████| 8/8 [00:00<00:00, 2488.83it/s]
Fetching 8 files: 100%|██████████| 8/8 [00:00<00:00, 1909.00it/s]
Fetching 8 files:   0%|          | 0/8 [00:00<?, ?it/s]Fetching 8 files:   0%|          | 0/8 [00:00<?, ?it/s]Fetching 8 files:   0%|          | 0/8 [00:00<?, ?it/s]Fetching 8 files: 100%|██████████| 8/8 [00:00<00:00, 2735.79it/s]
Fetching 8 files: 100%|██████████| 8/8 [00:00<00:00, 2486.25it/s]
Fetching 8 files: 100%|██████████| 8/8 [00:00<00:00, 2191.67it/s]
Fetching 8 files:   0%|          | 0/8 [00:00<?, ?it/s]Fetching 8 files:   0%|          | 0/8 [00:00<?, ?it/s]Fetching 8 files: 100%|██████████| 8/8 [00:00<00:00, 1999.43it/s]
Fetching 8 files: 100%|██████████| 8/8 [00:00<00:00, 2350.90it/s]
Fetching 8 files:   0%|          | 0/8 [00:00<?, ?it/s]Fetching 8 files: 100%|██████████| 8/8 [00:00<00:00, 2016.01it/s]
logs/89dd1239-4108-41f0-a60d-2a2881b9948b.txt
seed:2 total_train_steps:688
Engram: 79,999,987 rows x 8 sites x 128 (41.0 GB host, shared mmap) | sites [1, 2, 4, 5, 7, 8, 9, 10]
[Gloo] Rank 0 is connected to 7 peer ranks. Expected number of connected peer ranks is : 7
[Gloo] Rank 1 is connected to 7 peer ranks. Expected number of connected peer ranks is : 7
[Gloo] Rank 2 is connected to 7 peer ranks. Expected number of connected peer ranks is : 7
[Gloo] Rank [Gloo] Rank 7 is connected to 7 peer ranks. Expected number of connected peer ranks is : 7[Gloo] Rank 4 is connected to 3
7 is connected to [Gloo] Rank  peer ranks. Expected number of connected peer ranks is : 776
 peer ranks. Expected number of connected peer ranks is :  is connected to 77
 peer ranks. Expected number of connected peer ranks is : 7
[Gloo] Rank 5 is connected to 7 peer ranks. Expected number of connected peer ranks is : 7
Preallocated online cache for 182,326,656 tokens per rank; offline cache capacity 10,403,000,000 tokens sharded across ranks
Compiling model and warming up kernels (~7 minutes on first execution)
Sampling steps [0, 1, 222, 223, 224, 225, 447, 448, 449, 450, 671, 672, 673, 674] for warmup
Resetting Model
Post-reset compile step done; state restored
compile and warmup: 339.7s
adaptive_softmax=0 engram_rows=80000000
step:1/688 train_time:2473ms step_avg:2472.83ms
step:2/688 train_time:3157ms step_avg:1578.72ms
step:3/688 train_time:3716ms step_avg:1238.70ms
step:4/688 train_time:4227ms step_avg:1056.85ms
step:5/688 train_time:4658ms step_avg:931.52ms
step:6/688 train_time:5046ms step_avg:841.08ms
step:7/688 train_time:5474ms step_avg:781.95ms
step:8/688 train_time:5884ms step_avg:735.46ms
step:9/688 train_time:6242ms step_avg:693.55ms
step:10/688 train_time:6575ms step_avg:657.49ms
step:11/688 train_time:6766ms step_avg:615.12ms
step:12/688 train_time:6843ms step_avg:570.23ms
step:13/688 train_time:6907ms step_avg:531.34ms
step:14/688 train_time:6976ms step_avg:498.32ms
step:15/688 train_time:7032ms step_avg:468.83ms
step:16/688 train_time:7094ms step_avg:443.41ms
step:17/688 train_time:7146ms step_avg:420.33ms
step:18/688 train_time:7204ms step_avg:400.22ms
step:19/688 train_time:7246ms step_avg:381.37ms
step:20/688 train_time:7295ms step_avg:364.75ms
step:21/688 train_time:7333ms step_avg:349.19ms
step:22/688 train_time:7377ms step_avg:335.30ms
step:23/688 train_time:7420ms step_avg:322.60ms
step:24/688 train_time:7462ms step_avg:310.93ms
step:25/688 train_time:7500ms step_avg:300.02ms
step:26/688 train_time:7546ms step_avg:290.23ms
step:27/688 train_time:7583ms step_avg:280.84ms
step:28/688 train_time:7629ms step_avg:272.45ms
step:29/688 train_time:7664ms step_avg:264.28ms
step:30/688 train_time:7707ms step_avg:256.91ms
step:31/688 train_time:7745ms step_avg:249.84ms
step:32/688 train_time:7797ms step_avg:243.64ms
step:33/688 train_time:7841ms step_avg:237.61ms
step:34/688 train_time:7891ms step_avg:232.09ms
step:35/688 train_time:7929ms step_avg:226.54ms
step:36/688 train_time:7987ms step_avg:221.85ms
step:37/688 train_time:8023ms step_avg:216.84ms
step:38/688 train_time:8078ms step_avg:212.59ms
step:39/688 train_time:8114ms step_avg:208.05ms
step:40/688 train_time:8168ms step_avg:204.21ms
step:41/688 train_time:8204ms step_avg:200.10ms
step:42/688 train_time:8260ms step_avg:196.68ms
step:43/688 train_time:8298ms step_avg:192.97ms
step:44/688 train_time:8351ms step_avg:189.79ms
step:45/688 train_time:8386ms step_avg:186.36ms
step:46/688 train_time:8442ms step_avg:183.53ms
step:47/688 train_time:8479ms step_avg:180.40ms
step:48/688 train_time:8535ms step_avg:177.82ms
step:49/688 train_time:8574ms step_avg:174.97ms
step:50/688 train_time:8628ms step_avg:172.56ms
step:51/688 train_time:8667ms step_avg:169.94ms
step:52/688 train_time:8726ms step_avg:167.80ms
step:53/688 train_time:8763ms step_avg:165.33ms
step:54/688 train_time:8811ms step_avg:163.16ms
step:55/688 train_time:8851ms step_avg:160.93ms
step:56/688 train_time:8898ms step_avg:158.90ms
step:57/688 train_time:8934ms step_avg:156.75ms
step:58/688 train_time:8991ms step_avg:155.02ms
step:59/688 train_time:9025ms step_avg:152.97ms
step:60/688 train_time:9080ms step_avg:151.33ms
step:61/688 train_time:9114ms step_avg:149.40ms
step:62/688 train_time:9172ms step_avg:147.94ms
step:63/688 train_time:9207ms step_avg:146.15ms
step:64/688 train_time:9263ms step_avg:144.74ms
step:65/688 train_time:9297ms step_avg:143.04ms
step:66/688 train_time:9353ms step_avg:141.71ms
step:67/688 train_time:9387ms step_avg:140.11ms
step:68/688 train_time:9445ms step_avg:138.90ms
step:69/688 train_time:9483ms step_avg:137.43ms
step:70/688 train_time:9536ms step_avg:136.22ms
step:71/688 train_time:9570ms step_avg:134.78ms
step:72/688 train_time:9626ms step_avg:133.69ms
step:73/688 train_time:9659ms step_avg:132.32ms
step:74/688 train_time:9717ms step_avg:131.30ms
step:75/688 train_time:9755ms step_avg:130.07ms
step:76/688 train_time:9809ms step_avg:129.06ms
step:77/688 train_time:9844ms step_avg:127.84ms
step:78/688 train_time:9897ms step_avg:126.89ms
step:79/688 train_time:9939ms step_avg:125.81ms
step:80/688 train_time:9987ms step_avg:124.83ms
step:81/688 train_time:10022ms step_avg:123.73ms
step:82/688 train_time:10077ms step_avg:122.89ms
step:83/688 train_time:10111ms step_avg:121.82ms
step:84/688 train_time:10169ms step_avg:121.06ms
step:85/688 train_time:10203ms step_avg:120.04ms
step:86/688 train_time:10258ms step_avg:119.28ms
step:87/688 train_time:10292ms step_avg:118.30ms
step:88/688 train_time:10349ms step_avg:117.60ms
step:89/688 train_time:10384ms step_avg:116.67ms
step:90/688 train_time:10434ms step_avg:115.94ms
step:91/688 train_time:10475ms step_avg:115.11ms
step:92/688 train_time:10521ms step_avg:114.36ms
step:93/688 train_time:10562ms step_avg:113.57ms
step:94/688 train_time:10611ms step_avg:112.88ms
step:95/688 train_time:10649ms step_avg:112.10ms
step:96/688 train_time:10696ms step_avg:111.42ms
step:97/688 train_time:10736ms step_avg:110.68ms
step:98/688 train_time:10781ms step_avg:110.01ms
step:99/688 train_time:10826ms step_avg:109.36ms
step:100/688 train_time:10874ms step_avg:108.74ms
step:101/688 train_time:10915ms step_avg:108.07ms
step:102/688 train_time:10962ms step_avg:107.47ms
step:103/688 train_time:11003ms step_avg:106.82ms
step:104/688 train_time:11051ms step_avg:106.26ms
step:105/688 train_time:11091ms step_avg:105.63ms
step:106/688 train_time:11139ms step_avg:105.08ms
step:107/688 train_time:11177ms step_avg:104.46ms
step:108/688 train_time:11222ms step_avg:103.91ms
step:109/688 train_time:11265ms step_avg:103.35ms
step:110/688 train_time:11306ms step_avg:102.78ms
step:111/688 train_time:11345ms step_avg:102.20ms
step:112/688 train_time:11389ms step_avg:101.68ms
step:113/688 train_time:11427ms step_avg:101.13ms
step:114/688 train_time:11472ms step_avg:100.63ms
step:115/688 train_time:11509ms step_avg:100.08ms
step:116/688 train_time:11564ms step_avg:99.69ms
step:117/688 train_time:11601ms step_avg:99.16ms
step:118/688 train_time:11642ms step_avg:98.66ms
step:119/688 train_time:11680ms step_avg:98.16ms
step:120/688 train_time:11725ms step_avg:97.71ms
step:121/688 train_time:11769ms step_avg:97.27ms
step:122/688 train_time:11811ms step_avg:96.81ms
step:123/688 train_time:11851ms step_avg:96.35ms
step:124/688 train_time:11895ms step_avg:95.93ms
step:125/688 train_time:11932ms step_avg:95.46ms
step:126/688 train_time:11977ms step_avg:95.06ms
step:127/688 train_time:12013ms step_avg:94.59ms
step:128/688 train_time:12059ms step_avg:94.21ms
step:129/688 train_time:12094ms step_avg:93.75ms
step:130/688 train_time:12136ms step_avg:93.35ms
step:131/688 train_time:12169ms step_avg:92.89ms
step:132/688 train_time:12210ms step_avg:92.50ms
step:133/688 train_time:12243ms step_avg:92.06ms
step:134/688 train_time:12289ms step_avg:91.71ms
step:135/688 train_time:12324ms step_avg:91.29ms
step:136/688 train_time:12365ms step_avg:90.92ms
step:137/688 train_time:12399ms step_avg:90.50ms
step:138/688 train_time:12444ms step_avg:90.17ms
step:139/688 train_time:12474ms step_avg:89.74ms
step:140/688 train_time:12521ms step_avg:89.43ms
step:141/688 train_time:12552ms step_avg:89.02ms
step:142/688 train_time:12594ms step_avg:88.69ms
step:143/688 train_time:12625ms step_avg:88.28ms
step:144/688 train_time:12668ms step_avg:87.97ms
step:145/688 train_time:12698ms step_avg:87.57ms
step:146/688 train_time:12746ms step_avg:87.30ms
step:147/688 train_time:12777ms step_avg:86.92ms
step:148/688 train_time:12817ms step_avg:86.60ms
step:149/688 train_time:12851ms step_avg:86.25ms
step:150/688 train_time:12893ms step_avg:85.95ms
step:151/688 train_time:12924ms step_avg:85.59ms
step:152/688 train_time:12972ms step_avg:85.34ms
step:153/688 train_time:13003ms step_avg:84.99ms
step:154/688 train_time:13052ms step_avg:84.76ms
step:155/688 train_time:13082ms step_avg:84.40ms
step:156/688 train_time:13126ms step_avg:84.14ms
step:157/688 train_time:13157ms step_avg:83.80ms
step:158/688 train_time:13203ms step_avg:83.56ms
step:159/688 train_time:13233ms step_avg:83.23ms
step:160/688 train_time:13279ms step_avg:82.99ms
step:161/688 train_time:13309ms step_avg:82.66ms
step:162/688 train_time:13356ms step_avg:82.45ms
step:163/688 train_time:13385ms step_avg:82.12ms
step:164/688 train_time:13433ms step_avg:81.91ms
step:165/688 train_time:13463ms step_avg:81.59ms
step:166/688 train_time:13509ms step_avg:81.38ms
step:167/688 train_time:13539ms step_avg:81.07ms
step:168/688 train_time:13586ms step_avg:80.87ms
step:169/688 train_time:13615ms step_avg:80.56ms
step:170/688 train_time:13662ms step_avg:80.36ms
step:171/688 train_time:13692ms step_avg:80.07ms
step:172/688 train_time:13740ms step_avg:79.88ms
step:173/688 train_time:13779ms step_avg:79.65ms
step:174/688 train_time:13820ms step_avg:79.43ms
step:175/688 train_time:13854ms step_avg:79.16ms
step:176/688 train_time:13892ms step_avg:78.93ms
step:177/688 train_time:13924ms step_avg:78.67ms
step:178/688 train_time:13971ms step_avg:78.49ms
step:179/688 train_time:14000ms step_avg:78.21ms
step:180/688 train_time:14051ms step_avg:78.06ms
step:181/688 train_time:14082ms step_avg:77.80ms
step:182/688 train_time:14120ms step_avg:77.58ms
step:183/688 train_time:14152ms step_avg:77.33ms
step:184/688 train_time:14195ms step_avg:77.15ms
step:185/688 train_time:14226ms step_avg:76.90ms
step:186/688 train_time:14272ms step_avg:76.73ms
step:187/688 train_time:14306ms step_avg:76.50ms
step:188/688 train_time:14350ms step_avg:76.33ms
step:189/688 train_time:14381ms step_avg:76.09ms
step:190/688 train_time:14426ms step_avg:75.93ms
step:191/688 train_time:14457ms step_avg:75.69ms
step:192/688 train_time:14505ms step_avg:75.55ms
step:193/688 train_time:14536ms step_avg:75.31ms
step:194/688 train_time:14580ms step_avg:75.16ms
step:195/688 train_time:14612ms step_avg:74.93ms
step:196/688 train_time:14657ms step_avg:74.78ms
step:197/688 train_time:14687ms step_avg:74.55ms
step:198/688 train_time:14732ms step_avg:74.40ms
step:199/688 train_time:14763ms step_avg:74.18ms
step:200/688 train_time:14810ms step_avg:74.05ms
step:201/688 train_time:14840ms step_avg:73.83ms
step:202/688 train_time:14888ms step_avg:73.70ms
step:203/688 train_time:14919ms step_avg:73.49ms
step:204/688 train_time:14967ms step_avg:73.37ms
step:205/688 train_time:14997ms step_avg:73.16ms
step:206/688 train_time:15047ms step_avg:73.04ms
step:207/688 train_time:15077ms step_avg:72.84ms
step:208/688 train_time:15128ms step_avg:72.73ms
step:209/688 train_time:15163ms step_avg:72.55ms
step:210/688 train_time:15209ms step_avg:72.42ms
step:211/688 train_time:15243ms step_avg:72.24ms
step:212/688 train_time:15290ms step_avg:72.12ms
step:213/688 train_time:15325ms step_avg:71.95ms
step:214/688 train_time:15371ms step_avg:71.83ms
step:215/688 train_time:15488ms step_avg:72.04ms
step:216/688 train_time:15935ms step_avg:73.77ms
step:217/688 train_time:15970ms step_avg:73.60ms
step:218/688 train_time:16211ms step_avg:74.36ms
step:219/688 train_time:16250ms step_avg:74.20ms
step:220/688 train_time:16294ms step_avg:74.06ms
step:221/688 train_time:16334ms step_avg:73.91ms
step:222/688 train_time:16381ms step_avg:73.79ms
step:223/688 train_time:16420ms step_avg:73.63ms
step:224/688 train_time:16465ms step_avg:73.50ms
step:225/688 train_time:16511ms step_avg:73.38ms
step:226/688 train_time:16885ms step_avg:74.71ms
step:227/688 train_time:16931ms step_avg:74.59ms
step:228/688 train_time:17325ms step_avg:75.99ms
step:229/688 train_time:17369ms step_avg:75.85ms
step:230/688 train_time:17428ms step_avg:75.78ms
step:231/688 train_time:17481ms step_avg:75.68ms
step:232/688 train_time:17540ms step_avg:75.60ms
step:233/688 train_time:17913ms step_avg:76.88ms
step:234/688 train_time:18312ms step_avg:78.26ms
step:235/688 train_time:18356ms step_avg:78.11ms
step:236/688 train_time:18416ms step_avg:78.03ms
step:237/688 train_time:18469ms step_avg:77.93ms
step:238/688 train_time:18528ms step_avg:77.85ms
step:239/688 train_time:18580ms step_avg:77.74ms
step:240/688 train_time:18640ms step_avg:77.67ms
step:241/688 train_time:18693ms step_avg:77.56ms
step:242/688 train_time:18752ms step_avg:77.49ms
step:243/688 train_time:18804ms step_avg:77.38ms
step:244/688 train_time:18864ms step_avg:77.31ms
step:245/688 train_time:18916ms step_avg:77.21ms
step:246/688 train_time:18975ms step_avg:77.13ms
step:247/688 train_time:19028ms step_avg:77.03ms
step:248/688 train_time:19086ms step_avg:76.96ms
step:249/688 train_time:19139ms step_avg:76.86ms
step:250/688 train_time:19199ms step_avg:76.79ms
step:251/688 train_time:19251ms step_avg:76.70ms
step:252/688 train_time:19310ms step_avg:76.63ms
step:253/688 train_time:19364ms step_avg:76.54ms
step:254/688 train_time:19422ms step_avg:76.47ms
step:255/688 train_time:19474ms step_avg:76.37ms
step:256/688 train_time:19534ms step_avg:76.30ms
step:257/688 train_time:19587ms step_avg:76.21ms
step:258/688 train_time:19645ms step_avg:76.14ms
step:259/688 train_time:19699ms step_avg:76.06ms
step:260/688 train_time:19757ms step_avg:75.99ms
step:261/688 train_time:19810ms step_avg:75.90ms
step:262/688 train_time:19869ms step_avg:75.84ms
step:263/688 train_time:19922ms step_avg:75.75ms
step:264/688 train_time:19981ms step_avg:75.69ms
step:265/688 train_time:20034ms step_avg:75.60ms
step:266/688 train_time:20093ms step_avg:75.54ms
step:267/688 train_time:20146ms step_avg:75.45ms
step:268/688 train_time:20204ms step_avg:75.39ms
step:269/688 train_time:20257ms step_avg:75.31ms
step:270/688 train_time:20317ms step_avg:75.25ms
step:271/688 train_time:20370ms step_avg:75.17ms
step:272/688 train_time:20429ms step_avg:75.11ms
step:273/688 train_time:20482ms step_avg:75.03ms
step:274/688 train_time:20541ms step_avg:74.97ms
step:275/688 train_time:20595ms step_avg:74.89ms
step:276/688 train_time:20653ms step_avg:74.83ms
step:277/688 train_time:20706ms step_avg:74.75ms
step:278/688 train_time:20766ms step_avg:74.70ms
step:279/688 train_time:20819ms step_avg:74.62ms
step:280/688 train_time:20878ms step_avg:74.56ms
step:281/688 train_time:20930ms step_avg:74.48ms
step:282/688 train_time:20988ms step_avg:74.43ms
step:283/688 train_time:21041ms step_avg:74.35ms
step:284/688 train_time:21100ms step_avg:74.30ms
step:285/688 train_time:21153ms step_avg:74.22ms
step:286/688 train_time:21212ms step_avg:74.17ms
step:287/688 train_time:21265ms step_avg:74.09ms
step:288/688 train_time:21324ms step_avg:74.04ms
step:289/688 train_time:21377ms step_avg:73.97ms
step:290/688 train_time:21436ms step_avg:73.92ms
step:291/688 train_time:21489ms step_avg:73.85ms
step:292/688 train_time:21547ms step_avg:73.79ms
step:293/688 train_time:21601ms step_avg:73.72ms
step:294/688 train_time:21659ms step_avg:73.67ms
step:295/688 train_time:21713ms step_avg:73.60ms
step:296/688 train_time:21771ms step_avg:73.55ms
step:297/688 train_time:21824ms step_avg:73.48ms
step:298/688 train_time:21883ms step_avg:73.43ms
step:299/688 train_time:21936ms step_avg:73.36ms
step:300/688 train_time:21995ms step_avg:73.32ms
step:301/688 train_time:22047ms step_avg:73.25ms
step:302/688 train_time:22106ms step_avg:73.20ms
step:303/688 train_time:22159ms step_avg:73.13ms
step:304/688 train_time:22219ms step_avg:73.09ms
step:305/688 train_time:22274ms step_avg:73.03ms
step:306/688 train_time:22330ms step_avg:72.97ms
step:307/688 train_time:22383ms step_avg:72.91ms
step:308/688 train_time:22443ms step_avg:72.87ms
step:309/688 train_time:22495ms step_avg:72.80ms
step:310/688 train_time:22554ms step_avg:72.76ms
step:311/688 train_time:22607ms step_avg:72.69ms
step:312/688 train_time:22666ms step_avg:72.65ms
step:313/688 train_time:22720ms step_avg:72.59ms
step:314/688 train_time:22778ms step_avg:72.54ms
step:315/688 train_time:22831ms step_avg:72.48ms
step:316/688 train_time:22890ms step_avg:72.44ms
step:317/688 train_time:22942ms step_avg:72.37ms
step:318/688 train_time:23001ms step_avg:72.33ms
step:319/688 train_time:23054ms step_avg:72.27ms
step:320/688 train_time:23112ms step_avg:72.23ms
step:321/688 train_time:23166ms step_avg:72.17ms
step:322/688 train_time:23225ms step_avg:72.13ms
step:323/688 train_time:23278ms step_avg:72.07ms
step:324/688 train_time:23337ms step_avg:72.03ms
step:325/688 train_time:23389ms step_avg:71.97ms
step:326/688 train_time:23448ms step_avg:71.93ms
step:327/688 train_time:23501ms step_avg:71.87ms
step:328/688 train_time:23561ms step_avg:71.83ms
step:329/688 train_time:23613ms step_avg:71.77ms
step:330/688 train_time:23672ms step_avg:71.73ms
step:331/688 train_time:23725ms step_avg:71.68ms
step:332/688 train_time:23784ms step_avg:71.64ms
step:333/688 train_time:23837ms step_avg:71.58ms
step:334/688 train_time:23896ms step_avg:71.55ms
step:335/688 train_time:23949ms step_avg:71.49ms
step:336/688 train_time:24008ms step_avg:71.45ms
step:337/688 train_time:24061ms step_avg:71.40ms
step:338/688 train_time:24120ms step_avg:71.36ms
step:339/688 train_time:24173ms step_avg:71.31ms
step:340/688 train_time:24232ms step_avg:71.27ms
step:341/688 train_time:24286ms step_avg:71.22ms
step:342/688 train_time:24343ms step_avg:71.18ms
step:343/688 train_time:24397ms step_avg:71.13ms
step:344/688 train_time:24456ms step_avg:71.09ms
step:345/688 train_time:24509ms step_avg:71.04ms
step:346/688 train_time:24568ms step_avg:71.01ms
step:347/688 train_time:24621ms step_avg:70.95ms
step:348/688 train_time:25456ms step_avg:73.15ms
step:349/688 train_time:25493ms step_avg:73.04ms
step:350/688 train_time:25534ms step_avg:72.96ms
step:351/688 train_time:25574ms step_avg:72.86ms
step:352/688 train_time:25632ms step_avg:72.82ms
step:353/688 train_time:25686ms step_avg:72.76ms
step:354/688 train_time:25744ms step_avg:72.72ms
step:355/688 train_time:25797ms step_avg:72.67ms
step:356/688 train_time:25857ms step_avg:72.63ms
step:357/688 train_time:25909ms step_avg:72.57ms
step:358/688 train_time:25973ms step_avg:72.55ms
step:359/688 train_time:26021ms step_avg:72.48ms
step:360/688 train_time:26081ms step_avg:72.45ms
step:361/688 train_time:26133ms step_avg:72.39ms
step:362/688 train_time:26192ms step_avg:72.35ms
step:363/688 train_time:26245ms step_avg:72.30ms
step:364/688 train_time:26303ms step_avg:72.26ms
step:365/688 train_time:26357ms step_avg:72.21ms
step:366/688 train_time:26416ms step_avg:72.17ms
step:367/688 train_time:26469ms step_avg:72.12ms
step:368/688 train_time:26529ms step_avg:72.09ms
step:369/688 train_time:26586ms step_avg:72.05ms
step:370/688 train_time:26640ms step_avg:72.00ms
step:371/688 train_time:26692ms step_avg:71.95ms
step:372/688 train_time:26752ms step_avg:71.91ms
step:373/688 train_time:26804ms step_avg:71.86ms
step:374/688 train_time:26862ms step_avg:71.82ms
step:375/688 train_time:26916ms step_avg:71.78ms
step:376/688 train_time:26974ms step_avg:71.74ms
step:377/688 train_time:27028ms step_avg:71.69ms
step:378/688 train_time:27086ms step_avg:71.66ms
step:379/688 train_time:27140ms step_avg:71.61ms
step:380/688 train_time:27201ms step_avg:71.58ms
step:381/688 train_time:27251ms step_avg:71.53ms
step:382/688 train_time:27311ms step_avg:71.50ms
step:383/688 train_time:27364ms step_avg:71.45ms
step:384/688 train_time:27422ms step_avg:71.41ms
step:385/688 train_time:27476ms step_avg:71.37ms
step:386/688 train_time:27535ms step_avg:71.33ms
step:387/688 train_time:27588ms step_avg:71.29ms
step:388/688 train_time:27647ms step_avg:71.26ms
step:389/688 train_time:27699ms step_avg:71.21ms
step:390/688 train_time:27759ms step_avg:71.18ms
step:391/688 train_time:27811ms step_avg:71.13ms
step:392/688 train_time:27870ms step_avg:71.10ms
step:393/688 train_time:27923ms step_avg:71.05ms
step:394/688 train_time:27982ms step_avg:71.02ms
step:395/688 train_time:28035ms step_avg:70.97ms
step:396/688 train_time:28095ms step_avg:70.95ms
step:397/688 train_time:28147ms step_avg:70.90ms
step:398/688 train_time:28207ms step_avg:70.87ms
step:399/688 train_time:28260ms step_avg:70.83ms
step:400/688 train_time:28319ms step_avg:70.80ms
step:400/688 val_loss:3.6920 train_time:28368ms step_avg:70.92ms probe
step:401/688 train_time:28400ms step_avg:70.82ms
step:402/688 train_time:28436ms step_avg:70.74ms
step:403/688 train_time:28486ms step_avg:70.68ms
step:404/688 train_time:28546ms step_avg:70.66ms
step:405/688 train_time:28600ms step_avg:70.62ms
step:406/688 train_time:28659ms step_avg:70.59ms
step:407/688 train_time:28712ms step_avg:70.54ms
step:408/688 train_time:28772ms step_avg:70.52ms
step:409/688 train_time:28824ms step_avg:70.47ms
step:410/688 train_time:28882ms step_avg:70.44ms
step:410/688 val_loss:3.6623 train_time:28933ms step_avg:70.57ms probe
step:411/688 train_time:28958ms step_avg:70.46ms
step:412/688 train_time:28995ms step_avg:70.38ms
step:413/688 train_time:29050ms step_avg:70.34ms
step:414/688 train_time:29111ms step_avg:70.32ms
step:415/688 train_time:29164ms step_avg:70.28ms
step:416/688 train_time:29224ms step_avg:70.25ms
step:417/688 train_time:29280ms step_avg:70.22ms
step:418/688 train_time:29341ms step_avg:70.19ms
step:419/688 train_time:29388ms step_avg:70.14ms
step:420/688 train_time:29447ms step_avg:70.11ms
step:420/688 val_loss:3.6330 train_time:29497ms step_avg:70.23ms probe
step:421/688 train_time:29523ms step_avg:70.13ms
step:422/688 train_time:29559ms step_avg:70.05ms
step:423/688 train_time:29614ms step_avg:70.01ms
step:424/688 train_time:29673ms step_avg:69.98ms
step:425/688 train_time:29727ms step_avg:69.95ms
step:426/688 train_time:29785ms step_avg:69.92ms
step:427/688 train_time:29838ms step_avg:69.88ms
step:428/688 train_time:29896ms step_avg:69.85ms
step:429/688 train_time:29949ms step_avg:69.81ms
step:430/688 train_time:30015ms step_avg:69.80ms
step:430/688 val_loss:3.6006 train_time:30059ms step_avg:69.91ms probe
step:431/688 train_time:30084ms step_avg:69.80ms
step:432/688 train_time:30122ms step_avg:69.73ms
step:433/688 train_time:30177ms step_avg:69.69ms
step:434/688 train_time:30236ms step_avg:69.67ms
step:435/688 train_time:30289ms step_avg:69.63ms
step:436/688 train_time:30348ms step_avg:69.61ms
step:437/688 train_time:30401ms step_avg:69.57ms
step:438/688 train_time:30459ms step_avg:69.54ms
step:439/688 train_time:30514ms step_avg:69.51ms
step:440/688 train_time:30574ms step_avg:69.49ms
step:440/688 val_loss:3.5719 train_time:30622ms step_avg:69.59ms probe
step:441/688 train_time:30650ms step_avg:69.50ms
step:442/688 train_time:30684ms step_avg:69.42ms
step:443/688 train_time:30741ms step_avg:69.39ms
step:444/688 train_time:30800ms step_avg:69.37ms
step:445/688 train_time:30852ms step_avg:69.33ms
step:446/688 train_time:30914ms step_avg:69.31ms
step:447/688 train_time:30968ms step_avg:69.28ms
step:448/688 train_time:31024ms step_avg:69.25ms
step:449/688 train_time:31078ms step_avg:69.22ms
step:450/688 train_time:31137ms step_avg:69.19ms
step:450/688 val_loss:3.5568 train_time:31215ms step_avg:69.37ms probe
step:451/688 train_time:31259ms step_avg:69.31ms
step:452/688 train_time:31309ms step_avg:69.27ms
step:453/688 train_time:31380ms step_avg:69.27ms
step:454/688 train_time:31465ms step_avg:69.31ms
step:455/688 train_time:31540ms step_avg:69.32ms
step:456/688 train_time:31626ms step_avg:69.35ms
step:457/688 train_time:31700ms step_avg:69.37ms
step:458/688 train_time:31782ms step_avg:69.39ms
step:459/688 train_time:31861ms step_avg:69.41ms
step:460/688 train_time:31942ms step_avg:69.44ms
step:460/688 val_loss:3.5550 train_time:32016ms step_avg:69.60ms probe
step:461/688 train_time:32044ms step_avg:69.51ms
step:462/688 train_time:32104ms step_avg:69.49ms
step:463/688 train_time:32187ms step_avg:69.52ms
step:464/688 train_time:32264ms step_avg:69.54ms
step:465/688 train_time:32341ms step_avg:69.55ms
step:466/688 train_time:32425ms step_avg:69.58ms
step:467/688 train_time:32501ms step_avg:69.60ms
step:468/688 train_time:32585ms step_avg:69.63ms
step:469/688 train_time:32661ms step_avg:69.64ms
step:470/688 train_time:32745ms step_avg:69.67ms
step:470/688 val_loss:3.5090 train_time:32819ms step_avg:69.83ms probe
step:471/688 train_time:32853ms step_avg:69.75ms
step:472/688 train_time:32907ms step_avg:69.72ms
step:473/688 train_time:32985ms step_avg:69.74ms
step:474/688 train_time:33069ms step_avg:69.77ms
step:475/688 train_time:33145ms step_avg:69.78ms
step:476/688 train_time:33228ms step_avg:69.81ms
step:477/688 train_time:33304ms step_avg:69.82ms
step:478/688 train_time:33386ms step_avg:69.85ms
step:479/688 train_time:33463ms step_avg:69.86ms
step:480/688 train_time:33548ms step_avg:69.89ms
step:480/688 val_loss:3.4913 train_time:33621ms step_avg:70.04ms probe
step:481/688 train_time:33650ms step_avg:69.96ms
step:482/688 train_time:33708ms step_avg:69.93ms
step:483/688 train_time:33790ms step_avg:69.96ms
step:484/688 train_time:33868ms step_avg:69.97ms
step:485/688 train_time:33944ms step_avg:69.99ms
step:486/688 train_time:34026ms step_avg:70.01ms
step:487/688 train_time:34104ms step_avg:70.03ms
step:488/688 train_time:34187ms step_avg:70.05ms
step:489/688 train_time:34263ms step_avg:70.07ms
step:490/688 train_time:34346ms step_avg:70.09ms
step:490/688 val_loss:3.4765 train_time:34420ms step_avg:70.25ms probe
step:491/688 train_time:34445ms step_avg:70.15ms
step:492/688 train_time:34505ms step_avg:70.13ms
step:493/688 train_time:34583ms step_avg:70.15ms
step:494/688 train_time:34667ms step_avg:70.18ms
step:495/688 train_time:34755ms step_avg:70.21ms
step:496/688 train_time:34834ms step_avg:70.23ms
step:497/688 train_time:34903ms step_avg:70.23ms
step:498/688 train_time:34986ms step_avg:70.25ms
step:499/688 train_time:35063ms step_avg:70.27ms
step:500/688 train_time:35147ms step_avg:70.29ms
step:500/688 val_loss:3.4646 train_time:35222ms step_avg:70.44ms probe
step:501/688 train_time:35248ms step_avg:70.36ms
step:502/688 train_time:35313ms step_avg:70.35ms
step:503/688 train_time:35387ms step_avg:70.35ms
step:504/688 train_time:35472ms step_avg:70.38ms
step:505/688 train_time:35548ms step_avg:70.39ms
step:506/688 train_time:35632ms step_avg:70.42ms
step:507/688 train_time:35722ms step_avg:70.46ms
step:508/688 train_time:35793ms step_avg:70.46ms
step:509/688 train_time:35875ms step_avg:70.48ms
step:510/688 train_time:35952ms step_avg:70.49ms
step:510/688 val_loss:3.4483 train_time:36026ms step_avg:70.64ms probe
step:511/688 train_time:36051ms step_avg:70.55ms
step:512/688 train_time:36111ms step_avg:70.53ms
step:513/688 train_time:36188ms step_avg:70.54ms
step:514/688 train_time:36272ms step_avg:70.57ms
step:515/688 train_time:36348ms step_avg:70.58ms
step:516/688 train_time:36432ms step_avg:70.60ms
step:517/688 train_time:36522ms step_avg:70.64ms
step:518/688 train_time:36593ms step_avg:70.64ms
step:519/688 train_time:36669ms step_avg:70.65ms
step:520/688 train_time:36753ms step_avg:70.68ms
step:520/688 val_loss:3.4365 train_time:36826ms step_avg:70.82ms probe
step:521/688 train_time:36851ms step_avg:70.73ms
step:522/688 train_time:36911ms step_avg:70.71ms
step:523/688 train_time:36992ms step_avg:70.73ms
step:524/688 train_time:37087ms step_avg:70.78ms
step:525/688 train_time:37166ms step_avg:70.79ms
step:526/688 train_time:37238ms step_avg:70.80ms
step:527/688 train_time:37313ms step_avg:70.80ms
step:528/688 train_time:37399ms step_avg:70.83ms
step:529/688 train_time:37474ms step_avg:70.84ms
step:530/688 train_time:37578ms step_avg:70.90ms
step:530/688 val_loss:3.4228 train_time:37627ms step_avg:70.99ms probe
step:531/688 train_time:37656ms step_avg:70.92ms
step:532/688 train_time:37712ms step_avg:70.89ms
step:533/688 train_time:37790ms step_avg:70.90ms
step:534/688 train_time:37879ms step_avg:70.94ms
step:535/688 train_time:37954ms step_avg:70.94ms
step:536/688 train_time:38060ms step_avg:71.01ms
step:537/688 train_time:38112ms step_avg:70.97ms
step:538/688 train_time:38197ms step_avg:71.00ms
step:539/688 train_time:38271ms step_avg:71.00ms
step:540/688 train_time:38359ms step_avg:71.03ms
step:540/688 val_loss:3.4119 train_time:38425ms step_avg:71.16ms probe
step:541/688 train_time:38451ms step_avg:71.07ms
step:542/688 train_time:38511ms step_avg:71.05ms
step:543/688 train_time:38592ms step_avg:71.07ms
step:544/688 train_time:38697ms step_avg:71.13ms
step:545/688 train_time:38767ms step_avg:71.13ms
step:546/688 train_time:38841ms step_avg:71.14ms
step:547/688 train_time:38914ms step_avg:71.14ms
step:548/688 train_time:39001ms step_avg:71.17ms
step:549/688 train_time:39075ms step_avg:71.17ms
step:550/688 train_time:39162ms step_avg:71.20ms
step:550/688 val_loss:3.3978 train_time:39230ms step_avg:71.33ms probe
step:551/688 train_time:39255ms step_avg:71.24ms
step:552/688 train_time:39317ms step_avg:71.23ms
step:553/688 train_time:39395ms step_avg:71.24ms
step:554/688 train_time:39485ms step_avg:71.27ms
step:555/688 train_time:39561ms step_avg:71.28ms
step:556/688 train_time:39645ms step_avg:71.30ms
step:557/688 train_time:39720ms step_avg:71.31ms
step:558/688 train_time:39804ms step_avg:71.33ms
step:559/688 train_time:39882ms step_avg:71.34ms
step:560/688 train_time:39961ms step_avg:71.36ms
step:560/688 val_loss:3.3867 train_time:40035ms step_avg:71.49ms probe
step:561/688 train_time:40062ms step_avg:71.41ms
step:562/688 train_time:40122ms step_avg:71.39ms
step:563/688 train_time:40198ms step_avg:71.40ms
step:564/688 train_time:40283ms step_avg:71.42ms
step:565/688 train_time:40360ms step_avg:71.43ms
step:566/688 train_time:40443ms step_avg:71.45ms
step:567/688 train_time:40519ms step_avg:71.46ms
step:568/688 train_time:40602ms step_avg:71.48ms
step:569/688 train_time:40678ms step_avg:71.49ms
step:570/688 train_time:40762ms step_avg:71.51ms
step:570/688 val_loss:3.3767 train_time:40836ms step_avg:71.64ms probe
step:571/688 train_time:40865ms step_avg:71.57ms
step:572/688 train_time:40923ms step_avg:71.54ms
step:573/688 train_time:41004ms step_avg:71.56ms
step:574/688 train_time:41082ms step_avg:71.57ms
step:575/688 train_time:41158ms step_avg:71.58ms
step:576/688 train_time:41242ms step_avg:71.60ms
step:577/688 train_time:41317ms step_avg:71.61ms
step:578/688 train_time:41402ms step_avg:71.63ms
step:579/688 train_time:41478ms step_avg:71.64ms
step:580/688 train_time:41563ms step_avg:71.66ms
step:580/688 val_loss:3.3655 train_time:41637ms step_avg:71.79ms probe
step:581/688 train_time:41670ms step_avg:71.72ms
step:582/688 train_time:41726ms step_avg:71.69ms
step:583/688 train_time:41803ms step_avg:71.70ms
step:584/688 train_time:41888ms step_avg:71.73ms
step:585/688 train_time:41963ms step_avg:71.73ms
step:586/688 train_time:42047ms step_avg:71.75ms
step:587/688 train_time:42123ms step_avg:71.76ms
step:588/688 train_time:42206ms step_avg:71.78ms
step:589/688 train_time:42283ms step_avg:71.79ms
step:590/688 train_time:42366ms step_avg:71.81ms
step:590/688 val_loss:3.3566 train_time:42438ms step_avg:71.93ms probe
step:591/688 train_time:42466ms step_avg:71.85ms
step:592/688 train_time:42527ms step_avg:71.84ms
step:593/688 train_time:42606ms step_avg:71.85ms
step:594/688 train_time:42688ms step_avg:71.86ms
step:595/688 train_time:42764ms step_avg:71.87ms
step:596/688 train_time:42847ms step_avg:71.89ms
step:597/688 train_time:42923ms step_avg:71.90ms
step:598/688 train_time:43008ms step_avg:71.92ms
step:599/688 train_time:43082ms step_avg:71.92ms
step:600/688 train_time:43168ms step_avg:71.95ms
step:600/688 val_loss:3.3460 train_time:43241ms step_avg:72.07ms probe
step:601/688 train_time:43277ms step_avg:72.01ms
step:602/688 train_time:43329ms step_avg:71.98ms
step:603/688 train_time:43407ms step_avg:71.99ms
step:604/688 train_time:43491ms step_avg:72.00ms
step:605/688 train_time:43567ms step_avg:72.01ms
step:606/688 train_time:43650ms step_avg:72.03ms
step:607/688 train_time:43726ms step_avg:72.04ms
step:608/688 train_time:43809ms step_avg:72.05ms
step:609/688 train_time:43888ms step_avg:72.06ms
step:610/688 train_time:43970ms step_avg:72.08ms
step:610/688 val_loss:3.3389 train_time:44042ms step_avg:72.20ms probe
step:611/688 train_time:44071ms step_avg:72.13ms
step:612/688 train_time:44130ms step_avg:72.11ms
step:613/688 train_time:44210ms step_avg:72.12ms
step:614/688 train_time:44291ms step_avg:72.13ms
step:615/688 train_time:44368ms step_avg:72.14ms
step:616/688 train_time:44452ms step_avg:72.16ms
step:617/688 train_time:44527ms step_avg:72.17ms
step:618/688 train_time:44612ms step_avg:72.19ms
step:619/688 train_time:44688ms step_avg:72.19ms
step:620/688 train_time:44770ms step_avg:72.21ms
step:620/688 val_loss:3.3282 train_time:44843ms step_avg:72.33ms probe
step:621/688 train_time:44876ms step_avg:72.26ms
step:622/688 train_time:44930ms step_avg:72.24ms
step:623/688 train_time:45008ms step_avg:72.24ms
step:624/688 train_time:45092ms step_avg:72.26ms
step:625/688 train_time:45169ms step_avg:72.27ms
step:626/688 train_time:45251ms step_avg:72.29ms
step:627/688 train_time:45326ms step_avg:72.29ms
step:628/688 train_time:45409ms step_avg:72.31ms
step:629/688 train_time:45486ms step_avg:72.31ms
step:630/688 train_time:45570ms step_avg:72.33ms
step:630/688 val_loss:3.3202 train_time:45642ms step_avg:72.45ms probe
step:631/688 train_time:45671ms step_avg:72.38ms
step:632/688 train_time:45730ms step_avg:72.36ms
step:633/688 train_time:45811ms step_avg:72.37ms
step:634/688 train_time:45893ms step_avg:72.39ms
step:635/688 train_time:45968ms step_avg:72.39ms
step:636/688 train_time:46051ms step_avg:72.41ms
step:637/688 train_time:46127ms step_avg:72.41ms
step:638/688 train_time:46211ms step_avg:72.43ms
step:639/688 train_time:46286ms step_avg:72.44ms
step:640/688 train_time:46371ms step_avg:72.45ms
step:640/688 val_loss:3.3114 train_time:46443ms step_avg:72.57ms probe
step:641/688 train_time:46478ms step_avg:72.51ms
step:642/688 train_time:46531ms step_avg:72.48ms
step:643/688 train_time:46609ms step_avg:72.49ms
step:644/688 train_time:46693ms step_avg:72.50ms
step:645/688 train_time:46768ms step_avg:72.51ms
step:646/688 train_time:46852ms step_avg:72.53ms
step:647/688 train_time:46929ms step_avg:72.53ms
step:648/688 train_time:47012ms step_avg:72.55ms
step:649/688 train_time:47095ms step_avg:72.57ms
step:650/688 train_time:47175ms step_avg:72.58ms
step:650/688 val_loss:3.3030 train_time:47247ms step_avg:72.69ms probe
step:651/688 train_time:47275ms step_avg:72.62ms
step:652/688 train_time:47335ms step_avg:72.60ms
step:653/688 train_time:47414ms step_avg:72.61ms
step:654/688 train_time:47496ms step_avg:72.62ms
step:655/688 train_time:47571ms step_avg:72.63ms
step:656/688 train_time:47653ms step_avg:72.64ms
step:657/688 train_time:47729ms step_avg:72.65ms
step:658/688 train_time:47812ms step_avg:72.66ms
step:659/688 train_time:47888ms step_avg:72.67ms
step:660/688 train_time:47973ms step_avg:72.69ms
step:660/688 val_loss:3.2952 train_time:48045ms step_avg:72.80ms probe
step:661/688 train_time:48078ms step_avg:72.74ms
step:662/688 train_time:48133ms step_avg:72.71ms
step:663/688 train_time:48210ms step_avg:72.71ms
step:664/688 train_time:48293ms step_avg:72.73ms
step:665/688 train_time:48369ms step_avg:72.74ms
step:666/688 train_time:48453ms step_avg:72.75ms
step:667/688 train_time:48528ms step_avg:72.76ms
step:668/688 train_time:48612ms step_avg:72.77ms
step:669/688 train_time:48688ms step_avg:72.78ms
step:670/688 train_time:48769ms step_avg:72.79ms
step:670/688 val_loss:3.2895 train_time:48845ms step_avg:72.90ms probe
step:671/688 train_time:48873ms step_avg:72.84ms
step:672/688 train_time:48932ms step_avg:72.81ms
step:673/688 train_time:49006ms step_avg:72.82ms
step:674/688 train_time:49090ms step_avg:72.83ms
step:675/688 train_time:49170ms step_avg:72.85ms
step:676/688 train_time:49253ms step_avg:72.86ms
step:677/688 train_time:49330ms step_avg:72.86ms
step:678/688 train_time:49412ms step_avg:72.88ms
step:679/688 train_time:49490ms step_avg:72.89ms
step:680/688 train_time:49572ms step_avg:72.90ms
step:680/688 val_loss:3.2829 train_time:49648ms step_avg:73.01ms probe
step:681/688 train_time:49683ms step_avg:72.96ms
step:682/688 train_time:49737ms step_avg:72.93ms
step:683/688 train_time:49811ms step_avg:72.93ms
step:684/688 train_time:49893ms step_avg:72.94ms
step:685/688 train_time:49970ms step_avg:72.95ms
step:686/688 train_time:50052ms step_avg:72.96ms
step:687/688 train_time:50130ms step_avg:72.97ms
step:688/688 train_time:50213ms step_avg:72.98ms
step:688/688 val_loss:3.2790 train_time:50289ms step_avg:73.09ms
adaptive softmax tail rows on rank 0: cluster 1 needed by nan% of rows, 0.000% of those over capacity, cluster 2 needed by nan% of rows, 0.000% of those over capacity
peak memory allocated: 36079 MiB reserved: 48072 MiB
