W0928 12:28:25.727000 79747 torch/distributed/run.py:852] 
W0928 12:28:25.727000 79747 torch/distributed/run.py:852] *****************************************
W0928 12:28:25.727000 79747 torch/distributed/run.py:852] Setting OMP_NUM_THREADS environment variable for each process to be 1 in default, to avoid your system being overloaded, please further tune the variable for optimal performance in your application as needed. 
W0928 12:28:25.727000 79747 torch/distributed/run.py:852] *****************************************
[Gloo] Rank 1 is connected to 7 peer ranks. Expected number of connected peer ranks is : 7
[Gloo] Rank 0 is connected to 7 peer ranks. Expected number of connected peer ranks is : 7
[Gloo] Rank 2 is connected to 7 peer ranks. Expected number of connected peer ranks is : 7
[Gloo] Rank 3 is connected to 7 peer ranks. Expected number of connected peer ranks is : 7
[Gloo] Rank [Gloo] Rank 6 is connected to 47 is connected to  peer ranks. 7Expected number of connected peer ranks is :  peer ranks. 7[Gloo] Rank Expected number of connected peer ranks is : 
75
 is connected to 7 peer ranks. Expected number of connected peer ranks is : 7
[Gloo] Rank 7 is connected to 7 peer ranks. Expected number of connected peer ranks is : 7
You are using version 1 of 'kernels-community/flash-attn3', but version 2 is available.
You are using version 1 of 'kernels-community/flash-attn3', but version 2 is available.
You are using version 1 of 'kernels-community/flash-attn3', but version 2 is available.
You are using version 1 of 'kernels-community/flash-attn3', but version 2 is available.
You are using version 1 of 'kernels-community/flash-attn3', but version 2 is available.
You are using version 1 of 'kernels-community/flash-attn3', but version 2 is available.
Fetching 8 files:   0%|          | 0/8 [00:00<?, ?it/s]Fetching 8 files:   0%|          | 0/8 [00:00<?, ?it/s]Fetching 8 files:   0%|          | 0/8 [00:00<?, ?it/s]Fetching 8 files:   0%|          | 0/8 [00:00<?, ?it/s]Fetching 8 files: 100%|██████████| 8/8 [00:00<00:00, 2502.19it/s]
You are using version 1 of 'kernels-community/flash-attn3', but version 2 is available.
Fetching 8 files: 100%|██████████| 8/8 [00:00<00:00, 2490.68it/s]
Fetching 8 files: 100%|██████████| 8/8 [00:00<00:00, 1635.05it/s]
Fetching 8 files:   0%|          | 0/8 [00:00<?, ?it/s]Fetching 8 files: 100%|██████████| 8/8 [00:00<00:00, 2020.74it/s]
Fetching 8 files: 100%|██████████| 8/8 [00:00<00:00, 2700.12it/s]
Fetching 8 files:   0%|          | 0/8 [00:00<?, ?it/s]Fetching 8 files: 100%|██████████| 8/8 [00:00<00:00, 2704.04it/s]
You are using version 1 of 'kernels-community/flash-attn3', but version 2 is available.
Fetching 8 files:   0%|          | 0/8 [00:00<?, ?it/s]Fetching 8 files: 100%|██████████| 8/8 [00:00<00:00, 1952.88it/s]
Fetching 8 files:   0%|          | 0/8 [00:00<?, ?it/s]Fetching 8 files: 100%|██████████| 8/8 [00:00<00:00, 2468.69it/s]
logs/2d7c79ce-2fe5-44d6-adc3-e728af628218.txt
seed:2 total_train_steps:688
[Gloo] Rank 0 is connected to 7 peer ranks. Expected number of connected peer ranks is : 7
[Gloo] Rank 2 is connected to 7 peer ranks. Expected number of connected peer ranks is : 7
[Gloo] Rank 1 is connected to 7 peer ranks. Expected number of connected peer ranks is : 7
[Gloo] Rank [Gloo] Rank 4 is connected to 73 peer ranks.  is connected to Expected number of connected peer ranks is : 7[Gloo] Rank 6 is connected to 7 peer ranks. Expected number of connected peer ranks is : 77 peer ranks. 

Expected number of connected peer ranks is : 7
[Gloo] Rank 5 is connected to 7 peer ranks. Expected number of connected peer ranks is : 7
[Gloo] Rank 7 is connected to 7 peer ranks. Expected number of connected peer ranks is : 7
Preallocated online cache for 182,326,656 tokens per rank; offline cache capacity 10,403,000,000 tokens sharded across ranks
Compiling model and warming up kernels (~7 minutes on first execution)
Sampling steps [0, 1, 222, 223, 224, 225, 447, 448, 449, 450, 671, 672, 673, 674] for warmup
Resetting Model
compile and warmup: 324.1s
adaptive_softmax=1 engram_rows=0
vocab stats: counted 20,000,000 tokens of fineweb_train_000001.bin in 238ms, 895 token ids unseen
vocab stats: most frequent tokens ['.', ',', ' the', '\n', ' and', ' to', ' of', ' a']
adaptive softmax coverage: head 18430 tokens 94.41%, cluster 1 16384 tokens 4.35%, cluster 2 15443 tokens 1.24%
adaptive softmax config: head_width 18432, clusters [(18432, 34816, 16384), (34816, 50304, 15443)], tail capacity {3: (0.27, 0.16), 2: (0.21, 0.12), 1: (0.07, 0.03)}
step:1/688 train_time:1182ms step_avg:1182.31ms
step:2/688 train_time:2130ms step_avg:1065.07ms
step:3/688 train_time:2799ms step_avg:933.12ms
step:4/688 train_time:3385ms step_avg:846.34ms
step:5/688 train_time:3879ms step_avg:775.81ms
step:6/688 train_time:4363ms step_avg:727.23ms
step:7/688 train_time:4815ms step_avg:687.91ms
step:8/688 train_time:5254ms step_avg:656.80ms
step:9/688 train_time:5628ms step_avg:625.28ms
step:10/688 train_time:5970ms step_avg:596.97ms
step:11/688 train_time:6242ms step_avg:567.49ms
step:12/688 train_time:6409ms step_avg:534.09ms
step:13/688 train_time:6469ms step_avg:497.65ms
step:14/688 train_time:6535ms step_avg:466.77ms
step:15/688 train_time:6590ms step_avg:439.31ms
step:16/688 train_time:6651ms step_avg:415.66ms
step:17/688 train_time:6685ms step_avg:393.25ms
step:18/688 train_time:6740ms step_avg:374.43ms
step:19/688 train_time:6780ms step_avg:356.83ms
step:20/688 train_time:6827ms step_avg:341.33ms
step:21/688 train_time:6862ms step_avg:326.76ms
step:22/688 train_time:6905ms step_avg:313.85ms
step:23/688 train_time:6935ms step_avg:301.50ms
step:24/688 train_time:6976ms step_avg:290.65ms
step:25/688 train_time:7003ms step_avg:280.13ms
step:26/688 train_time:7057ms step_avg:271.41ms
step:27/688 train_time:7086ms step_avg:262.44ms
step:28/688 train_time:7126ms step_avg:254.51ms
step:29/688 train_time:7188ms step_avg:247.85ms
step:30/688 train_time:7250ms step_avg:241.67ms
step:31/688 train_time:7278ms step_avg:234.78ms
step:32/688 train_time:7313ms step_avg:228.54ms
step:33/688 train_time:7342ms step_avg:222.50ms
step:34/688 train_time:7380ms step_avg:217.07ms
step:35/688 train_time:7409ms step_avg:211.70ms
step:36/688 train_time:7458ms step_avg:207.16ms
step:37/688 train_time:7488ms step_avg:202.37ms
step:38/688 train_time:7535ms step_avg:198.28ms
step:39/688 train_time:7566ms step_avg:194.01ms
step:40/688 train_time:7613ms step_avg:190.33ms
step:41/688 train_time:7645ms step_avg:186.47ms
step:42/688 train_time:7690ms step_avg:183.09ms
step:43/688 train_time:7722ms step_avg:179.57ms
step:44/688 train_time:7768ms step_avg:176.54ms
step:45/688 train_time:7798ms step_avg:173.29ms
step:46/688 train_time:7844ms step_avg:170.53ms
step:47/688 train_time:7877ms step_avg:167.59ms
step:48/688 train_time:7916ms step_avg:164.92ms
step:49/688 train_time:7946ms step_avg:162.16ms
step:50/688 train_time:7994ms step_avg:159.88ms
step:51/688 train_time:8023ms step_avg:157.32ms
step:52/688 train_time:8070ms step_avg:155.19ms
step:53/688 train_time:8099ms step_avg:152.82ms
step:54/688 train_time:8147ms step_avg:150.87ms
step:55/688 train_time:8176ms step_avg:148.65ms
step:56/688 train_time:8222ms step_avg:146.82ms
step:57/688 train_time:8252ms step_avg:144.76ms
step:58/688 train_time:8298ms step_avg:143.06ms
step:59/688 train_time:8326ms step_avg:141.13ms
step:60/688 train_time:8375ms step_avg:139.59ms
step:61/688 train_time:8404ms step_avg:137.78ms
step:62/688 train_time:8450ms step_avg:136.29ms
step:63/688 train_time:8480ms step_avg:134.60ms
step:64/688 train_time:8526ms step_avg:133.22ms
step:65/688 train_time:8555ms step_avg:131.62ms
step:66/688 train_time:8602ms step_avg:130.33ms
step:67/688 train_time:8630ms step_avg:128.81ms
step:68/688 train_time:8678ms step_avg:127.62ms
step:69/688 train_time:8707ms step_avg:126.19ms
step:70/688 train_time:8753ms step_avg:125.04ms
step:71/688 train_time:8782ms step_avg:123.69ms
step:72/688 train_time:8827ms step_avg:122.60ms
step:73/688 train_time:8857ms step_avg:121.33ms
step:74/688 train_time:8906ms step_avg:120.36ms
step:75/688 train_time:8935ms step_avg:119.14ms
step:76/688 train_time:8983ms step_avg:118.19ms
step:77/688 train_time:9013ms step_avg:117.05ms
step:78/688 train_time:9058ms step_avg:116.12ms
step:79/688 train_time:9088ms step_avg:115.03ms
step:80/688 train_time:9133ms step_avg:114.16ms
step:81/688 train_time:9163ms step_avg:113.13ms
step:82/688 train_time:9208ms step_avg:112.29ms
step:83/688 train_time:9237ms step_avg:111.29ms
step:84/688 train_time:9287ms step_avg:110.56ms
step:85/688 train_time:9316ms step_avg:109.60ms
step:86/688 train_time:9363ms step_avg:108.87ms
step:87/688 train_time:9393ms step_avg:107.96ms
step:88/688 train_time:9440ms step_avg:107.27ms
step:89/688 train_time:9470ms step_avg:106.40ms
step:90/688 train_time:9527ms step_avg:105.85ms
step:91/688 train_time:9558ms step_avg:105.03ms
step:92/688 train_time:9601ms step_avg:104.36ms
step:93/688 train_time:9630ms step_avg:103.55ms
step:94/688 train_time:9679ms step_avg:102.97ms
step:95/688 train_time:9708ms step_avg:102.19ms
step:96/688 train_time:9761ms step_avg:101.68ms
step:97/688 train_time:9790ms step_avg:100.93ms
step:98/688 train_time:9840ms step_avg:100.41ms
step:99/688 train_time:9870ms step_avg:99.70ms
step:100/688 train_time:9920ms step_avg:99.20ms
step:101/688 train_time:9949ms step_avg:98.50ms
step:102/688 train_time:9997ms step_avg:98.01ms
step:103/688 train_time:10025ms step_avg:97.33ms
step:104/688 train_time:10074ms step_avg:96.87ms
step:105/688 train_time:10103ms step_avg:96.22ms
step:106/688 train_time:10151ms step_avg:95.77ms
step:107/688 train_time:10181ms step_avg:95.15ms
step:108/688 train_time:10229ms step_avg:94.71ms
step:109/688 train_time:10259ms step_avg:94.12ms
step:110/688 train_time:10305ms step_avg:93.68ms
step:111/688 train_time:10336ms step_avg:93.12ms
step:112/688 train_time:10386ms step_avg:92.73ms
step:113/688 train_time:10417ms step_avg:92.18ms
step:114/688 train_time:10468ms step_avg:91.83ms
step:115/688 train_time:10497ms step_avg:91.28ms
step:116/688 train_time:10548ms step_avg:90.93ms
step:117/688 train_time:10578ms step_avg:90.41ms
step:118/688 train_time:10626ms step_avg:90.05ms
step:119/688 train_time:10656ms step_avg:89.55ms
step:120/688 train_time:10704ms step_avg:89.20ms
step:121/688 train_time:10734ms step_avg:88.71ms
step:122/688 train_time:10780ms step_avg:88.36ms
step:123/688 train_time:10809ms step_avg:87.88ms
step:124/688 train_time:10859ms step_avg:87.57ms
step:125/688 train_time:10888ms step_avg:87.10ms
step:126/688 train_time:10938ms step_avg:86.81ms
step:127/688 train_time:10968ms step_avg:86.36ms
step:128/688 train_time:11018ms step_avg:86.08ms
step:129/688 train_time:11047ms step_avg:85.64ms
step:130/688 train_time:11095ms step_avg:85.35ms
step:131/688 train_time:11123ms step_avg:84.91ms
step:132/688 train_time:11173ms step_avg:84.65ms
step:133/688 train_time:11201ms step_avg:84.22ms
step:134/688 train_time:11250ms step_avg:83.96ms
step:135/688 train_time:11278ms step_avg:83.54ms
step:136/688 train_time:11330ms step_avg:83.31ms
step:137/688 train_time:11358ms step_avg:82.90ms
step:138/688 train_time:11408ms step_avg:82.67ms
step:139/688 train_time:11437ms step_avg:82.28ms
step:140/688 train_time:11486ms step_avg:82.04ms
step:141/688 train_time:11515ms step_avg:81.67ms
step:142/688 train_time:11563ms step_avg:81.43ms
step:143/688 train_time:11593ms step_avg:81.07ms
step:144/688 train_time:11642ms step_avg:80.85ms
step:145/688 train_time:11672ms step_avg:80.50ms
step:146/688 train_time:11719ms step_avg:80.27ms
step:147/688 train_time:11748ms step_avg:79.92ms
step:148/688 train_time:11798ms step_avg:79.72ms
step:149/688 train_time:11828ms step_avg:79.38ms
step:150/688 train_time:11874ms step_avg:79.16ms
step:151/688 train_time:11904ms step_avg:78.84ms
step:152/688 train_time:11950ms step_avg:78.62ms
step:153/688 train_time:11980ms step_avg:78.30ms
step:154/688 train_time:12025ms step_avg:78.08ms
step:155/688 train_time:12054ms step_avg:77.77ms
step:156/688 train_time:12099ms step_avg:77.56ms
step:157/688 train_time:12128ms step_avg:77.25ms
step:158/688 train_time:12172ms step_avg:77.03ms
step:159/688 train_time:12201ms step_avg:76.74ms
step:160/688 train_time:12243ms step_avg:76.52ms
step:161/688 train_time:12274ms step_avg:76.23ms
step:162/688 train_time:12314ms step_avg:76.01ms
step:163/688 train_time:12344ms step_avg:75.73ms
step:164/688 train_time:12394ms step_avg:75.57ms
step:165/688 train_time:12423ms step_avg:75.29ms
step:166/688 train_time:12475ms step_avg:75.15ms
step:167/688 train_time:12503ms step_avg:74.87ms
step:168/688 train_time:12554ms step_avg:74.73ms
step:169/688 train_time:12584ms step_avg:74.46ms
step:170/688 train_time:12631ms step_avg:74.30ms
step:171/688 train_time:12660ms step_avg:74.04ms
step:172/688 train_time:12710ms step_avg:73.89ms
step:173/688 train_time:12739ms step_avg:73.63ms
step:174/688 train_time:12788ms step_avg:73.49ms
step:175/688 train_time:12817ms step_avg:73.24ms
step:176/688 train_time:12866ms step_avg:73.10ms
step:177/688 train_time:12896ms step_avg:72.86ms
step:178/688 train_time:12942ms step_avg:72.71ms
step:179/688 train_time:12971ms step_avg:72.46ms
step:180/688 train_time:13021ms step_avg:72.34ms
step:181/688 train_time:13049ms step_avg:72.10ms
step:182/688 train_time:13100ms step_avg:71.98ms
step:183/688 train_time:13128ms step_avg:71.74ms
step:184/688 train_time:13179ms step_avg:71.62ms
step:185/688 train_time:13207ms step_avg:71.39ms
step:186/688 train_time:13257ms step_avg:71.27ms
step:187/688 train_time:13285ms step_avg:71.04ms
step:188/688 train_time:13335ms step_avg:70.93ms
step:189/688 train_time:13364ms step_avg:70.71ms
step:190/688 train_time:13413ms step_avg:70.60ms
step:191/688 train_time:13442ms step_avg:70.38ms
step:192/688 train_time:13492ms step_avg:70.27ms
step:193/688 train_time:13521ms step_avg:70.06ms
step:194/688 train_time:13570ms step_avg:69.95ms
step:195/688 train_time:13599ms step_avg:69.74ms
step:196/688 train_time:13649ms step_avg:69.64ms
step:197/688 train_time:13677ms step_avg:69.43ms
step:198/688 train_time:13730ms step_avg:69.34ms
step:199/688 train_time:13759ms step_avg:69.14ms
step:200/688 train_time:13810ms step_avg:69.05ms
step:201/688 train_time:13838ms step_avg:68.85ms
step:202/688 train_time:13890ms step_avg:68.76ms
step:203/688 train_time:13918ms step_avg:68.56ms
step:204/688 train_time:13968ms step_avg:68.47ms
step:205/688 train_time:13996ms step_avg:68.28ms
step:206/688 train_time:14048ms step_avg:68.19ms
step:207/688 train_time:14076ms step_avg:68.00ms
step:208/688 train_time:14128ms step_avg:67.92ms
step:209/688 train_time:14159ms step_avg:67.75ms
step:210/688 train_time:14204ms step_avg:67.64ms
step:211/688 train_time:14234ms step_avg:67.46ms
step:212/688 train_time:14286ms step_avg:67.39ms
step:213/688 train_time:14315ms step_avg:67.21ms
step:214/688 train_time:14364ms step_avg:67.12ms
step:215/688 train_time:14394ms step_avg:66.95ms
step:216/688 train_time:14447ms step_avg:66.88ms
step:217/688 train_time:14478ms step_avg:66.72ms
step:218/688 train_time:14527ms step_avg:66.64ms
step:219/688 train_time:14558ms step_avg:66.47ms
step:220/688 train_time:14612ms step_avg:66.42ms
step:221/688 train_time:14643ms step_avg:66.26ms
step:222/688 train_time:14694ms step_avg:66.19ms
step:223/688 train_time:14724ms step_avg:66.03ms
step:224/688 train_time:14778ms step_avg:65.97ms
step:225/688 train_time:14817ms step_avg:65.85ms
step:226/688 train_time:14866ms step_avg:65.78ms
step:227/688 train_time:14897ms step_avg:65.63ms
step:228/688 train_time:14950ms step_avg:65.57ms
step:229/688 train_time:14997ms step_avg:65.49ms
step:230/688 train_time:15051ms step_avg:65.44ms
step:231/688 train_time:15098ms step_avg:65.36ms
step:232/688 train_time:15151ms step_avg:65.30ms
step:233/688 train_time:15198ms step_avg:65.23ms
step:234/688 train_time:15251ms step_avg:65.18ms
step:235/688 train_time:15298ms step_avg:65.10ms
step:236/688 train_time:15351ms step_avg:65.05ms
step:237/688 train_time:15399ms step_avg:64.97ms
step:238/688 train_time:15452ms step_avg:64.92ms
step:239/688 train_time:15499ms step_avg:64.85ms
step:240/688 train_time:15552ms step_avg:64.80ms
step:241/688 train_time:15600ms step_avg:64.73ms
step:242/688 train_time:15652ms step_avg:64.68ms
step:243/688 train_time:15700ms step_avg:64.61ms
step:244/688 train_time:15754ms step_avg:64.56ms
step:245/688 train_time:15801ms step_avg:64.49ms
step:246/688 train_time:15854ms step_avg:64.45ms
step:247/688 train_time:15901ms step_avg:64.38ms
step:248/688 train_time:15954ms step_avg:64.33ms
step:249/688 train_time:16001ms step_avg:64.26ms
step:250/688 train_time:16054ms step_avg:64.22ms
step:251/688 train_time:16102ms step_avg:64.15ms
step:252/688 train_time:16154ms step_avg:64.10ms
step:253/688 train_time:16202ms step_avg:64.04ms
step:254/688 train_time:16255ms step_avg:64.00ms
step:255/688 train_time:16302ms step_avg:63.93ms
step:256/688 train_time:16355ms step_avg:63.89ms
step:257/688 train_time:16403ms step_avg:63.82ms
step:258/688 train_time:16455ms step_avg:63.78ms
step:259/688 train_time:16503ms step_avg:63.72ms
step:260/688 train_time:16556ms step_avg:63.68ms
step:261/688 train_time:16603ms step_avg:63.61ms
step:262/688 train_time:16656ms step_avg:63.57ms
step:263/688 train_time:16704ms step_avg:63.51ms
step:264/688 train_time:16757ms step_avg:63.47ms
step:265/688 train_time:16804ms step_avg:63.41ms
step:266/688 train_time:16857ms step_avg:63.37ms
step:267/688 train_time:16904ms step_avg:63.31ms
step:268/688 train_time:16957ms step_avg:63.27ms
step:269/688 train_time:17005ms step_avg:63.21ms
step:270/688 train_time:17058ms step_avg:63.18ms
step:271/688 train_time:17105ms step_avg:63.12ms
step:272/688 train_time:17157ms step_avg:63.08ms
step:273/688 train_time:17205ms step_avg:63.02ms
step:274/688 train_time:17258ms step_avg:62.99ms
step:275/688 train_time:17306ms step_avg:62.93ms
step:276/688 train_time:17358ms step_avg:62.89ms
step:277/688 train_time:17406ms step_avg:62.84ms
step:278/688 train_time:17459ms step_avg:62.80ms
step:279/688 train_time:17506ms step_avg:62.75ms
step:280/688 train_time:17559ms step_avg:62.71ms
step:281/688 train_time:17606ms step_avg:62.66ms
step:282/688 train_time:17659ms step_avg:62.62ms
step:283/688 train_time:17707ms step_avg:62.57ms
step:284/688 train_time:17760ms step_avg:62.53ms
step:285/688 train_time:17807ms step_avg:62.48ms
step:286/688 train_time:17860ms step_avg:62.45ms
step:287/688 train_time:17907ms step_avg:62.40ms
step:288/688 train_time:17960ms step_avg:62.36ms
step:289/688 train_time:18008ms step_avg:62.31ms
step:290/688 train_time:18060ms step_avg:62.28ms
step:291/688 train_time:18108ms step_avg:62.23ms
step:292/688 train_time:18161ms step_avg:62.19ms
step:293/688 train_time:18209ms step_avg:62.15ms
step:294/688 train_time:18261ms step_avg:62.11ms
step:295/688 train_time:18309ms step_avg:62.06ms
step:296/688 train_time:18361ms step_avg:62.03ms
step:297/688 train_time:18409ms step_avg:61.98ms
step:298/688 train_time:18462ms step_avg:61.95ms
step:299/688 train_time:18510ms step_avg:61.90ms
step:300/688 train_time:18562ms step_avg:61.87ms
step:301/688 train_time:18610ms step_avg:61.83ms
step:302/688 train_time:18663ms step_avg:61.80ms
step:303/688 train_time:18710ms step_avg:61.75ms
step:304/688 train_time:18763ms step_avg:61.72ms
step:305/688 train_time:18810ms step_avg:61.67ms
step:306/688 train_time:18863ms step_avg:61.64ms
step:307/688 train_time:18911ms step_avg:61.60ms
step:308/688 train_time:18963ms step_avg:61.57ms
step:309/688 train_time:19011ms step_avg:61.53ms
step:310/688 train_time:19064ms step_avg:61.50ms
step:311/688 train_time:19112ms step_avg:61.45ms
step:312/688 train_time:19164ms step_avg:61.42ms
step:313/688 train_time:19212ms step_avg:61.38ms
step:314/688 train_time:19265ms step_avg:61.35ms
step:315/688 train_time:19313ms step_avg:61.31ms
step:316/688 train_time:19365ms step_avg:61.28ms
step:317/688 train_time:19413ms step_avg:61.24ms
step:318/688 train_time:19465ms step_avg:61.21ms
step:319/688 train_time:19514ms step_avg:61.17ms
step:320/688 train_time:19587ms step_avg:61.21ms
step:321/688 train_time:19614ms step_avg:61.10ms
step:322/688 train_time:19666ms step_avg:61.08ms
step:323/688 train_time:19714ms step_avg:61.04ms
step:324/688 train_time:19767ms step_avg:61.01ms
step:325/688 train_time:19815ms step_avg:60.97ms
step:326/688 train_time:19867ms step_avg:60.94ms
step:327/688 train_time:19915ms step_avg:60.90ms
step:328/688 train_time:19968ms step_avg:60.88ms
step:329/688 train_time:20016ms step_avg:60.84ms
step:330/688 train_time:20069ms step_avg:60.81ms
step:331/688 train_time:20116ms step_avg:60.77ms
step:332/688 train_time:20169ms step_avg:60.75ms
step:333/688 train_time:20217ms step_avg:60.71ms
step:334/688 train_time:20269ms step_avg:60.69ms
step:335/688 train_time:20317ms step_avg:60.65ms
step:336/688 train_time:20370ms step_avg:60.63ms
step:337/688 train_time:20417ms step_avg:60.59ms
step:338/688 train_time:20470ms step_avg:60.56ms
step:339/688 train_time:20517ms step_avg:60.52ms
step:340/688 train_time:20570ms step_avg:60.50ms
step:341/688 train_time:20618ms step_avg:60.46ms
step:342/688 train_time:20671ms step_avg:60.44ms
step:343/688 train_time:20718ms step_avg:60.40ms
step:344/688 train_time:20771ms step_avg:60.38ms
step:345/688 train_time:20818ms step_avg:60.34ms
step:346/688 train_time:20872ms step_avg:60.32ms
step:347/688 train_time:20919ms step_avg:60.28ms
step:348/688 train_time:20972ms step_avg:60.26ms
step:349/688 train_time:21019ms step_avg:60.23ms
step:350/688 train_time:21073ms step_avg:60.21ms
step:351/688 train_time:21119ms step_avg:60.17ms
step:352/688 train_time:21172ms step_avg:60.15ms
step:353/688 train_time:21219ms step_avg:60.11ms
step:354/688 train_time:21272ms step_avg:60.09ms
step:355/688 train_time:21319ms step_avg:60.05ms
step:356/688 train_time:21372ms step_avg:60.03ms
step:357/688 train_time:21420ms step_avg:60.00ms
step:358/688 train_time:21472ms step_avg:59.98ms
step:359/688 train_time:21520ms step_avg:59.94ms
step:360/688 train_time:21573ms step_avg:59.92ms
step:361/688 train_time:21620ms step_avg:59.89ms
step:362/688 train_time:21673ms step_avg:59.87ms
step:363/688 train_time:21720ms step_avg:59.84ms
step:364/688 train_time:21773ms step_avg:59.82ms
step:365/688 train_time:21821ms step_avg:59.78ms
step:366/688 train_time:21874ms step_avg:59.76ms
step:367/688 train_time:21921ms step_avg:59.73ms
step:368/688 train_time:21973ms step_avg:59.71ms
step:369/688 train_time:22021ms step_avg:59.68ms
step:370/688 train_time:22074ms step_avg:59.66ms
step:371/688 train_time:22121ms step_avg:59.63ms
step:372/688 train_time:22174ms step_avg:59.61ms
step:373/688 train_time:22222ms step_avg:59.58ms
step:374/688 train_time:22274ms step_avg:59.56ms
step:375/688 train_time:22322ms step_avg:59.52ms
step:376/688 train_time:22374ms step_avg:59.51ms
step:377/688 train_time:22422ms step_avg:59.47ms
step:378/688 train_time:22476ms step_avg:59.46ms
step:379/688 train_time:22522ms step_avg:59.43ms
step:380/688 train_time:22575ms step_avg:59.41ms
step:381/688 train_time:22623ms step_avg:59.38ms
step:382/688 train_time:22676ms step_avg:59.36ms
step:383/688 train_time:22723ms step_avg:59.33ms
step:384/688 train_time:22777ms step_avg:59.31ms
step:385/688 train_time:22823ms step_avg:59.28ms
step:386/688 train_time:22877ms step_avg:59.27ms
step:387/688 train_time:22924ms step_avg:59.23ms
step:388/688 train_time:22977ms step_avg:59.22ms
step:389/688 train_time:23024ms step_avg:59.19ms
step:390/688 train_time:23077ms step_avg:59.17ms
step:391/688 train_time:23124ms step_avg:59.14ms
step:392/688 train_time:23177ms step_avg:59.13ms
step:393/688 train_time:23224ms step_avg:59.10ms
step:394/688 train_time:23279ms step_avg:59.08ms
step:395/688 train_time:23325ms step_avg:59.05ms
step:396/688 train_time:23377ms step_avg:59.03ms
step:397/688 train_time:23425ms step_avg:59.01ms
step:398/688 train_time:23477ms step_avg:58.99ms
step:399/688 train_time:23526ms step_avg:58.96ms
step:400/688 train_time:23578ms step_avg:58.94ms
step:400/688 val_loss:3.6629 train_time:23629ms step_avg:59.07ms probe
step:401/688 train_time:23663ms step_avg:59.01ms
step:402/688 train_time:23714ms step_avg:58.99ms
step:403/688 train_time:23744ms step_avg:58.92ms
step:404/688 train_time:23803ms step_avg:58.92ms
step:405/688 train_time:23843ms step_avg:58.87ms
step:406/688 train_time:23898ms step_avg:58.86ms
step:407/688 train_time:23943ms step_avg:58.83ms
step:408/688 train_time:24000ms step_avg:58.82ms
step:409/688 train_time:24044ms step_avg:58.79ms
step:410/688 train_time:24095ms step_avg:58.77ms
step:410/688 val_loss:3.6347 train_time:24145ms step_avg:58.89ms probe
step:411/688 train_time:24171ms step_avg:58.81ms
step:412/688 train_time:24206ms step_avg:58.75ms
step:413/688 train_time:24250ms step_avg:58.72ms
step:414/688 train_time:24297ms step_avg:58.69ms
step:415/688 train_time:24345ms step_avg:58.66ms
step:416/688 train_time:24397ms step_avg:58.65ms
step:417/688 train_time:24446ms step_avg:58.62ms
step:418/688 train_time:24497ms step_avg:58.61ms
step:419/688 train_time:24546ms step_avg:58.58ms
step:420/688 train_time:24598ms step_avg:58.57ms
step:420/688 val_loss:3.6032 train_time:24649ms step_avg:58.69ms probe
step:421/688 train_time:24675ms step_avg:58.61ms
step:422/688 train_time:24709ms step_avg:58.55ms
step:423/688 train_time:24750ms step_avg:58.51ms
step:424/688 train_time:24806ms step_avg:58.51ms
step:425/688 train_time:24850ms step_avg:58.47ms
step:426/688 train_time:24902ms step_avg:58.46ms
step:427/688 train_time:24951ms step_avg:58.43ms
step:428/688 train_time:25002ms step_avg:58.42ms
step:429/688 train_time:25051ms step_avg:58.39ms
step:430/688 train_time:25102ms step_avg:58.38ms
step:430/688 val_loss:3.5826 train_time:25153ms step_avg:58.50ms probe
step:431/688 train_time:25177ms step_avg:58.41ms
step:432/688 train_time:25210ms step_avg:58.36ms
step:433/688 train_time:25257ms step_avg:58.33ms
step:434/688 train_time:25305ms step_avg:58.31ms
step:435/688 train_time:25353ms step_avg:58.28ms
step:436/688 train_time:25406ms step_avg:58.27ms
step:437/688 train_time:25454ms step_avg:58.25ms
step:438/688 train_time:25506ms step_avg:58.23ms
step:439/688 train_time:25554ms step_avg:58.21ms
step:440/688 train_time:25607ms step_avg:58.20ms
step:440/688 val_loss:3.5461 train_time:25657ms step_avg:58.31ms probe
step:441/688 train_time:25681ms step_avg:58.23ms
step:442/688 train_time:25723ms step_avg:58.20ms
step:443/688 train_time:25764ms step_avg:58.16ms
step:444/688 train_time:25817ms step_avg:58.15ms
step:445/688 train_time:25859ms step_avg:58.11ms
step:446/688 train_time:25911ms step_avg:58.10ms
step:447/688 train_time:25959ms step_avg:58.07ms
step:448/688 train_time:26014ms step_avg:58.07ms
step:449/688 train_time:26059ms step_avg:58.04ms
step:450/688 train_time:26113ms step_avg:58.03ms
step:450/688 val_loss:3.5351 train_time:26185ms step_avg:58.19ms probe
step:451/688 train_time:26214ms step_avg:58.12ms
step:452/688 train_time:26282ms step_avg:58.15ms
step:453/688 train_time:26335ms step_avg:58.14ms
step:454/688 train_time:26407ms step_avg:58.16ms
step:455/688 train_time:26473ms step_avg:58.18ms
step:456/688 train_time:26543ms step_avg:58.21ms
step:457/688 train_time:26612ms step_avg:58.23ms
step:458/688 train_time:26682ms step_avg:58.26ms
step:459/688 train_time:26749ms step_avg:58.28ms
step:460/688 train_time:26819ms step_avg:58.30ms
step:460/688 val_loss:3.5270 train_time:26890ms step_avg:58.46ms probe
step:461/688 train_time:26922ms step_avg:58.40ms
step:462/688 train_time:26965ms step_avg:58.37ms
step:463/688 train_time:27034ms step_avg:58.39ms
step:464/688 train_time:27100ms step_avg:58.40ms
step:465/688 train_time:27168ms step_avg:58.42ms
step:466/688 train_time:27238ms step_avg:58.45ms
step:467/688 train_time:27306ms step_avg:58.47ms
step:468/688 train_time:27376ms step_avg:58.50ms
step:469/688 train_time:27444ms step_avg:58.52ms
step:470/688 train_time:27515ms step_avg:58.54ms
step:470/688 val_loss:3.4848 train_time:27585ms step_avg:58.69ms probe
step:471/688 train_time:27610ms step_avg:58.62ms
step:472/688 train_time:27658ms step_avg:58.60ms
step:473/688 train_time:27751ms step_avg:58.67ms
step:474/688 train_time:27793ms step_avg:58.63ms
step:475/688 train_time:27866ms step_avg:58.66ms
step:476/688 train_time:27931ms step_avg:58.68ms
step:477/688 train_time:27999ms step_avg:58.70ms
step:478/688 train_time:28069ms step_avg:58.72ms
step:479/688 train_time:28137ms step_avg:58.74ms
step:480/688 train_time:28207ms step_avg:58.76ms
step:480/688 val_loss:3.4735 train_time:28278ms step_avg:58.91ms probe
step:481/688 train_time:28304ms step_avg:58.84ms
step:482/688 train_time:28347ms step_avg:58.81ms
step:483/688 train_time:28426ms step_avg:58.85ms
step:484/688 train_time:28485ms step_avg:58.85ms
step:485/688 train_time:28553ms step_avg:58.87ms
step:486/688 train_time:28623ms step_avg:58.89ms
step:487/688 train_time:28690ms step_avg:58.91ms
step:488/688 train_time:28761ms step_avg:58.94ms
step:489/688 train_time:28829ms step_avg:58.95ms
step:490/688 train_time:28899ms step_avg:58.98ms
step:490/688 val_loss:3.4532 train_time:28970ms step_avg:59.12ms probe
step:491/688 train_time:28995ms step_avg:59.05ms
step:492/688 train_time:29039ms step_avg:59.02ms
step:493/688 train_time:29139ms step_avg:59.11ms
step:494/688 train_time:29181ms step_avg:59.07ms
step:495/688 train_time:29250ms step_avg:59.09ms
step:496/688 train_time:29315ms step_avg:59.10ms
step:497/688 train_time:29383ms step_avg:59.12ms
step:498/688 train_time:29453ms step_avg:59.14ms
step:499/688 train_time:29521ms step_avg:59.16ms
step:500/688 train_time:29591ms step_avg:59.18ms
step:500/688 val_loss:3.4423 train_time:29661ms step_avg:59.32ms probe
step:501/688 train_time:29687ms step_avg:59.25ms
step:502/688 train_time:29731ms step_avg:59.22ms
step:503/688 train_time:29813ms step_avg:59.27ms
step:504/688 train_time:29869ms step_avg:59.26ms
step:505/688 train_time:29936ms step_avg:59.28ms
step:506/688 train_time:30006ms step_avg:59.30ms
step:507/688 train_time:30074ms step_avg:59.32ms
step:508/688 train_time:30144ms step_avg:59.34ms
step:509/688 train_time:30212ms step_avg:59.36ms
step:510/688 train_time:30282ms step_avg:59.38ms
step:510/688 val_loss:3.4295 train_time:30353ms step_avg:59.52ms probe
step:511/688 train_time:30379ms step_avg:59.45ms
step:512/688 train_time:30422ms step_avg:59.42ms
step:513/688 train_time:30490ms step_avg:59.43ms
step:514/688 train_time:30589ms step_avg:59.51ms
step:515/688 train_time:30630ms step_avg:59.48ms
step:516/688 train_time:30708ms step_avg:59.51ms
step:517/688 train_time:30765ms step_avg:59.51ms
step:518/688 train_time:30835ms step_avg:59.53ms
step:519/688 train_time:30904ms step_avg:59.54ms
step:520/688 train_time:30974ms step_avg:59.57ms
step:520/688 val_loss:3.4198 train_time:31044ms step_avg:59.70ms probe
step:521/688 train_time:31070ms step_avg:59.64ms
step:522/688 train_time:31120ms step_avg:59.62ms
step:523/688 train_time:31183ms step_avg:59.62ms
step:524/688 train_time:31251ms step_avg:59.64ms
step:525/688 train_time:31320ms step_avg:59.66ms
step:526/688 train_time:31390ms step_avg:59.68ms
step:527/688 train_time:31458ms step_avg:59.69ms
step:528/688 train_time:31528ms step_avg:59.71ms
step:529/688 train_time:31597ms step_avg:59.73ms
step:530/688 train_time:31667ms step_avg:59.75ms
step:530/688 val_loss:3.4079 train_time:31739ms step_avg:59.88ms probe
step:531/688 train_time:31765ms step_avg:59.82ms
step:532/688 train_time:31817ms step_avg:59.81ms
step:533/688 train_time:31885ms step_avg:59.82ms
step:534/688 train_time:31946ms step_avg:59.82ms
step:535/688 train_time:32014ms step_avg:59.84ms
step:536/688 train_time:32085ms step_avg:59.86ms
step:537/688 train_time:32153ms step_avg:59.88ms
step:538/688 train_time:32223ms step_avg:59.89ms
step:539/688 train_time:32291ms step_avg:59.91ms
step:540/688 train_time:32362ms step_avg:59.93ms
step:540/688 val_loss:3.3951 train_time:32432ms step_avg:60.06ms probe
step:541/688 train_time:32458ms step_avg:60.00ms
step:542/688 train_time:32501ms step_avg:59.97ms
step:543/688 train_time:32579ms step_avg:60.00ms
step:544/688 train_time:32640ms step_avg:60.00ms
step:545/688 train_time:32707ms step_avg:60.01ms
step:546/688 train_time:32777ms step_avg:60.03ms
step:547/688 train_time:32845ms step_avg:60.05ms
step:548/688 train_time:32916ms step_avg:60.07ms
step:549/688 train_time:32983ms step_avg:60.08ms
step:550/688 train_time:33054ms step_avg:60.10ms
step:550/688 val_loss:3.3840 train_time:33124ms step_avg:60.23ms probe
step:551/688 train_time:33150ms step_avg:60.16ms
step:552/688 train_time:33193ms step_avg:60.13ms
step:553/688 train_time:33281ms step_avg:60.18ms
step:554/688 train_time:33339ms step_avg:60.18ms
step:555/688 train_time:33400ms step_avg:60.18ms
step:556/688 train_time:33470ms step_avg:60.20ms
step:557/688 train_time:33538ms step_avg:60.21ms
step:558/688 train_time:33609ms step_avg:60.23ms
step:559/688 train_time:33677ms step_avg:60.24ms
step:560/688 train_time:33747ms step_avg:60.26ms
step:560/688 val_loss:3.3707 train_time:33817ms step_avg:60.39ms probe
step:561/688 train_time:33847ms step_avg:60.33ms
step:562/688 train_time:33889ms step_avg:60.30ms
step:563/688 train_time:33969ms step_avg:60.34ms
step:564/688 train_time:34026ms step_avg:60.33ms
step:565/688 train_time:34093ms step_avg:60.34ms
step:566/688 train_time:34163ms step_avg:60.36ms
step:567/688 train_time:34232ms step_avg:60.37ms
step:568/688 train_time:34302ms step_avg:60.39ms
step:569/688 train_time:34369ms step_avg:60.40ms
step:570/688 train_time:34439ms step_avg:60.42ms
step:570/688 val_loss:3.3615 train_time:34511ms step_avg:60.55ms probe
step:571/688 train_time:34537ms step_avg:60.49ms
step:572/688 train_time:34580ms step_avg:60.46ms
step:573/688 train_time:34667ms step_avg:60.50ms
step:574/688 train_time:34725ms step_avg:60.50ms
step:575/688 train_time:34785ms step_avg:60.50ms
step:576/688 train_time:34855ms step_avg:60.51ms
step:577/688 train_time:34923ms step_avg:60.53ms
step:578/688 train_time:34994ms step_avg:60.54ms
step:579/688 train_time:35062ms step_avg:60.56ms
step:580/688 train_time:35132ms step_avg:60.57ms
step:580/688 val_loss:3.3501 train_time:35203ms step_avg:60.69ms probe
step:581/688 train_time:35228ms step_avg:60.63ms
step:582/688 train_time:35273ms step_avg:60.61ms
step:583/688 train_time:35352ms step_avg:60.64ms
step:584/688 train_time:35410ms step_avg:60.63ms
step:585/688 train_time:35478ms step_avg:60.65ms
step:586/688 train_time:35548ms step_avg:60.66ms
step:587/688 train_time:35616ms step_avg:60.67ms
step:588/688 train_time:35686ms step_avg:60.69ms
step:589/688 train_time:35755ms step_avg:60.70ms
step:590/688 train_time:35825ms step_avg:60.72ms
step:590/688 val_loss:3.3414 train_time:35896ms step_avg:60.84ms probe
step:591/688 train_time:35920ms step_avg:60.78ms
step:592/688 train_time:35964ms step_avg:60.75ms
step:593/688 train_time:36051ms step_avg:60.79ms
step:594/688 train_time:36111ms step_avg:60.79ms
step:595/688 train_time:36170ms step_avg:60.79ms
step:596/688 train_time:36241ms step_avg:60.81ms
step:597/688 train_time:36309ms step_avg:60.82ms
step:598/688 train_time:36379ms step_avg:60.84ms
step:599/688 train_time:36447ms step_avg:60.85ms
step:600/688 train_time:36518ms step_avg:60.86ms
step:600/688 val_loss:3.3313 train_time:36589ms step_avg:60.98ms probe
step:601/688 train_time:36615ms step_avg:60.92ms
step:602/688 train_time:36665ms step_avg:60.91ms
step:603/688 train_time:36724ms step_avg:60.90ms
step:604/688 train_time:36795ms step_avg:60.92ms
step:605/688 train_time:36863ms step_avg:60.93ms
step:606/688 train_time:36933ms step_avg:60.95ms
step:607/688 train_time:37001ms step_avg:60.96ms
step:608/688 train_time:37071ms step_avg:60.97ms
step:609/688 train_time:37139ms step_avg:60.98ms
step:610/688 train_time:37210ms step_avg:61.00ms
step:610/688 val_loss:3.3232 train_time:37280ms step_avg:61.12ms probe
step:611/688 train_time:37307ms step_avg:61.06ms
step:612/688 train_time:37353ms step_avg:61.03ms
step:613/688 train_time:37417ms step_avg:61.04ms
step:614/688 train_time:37487ms step_avg:61.05ms
step:615/688 train_time:37555ms step_avg:61.06ms
step:616/688 train_time:37626ms step_avg:61.08ms
step:617/688 train_time:37693ms step_avg:61.09ms
step:618/688 train_time:37763ms step_avg:61.10ms
step:619/688 train_time:37831ms step_avg:61.12ms
step:620/688 train_time:37901ms step_avg:61.13ms
step:620/688 val_loss:3.3142 train_time:37972ms step_avg:61.24ms probe
step:621/688 train_time:37999ms step_avg:61.19ms
step:622/688 train_time:38043ms step_avg:61.16ms
step:623/688 train_time:38108ms step_avg:61.17ms
step:624/688 train_time:38179ms step_avg:61.18ms
step:625/688 train_time:38246ms step_avg:61.19ms
step:626/688 train_time:38316ms step_avg:61.21ms
step:627/688 train_time:38385ms step_avg:61.22ms
step:628/688 train_time:38456ms step_avg:61.24ms
step:629/688 train_time:38523ms step_avg:61.25ms
step:630/688 train_time:38594ms step_avg:61.26ms
step:630/688 val_loss:3.3058 train_time:38664ms step_avg:61.37ms probe
step:631/688 train_time:38691ms step_avg:61.32ms
step:632/688 train_time:38738ms step_avg:61.29ms
step:633/688 train_time:38802ms step_avg:61.30ms
step:634/688 train_time:38872ms step_avg:61.31ms
step:635/688 train_time:38940ms step_avg:61.32ms
step:636/688 train_time:39010ms step_avg:61.34ms
step:637/688 train_time:39078ms step_avg:61.35ms
step:638/688 train_time:39149ms step_avg:61.36ms
step:639/688 train_time:39216ms step_avg:61.37ms
step:640/688 train_time:39287ms step_avg:61.39ms
step:640/688 val_loss:3.2994 train_time:39358ms step_avg:61.50ms probe
step:641/688 train_time:39384ms step_avg:61.44ms
step:642/688 train_time:39431ms step_avg:61.42ms
step:643/688 train_time:39495ms step_avg:61.42ms
step:644/688 train_time:39565ms step_avg:61.44ms
step:645/688 train_time:39632ms step_avg:61.45ms
step:646/688 train_time:39703ms step_avg:61.46ms
step:647/688 train_time:39771ms step_avg:61.47ms
step:648/688 train_time:39841ms step_avg:61.48ms
step:649/688 train_time:39908ms step_avg:61.49ms
step:650/688 train_time:39979ms step_avg:61.51ms
step:650/688 val_loss:3.2907 train_time:40049ms step_avg:61.61ms probe
step:651/688 train_time:40077ms step_avg:61.56ms
step:652/688 train_time:40124ms step_avg:61.54ms
step:653/688 train_time:40186ms step_avg:61.54ms
step:654/688 train_time:40256ms step_avg:61.55ms
step:655/688 train_time:40325ms step_avg:61.56ms
step:656/688 train_time:40395ms step_avg:61.58ms
step:657/688 train_time:40463ms step_avg:61.59ms
step:658/688 train_time:40533ms step_avg:61.60ms
step:659/688 train_time:40601ms step_avg:61.61ms
step:660/688 train_time:40671ms step_avg:61.62ms
step:660/688 val_loss:3.2839 train_time:40742ms step_avg:61.73ms probe
step:661/688 train_time:40769ms step_avg:61.68ms
step:662/688 train_time:40815ms step_avg:61.65ms
step:663/688 train_time:40879ms step_avg:61.66ms
step:664/688 train_time:40949ms step_avg:61.67ms
step:665/688 train_time:41017ms step_avg:61.68ms
step:666/688 train_time:41087ms step_avg:61.69ms
step:667/688 train_time:41155ms step_avg:61.70ms
step:668/688 train_time:41226ms step_avg:61.71ms
step:669/688 train_time:41294ms step_avg:61.72ms
step:670/688 train_time:41364ms step_avg:61.74ms
step:670/688 val_loss:3.2780 train_time:41435ms step_avg:61.84ms probe
step:671/688 train_time:41462ms step_avg:61.79ms
step:672/688 train_time:41503ms step_avg:61.76ms
step:673/688 train_time:41571ms step_avg:61.77ms
step:674/688 train_time:41641ms step_avg:61.78ms
step:675/688 train_time:41713ms step_avg:61.80ms
step:676/688 train_time:41782ms step_avg:61.81ms
step:677/688 train_time:41852ms step_avg:61.82ms
step:678/688 train_time:41922ms step_avg:61.83ms
step:679/688 train_time:41991ms step_avg:61.84ms
step:680/688 train_time:42061ms step_avg:61.85ms
step:680/688 val_loss:3.2717 train_time:42133ms step_avg:61.96ms probe
step:681/688 train_time:42155ms step_avg:61.90ms
step:682/688 train_time:42201ms step_avg:61.88ms
step:683/688 train_time:42271ms step_avg:61.89ms
step:684/688 train_time:42341ms step_avg:61.90ms
step:685/688 train_time:42409ms step_avg:61.91ms
step:686/688 train_time:42479ms step_avg:61.92ms
step:687/688 train_time:42548ms step_avg:61.93ms
step:688/688 train_time:42618ms step_avg:61.94ms
step:688/688 val_loss:3.2684 train_time:42689ms step_avg:62.05ms
adaptive softmax tail rows on rank 0: cluster 1 needed by 10.98% of rows, 0.000% of those over capacity, cluster 2 needed by 4.99% of rows, 0.000% of those over capacity
peak memory allocated: 31542 MiB reserved: 43470 MiB
