W0928 12:23:14.335000 76788 torch/distributed/run.py:852] 
W0928 12:23:14.335000 76788 torch/distributed/run.py:852] *****************************************
W0928 12:23:14.335000 76788 torch/distributed/run.py:852] Setting OMP_NUM_THREADS environment variable for each process to be 1 in default, to avoid your system being overloaded, please further tune the variable for optimal performance in your application as needed. 
W0928 12:23:14.335000 76788 torch/distributed/run.py:852] *****************************************
[Gloo] Rank 1 is connected to 7 peer ranks. Expected number of connected peer ranks is : 7
[Gloo] Rank 0 is connected to 7 peer ranks. Expected number of connected peer ranks is : 7
[Gloo] Rank 3 is connected to 7 peer ranks. Expected number of connected peer ranks is : 7
[Gloo] Rank 2 is connected to 7 peer ranks. Expected number of connected peer ranks is : 7
[Gloo] Rank 4 is connected to 7 peer ranks. Expected number of connected peer ranks is : 7
[Gloo] Rank 5 is connected to 7 peer ranks. Expected number of connected peer ranks is : 7
[Gloo] Rank 7 is connected to 7 peer ranks. Expected number of connected peer ranks is : 7
[Gloo] Rank 6 is connected to 7 peer ranks. Expected number of connected peer ranks is : 7
You are using version 1 of 'kernels-community/flash-attn3', but version 2 is available.
You are using version 1 of 'kernels-community/flash-attn3', but version 2 is available.
You are using version 1 of 'kernels-community/flash-attn3', but version 2 is available.
You are using version 1 of 'kernels-community/flash-attn3', but version 2 is available.
You are using version 1 of 'kernels-community/flash-attn3', but version 2 is available.
You are using version 1 of 'kernels-community/flash-attn3', but version 2 is available.
You are using version 1 of 'kernels-community/flash-attn3', but version 2 is available.
Fetching 8 files:   0%|          | 0/8 [00:00<?, ?it/s]Fetching 8 files:   0%|          | 0/8 [00:00<?, ?it/s]Fetching 8 files:   0%|          | 0/8 [00:00<?, ?it/s]Fetching 8 files: 100%|██████████| 8/8 [00:00<00:00, 2535.28it/s]
Fetching 8 files:   0%|          | 0/8 [00:00<?, ?it/s]Fetching 8 files: 100%|██████████| 8/8 [00:00<00:00, 2215.40it/s]
Fetching 8 files: 100%|██████████| 8/8 [00:00<00:00, 2504.81it/s]
Fetching 8 files: 100%|██████████| 8/8 [00:00<00:00, 1896.27it/s]
Fetching 8 files:   0%|          | 0/8 [00:00<?, ?it/s]Fetching 8 files: 100%|██████████| 8/8 [00:00<00:00, 2411.56it/s]
You are using version 1 of 'kernels-community/flash-attn3', but version 2 is available.
Fetching 8 files:   0%|          | 0/8 [00:00<?, ?it/s]Fetching 8 files:   0%|          | 0/8 [00:00<?, ?it/s]Fetching 8 files: 100%|██████████| 8/8 [00:00<00:00, 2417.99it/s]
Fetching 8 files: 100%|██████████| 8/8 [00:00<00:00, 2496.24it/s]
Fetching 8 files:   0%|          | 0/8 [00:00<?, ?it/s]Fetching 8 files: 100%|██████████| 8/8 [00:00<00:00, 2536.05it/s]
logs/aa768e05-cccf-4704-b50e-71aaba4054ba.txt
seed:2 total_train_steps:688
Engram: 79,999,987 rows x 8 sites x 128 (41.0 GB host, shared mmap) | sites [1, 2, 4, 5, 7, 8, 9, 10]
[Gloo] Rank 5 is connected to 7 peer ranks. Expected number of connected peer ranks is : 7[Gloo] Rank [Gloo] Rank 
4 is connected to 7 peer ranks. 1 is connected to 7 peer ranks. Expected number of connected peer ranks is : 7[Gloo] Rank 2 is connected to [Gloo] Rank Expected number of connected peer ranks is : 
773 peer ranks. 
 is connected to Expected number of connected peer ranks is : 77 peer ranks. Expected number of connected peer ranks is : 
7
[Gloo] Rank 0 is connected to 7 peer ranks. Expected number of connected peer ranks is : 7
[Gloo] Rank 7 is connected to 7 peer ranks. Expected number of connected peer ranks is : 7
[Gloo] Rank 6 is connected to 7 peer ranks. Expected number of connected peer ranks is : 7
Preallocated online cache for 182,326,656 tokens per rank; offline cache capacity 10,403,000,000 tokens sharded across ranks
Compiling model and warming up kernels (~7 minutes on first execution)
Sampling steps [0, 1, 222, 223, 224, 225, 447, 448, 449, 450, 671, 672, 673, 674] for warmup
Resetting Model
Post-reset compile step done; state restored
compile and warmup: 149.9s
adaptive_softmax=1 engram_rows=80000000
vocab stats: counted 20,000,000 tokens of fineweb_train_000001.bin in 166ms, 895 token ids unseen
vocab stats: most frequent tokens ['.', ',', ' the', '\n', ' and', ' to', ' of', ' a']
adaptive softmax coverage: head 18430 tokens 94.41%, cluster 1 16384 tokens 4.35%, cluster 2 15443 tokens 1.24%
adaptive softmax config: head_width 18432, clusters [(18432, 34816, 16384), (34816, 50304, 15443)], tail capacity {3: (0.27, 0.16), 2: (0.21, 0.12), 1: (0.07, 0.03)}
step:1/688 train_time:3744ms step_avg:3744.32ms
step:2/688 train_time:4365ms step_avg:2182.30ms
step:3/688 train_time:4906ms step_avg:1635.25ms
step:4/688 train_time:5427ms step_avg:1356.65ms
step:5/688 train_time:5843ms step_avg:1168.63ms
step:6/688 train_time:6036ms step_avg:1005.92ms
step:7/688 train_time:6134ms step_avg:876.29ms
step:8/688 train_time:6237ms step_avg:779.63ms
step:9/688 train_time:6323ms step_avg:702.52ms
step:10/688 train_time:6416ms step_avg:641.60ms
step:11/688 train_time:6486ms step_avg:589.63ms
step:12/688 train_time:6574ms step_avg:547.82ms
step:13/688 train_time:6644ms step_avg:511.05ms
step:14/688 train_time:6717ms step_avg:479.81ms
step:15/688 train_time:6776ms step_avg:451.75ms
step:16/688 train_time:6842ms step_avg:427.62ms
step:17/688 train_time:6891ms step_avg:405.36ms
step:18/688 train_time:6950ms step_avg:386.10ms
step:19/688 train_time:6996ms step_avg:368.19ms
step:20/688 train_time:7045ms step_avg:352.27ms
step:21/688 train_time:7085ms step_avg:337.40ms
step:22/688 train_time:7135ms step_avg:324.32ms
step:23/688 train_time:7178ms step_avg:312.07ms
step:24/688 train_time:7225ms step_avg:301.06ms
step:25/688 train_time:7272ms step_avg:290.89ms
step:26/688 train_time:7321ms step_avg:281.57ms
step:27/688 train_time:7367ms step_avg:272.86ms
step:28/688 train_time:7414ms step_avg:264.79ms
step:29/688 train_time:7463ms step_avg:257.33ms
step:30/688 train_time:7510ms step_avg:250.35ms
step:31/688 train_time:7562ms step_avg:243.92ms
step:32/688 train_time:7608ms step_avg:237.76ms
step:33/688 train_time:7657ms step_avg:232.02ms
step:34/688 train_time:7705ms step_avg:226.63ms
step:35/688 train_time:7754ms step_avg:221.54ms
step:36/688 train_time:7803ms step_avg:216.76ms
step:37/688 train_time:7851ms step_avg:212.19ms
step:38/688 train_time:7900ms step_avg:207.90ms
step:39/688 train_time:7947ms step_avg:203.77ms
step:40/688 train_time:7998ms step_avg:199.95ms
step:41/688 train_time:8043ms step_avg:196.17ms
step:42/688 train_time:8096ms step_avg:192.75ms
step:43/688 train_time:8140ms step_avg:189.30ms
step:44/688 train_time:8192ms step_avg:186.18ms
step:45/688 train_time:8236ms step_avg:183.02ms
step:46/688 train_time:8284ms step_avg:180.09ms
step:47/688 train_time:8331ms step_avg:177.25ms
step:48/688 train_time:8380ms step_avg:174.58ms
step:49/688 train_time:8427ms step_avg:171.99ms
step:50/688 train_time:8478ms step_avg:169.56ms
step:51/688 train_time:8527ms step_avg:167.19ms
step:52/688 train_time:8571ms step_avg:164.83ms
step:53/688 train_time:8616ms step_avg:162.57ms
step:54/688 train_time:8669ms step_avg:160.55ms
step:55/688 train_time:8714ms step_avg:158.44ms
step:56/688 train_time:8762ms step_avg:156.46ms
step:57/688 train_time:8805ms step_avg:154.47ms
step:58/688 train_time:8859ms step_avg:152.75ms
step:59/688 train_time:8901ms step_avg:150.87ms
step:60/688 train_time:8950ms step_avg:149.16ms
step:61/688 train_time:8993ms step_avg:147.42ms
step:62/688 train_time:9041ms step_avg:145.83ms
step:63/688 train_time:9087ms step_avg:144.24ms
step:64/688 train_time:9137ms step_avg:142.77ms
step:65/688 train_time:9183ms step_avg:141.28ms
step:66/688 train_time:9230ms step_avg:139.85ms
step:67/688 train_time:9278ms step_avg:138.47ms
step:68/688 train_time:9324ms step_avg:137.11ms
step:69/688 train_time:9370ms step_avg:135.79ms
step:70/688 train_time:9417ms step_avg:134.53ms
step:71/688 train_time:9461ms step_avg:133.25ms
step:72/688 train_time:9510ms step_avg:132.08ms
step:73/688 train_time:9556ms step_avg:130.90ms
step:74/688 train_time:9603ms step_avg:129.77ms
step:75/688 train_time:9653ms step_avg:128.70ms
step:76/688 train_time:9699ms step_avg:127.62ms
step:77/688 train_time:9748ms step_avg:126.60ms
step:78/688 train_time:9797ms step_avg:125.60ms
step:79/688 train_time:9839ms step_avg:124.55ms
step:80/688 train_time:9888ms step_avg:123.60ms
step:81/688 train_time:9931ms step_avg:122.61ms
step:82/688 train_time:9977ms step_avg:121.67ms
step:83/688 train_time:10018ms step_avg:120.70ms
step:84/688 train_time:10085ms step_avg:120.06ms
step:85/688 train_time:10136ms step_avg:119.24ms
step:86/688 train_time:10196ms step_avg:118.55ms
step:87/688 train_time:10234ms step_avg:117.63ms
step:88/688 train_time:10295ms step_avg:116.99ms
step:89/688 train_time:10335ms step_avg:116.13ms
step:90/688 train_time:10386ms step_avg:115.40ms
step:91/688 train_time:10425ms step_avg:114.56ms
step:92/688 train_time:10476ms step_avg:113.87ms
step:93/688 train_time:10515ms step_avg:113.07ms
step:94/688 train_time:10584ms step_avg:112.59ms
step:95/688 train_time:10630ms step_avg:111.89ms
step:96/688 train_time:10674ms step_avg:111.19ms
step:97/688 train_time:10718ms step_avg:110.49ms
step:98/688 train_time:10765ms step_avg:109.85ms
step:99/688 train_time:10804ms step_avg:109.13ms
step:100/688 train_time:10855ms step_avg:108.55ms
step:101/688 train_time:10894ms step_avg:107.87ms
step:102/688 train_time:10950ms step_avg:107.35ms
step:103/688 train_time:10990ms step_avg:106.70ms
step:104/688 train_time:11040ms step_avg:106.15ms
step:105/688 train_time:11076ms step_avg:105.48ms
step:106/688 train_time:11128ms step_avg:104.98ms
step:107/688 train_time:11165ms step_avg:104.35ms
step:108/688 train_time:11214ms step_avg:103.83ms
step:109/688 train_time:11252ms step_avg:103.23ms
step:110/688 train_time:11299ms step_avg:102.72ms
step:111/688 train_time:11337ms step_avg:102.13ms
step:112/688 train_time:11387ms step_avg:101.67ms
step:113/688 train_time:11425ms step_avg:101.10ms
step:114/688 train_time:11475ms step_avg:100.65ms
step:115/688 train_time:11513ms step_avg:100.11ms
step:116/688 train_time:11564ms step_avg:99.69ms
step:117/688 train_time:11601ms step_avg:99.15ms
step:118/688 train_time:11651ms step_avg:98.74ms
step:119/688 train_time:11690ms step_avg:98.24ms
step:120/688 train_time:11738ms step_avg:97.82ms
step:121/688 train_time:11778ms step_avg:97.34ms
step:122/688 train_time:11824ms step_avg:96.92ms
step:123/688 train_time:11863ms step_avg:96.45ms
step:124/688 train_time:11911ms step_avg:96.05ms
step:125/688 train_time:11952ms step_avg:95.61ms
step:126/688 train_time:12000ms step_avg:95.24ms
step:127/688 train_time:12042ms step_avg:94.82ms
step:128/688 train_time:12088ms step_avg:94.44ms
step:129/688 train_time:12131ms step_avg:94.04ms
step:130/688 train_time:12177ms step_avg:93.67ms
step:131/688 train_time:12218ms step_avg:93.27ms
step:132/688 train_time:12263ms step_avg:92.90ms
step:133/688 train_time:12305ms step_avg:92.52ms
step:134/688 train_time:12348ms step_avg:92.15ms
step:135/688 train_time:12388ms step_avg:91.76ms
step:136/688 train_time:12428ms step_avg:91.38ms
step:137/688 train_time:12468ms step_avg:91.01ms
step:138/688 train_time:12511ms step_avg:90.66ms
step:139/688 train_time:12552ms step_avg:90.30ms
step:140/688 train_time:12599ms step_avg:89.99ms
step:141/688 train_time:12639ms step_avg:89.64ms
step:142/688 train_time:12683ms step_avg:89.32ms
step:143/688 train_time:12722ms step_avg:88.97ms
step:144/688 train_time:12766ms step_avg:88.65ms
step:145/688 train_time:12804ms step_avg:88.30ms
step:146/688 train_time:12847ms step_avg:87.99ms
step:147/688 train_time:12886ms step_avg:87.66ms
step:148/688 train_time:12929ms step_avg:87.36ms
step:149/688 train_time:12965ms step_avg:87.02ms
step:150/688 train_time:13008ms step_avg:86.72ms
step:151/688 train_time:13049ms step_avg:86.42ms
step:152/688 train_time:13096ms step_avg:86.16ms
step:153/688 train_time:13141ms step_avg:85.89ms
step:154/688 train_time:13187ms step_avg:85.63ms
step:155/688 train_time:13226ms step_avg:85.33ms
step:156/688 train_time:13270ms step_avg:85.06ms
step:157/688 train_time:13307ms step_avg:84.76ms
step:158/688 train_time:13355ms step_avg:84.53ms
step:159/688 train_time:13392ms step_avg:84.23ms
step:160/688 train_time:13440ms step_avg:84.00ms
step:161/688 train_time:13478ms step_avg:83.71ms
step:162/688 train_time:13527ms step_avg:83.50ms
step:163/688 train_time:13567ms step_avg:83.24ms
step:164/688 train_time:13618ms step_avg:83.04ms
step:165/688 train_time:13659ms step_avg:82.78ms
step:166/688 train_time:13707ms step_avg:82.57ms
step:167/688 train_time:13746ms step_avg:82.31ms
step:168/688 train_time:13798ms step_avg:82.13ms
step:169/688 train_time:13839ms step_avg:81.89ms
step:170/688 train_time:13887ms step_avg:81.69ms
step:171/688 train_time:13929ms step_avg:81.46ms
step:172/688 train_time:13976ms step_avg:81.26ms
step:173/688 train_time:14019ms step_avg:81.03ms
step:174/688 train_time:14067ms step_avg:80.84ms
step:175/688 train_time:14108ms step_avg:80.62ms
step:176/688 train_time:14156ms step_avg:80.43ms
step:177/688 train_time:14199ms step_avg:80.22ms
step:178/688 train_time:14246ms step_avg:80.03ms
step:179/688 train_time:14290ms step_avg:79.83ms
step:180/688 train_time:14336ms step_avg:79.65ms
step:181/688 train_time:14381ms step_avg:79.45ms
step:182/688 train_time:14432ms step_avg:79.30ms
step:183/688 train_time:14470ms step_avg:79.07ms
step:184/688 train_time:14512ms step_avg:78.87ms
step:185/688 train_time:14551ms step_avg:78.65ms
step:186/688 train_time:14594ms step_avg:78.46ms
step:187/688 train_time:14631ms step_avg:78.24ms
step:188/688 train_time:14672ms step_avg:78.04ms
step:189/688 train_time:14710ms step_avg:77.83ms
step:190/688 train_time:14753ms step_avg:77.65ms
step:191/688 train_time:14791ms step_avg:77.44ms
step:192/688 train_time:14838ms step_avg:77.28ms
step:193/688 train_time:14877ms step_avg:77.08ms
step:194/688 train_time:14926ms step_avg:76.94ms
step:195/688 train_time:14964ms step_avg:76.74ms
step:196/688 train_time:15012ms step_avg:76.59ms
step:197/688 train_time:15049ms step_avg:76.39ms
step:198/688 train_time:15095ms step_avg:76.24ms
step:199/688 train_time:15133ms step_avg:76.04ms
step:200/688 train_time:15184ms step_avg:75.92ms
step:201/688 train_time:15222ms step_avg:75.73ms
step:202/688 train_time:15270ms step_avg:75.60ms
step:203/688 train_time:15308ms step_avg:75.41ms
step:204/688 train_time:15362ms step_avg:75.30ms
step:205/688 train_time:15399ms step_avg:75.12ms
step:206/688 train_time:15455ms step_avg:75.02ms
step:207/688 train_time:15499ms step_avg:74.87ms
step:208/688 train_time:15557ms step_avg:74.80ms
step:209/688 train_time:15602ms step_avg:74.65ms
step:210/688 train_time:15646ms step_avg:74.50ms
step:211/688 train_time:15684ms step_avg:74.33ms
step:212/688 train_time:16104ms step_avg:75.96ms
step:213/688 train_time:16395ms step_avg:76.97ms
step:214/688 train_time:16452ms step_avg:76.88ms
step:215/688 train_time:16489ms step_avg:76.69ms
step:216/688 train_time:16531ms step_avg:76.53ms
step:217/688 train_time:16863ms step_avg:77.71ms
step:218/688 train_time:16915ms step_avg:77.59ms
step:219/688 train_time:16950ms step_avg:77.40ms
step:220/688 train_time:16992ms step_avg:77.23ms
step:221/688 train_time:17028ms step_avg:77.05ms
step:222/688 train_time:17077ms step_avg:76.92ms
step:223/688 train_time:17113ms step_avg:76.74ms
step:224/688 train_time:17159ms step_avg:76.60ms
step:225/688 train_time:17208ms step_avg:76.48ms
step:226/688 train_time:17253ms step_avg:76.34ms
step:227/688 train_time:17294ms step_avg:76.19ms
step:228/688 train_time:17676ms step_avg:77.53ms
step:229/688 train_time:17752ms step_avg:77.52ms
step:230/688 train_time:17812ms step_avg:77.44ms
step:231/688 train_time:17855ms step_avg:77.29ms
step:232/688 train_time:17912ms step_avg:77.21ms
step:233/688 train_time:17959ms step_avg:77.08ms
step:234/688 train_time:18014ms step_avg:76.98ms
step:235/688 train_time:18480ms step_avg:78.64ms
step:236/688 train_time:18534ms step_avg:78.54ms
step:237/688 train_time:18583ms step_avg:78.41ms
step:238/688 train_time:18638ms step_avg:78.31ms
step:239/688 train_time:18687ms step_avg:78.19ms
step:240/688 train_time:18741ms step_avg:78.09ms
step:241/688 train_time:18791ms step_avg:77.97ms
step:242/688 train_time:18847ms step_avg:77.88ms
step:243/688 train_time:18894ms step_avg:77.75ms
step:244/688 train_time:18950ms step_avg:77.66ms
step:245/688 train_time:18999ms step_avg:77.55ms
step:246/688 train_time:19054ms step_avg:77.46ms
step:247/688 train_time:19104ms step_avg:77.35ms
step:248/688 train_time:19160ms step_avg:77.26ms
step:249/688 train_time:19209ms step_avg:77.15ms
step:250/688 train_time:19265ms step_avg:77.06ms
step:251/688 train_time:19313ms step_avg:76.95ms
step:252/688 train_time:19368ms step_avg:76.86ms
step:253/688 train_time:19418ms step_avg:76.75ms
step:254/688 train_time:19473ms step_avg:76.67ms
step:255/688 train_time:19521ms step_avg:76.55ms
step:256/688 train_time:19577ms step_avg:76.47ms
step:257/688 train_time:19625ms step_avg:76.36ms
step:258/688 train_time:19680ms step_avg:76.28ms
step:259/688 train_time:19729ms step_avg:76.17ms
step:260/688 train_time:19784ms step_avg:76.09ms
step:261/688 train_time:19833ms step_avg:75.99ms
step:262/688 train_time:19888ms step_avg:75.91ms
step:263/688 train_time:19937ms step_avg:75.81ms
step:264/688 train_time:19993ms step_avg:75.73ms
step:265/688 train_time:20042ms step_avg:75.63ms
step:266/688 train_time:20096ms step_avg:75.55ms
step:267/688 train_time:20145ms step_avg:75.45ms
step:268/688 train_time:20201ms step_avg:75.38ms
step:269/688 train_time:20249ms step_avg:75.28ms
step:270/688 train_time:20305ms step_avg:75.20ms
step:271/688 train_time:20353ms step_avg:75.10ms
step:272/688 train_time:20408ms step_avg:75.03ms
step:273/688 train_time:20457ms step_avg:74.93ms
step:274/688 train_time:20512ms step_avg:74.86ms
step:275/688 train_time:20561ms step_avg:74.77ms
step:276/688 train_time:20617ms step_avg:74.70ms
step:277/688 train_time:20665ms step_avg:74.60ms
step:278/688 train_time:20721ms step_avg:74.54ms
step:279/688 train_time:20769ms step_avg:74.44ms
step:280/688 train_time:20824ms step_avg:74.37ms
step:281/688 train_time:20873ms step_avg:74.28ms
step:282/688 train_time:20928ms step_avg:74.21ms
step:283/688 train_time:20978ms step_avg:74.13ms
step:284/688 train_time:21032ms step_avg:74.06ms
step:285/688 train_time:21081ms step_avg:73.97ms
step:286/688 train_time:21136ms step_avg:73.90ms
step:287/688 train_time:21186ms step_avg:73.82ms
step:288/688 train_time:21241ms step_avg:73.75ms
step:289/688 train_time:21289ms step_avg:73.67ms
step:290/688 train_time:21345ms step_avg:73.60ms
step:291/688 train_time:21393ms step_avg:73.51ms
step:292/688 train_time:21448ms step_avg:73.45ms
step:293/688 train_time:21497ms step_avg:73.37ms
step:294/688 train_time:21552ms step_avg:73.30ms
step:295/688 train_time:21601ms step_avg:73.22ms
step:296/688 train_time:21656ms step_avg:73.16ms
step:297/688 train_time:21705ms step_avg:73.08ms
step:298/688 train_time:21759ms step_avg:73.02ms
step:299/688 train_time:21809ms step_avg:72.94ms
step:300/688 train_time:21863ms step_avg:72.88ms
step:301/688 train_time:21913ms step_avg:72.80ms
step:302/688 train_time:21967ms step_avg:72.74ms
step:303/688 train_time:22017ms step_avg:72.66ms
step:304/688 train_time:22071ms step_avg:72.60ms
step:305/688 train_time:22120ms step_avg:72.53ms
step:306/688 train_time:22175ms step_avg:72.47ms
step:307/688 train_time:22225ms step_avg:72.39ms
step:308/688 train_time:22280ms step_avg:72.34ms
step:309/688 train_time:22329ms step_avg:72.26ms
step:310/688 train_time:22385ms step_avg:72.21ms
step:311/688 train_time:22433ms step_avg:72.13ms
step:312/688 train_time:22488ms step_avg:72.08ms
step:313/688 train_time:22537ms step_avg:72.00ms
step:314/688 train_time:22592ms step_avg:71.95ms
step:315/688 train_time:22641ms step_avg:71.88ms
step:316/688 train_time:22696ms step_avg:71.82ms
step:317/688 train_time:23170ms step_avg:73.09ms
step:318/688 train_time:23212ms step_avg:72.99ms
step:319/688 train_time:23255ms step_avg:72.90ms
step:320/688 train_time:23300ms step_avg:72.81ms
step:321/688 train_time:23344ms step_avg:72.72ms
step:322/688 train_time:23402ms step_avg:72.68ms
step:323/688 train_time:23453ms step_avg:72.61ms
step:324/688 train_time:23502ms step_avg:72.54ms
step:325/688 train_time:23550ms step_avg:72.46ms
step:326/688 train_time:23605ms step_avg:72.41ms
step:327/688 train_time:23654ms step_avg:72.34ms
step:328/688 train_time:23710ms step_avg:72.29ms
step:329/688 train_time:23758ms step_avg:72.21ms
step:330/688 train_time:23817ms step_avg:72.17ms
step:331/688 train_time:23863ms step_avg:72.09ms
step:332/688 train_time:23919ms step_avg:72.04ms
step:333/688 train_time:23966ms step_avg:71.97ms
step:334/688 train_time:24024ms step_avg:71.93ms
step:335/688 train_time:24069ms step_avg:71.85ms
step:336/688 train_time:24125ms step_avg:71.80ms
step:337/688 train_time:24173ms step_avg:71.73ms
step:338/688 train_time:24229ms step_avg:71.68ms
step:339/688 train_time:24277ms step_avg:71.61ms
step:340/688 train_time:24332ms step_avg:71.56ms
step:341/688 train_time:24380ms step_avg:71.50ms
step:342/688 train_time:24436ms step_avg:71.45ms
step:343/688 train_time:24485ms step_avg:71.39ms
step:344/688 train_time:24540ms step_avg:71.34ms
step:345/688 train_time:24589ms step_avg:71.27ms
step:346/688 train_time:24645ms step_avg:71.23ms
step:347/688 train_time:24693ms step_avg:71.16ms
step:348/688 train_time:24748ms step_avg:71.12ms
step:349/688 train_time:24797ms step_avg:71.05ms
step:350/688 train_time:24853ms step_avg:71.01ms
step:351/688 train_time:24902ms step_avg:70.94ms
step:352/688 train_time:24959ms step_avg:70.91ms
step:353/688 train_time:25006ms step_avg:70.84ms
step:354/688 train_time:25061ms step_avg:70.80ms
step:355/688 train_time:25110ms step_avg:70.73ms
step:356/688 train_time:25164ms step_avg:70.69ms
step:357/688 train_time:25214ms step_avg:70.63ms
step:358/688 train_time:25269ms step_avg:70.58ms
step:359/688 train_time:25319ms step_avg:70.53ms
step:360/688 train_time:25374ms step_avg:70.48ms
step:361/688 train_time:25423ms step_avg:70.42ms
step:362/688 train_time:25478ms step_avg:70.38ms
step:363/688 train_time:25527ms step_avg:70.32ms
step:364/688 train_time:25582ms step_avg:70.28ms
step:365/688 train_time:25630ms step_avg:70.22ms
step:366/688 train_time:25686ms step_avg:70.18ms
step:367/688 train_time:25734ms step_avg:70.12ms
step:368/688 train_time:25790ms step_avg:70.08ms
step:369/688 train_time:25838ms step_avg:70.02ms
step:370/688 train_time:25894ms step_avg:69.98ms
step:371/688 train_time:25942ms step_avg:69.92ms
step:372/688 train_time:25998ms step_avg:69.89ms
step:373/688 train_time:26046ms step_avg:69.83ms
step:374/688 train_time:26102ms step_avg:69.79ms
step:375/688 train_time:26151ms step_avg:69.74ms
step:376/688 train_time:26206ms step_avg:69.70ms
step:377/688 train_time:26254ms step_avg:69.64ms
step:378/688 train_time:26311ms step_avg:69.61ms
step:379/688 train_time:26358ms step_avg:69.55ms
step:380/688 train_time:26413ms step_avg:69.51ms
step:381/688 train_time:26463ms step_avg:69.46ms
step:382/688 train_time:26518ms step_avg:69.42ms
step:383/688 train_time:26567ms step_avg:69.37ms
step:384/688 train_time:26626ms step_avg:69.34ms
step:385/688 train_time:26671ms step_avg:69.28ms
step:386/688 train_time:26730ms step_avg:69.25ms
step:387/688 train_time:26778ms step_avg:69.19ms
step:388/688 train_time:26830ms step_avg:69.15ms
step:389/688 train_time:26879ms step_avg:69.10ms
step:390/688 train_time:26932ms step_avg:69.06ms
step:391/688 train_time:26982ms step_avg:69.01ms
step:392/688 train_time:27035ms step_avg:68.97ms
step:393/688 train_time:27085ms step_avg:68.92ms
step:394/688 train_time:27141ms step_avg:68.88ms
step:395/688 train_time:27190ms step_avg:68.83ms
step:396/688 train_time:27244ms step_avg:68.80ms
step:397/688 train_time:27294ms step_avg:68.75ms
step:398/688 train_time:27348ms step_avg:68.71ms
step:399/688 train_time:27398ms step_avg:68.67ms
step:400/688 train_time:27453ms step_avg:68.63ms
step:400/688 val_loss:3.6702 train_time:27498ms step_avg:68.75ms probe
step:401/688 train_time:27542ms step_avg:68.68ms
step:402/688 train_time:27583ms step_avg:68.61ms
step:403/688 train_time:27617ms step_avg:68.53ms
step:404/688 train_time:27666ms step_avg:68.48ms
step:405/688 train_time:27728ms step_avg:68.46ms
step:406/688 train_time:27792ms step_avg:68.45ms
step:407/688 train_time:27830ms step_avg:68.38ms
step:408/688 train_time:27874ms step_avg:68.32ms
step:409/688 train_time:27929ms step_avg:68.29ms
step:410/688 train_time:27979ms step_avg:68.24ms
step:410/688 val_loss:3.6299 train_time:28024ms step_avg:68.35ms probe
step:411/688 train_time:28059ms step_avg:68.27ms
step:412/688 train_time:28113ms step_avg:68.24ms
step:413/688 train_time:28151ms step_avg:68.16ms
step:414/688 train_time:28197ms step_avg:68.11ms
step:415/688 train_time:28248ms step_avg:68.07ms
step:416/688 train_time:28303ms step_avg:68.04ms
step:417/688 train_time:28352ms step_avg:67.99ms
step:418/688 train_time:28409ms step_avg:67.96ms
step:419/688 train_time:28459ms step_avg:67.92ms
step:420/688 train_time:28516ms step_avg:67.89ms
step:420/688 val_loss:3.6001 train_time:28562ms step_avg:68.00ms probe
step:421/688 train_time:28598ms step_avg:67.93ms
step:422/688 train_time:28638ms step_avg:67.86ms
step:423/688 train_time:28672ms step_avg:67.78ms
step:424/688 train_time:28734ms step_avg:67.77ms
step:425/688 train_time:28775ms step_avg:67.71ms
step:426/688 train_time:28833ms step_avg:67.68ms
step:427/688 train_time:28880ms step_avg:67.63ms
step:428/688 train_time:28938ms step_avg:67.61ms
step:429/688 train_time:28991ms step_avg:67.58ms
step:430/688 train_time:29039ms step_avg:67.53ms
step:430/688 val_loss:3.5746 train_time:29085ms step_avg:67.64ms probe
step:431/688 train_time:29120ms step_avg:67.56ms
step:432/688 train_time:29177ms step_avg:67.54ms
step:433/688 train_time:29220ms step_avg:67.48ms
step:434/688 train_time:29265ms step_avg:67.43ms
step:435/688 train_time:29303ms step_avg:67.36ms
step:436/688 train_time:29356ms step_avg:67.33ms
step:437/688 train_time:29404ms step_avg:67.29ms
step:438/688 train_time:29459ms step_avg:67.26ms
step:439/688 train_time:29507ms step_avg:67.21ms
step:440/688 train_time:29562ms step_avg:67.19ms
step:440/688 val_loss:3.5451 train_time:29607ms step_avg:67.29ms probe
step:441/688 train_time:29642ms step_avg:67.22ms
step:442/688 train_time:29687ms step_avg:67.17ms
step:443/688 train_time:29727ms step_avg:67.10ms
step:444/688 train_time:29776ms step_avg:67.06ms
step:445/688 train_time:29823ms step_avg:67.02ms
step:446/688 train_time:29878ms step_avg:66.99ms
step:447/688 train_time:29926ms step_avg:66.95ms
step:448/688 train_time:29982ms step_avg:66.92ms
step:449/688 train_time:30030ms step_avg:66.88ms
step:450/688 train_time:30090ms step_avg:66.87ms
step:450/688 val_loss:3.5294 train_time:30153ms step_avg:67.01ms probe
step:451/688 train_time:30198ms step_avg:66.96ms
step:452/688 train_time:30244ms step_avg:66.91ms
step:453/688 train_time:30313ms step_avg:66.92ms
step:454/688 train_time:30394ms step_avg:66.95ms
step:455/688 train_time:30450ms step_avg:66.92ms
step:456/688 train_time:30524ms step_avg:66.94ms
step:457/688 train_time:30591ms step_avg:66.94ms
step:458/688 train_time:30666ms step_avg:66.96ms
step:459/688 train_time:30733ms step_avg:66.96ms
step:460/688 train_time:30809ms step_avg:66.98ms
step:460/688 val_loss:3.5206 train_time:30874ms step_avg:67.12ms probe
step:461/688 train_time:30907ms step_avg:67.04ms
step:462/688 train_time:30956ms step_avg:67.00ms
step:463/688 train_time:31034ms step_avg:67.03ms
step:464/688 train_time:31099ms step_avg:67.02ms
step:465/688 train_time:31165ms step_avg:67.02ms
step:466/688 train_time:31241ms step_avg:67.04ms
step:467/688 train_time:31312ms step_avg:67.05ms
step:468/688 train_time:31382ms step_avg:67.06ms
step:469/688 train_time:31450ms step_avg:67.06ms
step:470/688 train_time:31525ms step_avg:67.07ms
step:470/688 val_loss:3.4891 train_time:31589ms step_avg:67.21ms probe
step:471/688 train_time:31630ms step_avg:67.15ms
step:472/688 train_time:31677ms step_avg:67.11ms
step:473/688 train_time:31744ms step_avg:67.11ms
step:474/688 train_time:31814ms step_avg:67.12ms
step:475/688 train_time:31881ms step_avg:67.12ms
step:476/688 train_time:31955ms step_avg:67.13ms
step:477/688 train_time:32023ms step_avg:67.13ms
step:478/688 train_time:32098ms step_avg:67.15ms
step:479/688 train_time:32165ms step_avg:67.15ms
step:480/688 train_time:32240ms step_avg:67.17ms
step:480/688 val_loss:3.4657 train_time:32305ms step_avg:67.30ms probe
step:481/688 train_time:32337ms step_avg:67.23ms
step:482/688 train_time:32389ms step_avg:67.20ms
step:483/688 train_time:32467ms step_avg:67.22ms
step:484/688 train_time:32564ms step_avg:67.28ms
step:485/688 train_time:32606ms step_avg:67.23ms
step:486/688 train_time:32676ms step_avg:67.23ms
step:487/688 train_time:32748ms step_avg:67.24ms
step:488/688 train_time:32815ms step_avg:67.24ms
step:489/688 train_time:32883ms step_avg:67.25ms
step:490/688 train_time:32958ms step_avg:67.26ms
step:490/688 val_loss:3.4527 train_time:33023ms step_avg:67.39ms probe
step:491/688 train_time:33067ms step_avg:67.35ms
step:492/688 train_time:33113ms step_avg:67.30ms
step:493/688 train_time:33179ms step_avg:67.30ms
step:494/688 train_time:33248ms step_avg:67.30ms
step:495/688 train_time:33315ms step_avg:67.30ms
step:496/688 train_time:33389ms step_avg:67.32ms
step:497/688 train_time:33458ms step_avg:67.32ms
step:498/688 train_time:33532ms step_avg:67.33ms
step:499/688 train_time:33602ms step_avg:67.34ms
step:500/688 train_time:33677ms step_avg:67.35ms
step:500/688 val_loss:3.4400 train_time:33741ms step_avg:67.48ms probe
step:501/688 train_time:33775ms step_avg:67.41ms
step:502/688 train_time:33825ms step_avg:67.38ms
step:503/688 train_time:33908ms step_avg:67.41ms
step:504/688 train_time:33968ms step_avg:67.40ms
step:505/688 train_time:34037ms step_avg:67.40ms
step:506/688 train_time:34110ms step_avg:67.41ms
step:507/688 train_time:34199ms step_avg:67.45ms
step:508/688 train_time:34252ms step_avg:67.43ms
step:509/688 train_time:34323ms step_avg:67.43ms
step:510/688 train_time:34395ms step_avg:67.44ms
step:510/688 val_loss:3.4266 train_time:34460ms step_avg:67.57ms probe
step:511/688 train_time:34494ms step_avg:67.50ms
step:512/688 train_time:34542ms step_avg:67.47ms
step:513/688 train_time:34610ms step_avg:67.47ms
step:514/688 train_time:34680ms step_avg:67.47ms
step:515/688 train_time:34749ms step_avg:67.47ms
step:516/688 train_time:34823ms step_avg:67.49ms
step:517/688 train_time:34892ms step_avg:67.49ms
step:518/688 train_time:34967ms step_avg:67.50ms
step:519/688 train_time:35035ms step_avg:67.50ms
step:520/688 train_time:35111ms step_avg:67.52ms
step:520/688 val_loss:3.4121 train_time:35174ms step_avg:67.64ms probe
step:521/688 train_time:35208ms step_avg:67.58ms
step:522/688 train_time:35256ms step_avg:67.54ms
step:523/688 train_time:35339ms step_avg:67.57ms
step:524/688 train_time:35399ms step_avg:67.56ms
step:525/688 train_time:35464ms step_avg:67.55ms
step:526/688 train_time:35539ms step_avg:67.57ms
step:527/688 train_time:35607ms step_avg:67.56ms
step:528/688 train_time:35682ms step_avg:67.58ms
step:529/688 train_time:35750ms step_avg:67.58ms
step:530/688 train_time:35825ms step_avg:67.59ms
step:530/688 val_loss:3.4004 train_time:35889ms step_avg:67.72ms probe
step:531/688 train_time:35932ms step_avg:67.67ms
step:532/688 train_time:35978ms step_avg:67.63ms
step:533/688 train_time:36042ms step_avg:67.62ms
step:534/688 train_time:36111ms step_avg:67.62ms
step:535/688 train_time:36182ms step_avg:67.63ms
step:536/688 train_time:36257ms step_avg:67.64ms
step:537/688 train_time:36326ms step_avg:67.65ms
step:538/688 train_time:36400ms step_avg:67.66ms
step:539/688 train_time:36468ms step_avg:67.66ms
step:540/688 train_time:36542ms step_avg:67.67ms
step:540/688 val_loss:3.3880 train_time:36607ms step_avg:67.79ms probe
step:541/688 train_time:36644ms step_avg:67.73ms
step:542/688 train_time:36693ms step_avg:67.70ms
step:543/688 train_time:36769ms step_avg:67.71ms
step:544/688 train_time:36832ms step_avg:67.71ms
step:545/688 train_time:36905ms step_avg:67.72ms
step:546/688 train_time:36973ms step_avg:67.72ms
step:547/688 train_time:37042ms step_avg:67.72ms
step:548/688 train_time:37115ms step_avg:67.73ms
step:549/688 train_time:37185ms step_avg:67.73ms
step:550/688 train_time:37260ms step_avg:67.74ms
step:550/688 val_loss:3.3759 train_time:37324ms step_avg:67.86ms probe
step:551/688 train_time:37363ms step_avg:67.81ms
step:552/688 train_time:37417ms step_avg:67.78ms
step:553/688 train_time:37479ms step_avg:67.77ms
step:554/688 train_time:37552ms step_avg:67.78ms
step:555/688 train_time:37613ms step_avg:67.77ms
step:556/688 train_time:37688ms step_avg:67.78ms
step:557/688 train_time:37757ms step_avg:67.79ms
step:558/688 train_time:37852ms step_avg:67.84ms
step:559/688 train_time:37903ms step_avg:67.80ms
step:560/688 train_time:37980ms step_avg:67.82ms
step:560/688 val_loss:3.3640 train_time:38038ms step_avg:67.93ms probe
step:561/688 train_time:38075ms step_avg:67.87ms
step:562/688 train_time:38136ms step_avg:67.86ms
step:563/688 train_time:38187ms step_avg:67.83ms
step:564/688 train_time:38266ms step_avg:67.85ms
step:565/688 train_time:38331ms step_avg:67.84ms
step:566/688 train_time:38405ms step_avg:67.85ms
step:567/688 train_time:38473ms step_avg:67.85ms
step:568/688 train_time:38548ms step_avg:67.87ms
step:569/688 train_time:38615ms step_avg:67.87ms
step:570/688 train_time:38691ms step_avg:67.88ms
step:570/688 val_loss:3.3554 train_time:38757ms step_avg:67.99ms probe
step:571/688 train_time:38794ms step_avg:67.94ms
step:572/688 train_time:38843ms step_avg:67.91ms
step:573/688 train_time:38913ms step_avg:67.91ms
step:574/688 train_time:38982ms step_avg:67.91ms
step:575/688 train_time:39050ms step_avg:67.91ms
step:576/688 train_time:39125ms step_avg:67.93ms
step:577/688 train_time:39193ms step_avg:67.93ms
step:578/688 train_time:39272ms step_avg:67.94ms
step:579/688 train_time:39334ms step_avg:67.94ms
step:580/688 train_time:39409ms step_avg:67.95ms
step:580/688 val_loss:3.3447 train_time:39474ms step_avg:68.06ms probe
step:581/688 train_time:39512ms step_avg:68.01ms
step:582/688 train_time:39566ms step_avg:67.98ms
step:583/688 train_time:39624ms step_avg:67.97ms
step:584/688 train_time:39698ms step_avg:67.98ms
step:585/688 train_time:39766ms step_avg:67.98ms
step:586/688 train_time:39840ms step_avg:67.99ms
step:587/688 train_time:39909ms step_avg:67.99ms
step:588/688 train_time:39983ms step_avg:68.00ms
step:589/688 train_time:40053ms step_avg:68.00ms
step:590/688 train_time:40126ms step_avg:68.01ms
step:590/688 val_loss:3.3342 train_time:40191ms step_avg:68.12ms probe
step:591/688 train_time:40227ms step_avg:68.07ms
step:592/688 train_time:40279ms step_avg:68.04ms
step:593/688 train_time:40349ms step_avg:68.04ms
step:594/688 train_time:40415ms step_avg:68.04ms
step:595/688 train_time:40481ms step_avg:68.04ms
step:596/688 train_time:40576ms step_avg:68.08ms
step:597/688 train_time:40626ms step_avg:68.05ms
step:598/688 train_time:40704ms step_avg:68.07ms
step:599/688 train_time:40770ms step_avg:68.06ms
step:600/688 train_time:40848ms step_avg:68.08ms
step:600/688 val_loss:3.3257 train_time:40906ms step_avg:68.18ms probe
step:601/688 train_time:40950ms step_avg:68.14ms
step:602/688 train_time:41006ms step_avg:68.12ms
step:603/688 train_time:41057ms step_avg:68.09ms
step:604/688 train_time:41133ms step_avg:68.10ms
step:605/688 train_time:41197ms step_avg:68.09ms
step:606/688 train_time:41271ms step_avg:68.10ms
step:607/688 train_time:41340ms step_avg:68.11ms
step:608/688 train_time:41414ms step_avg:68.11ms
step:609/688 train_time:41483ms step_avg:68.12ms
step:610/688 train_time:41558ms step_avg:68.13ms
step:610/688 val_loss:3.3184 train_time:41622ms step_avg:68.23ms probe
step:611/688 train_time:41656ms step_avg:68.18ms
step:612/688 train_time:41707ms step_avg:68.15ms
step:613/688 train_time:41784ms step_avg:68.16ms
step:614/688 train_time:41855ms step_avg:68.17ms
step:615/688 train_time:41913ms step_avg:68.15ms
step:616/688 train_time:41989ms step_avg:68.16ms
step:617/688 train_time:42058ms step_avg:68.16ms
step:618/688 train_time:42131ms step_avg:68.17ms
step:619/688 train_time:42199ms step_avg:68.17ms
step:620/688 train_time:42275ms step_avg:68.19ms
step:620/688 val_loss:3.3070 train_time:42340ms step_avg:68.29ms probe
step:621/688 train_time:42381ms step_avg:68.25ms
step:622/688 train_time:42430ms step_avg:68.22ms
step:623/688 train_time:42490ms step_avg:68.20ms
step:624/688 train_time:42564ms step_avg:68.21ms
step:625/688 train_time:42633ms step_avg:68.21ms
step:626/688 train_time:42707ms step_avg:68.22ms
step:627/688 train_time:42776ms step_avg:68.22ms
step:628/688 train_time:42850ms step_avg:68.23ms
step:629/688 train_time:42918ms step_avg:68.23ms
step:630/688 train_time:42993ms step_avg:68.24ms
step:630/688 val_loss:3.2998 train_time:43057ms step_avg:68.34ms probe
step:631/688 train_time:43089ms step_avg:68.29ms
step:632/688 train_time:43139ms step_avg:68.26ms
step:633/688 train_time:43219ms step_avg:68.28ms
step:634/688 train_time:43283ms step_avg:68.27ms
step:635/688 train_time:43348ms step_avg:68.26ms
step:636/688 train_time:43424ms step_avg:68.28ms
step:637/688 train_time:43513ms step_avg:68.31ms
step:638/688 train_time:43566ms step_avg:68.28ms
step:639/688 train_time:43634ms step_avg:68.28ms
step:640/688 train_time:43708ms step_avg:68.29ms
step:640/688 val_loss:3.2925 train_time:43773ms step_avg:68.40ms probe
step:641/688 train_time:43809ms step_avg:68.35ms
step:642/688 train_time:43871ms step_avg:68.33ms
step:643/688 train_time:43924ms step_avg:68.31ms
step:644/688 train_time:44002ms step_avg:68.33ms
step:645/688 train_time:44066ms step_avg:68.32ms
step:646/688 train_time:44140ms step_avg:68.33ms
step:647/688 train_time:44208ms step_avg:68.33ms
step:648/688 train_time:44283ms step_avg:68.34ms
step:649/688 train_time:44351ms step_avg:68.34ms
step:650/688 train_time:44426ms step_avg:68.35ms
step:650/688 val_loss:3.2838 train_time:44491ms step_avg:68.45ms probe
step:651/688 train_time:44526ms step_avg:68.40ms
step:652/688 train_time:44572ms step_avg:68.36ms
step:653/688 train_time:44643ms step_avg:68.37ms
step:654/688 train_time:44712ms step_avg:68.37ms
step:655/688 train_time:44782ms step_avg:68.37ms
step:656/688 train_time:44857ms step_avg:68.38ms
step:657/688 train_time:44953ms step_avg:68.42ms
step:658/688 train_time:45001ms step_avg:68.39ms
step:659/688 train_time:45075ms step_avg:68.40ms
step:660/688 train_time:45145ms step_avg:68.40ms
step:660/688 val_loss:3.2765 train_time:45207ms step_avg:68.50ms probe
step:661/688 train_time:45244ms step_avg:68.45ms
step:662/688 train_time:45304ms step_avg:68.43ms
step:663/688 train_time:45357ms step_avg:68.41ms
step:664/688 train_time:45436ms step_avg:68.43ms
step:665/688 train_time:45499ms step_avg:68.42ms
step:666/688 train_time:45573ms step_avg:68.43ms
step:667/688 train_time:45642ms step_avg:68.43ms
step:668/688 train_time:45716ms step_avg:68.44ms
step:669/688 train_time:45783ms step_avg:68.44ms
step:670/688 train_time:45858ms step_avg:68.44ms
step:670/688 val_loss:3.2710 train_time:45923ms step_avg:68.54ms probe
step:671/688 train_time:45953ms step_avg:68.48ms
step:672/688 train_time:46007ms step_avg:68.46ms
step:673/688 train_time:46076ms step_avg:68.46ms
step:674/688 train_time:46151ms step_avg:68.47ms
step:675/688 train_time:46222ms step_avg:68.48ms
step:676/688 train_time:46297ms step_avg:68.49ms
step:677/688 train_time:46365ms step_avg:68.49ms
step:678/688 train_time:46446ms step_avg:68.50ms
step:679/688 train_time:46509ms step_avg:68.50ms
step:680/688 train_time:46584ms step_avg:68.51ms
step:680/688 val_loss:3.2638 train_time:46649ms step_avg:68.60ms probe
step:681/688 train_time:46689ms step_avg:68.56ms
step:682/688 train_time:46729ms step_avg:68.52ms
step:683/688 train_time:46797ms step_avg:68.52ms
step:684/688 train_time:46873ms step_avg:68.53ms
step:685/688 train_time:46942ms step_avg:68.53ms
step:686/688 train_time:47017ms step_avg:68.54ms
step:687/688 train_time:47084ms step_avg:68.54ms
step:688/688 train_time:47157ms step_avg:68.54ms
step:688/688 val_loss:3.2604 train_time:47224ms step_avg:68.64ms
adaptive softmax tail rows on rank 0: cluster 1 needed by 10.98% of rows, 0.000% of those over capacity, cluster 2 needed by 4.99% of rows, 0.000% of those over capacity
peak memory allocated: 36308 MiB reserved: 50038 MiB
