W0928 11:27:02.052000 13001 torch/distributed/run.py:852] 
W0928 11:27:02.052000 13001 torch/distributed/run.py:852] *****************************************
W0928 11:27:02.052000 13001 torch/distributed/run.py:852] Setting OMP_NUM_THREADS environment variable for each process to be 1 in default, to avoid your system being overloaded, please further tune the variable for optimal performance in your application as needed. 
W0928 11:27:02.052000 13001 torch/distributed/run.py:852] *****************************************
[Gloo] Rank 0 is connected to 7 peer ranks. Expected number of connected peer ranks is : 7
[Gloo] Rank [Gloo] Rank 5 is connected to 7 peer ranks. 3Expected number of connected peer ranks is :  is connected to 77 peer ranks. 
Expected number of connected peer ranks is : 7
[Gloo] Rank 1 is connected to 7 peer ranks. Expected number of connected peer ranks is : 7
[Gloo] Rank 2 is connected to 7 peer ranks. Expected number of connected peer ranks is : 7
[Gloo] Rank 4 is connected to 7 peer ranks. Expected number of connected peer ranks is : 7
[Gloo] Rank 6[Gloo] Rank 7 is connected to 7 peer ranks. Expected number of connected peer ranks is : 7
 is connected to 7 peer ranks. Expected number of connected peer ranks is : 7
You are using version 1 of 'kernels-community/flash-attn3', but version 2 is available.
You are using version 1 of 'kernels-community/flash-attn3', but version 2 is available.
You are using version 1 of 'kernels-community/flash-attn3', but version 2 is available.
You are using version 1 of 'kernels-community/flash-attn3', but version 2 is available.
You are using version 1 of 'kernels-community/flash-attn3', but version 2 is available.
You are using version 1 of 'kernels-community/flash-attn3', but version 2 is available.
You are using version 1 of 'kernels-community/flash-attn3', but version 2 is available.
You are using version 1 of 'kernels-community/flash-attn3', but version 2 is available.
Fetching 8 files:   0%|          | 0/8 [00:00<?, ?it/s]Fetching 8 files:   0%|          | 0/8 [00:00<?, ?it/s]Fetching 8 files:   0%|          | 0/8 [00:00<?, ?it/s]Fetching 8 files:   0%|          | 0/8 [00:00<?, ?it/s]Fetching 8 files:   0%|          | 0/8 [00:00<?, ?it/s]Fetching 8 files:   0%|          | 0/8 [00:00<?, ?it/s]Fetching 8 files:   0%|          | 0/8 [00:00<?, ?it/s]Fetching 8 files: 100%|██████████| 8/8 [00:00<00:00, 2281.06it/s]
Fetching 8 files: 100%|██████████| 8/8 [00:00<00:00, 2094.66it/s]
Fetching 8 files: 100%|██████████| 8/8 [00:00<00:00, 1599.28it/s]
Fetching 8 files: 100%|██████████| 8/8 [00:00<00:00, 2525.74it/s]
Fetching 8 files: 100%|██████████| 8/8 [00:00<00:00, 2186.81it/s]
Fetching 8 files: 100%|██████████| 8/8 [00:00<00:00, 2183.96it/s]
Fetching 8 files: 100%|██████████| 8/8 [00:00<00:00, 1812.58it/s]
Fetching 8 files:   0%|          | 0/8 [00:00<?, ?it/s]Fetching 8 files: 100%|██████████| 8/8 [00:00<00:00, 2373.18it/s]
logs/e01926dc-ae32-4678-b797-120fc9016f6b.txt
Compiling model and warming up kernels (~7 minutes on first execution)
Sampling steps [0, 1, 415, 416, 417, 418, 831, 832, 833, 834, 1248, 1249, 1250, 1251] for warmup
Resetting Model
compile and warmup: 334.5s
vocab stats: counted 20,000,000 tokens of fineweb_train_000001.bin in 108ms, 895 token ids unseen
vocab stats: most frequent tokens ['.', ',', ' the', '\n', ' and', ' to', ' of', ' a']
adaptive softmax coverage: head 18430 tokens 94.41%, cluster 1 16384 tokens 4.35%, cluster 2 15443 tokens 1.24%
adaptive softmax config: head_width 18432, clusters [(18432, 34816, 16384), (34816, 50304, 15443)], tail capacity {3: (0.27, 0.16), 2: (0.21, 0.12), 1: (0.07, 0.03)}
step:0/1325 val_loss:10.4072 train_time:237ms step_avg:237.26ms
step:1/1325 train_time:429ms step_avg:428.53ms
step:2/1325 train_time:470ms step_avg:235.22ms
step:3/1325 train_time:499ms step_avg:166.38ms
step:4/1325 train_time:531ms step_avg:132.75ms
step:5/1325 train_time:553ms step_avg:110.68ms
step:6/1325 train_time:583ms step_avg:97.15ms
step:7/1325 train_time:609ms step_avg:86.96ms
step:8/1325 train_time:637ms step_avg:79.60ms
step:9/1325 train_time:660ms step_avg:73.31ms
step:10/1325 train_time:685ms step_avg:68.50ms
step:11/1325 train_time:706ms step_avg:64.15ms
step:12/1325 train_time:733ms step_avg:61.10ms
step:13/1325 train_time:759ms step_avg:58.37ms
step:14/1325 train_time:790ms step_avg:56.44ms
step:15/1325 train_time:816ms step_avg:54.41ms
step:16/1325 train_time:848ms step_avg:52.98ms
step:17/1325 train_time:873ms step_avg:51.36ms
step:18/1325 train_time:905ms step_avg:50.29ms
step:19/1325 train_time:930ms step_avg:48.97ms
step:20/1325 train_time:962ms step_avg:48.09ms
step:21/1325 train_time:987ms step_avg:47.02ms
step:22/1325 train_time:1019ms step_avg:46.33ms
step:23/1325 train_time:1045ms step_avg:45.42ms
step:24/1325 train_time:1077ms step_avg:44.86ms
step:25/1325 train_time:1102ms step_avg:44.08ms
step:26/1325 train_time:1133ms step_avg:43.59ms
step:27/1325 train_time:1159ms step_avg:42.93ms
step:28/1325 train_time:1190ms step_avg:42.52ms
step:29/1325 train_time:1216ms step_avg:41.94ms
step:30/1325 train_time:1248ms step_avg:41.59ms
step:31/1325 train_time:1273ms step_avg:41.08ms
step:32/1325 train_time:1305ms step_avg:40.78ms
step:33/1325 train_time:1331ms step_avg:40.32ms
step:34/1325 train_time:1362ms step_avg:40.06ms
step:35/1325 train_time:1388ms step_avg:39.65ms
step:36/1325 train_time:1419ms step_avg:39.41ms
step:37/1325 train_time:1445ms step_avg:39.05ms
step:38/1325 train_time:1476ms step_avg:38.85ms
step:39/1325 train_time:1502ms step_avg:38.51ms
step:40/1325 train_time:1533ms step_avg:38.33ms
step:41/1325 train_time:1559ms step_avg:38.03ms
step:42/1325 train_time:1591ms step_avg:37.87ms
step:43/1325 train_time:1616ms step_avg:37.59ms
step:44/1325 train_time:1648ms step_avg:37.45ms
step:45/1325 train_time:1674ms step_avg:37.19ms
step:46/1325 train_time:1705ms step_avg:37.06ms
step:47/1325 train_time:1731ms step_avg:36.82ms
step:48/1325 train_time:1762ms step_avg:36.71ms
step:49/1325 train_time:1788ms step_avg:36.49ms
step:50/1325 train_time:1819ms step_avg:36.39ms
step:51/1325 train_time:1845ms step_avg:36.18ms
step:52/1325 train_time:1876ms step_avg:36.08ms
step:53/1325 train_time:1902ms step_avg:35.89ms
step:54/1325 train_time:1934ms step_avg:35.81ms
step:55/1325 train_time:1959ms step_avg:35.62ms
step:56/1325 train_time:1990ms step_avg:35.54ms
step:57/1325 train_time:2016ms step_avg:35.38ms
step:58/1325 train_time:2048ms step_avg:35.30ms
step:59/1325 train_time:2073ms step_avg:35.14ms
step:60/1325 train_time:2105ms step_avg:35.08ms
step:61/1325 train_time:2131ms step_avg:34.93ms
step:62/1325 train_time:2162ms step_avg:34.87ms
step:63/1325 train_time:2188ms step_avg:34.73ms
step:64/1325 train_time:2219ms step_avg:34.67ms
step:65/1325 train_time:2245ms step_avg:34.54ms
step:66/1325 train_time:2276ms step_avg:34.48ms
step:67/1325 train_time:2302ms step_avg:34.36ms
step:68/1325 train_time:2333ms step_avg:34.31ms
step:69/1325 train_time:2359ms step_avg:34.19ms
step:70/1325 train_time:2390ms step_avg:34.15ms
step:71/1325 train_time:2416ms step_avg:34.03ms
step:72/1325 train_time:2447ms step_avg:33.99ms
step:73/1325 train_time:2473ms step_avg:33.88ms
step:74/1325 train_time:2504ms step_avg:33.84ms
step:75/1325 train_time:2531ms step_avg:33.74ms
step:76/1325 train_time:2562ms step_avg:33.71ms
step:77/1325 train_time:2588ms step_avg:33.61ms
step:78/1325 train_time:2619ms step_avg:33.58ms
step:79/1325 train_time:2645ms step_avg:33.48ms
step:80/1325 train_time:2676ms step_avg:33.45ms
step:81/1325 train_time:2702ms step_avg:33.36ms
step:82/1325 train_time:2733ms step_avg:33.33ms
step:83/1325 train_time:2759ms step_avg:33.24ms
step:84/1325 train_time:2790ms step_avg:33.22ms
step:85/1325 train_time:2816ms step_avg:33.13ms
step:86/1325 train_time:2847ms step_avg:33.11ms
step:87/1325 train_time:2873ms step_avg:33.02ms
step:88/1325 train_time:2904ms step_avg:33.00ms
step:89/1325 train_time:2930ms step_avg:32.92ms
step:90/1325 train_time:2961ms step_avg:32.90ms
step:91/1325 train_time:2987ms step_avg:32.83ms
step:92/1325 train_time:3019ms step_avg:32.81ms
step:93/1325 train_time:3045ms step_avg:32.74ms
step:94/1325 train_time:3075ms step_avg:32.72ms
step:95/1325 train_time:3102ms step_avg:32.65ms
step:96/1325 train_time:3133ms step_avg:32.63ms
step:97/1325 train_time:3159ms step_avg:32.57ms
step:98/1325 train_time:3190ms step_avg:32.55ms
step:99/1325 train_time:3216ms step_avg:32.48ms
step:100/1325 train_time:3247ms step_avg:32.47ms
step:101/1325 train_time:3273ms step_avg:32.41ms
step:102/1325 train_time:3304ms step_avg:32.39ms
step:103/1325 train_time:3330ms step_avg:32.33ms
step:104/1325 train_time:3361ms step_avg:32.32ms
step:105/1325 train_time:3387ms step_avg:32.26ms
step:106/1325 train_time:3419ms step_avg:32.25ms
step:107/1325 train_time:3445ms step_avg:32.19ms
step:108/1325 train_time:3476ms step_avg:32.18ms
step:109/1325 train_time:3502ms step_avg:32.13ms
step:110/1325 train_time:3533ms step_avg:32.12ms
step:111/1325 train_time:3559ms step_avg:32.06ms
step:112/1325 train_time:3590ms step_avg:32.05ms
step:113/1325 train_time:3616ms step_avg:32.00ms
step:114/1325 train_time:3647ms step_avg:31.99ms
step:115/1325 train_time:3673ms step_avg:31.94ms
step:116/1325 train_time:3704ms step_avg:31.93ms
step:117/1325 train_time:3730ms step_avg:31.88ms
step:118/1325 train_time:3761ms step_avg:31.87ms
step:119/1325 train_time:3787ms step_avg:31.83ms
step:120/1325 train_time:3818ms step_avg:31.82ms
step:121/1325 train_time:3845ms step_avg:31.77ms
step:122/1325 train_time:3875ms step_avg:31.76ms
step:123/1325 train_time:3902ms step_avg:31.72ms
step:124/1325 train_time:3933ms step_avg:31.72ms
step:125/1325 train_time:3959ms step_avg:31.67ms
step:126/1325 train_time:3990ms step_avg:31.66ms
step:127/1325 train_time:4016ms step_avg:31.62ms
step:128/1325 train_time:4047ms step_avg:31.62ms
step:129/1325 train_time:4073ms step_avg:31.57ms
step:130/1325 train_time:4104ms step_avg:31.57ms
step:131/1325 train_time:4130ms step_avg:31.53ms
step:132/1325 train_time:4161ms step_avg:31.52ms
step:133/1325 train_time:4187ms step_avg:31.48ms
step:134/1325 train_time:4218ms step_avg:31.48ms
step:135/1325 train_time:4244ms step_avg:31.44ms
step:136/1325 train_time:4275ms step_avg:31.44ms
step:137/1325 train_time:4302ms step_avg:31.40ms
step:138/1325 train_time:4333ms step_avg:31.40ms
step:139/1325 train_time:4359ms step_avg:31.36ms
step:140/1325 train_time:4390ms step_avg:31.35ms
step:141/1325 train_time:4416ms step_avg:31.32ms
step:142/1325 train_time:4447ms step_avg:31.31ms
step:143/1325 train_time:4473ms step_avg:31.28ms
step:144/1325 train_time:4504ms step_avg:31.27ms
step:145/1325 train_time:4530ms step_avg:31.24ms
step:146/1325 train_time:4561ms step_avg:31.24ms
step:147/1325 train_time:4587ms step_avg:31.20ms
step:148/1325 train_time:4618ms step_avg:31.20ms
step:149/1325 train_time:4644ms step_avg:31.17ms
step:150/1325 train_time:4675ms step_avg:31.17ms
step:151/1325 train_time:4701ms step_avg:31.13ms
step:152/1325 train_time:4732ms step_avg:31.13ms
step:153/1325 train_time:4758ms step_avg:31.10ms
step:154/1325 train_time:4789ms step_avg:31.10ms
step:155/1325 train_time:4816ms step_avg:31.07ms
step:156/1325 train_time:4846ms step_avg:31.07ms
step:157/1325 train_time:4873ms step_avg:31.04ms
step:158/1325 train_time:4903ms step_avg:31.03ms
step:159/1325 train_time:4930ms step_avg:31.00ms
step:160/1325 train_time:4960ms step_avg:31.00ms
step:161/1325 train_time:4987ms step_avg:30.97ms
step:162/1325 train_time:5017ms step_avg:30.97ms
step:163/1325 train_time:5044ms step_avg:30.94ms
step:164/1325 train_time:5076ms step_avg:30.95ms
step:165/1325 train_time:5101ms step_avg:30.91ms
step:166/1325 train_time:5132ms step_avg:30.92ms
step:167/1325 train_time:5158ms step_avg:30.89ms
step:168/1325 train_time:5189ms step_avg:30.88ms
step:169/1325 train_time:5215ms step_avg:30.86ms
step:170/1325 train_time:5246ms step_avg:30.86ms
step:171/1325 train_time:5272ms step_avg:30.83ms
step:172/1325 train_time:5303ms step_avg:30.83ms
step:173/1325 train_time:5329ms step_avg:30.80ms
step:174/1325 train_time:5360ms step_avg:30.80ms
step:175/1325 train_time:5386ms step_avg:30.78ms
step:176/1325 train_time:5417ms step_avg:30.78ms
step:177/1325 train_time:5443ms step_avg:30.75ms
step:178/1325 train_time:5474ms step_avg:30.75ms
step:179/1325 train_time:5501ms step_avg:30.73ms
step:180/1325 train_time:5532ms step_avg:30.73ms
step:181/1325 train_time:5558ms step_avg:30.71ms
step:182/1325 train_time:5588ms step_avg:30.71ms
step:183/1325 train_time:5615ms step_avg:30.68ms
step:184/1325 train_time:5646ms step_avg:30.68ms
step:185/1325 train_time:5672ms step_avg:30.66ms
step:186/1325 train_time:5703ms step_avg:30.66ms
step:187/1325 train_time:5729ms step_avg:30.64ms
step:188/1325 train_time:5760ms step_avg:30.64ms
step:189/1325 train_time:5786ms step_avg:30.61ms
step:190/1325 train_time:5817ms step_avg:30.61ms
step:191/1325 train_time:5843ms step_avg:30.59ms
step:192/1325 train_time:5874ms step_avg:30.59ms
step:193/1325 train_time:5900ms step_avg:30.57ms
step:194/1325 train_time:5931ms step_avg:30.57ms
step:195/1325 train_time:5957ms step_avg:30.55ms
step:196/1325 train_time:5988ms step_avg:30.55ms
step:197/1325 train_time:6014ms step_avg:30.53ms
step:198/1325 train_time:6045ms step_avg:30.53ms
step:199/1325 train_time:6071ms step_avg:30.51ms
step:200/1325 train_time:6102ms step_avg:30.51ms
step:201/1325 train_time:6128ms step_avg:30.49ms
step:202/1325 train_time:6159ms step_avg:30.49ms
step:203/1325 train_time:6185ms step_avg:30.47ms
step:204/1325 train_time:6216ms step_avg:30.47ms
step:205/1325 train_time:6242ms step_avg:30.45ms
step:206/1325 train_time:6273ms step_avg:30.45ms
step:207/1325 train_time:6300ms step_avg:30.43ms
step:208/1325 train_time:6330ms step_avg:30.43ms
step:209/1325 train_time:6357ms step_avg:30.41ms
step:210/1325 train_time:6387ms step_avg:30.42ms
step:211/1325 train_time:6414ms step_avg:30.40ms
step:212/1325 train_time:6445ms step_avg:30.40ms
step:213/1325 train_time:6471ms step_avg:30.38ms
step:214/1325 train_time:6502ms step_avg:30.38ms
step:215/1325 train_time:6528ms step_avg:30.36ms
step:216/1325 train_time:6559ms step_avg:30.36ms
step:217/1325 train_time:6585ms step_avg:30.34ms
step:218/1325 train_time:6615ms step_avg:30.35ms
step:219/1325 train_time:6642ms step_avg:30.33ms
step:220/1325 train_time:6673ms step_avg:30.33ms
step:221/1325 train_time:6699ms step_avg:30.31ms
step:222/1325 train_time:6729ms step_avg:30.31ms
step:223/1325 train_time:6756ms step_avg:30.29ms
step:224/1325 train_time:6786ms step_avg:30.30ms
step:225/1325 train_time:6813ms step_avg:30.28ms
step:226/1325 train_time:6843ms step_avg:30.28ms
step:227/1325 train_time:6870ms step_avg:30.26ms
step:228/1325 train_time:6901ms step_avg:30.27ms
step:229/1325 train_time:6927ms step_avg:30.25ms
step:230/1325 train_time:6957ms step_avg:30.25ms
step:231/1325 train_time:6984ms step_avg:30.23ms
step:232/1325 train_time:7014ms step_avg:30.23ms
step:233/1325 train_time:7041ms step_avg:30.22ms
step:234/1325 train_time:7071ms step_avg:30.22ms
step:235/1325 train_time:7098ms step_avg:30.20ms
step:236/1325 train_time:7128ms step_avg:30.20ms
step:237/1325 train_time:7155ms step_avg:30.19ms
step:238/1325 train_time:7185ms step_avg:30.19ms
step:239/1325 train_time:7212ms step_avg:30.17ms
step:240/1325 train_time:7242ms step_avg:30.18ms
step:241/1325 train_time:7269ms step_avg:30.16ms
step:242/1325 train_time:7299ms step_avg:30.16ms
step:243/1325 train_time:7326ms step_avg:30.15ms
step:244/1325 train_time:7356ms step_avg:30.15ms
step:245/1325 train_time:7382ms step_avg:30.13ms
step:246/1325 train_time:7413ms step_avg:30.13ms
step:247/1325 train_time:7440ms step_avg:30.12ms
step:248/1325 train_time:7470ms step_avg:30.12ms
step:249/1325 train_time:7496ms step_avg:30.11ms
step:250/1325 train_time:7527ms step_avg:30.11ms
step:250/1325 val_loss:4.4917 train_time:7557ms step_avg:30.23ms
step:251/1325 train_time:7580ms step_avg:30.20ms
step:252/1325 train_time:7604ms step_avg:30.17ms
step:253/1325 train_time:7625ms step_avg:30.14ms
step:254/1325 train_time:7649ms step_avg:30.11ms
step:255/1325 train_time:7671ms step_avg:30.08ms
step:256/1325 train_time:7702ms step_avg:30.08ms
step:257/1325 train_time:7728ms step_avg:30.07ms
step:258/1325 train_time:7759ms step_avg:30.07ms
step:259/1325 train_time:7785ms step_avg:30.06ms
step:260/1325 train_time:7816ms step_avg:30.06ms
step:261/1325 train_time:7842ms step_avg:30.05ms
step:262/1325 train_time:7873ms step_avg:30.05ms
step:263/1325 train_time:7899ms step_avg:30.04ms
step:264/1325 train_time:7930ms step_avg:30.04ms
step:265/1325 train_time:7956ms step_avg:30.02ms
step:266/1325 train_time:7987ms step_avg:30.03ms
step:267/1325 train_time:8013ms step_avg:30.01ms
step:268/1325 train_time:8044ms step_avg:30.02ms
step:269/1325 train_time:8070ms step_avg:30.00ms
step:270/1325 train_time:8101ms step_avg:30.00ms
step:271/1325 train_time:8127ms step_avg:29.99ms
step:272/1325 train_time:8158ms step_avg:29.99ms
step:273/1325 train_time:8184ms step_avg:29.98ms
step:274/1325 train_time:8215ms step_avg:29.98ms
step:275/1325 train_time:8241ms step_avg:29.97ms
step:276/1325 train_time:8272ms step_avg:29.97ms
step:277/1325 train_time:8298ms step_avg:29.96ms
step:278/1325 train_time:8329ms step_avg:29.96ms
step:279/1325 train_time:8355ms step_avg:29.95ms
step:280/1325 train_time:8386ms step_avg:29.95ms
step:281/1325 train_time:8412ms step_avg:29.94ms
step:282/1325 train_time:8443ms step_avg:29.94ms
step:283/1325 train_time:8469ms step_avg:29.93ms
step:284/1325 train_time:8500ms step_avg:29.93ms
step:285/1325 train_time:8526ms step_avg:29.92ms
step:286/1325 train_time:8557ms step_avg:29.92ms
step:287/1325 train_time:8583ms step_avg:29.91ms
step:288/1325 train_time:8614ms step_avg:29.91ms
step:289/1325 train_time:8641ms step_avg:29.90ms
step:290/1325 train_time:8671ms step_avg:29.90ms
step:291/1325 train_time:8698ms step_avg:29.89ms
step:292/1325 train_time:8728ms step_avg:29.89ms
step:293/1325 train_time:8754ms step_avg:29.88ms
step:294/1325 train_time:8785ms step_avg:29.88ms
step:295/1325 train_time:8812ms step_avg:29.87ms
step:296/1325 train_time:8843ms step_avg:29.87ms
step:297/1325 train_time:8869ms step_avg:29.86ms
step:298/1325 train_time:8899ms step_avg:29.86ms
step:299/1325 train_time:8926ms step_avg:29.85ms
step:300/1325 train_time:8956ms step_avg:29.85ms
step:301/1325 train_time:8983ms step_avg:29.84ms
step:302/1325 train_time:9013ms step_avg:29.84ms
step:303/1325 train_time:9040ms step_avg:29.83ms
step:304/1325 train_time:9070ms step_avg:29.84ms
step:305/1325 train_time:9097ms step_avg:29.83ms
step:306/1325 train_time:9127ms step_avg:29.83ms
step:307/1325 train_time:9154ms step_avg:29.82ms
step:308/1325 train_time:9184ms step_avg:29.82ms
step:309/1325 train_time:9211ms step_avg:29.81ms
step:310/1325 train_time:9241ms step_avg:29.81ms
step:311/1325 train_time:9268ms step_avg:29.80ms
step:312/1325 train_time:9298ms step_avg:29.80ms
step:313/1325 train_time:9325ms step_avg:29.79ms
step:314/1325 train_time:9356ms step_avg:29.79ms
step:315/1325 train_time:9382ms step_avg:29.78ms
step:316/1325 train_time:9412ms step_avg:29.79ms
step:317/1325 train_time:9439ms step_avg:29.78ms
step:318/1325 train_time:9469ms step_avg:29.78ms
step:319/1325 train_time:9496ms step_avg:29.77ms
step:320/1325 train_time:9526ms step_avg:29.77ms
step:321/1325 train_time:9553ms step_avg:29.76ms
step:322/1325 train_time:9583ms step_avg:29.76ms
step:323/1325 train_time:9610ms step_avg:29.75ms
step:324/1325 train_time:9641ms step_avg:29.76ms
step:325/1325 train_time:9667ms step_avg:29.74ms
step:326/1325 train_time:9698ms step_avg:29.75ms
step:327/1325 train_time:9724ms step_avg:29.74ms
step:328/1325 train_time:9755ms step_avg:29.74ms
step:329/1325 train_time:9781ms step_avg:29.73ms
step:330/1325 train_time:9811ms step_avg:29.73ms
step:331/1325 train_time:9838ms step_avg:29.72ms
step:332/1325 train_time:9869ms step_avg:29.72ms
step:333/1325 train_time:9895ms step_avg:29.71ms
step:334/1325 train_time:9925ms step_avg:29.72ms
step:335/1325 train_time:9952ms step_avg:29.71ms
step:336/1325 train_time:9983ms step_avg:29.71ms
step:337/1325 train_time:10009ms step_avg:29.70ms
step:338/1325 train_time:10040ms step_avg:29.70ms
step:339/1325 train_time:10066ms step_avg:29.69ms
step:340/1325 train_time:10097ms step_avg:29.70ms
step:341/1325 train_time:10123ms step_avg:29.69ms
step:342/1325 train_time:10154ms step_avg:29.69ms
step:343/1325 train_time:10180ms step_avg:29.68ms
step:344/1325 train_time:10210ms step_avg:29.68ms
step:345/1325 train_time:10237ms step_avg:29.67ms
step:346/1325 train_time:10269ms step_avg:29.68ms
step:347/1325 train_time:10294ms step_avg:29.67ms
step:348/1325 train_time:10325ms step_avg:29.67ms
step:349/1325 train_time:10351ms step_avg:29.66ms
step:350/1325 train_time:10382ms step_avg:29.66ms
step:351/1325 train_time:10408ms step_avg:29.65ms
step:352/1325 train_time:10439ms step_avg:29.66ms
step:353/1325 train_time:10465ms step_avg:29.65ms
step:354/1325 train_time:10496ms step_avg:29.65ms
step:355/1325 train_time:10522ms step_avg:29.64ms
step:356/1325 train_time:10553ms step_avg:29.64ms
step:357/1325 train_time:10579ms step_avg:29.63ms
step:358/1325 train_time:10610ms step_avg:29.64ms
step:359/1325 train_time:10636ms step_avg:29.63ms
step:360/1325 train_time:10667ms step_avg:29.63ms
step:361/1325 train_time:10693ms step_avg:29.62ms
step:362/1325 train_time:10724ms step_avg:29.62ms
step:363/1325 train_time:10750ms step_avg:29.61ms
step:364/1325 train_time:10781ms step_avg:29.62ms
step:365/1325 train_time:10807ms step_avg:29.61ms
step:366/1325 train_time:10838ms step_avg:29.61ms
step:367/1325 train_time:10864ms step_avg:29.60ms
step:368/1325 train_time:10895ms step_avg:29.61ms
step:369/1325 train_time:10921ms step_avg:29.60ms
step:370/1325 train_time:10952ms step_avg:29.60ms
step:371/1325 train_time:10978ms step_avg:29.59ms
step:372/1325 train_time:11009ms step_avg:29.59ms
step:373/1325 train_time:11035ms step_avg:29.58ms
step:374/1325 train_time:11066ms step_avg:29.59ms
step:375/1325 train_time:11092ms step_avg:29.58ms
step:376/1325 train_time:11123ms step_avg:29.58ms
step:377/1325 train_time:11149ms step_avg:29.57ms
step:378/1325 train_time:11180ms step_avg:29.58ms
step:379/1325 train_time:11206ms step_avg:29.57ms
step:380/1325 train_time:11237ms step_avg:29.57ms
step:381/1325 train_time:11263ms step_avg:29.56ms
step:382/1325 train_time:11294ms step_avg:29.57ms
step:383/1325 train_time:11320ms step_avg:29.56ms
step:384/1325 train_time:11351ms step_avg:29.56ms
step:385/1325 train_time:11377ms step_avg:29.55ms
step:386/1325 train_time:11408ms step_avg:29.55ms
step:387/1325 train_time:11434ms step_avg:29.55ms
step:388/1325 train_time:11465ms step_avg:29.55ms
step:389/1325 train_time:11491ms step_avg:29.54ms
step:390/1325 train_time:11522ms step_avg:29.54ms
step:391/1325 train_time:11548ms step_avg:29.54ms
step:392/1325 train_time:11579ms step_avg:29.54ms
step:393/1325 train_time:11605ms step_avg:29.53ms
step:394/1325 train_time:11636ms step_avg:29.53ms
step:395/1325 train_time:11662ms step_avg:29.52ms
step:396/1325 train_time:11693ms step_avg:29.53ms
step:397/1325 train_time:11719ms step_avg:29.52ms
step:398/1325 train_time:11750ms step_avg:29.52ms
step:399/1325 train_time:11776ms step_avg:29.51ms
step:400/1325 train_time:11807ms step_avg:29.52ms
step:401/1325 train_time:11833ms step_avg:29.51ms
step:402/1325 train_time:11864ms step_avg:29.51ms
step:403/1325 train_time:11890ms step_avg:29.50ms
step:404/1325 train_time:11921ms step_avg:29.51ms
step:405/1325 train_time:11947ms step_avg:29.50ms
step:406/1325 train_time:11978ms step_avg:29.50ms
step:407/1325 train_time:12004ms step_avg:29.49ms
step:408/1325 train_time:12035ms step_avg:29.50ms
step:409/1325 train_time:12061ms step_avg:29.49ms
step:410/1325 train_time:12092ms step_avg:29.49ms
step:411/1325 train_time:12118ms step_avg:29.48ms
step:412/1325 train_time:12149ms step_avg:29.49ms
step:413/1325 train_time:12175ms step_avg:29.48ms
step:414/1325 train_time:12206ms step_avg:29.48ms
step:415/1325 train_time:12232ms step_avg:29.47ms
step:416/1325 train_time:12263ms step_avg:29.48ms
step:417/1325 train_time:12289ms step_avg:29.47ms
step:418/1325 train_time:12324ms step_avg:29.48ms
step:419/1325 train_time:12370ms step_avg:29.52ms
step:420/1325 train_time:12420ms step_avg:29.57ms
step:421/1325 train_time:12466ms step_avg:29.61ms
step:422/1325 train_time:12516ms step_avg:29.66ms
step:423/1325 train_time:12562ms step_avg:29.70ms
step:424/1325 train_time:12612ms step_avg:29.75ms
step:425/1325 train_time:12658ms step_avg:29.78ms
step:426/1325 train_time:12708ms step_avg:29.83ms
step:427/1325 train_time:12755ms step_avg:29.87ms
step:428/1325 train_time:12804ms step_avg:29.92ms
step:429/1325 train_time:12851ms step_avg:29.95ms
step:430/1325 train_time:12901ms step_avg:30.00ms
step:431/1325 train_time:12947ms step_avg:30.04ms
step:432/1325 train_time:12997ms step_avg:30.09ms
step:433/1325 train_time:13043ms step_avg:30.12ms
step:434/1325 train_time:13093ms step_avg:30.17ms
step:435/1325 train_time:13141ms step_avg:30.21ms
step:436/1325 train_time:13191ms step_avg:30.25ms
step:437/1325 train_time:13238ms step_avg:30.29ms
step:438/1325 train_time:13288ms step_avg:30.34ms
step:439/1325 train_time:13335ms step_avg:30.38ms
step:440/1325 train_time:13385ms step_avg:30.42ms
step:441/1325 train_time:13432ms step_avg:30.46ms
step:442/1325 train_time:13482ms step_avg:30.50ms
step:443/1325 train_time:13528ms step_avg:30.54ms
step:444/1325 train_time:13579ms step_avg:30.58ms
step:445/1325 train_time:13624ms step_avg:30.62ms
step:446/1325 train_time:13674ms step_avg:30.66ms
step:447/1325 train_time:13721ms step_avg:30.70ms
step:448/1325 train_time:13771ms step_avg:30.74ms
step:449/1325 train_time:13817ms step_avg:30.77ms
step:450/1325 train_time:13867ms step_avg:30.82ms
step:451/1325 train_time:13913ms step_avg:30.85ms
step:452/1325 train_time:13964ms step_avg:30.89ms
step:453/1325 train_time:14009ms step_avg:30.93ms
step:454/1325 train_time:14060ms step_avg:30.97ms
step:455/1325 train_time:14105ms step_avg:31.00ms
step:456/1325 train_time:14156ms step_avg:31.04ms
step:457/1325 train_time:14202ms step_avg:31.08ms
step:458/1325 train_time:14252ms step_avg:31.12ms
step:459/1325 train_time:14301ms step_avg:31.16ms
step:460/1325 train_time:14350ms step_avg:31.20ms
step:461/1325 train_time:14394ms step_avg:31.22ms
step:462/1325 train_time:14445ms step_avg:31.27ms
step:463/1325 train_time:14491ms step_avg:31.30ms
step:464/1325 train_time:14541ms step_avg:31.34ms
step:465/1325 train_time:14587ms step_avg:31.37ms
step:466/1325 train_time:14637ms step_avg:31.41ms
step:467/1325 train_time:14683ms step_avg:31.44ms
step:468/1325 train_time:14733ms step_avg:31.48ms
step:469/1325 train_time:14779ms step_avg:31.51ms
step:470/1325 train_time:14830ms step_avg:31.55ms
step:471/1325 train_time:14876ms step_avg:31.58ms
step:472/1325 train_time:14926ms step_avg:31.62ms
step:473/1325 train_time:14972ms step_avg:31.65ms
step:474/1325 train_time:15022ms step_avg:31.69ms
step:475/1325 train_time:15069ms step_avg:31.72ms
step:476/1325 train_time:15119ms step_avg:31.76ms
step:477/1325 train_time:15165ms step_avg:31.79ms
step:478/1325 train_time:15216ms step_avg:31.83ms
step:479/1325 train_time:15261ms step_avg:31.86ms
step:480/1325 train_time:15312ms step_avg:31.90ms
step:481/1325 train_time:15358ms step_avg:31.93ms
step:482/1325 train_time:15408ms step_avg:31.97ms
step:483/1325 train_time:15454ms step_avg:32.00ms
step:484/1325 train_time:15504ms step_avg:32.03ms
step:485/1325 train_time:15551ms step_avg:32.06ms
step:486/1325 train_time:15601ms step_avg:32.10ms
step:487/1325 train_time:15647ms step_avg:32.13ms
step:488/1325 train_time:15697ms step_avg:32.17ms
step:489/1325 train_time:15743ms step_avg:32.19ms
step:490/1325 train_time:15793ms step_avg:32.23ms
step:491/1325 train_time:15840ms step_avg:32.26ms
step:492/1325 train_time:15890ms step_avg:32.30ms
step:493/1325 train_time:15936ms step_avg:32.32ms
step:494/1325 train_time:15986ms step_avg:32.36ms
step:495/1325 train_time:16033ms step_avg:32.39ms
step:496/1325 train_time:16083ms step_avg:32.42ms
step:497/1325 train_time:16129ms step_avg:32.45ms
step:498/1325 train_time:16179ms step_avg:32.49ms
step:499/1325 train_time:16225ms step_avg:32.52ms
step:500/1325 train_time:16275ms step_avg:32.55ms
step:500/1325 val_loss:4.1499 train_time:16324ms step_avg:32.65ms
step:501/1325 train_time:16348ms step_avg:32.63ms
step:502/1325 train_time:16374ms step_avg:32.62ms
step:503/1325 train_time:16420ms step_avg:32.64ms
step:504/1325 train_time:16470ms step_avg:32.68ms
step:505/1325 train_time:16516ms step_avg:32.71ms
step:506/1325 train_time:16566ms step_avg:32.74ms
step:507/1325 train_time:16612ms step_avg:32.77ms
step:508/1325 train_time:16662ms step_avg:32.80ms
step:509/1325 train_time:16709ms step_avg:32.83ms
step:510/1325 train_time:16759ms step_avg:32.86ms
step:511/1325 train_time:16805ms step_avg:32.89ms
step:512/1325 train_time:16856ms step_avg:32.92ms
step:513/1325 train_time:16901ms step_avg:32.95ms
step:514/1325 train_time:16952ms step_avg:32.98ms
step:515/1325 train_time:16998ms step_avg:33.01ms
step:516/1325 train_time:17048ms step_avg:33.04ms
step:517/1325 train_time:17094ms step_avg:33.06ms
step:518/1325 train_time:17144ms step_avg:33.10ms
step:519/1325 train_time:17190ms step_avg:33.12ms
step:520/1325 train_time:17240ms step_avg:33.15ms
step:521/1325 train_time:17288ms step_avg:33.18ms
step:522/1325 train_time:17338ms step_avg:33.22ms
step:523/1325 train_time:17385ms step_avg:33.24ms
step:524/1325 train_time:17435ms step_avg:33.27ms
step:525/1325 train_time:17482ms step_avg:33.30ms
step:526/1325 train_time:17532ms step_avg:33.33ms
step:527/1325 train_time:17578ms step_avg:33.35ms
step:528/1325 train_time:17628ms step_avg:33.39ms
step:529/1325 train_time:17674ms step_avg:33.41ms
step:530/1325 train_time:17725ms step_avg:33.44ms
step:531/1325 train_time:17771ms step_avg:33.47ms
step:532/1325 train_time:17821ms step_avg:33.50ms
step:533/1325 train_time:17867ms step_avg:33.52ms
step:534/1325 train_time:17917ms step_avg:33.55ms
step:535/1325 train_time:17964ms step_avg:33.58ms
step:536/1325 train_time:18013ms step_avg:33.61ms
step:537/1325 train_time:18060ms step_avg:33.63ms
step:538/1325 train_time:18110ms step_avg:33.66ms
step:539/1325 train_time:18156ms step_avg:33.69ms
step:540/1325 train_time:18207ms step_avg:33.72ms
step:541/1325 train_time:18253ms step_avg:33.74ms
step:542/1325 train_time:18303ms step_avg:33.77ms
step:543/1325 train_time:18350ms step_avg:33.79ms
step:544/1325 train_time:18400ms step_avg:33.82ms
step:545/1325 train_time:18447ms step_avg:33.85ms
step:546/1325 train_time:18497ms step_avg:33.88ms
step:547/1325 train_time:18543ms step_avg:33.90ms
step:548/1325 train_time:18594ms step_avg:33.93ms
step:549/1325 train_time:18640ms step_avg:33.95ms
step:550/1325 train_time:18690ms step_avg:33.98ms
step:551/1325 train_time:18736ms step_avg:34.00ms
step:552/1325 train_time:18786ms step_avg:34.03ms
step:553/1325 train_time:18832ms step_avg:34.05ms
step:554/1325 train_time:18882ms step_avg:34.08ms
step:555/1325 train_time:18929ms step_avg:34.11ms
step:556/1325 train_time:18979ms step_avg:34.14ms
step:557/1325 train_time:19025ms step_avg:34.16ms
step:558/1325 train_time:19075ms step_avg:34.19ms
step:559/1325 train_time:19122ms step_avg:34.21ms
step:560/1325 train_time:19172ms step_avg:34.24ms
step:561/1325 train_time:19218ms step_avg:34.26ms
step:562/1325 train_time:19268ms step_avg:34.29ms
step:563/1325 train_time:19315ms step_avg:34.31ms
step:564/1325 train_time:19365ms step_avg:34.33ms
step:565/1325 train_time:19412ms step_avg:34.36ms
step:566/1325 train_time:19462ms step_avg:34.38ms
step:567/1325 train_time:19508ms step_avg:34.41ms
step:568/1325 train_time:19558ms step_avg:34.43ms
step:569/1325 train_time:19605ms step_avg:34.45ms
step:570/1325 train_time:19655ms step_avg:34.48ms
step:571/1325 train_time:19702ms step_avg:34.50ms
step:572/1325 train_time:19752ms step_avg:34.53ms
step:573/1325 train_time:19799ms step_avg:34.55ms
step:574/1325 train_time:19849ms step_avg:34.58ms
step:575/1325 train_time:19895ms step_avg:34.60ms
step:576/1325 train_time:19945ms step_avg:34.63ms
step:577/1325 train_time:19992ms step_avg:34.65ms
step:578/1325 train_time:20042ms step_avg:34.67ms
step:579/1325 train_time:20089ms step_avg:34.70ms
step:580/1325 train_time:20138ms step_avg:34.72ms
step:581/1325 train_time:20185ms step_avg:34.74ms
step:582/1325 train_time:20235ms step_avg:34.77ms
step:583/1325 train_time:20282ms step_avg:34.79ms
step:584/1325 train_time:20332ms step_avg:34.81ms
step:585/1325 train_time:20378ms step_avg:34.83ms
step:586/1325 train_time:20428ms step_avg:34.86ms
step:587/1325 train_time:20475ms step_avg:34.88ms
step:588/1325 train_time:20525ms step_avg:34.91ms
step:589/1325 train_time:20571ms step_avg:34.93ms
step:590/1325 train_time:20621ms step_avg:34.95ms
step:591/1325 train_time:20668ms step_avg:34.97ms
step:592/1325 train_time:20718ms step_avg:35.00ms
step:593/1325 train_time:20764ms step_avg:35.02ms
step:594/1325 train_time:20814ms step_avg:35.04ms
step:595/1325 train_time:20861ms step_avg:35.06ms
step:596/1325 train_time:20911ms step_avg:35.08ms
step:597/1325 train_time:20957ms step_avg:35.10ms
step:598/1325 train_time:21007ms step_avg:35.13ms
step:599/1325 train_time:21054ms step_avg:35.15ms
step:600/1325 train_time:21104ms step_avg:35.17ms
step:601/1325 train_time:21150ms step_avg:35.19ms
step:602/1325 train_time:21200ms step_avg:35.22ms
step:603/1325 train_time:21247ms step_avg:35.24ms
step:604/1325 train_time:21297ms step_avg:35.26ms
step:605/1325 train_time:21343ms step_avg:35.28ms
step:606/1325 train_time:21393ms step_avg:35.30ms
step:607/1325 train_time:21440ms step_avg:35.32ms
step:608/1325 train_time:21490ms step_avg:35.34ms
step:609/1325 train_time:21536ms step_avg:35.36ms
step:610/1325 train_time:21586ms step_avg:35.39ms
step:611/1325 train_time:21633ms step_avg:35.41ms
step:612/1325 train_time:21683ms step_avg:35.43ms
step:613/1325 train_time:21729ms step_avg:35.45ms
step:614/1325 train_time:21780ms step_avg:35.47ms
step:615/1325 train_time:21826ms step_avg:35.49ms
step:616/1325 train_time:21876ms step_avg:35.51ms
step:617/1325 train_time:21923ms step_avg:35.53ms
step:618/1325 train_time:21973ms step_avg:35.56ms
step:619/1325 train_time:22019ms step_avg:35.57ms
step:620/1325 train_time:22070ms step_avg:35.60ms
step:621/1325 train_time:22116ms step_avg:35.61ms
step:622/1325 train_time:22166ms step_avg:35.64ms
step:623/1325 train_time:22212ms step_avg:35.65ms
step:624/1325 train_time:22262ms step_avg:35.68ms
step:625/1325 train_time:22309ms step_avg:35.69ms
step:626/1325 train_time:22359ms step_avg:35.72ms
step:627/1325 train_time:22405ms step_avg:35.73ms
step:628/1325 train_time:22455ms step_avg:35.76ms
step:629/1325 train_time:22502ms step_avg:35.77ms
step:630/1325 train_time:22552ms step_avg:35.80ms
step:631/1325 train_time:22599ms step_avg:35.81ms
step:632/1325 train_time:22648ms step_avg:35.84ms
step:633/1325 train_time:22695ms step_avg:35.85ms
step:634/1325 train_time:22745ms step_avg:35.88ms
step:635/1325 train_time:22792ms step_avg:35.89ms
step:636/1325 train_time:22842ms step_avg:35.91ms
step:637/1325 train_time:22888ms step_avg:35.93ms
step:638/1325 train_time:22938ms step_avg:35.95ms
step:639/1325 train_time:22985ms step_avg:35.97ms
step:640/1325 train_time:23035ms step_avg:35.99ms
step:641/1325 train_time:23081ms step_avg:36.01ms
step:642/1325 train_time:23131ms step_avg:36.03ms
step:643/1325 train_time:23178ms step_avg:36.05ms
step:644/1325 train_time:23228ms step_avg:36.07ms
step:645/1325 train_time:23274ms step_avg:36.08ms
step:646/1325 train_time:23324ms step_avg:36.11ms
step:647/1325 train_time:23371ms step_avg:36.12ms
step:648/1325 train_time:23421ms step_avg:36.14ms
step:649/1325 train_time:23468ms step_avg:36.16ms
step:650/1325 train_time:23518ms step_avg:36.18ms
step:651/1325 train_time:23564ms step_avg:36.20ms
step:652/1325 train_time:23614ms step_avg:36.22ms
step:653/1325 train_time:23661ms step_avg:36.23ms
step:654/1325 train_time:23711ms step_avg:36.26ms
step:655/1325 train_time:23758ms step_avg:36.27ms
step:656/1325 train_time:23808ms step_avg:36.29ms
step:657/1325 train_time:23854ms step_avg:36.31ms
step:658/1325 train_time:23904ms step_avg:36.33ms
step:659/1325 train_time:23951ms step_avg:36.34ms
step:660/1325 train_time:24001ms step_avg:36.37ms
step:661/1325 train_time:24048ms step_avg:36.38ms
step:662/1325 train_time:24098ms step_avg:36.40ms
step:663/1325 train_time:24144ms step_avg:36.42ms
step:664/1325 train_time:24194ms step_avg:36.44ms
step:665/1325 train_time:24241ms step_avg:36.45ms
step:666/1325 train_time:24291ms step_avg:36.47ms
step:667/1325 train_time:24337ms step_avg:36.49ms
step:668/1325 train_time:24387ms step_avg:36.51ms
step:669/1325 train_time:24433ms step_avg:36.52ms
step:670/1325 train_time:24483ms step_avg:36.54ms
step:671/1325 train_time:24530ms step_avg:36.56ms
step:672/1325 train_time:24580ms step_avg:36.58ms
step:673/1325 train_time:24627ms step_avg:36.59ms
step:674/1325 train_time:24677ms step_avg:36.61ms
step:675/1325 train_time:24723ms step_avg:36.63ms
step:676/1325 train_time:24773ms step_avg:36.65ms
step:677/1325 train_time:24820ms step_avg:36.66ms
step:678/1325 train_time:24870ms step_avg:36.68ms
step:679/1325 train_time:24917ms step_avg:36.70ms
step:680/1325 train_time:24966ms step_avg:36.71ms
step:681/1325 train_time:25013ms step_avg:36.73ms
step:682/1325 train_time:25063ms step_avg:36.75ms
step:683/1325 train_time:25110ms step_avg:36.76ms
step:684/1325 train_time:25160ms step_avg:36.78ms
step:685/1325 train_time:25206ms step_avg:36.80ms
step:686/1325 train_time:25256ms step_avg:36.82ms
step:687/1325 train_time:25303ms step_avg:36.83ms
step:688/1325 train_time:25353ms step_avg:36.85ms
step:689/1325 train_time:25399ms step_avg:36.86ms
step:690/1325 train_time:25450ms step_avg:36.88ms
step:691/1325 train_time:25496ms step_avg:36.90ms
step:692/1325 train_time:25546ms step_avg:36.92ms
step:693/1325 train_time:25593ms step_avg:36.93ms
step:694/1325 train_time:25643ms step_avg:36.95ms
step:695/1325 train_time:25689ms step_avg:36.96ms
step:696/1325 train_time:25740ms step_avg:36.98ms
step:697/1325 train_time:25787ms step_avg:37.00ms
step:698/1325 train_time:25837ms step_avg:37.02ms
step:699/1325 train_time:25883ms step_avg:37.03ms
step:700/1325 train_time:25934ms step_avg:37.05ms
step:701/1325 train_time:25980ms step_avg:37.06ms
step:702/1325 train_time:26030ms step_avg:37.08ms
step:703/1325 train_time:26076ms step_avg:37.09ms
step:704/1325 train_time:26126ms step_avg:37.11ms
step:705/1325 train_time:26173ms step_avg:37.12ms
step:706/1325 train_time:26223ms step_avg:37.14ms
step:707/1325 train_time:26269ms step_avg:37.16ms
step:708/1325 train_time:26319ms step_avg:37.17ms
step:709/1325 train_time:26366ms step_avg:37.19ms
step:710/1325 train_time:26416ms step_avg:37.21ms
step:711/1325 train_time:26462ms step_avg:37.22ms
step:712/1325 train_time:26512ms step_avg:37.24ms
step:713/1325 train_time:26559ms step_avg:37.25ms
step:714/1325 train_time:26609ms step_avg:37.27ms
step:715/1325 train_time:26656ms step_avg:37.28ms
step:716/1325 train_time:26706ms step_avg:37.30ms
step:717/1325 train_time:26752ms step_avg:37.31ms
step:718/1325 train_time:26802ms step_avg:37.33ms
step:719/1325 train_time:26849ms step_avg:37.34ms
step:720/1325 train_time:26900ms step_avg:37.36ms
step:721/1325 train_time:26946ms step_avg:37.37ms
step:722/1325 train_time:26996ms step_avg:37.39ms
step:723/1325 train_time:27043ms step_avg:37.40ms
step:724/1325 train_time:27093ms step_avg:37.42ms
step:725/1325 train_time:27139ms step_avg:37.43ms
step:726/1325 train_time:27189ms step_avg:37.45ms
step:727/1325 train_time:27235ms step_avg:37.46ms
step:728/1325 train_time:27286ms step_avg:37.48ms
step:729/1325 train_time:27332ms step_avg:37.49ms
step:730/1325 train_time:27383ms step_avg:37.51ms
step:731/1325 train_time:27429ms step_avg:37.52ms
step:732/1325 train_time:27479ms step_avg:37.54ms
step:733/1325 train_time:27525ms step_avg:37.55ms
step:734/1325 train_time:27575ms step_avg:37.57ms
step:735/1325 train_time:27621ms step_avg:37.58ms
step:736/1325 train_time:27671ms step_avg:37.60ms
step:737/1325 train_time:27718ms step_avg:37.61ms
step:738/1325 train_time:27768ms step_avg:37.63ms
step:739/1325 train_time:27814ms step_avg:37.64ms
step:740/1325 train_time:27864ms step_avg:37.65ms
step:741/1325 train_time:27911ms step_avg:37.67ms
step:742/1325 train_time:27961ms step_avg:37.68ms
step:743/1325 train_time:28008ms step_avg:37.70ms
step:744/1325 train_time:28058ms step_avg:37.71ms
step:745/1325 train_time:28105ms step_avg:37.72ms
step:746/1325 train_time:28155ms step_avg:37.74ms
step:747/1325 train_time:28202ms step_avg:37.75ms
step:748/1325 train_time:28252ms step_avg:37.77ms
step:749/1325 train_time:28298ms step_avg:37.78ms
step:750/1325 train_time:28348ms step_avg:37.80ms
step:750/1325 val_loss:3.6749 train_time:28398ms step_avg:37.86ms
step:751/1325 train_time:28421ms step_avg:37.84ms
step:752/1325 train_time:28447ms step_avg:37.83ms
step:753/1325 train_time:28493ms step_avg:37.84ms
step:754/1325 train_time:28543ms step_avg:37.86ms
step:755/1325 train_time:28589ms step_avg:37.87ms
step:756/1325 train_time:28639ms step_avg:37.88ms
step:757/1325 train_time:28685ms step_avg:37.89ms
step:758/1325 train_time:28735ms step_avg:37.91ms
step:759/1325 train_time:28781ms step_avg:37.92ms
step:760/1325 train_time:28832ms step_avg:37.94ms
step:761/1325 train_time:28878ms step_avg:37.95ms
step:762/1325 train_time:28928ms step_avg:37.96ms
step:763/1325 train_time:28974ms step_avg:37.97ms
step:764/1325 train_time:29024ms step_avg:37.99ms
step:765/1325 train_time:29070ms step_avg:38.00ms
step:766/1325 train_time:29121ms step_avg:38.02ms
step:767/1325 train_time:29167ms step_avg:38.03ms
step:768/1325 train_time:29217ms step_avg:38.04ms
step:769/1325 train_time:29264ms step_avg:38.05ms
step:770/1325 train_time:29314ms step_avg:38.07ms
step:771/1325 train_time:29361ms step_avg:38.08ms
step:772/1325 train_time:29411ms step_avg:38.10ms
step:773/1325 train_time:29458ms step_avg:38.11ms
step:774/1325 train_time:29508ms step_avg:38.12ms
step:775/1325 train_time:29555ms step_avg:38.14ms
step:776/1325 train_time:29605ms step_avg:38.15ms
step:777/1325 train_time:29652ms step_avg:38.16ms
step:778/1325 train_time:29702ms step_avg:38.18ms
step:779/1325 train_time:29748ms step_avg:38.19ms
step:780/1325 train_time:29799ms step_avg:38.20ms
step:781/1325 train_time:29845ms step_avg:38.21ms
step:782/1325 train_time:29895ms step_avg:38.23ms
step:783/1325 train_time:29941ms step_avg:38.24ms
step:784/1325 train_time:29991ms step_avg:38.25ms
step:785/1325 train_time:30038ms step_avg:38.26ms
step:786/1325 train_time:30088ms step_avg:38.28ms
step:787/1325 train_time:30134ms step_avg:38.29ms
step:788/1325 train_time:30184ms step_avg:38.30ms
step:789/1325 train_time:30231ms step_avg:38.32ms
step:790/1325 train_time:30281ms step_avg:38.33ms
step:791/1325 train_time:30327ms step_avg:38.34ms
step:792/1325 train_time:30379ms step_avg:38.36ms
step:793/1325 train_time:30425ms step_avg:38.37ms
step:794/1325 train_time:30475ms step_avg:38.38ms
step:795/1325 train_time:30521ms step_avg:38.39ms
step:796/1325 train_time:30572ms step_avg:38.41ms
step:797/1325 train_time:30618ms step_avg:38.42ms
step:798/1325 train_time:30668ms step_avg:38.43ms
step:799/1325 train_time:30714ms step_avg:38.44ms
step:800/1325 train_time:30764ms step_avg:38.46ms
step:801/1325 train_time:30811ms step_avg:38.47ms
step:802/1325 train_time:30861ms step_avg:38.48ms
step:803/1325 train_time:30908ms step_avg:38.49ms
step:804/1325 train_time:30958ms step_avg:38.50ms
step:805/1325 train_time:31004ms step_avg:38.51ms
step:806/1325 train_time:31054ms step_avg:38.53ms
step:807/1325 train_time:31101ms step_avg:38.54ms
step:808/1325 train_time:31151ms step_avg:38.55ms
step:809/1325 train_time:31197ms step_avg:38.56ms
step:810/1325 train_time:31247ms step_avg:38.58ms
step:811/1325 train_time:31294ms step_avg:38.59ms
step:812/1325 train_time:31344ms step_avg:38.60ms
step:813/1325 train_time:31391ms step_avg:38.61ms
step:814/1325 train_time:31440ms step_avg:38.62ms
step:815/1325 train_time:31487ms step_avg:38.63ms
step:816/1325 train_time:31537ms step_avg:38.65ms
step:817/1325 train_time:31585ms step_avg:38.66ms
step:818/1325 train_time:31635ms step_avg:38.67ms
step:819/1325 train_time:31681ms step_avg:38.68ms
step:820/1325 train_time:31731ms step_avg:38.70ms
step:821/1325 train_time:31777ms step_avg:38.71ms
step:822/1325 train_time:31827ms step_avg:38.72ms
step:823/1325 train_time:31874ms step_avg:38.73ms
step:824/1325 train_time:31924ms step_avg:38.74ms
step:825/1325 train_time:31970ms step_avg:38.75ms
step:826/1325 train_time:32020ms step_avg:38.77ms
step:827/1325 train_time:32067ms step_avg:38.77ms
step:828/1325 train_time:32117ms step_avg:38.79ms
step:829/1325 train_time:32163ms step_avg:38.80ms
step:830/1325 train_time:32213ms step_avg:38.81ms
step:831/1325 train_time:32259ms step_avg:38.82ms
step:832/1325 train_time:32309ms step_avg:38.83ms
step:833/1325 train_time:32356ms step_avg:38.84ms
step:834/1325 train_time:32407ms step_avg:38.86ms
step:835/1325 train_time:32475ms step_avg:38.89ms
step:836/1325 train_time:32544ms step_avg:38.93ms
step:837/1325 train_time:32609ms step_avg:38.96ms
step:838/1325 train_time:32678ms step_avg:39.00ms
step:839/1325 train_time:32742ms step_avg:39.03ms
step:840/1325 train_time:32811ms step_avg:39.06ms
step:841/1325 train_time:32876ms step_avg:39.09ms
step:842/1325 train_time:32945ms step_avg:39.13ms
step:843/1325 train_time:33010ms step_avg:39.16ms
step:844/1325 train_time:33079ms step_avg:39.19ms
step:845/1325 train_time:33143ms step_avg:39.22ms
step:846/1325 train_time:33211ms step_avg:39.26ms
step:847/1325 train_time:33277ms step_avg:39.29ms
step:848/1325 train_time:33345ms step_avg:39.32ms
step:849/1325 train_time:33410ms step_avg:39.35ms
step:850/1325 train_time:33478ms step_avg:39.39ms
step:851/1325 train_time:33543ms step_avg:39.42ms
step:852/1325 train_time:33612ms step_avg:39.45ms
step:853/1325 train_time:33677ms step_avg:39.48ms
step:854/1325 train_time:33745ms step_avg:39.51ms
step:855/1325 train_time:33811ms step_avg:39.55ms
step:856/1325 train_time:33880ms step_avg:39.58ms
step:857/1325 train_time:33945ms step_avg:39.61ms
step:858/1325 train_time:34013ms step_avg:39.64ms
step:859/1325 train_time:34078ms step_avg:39.67ms
step:860/1325 train_time:34147ms step_avg:39.71ms
step:861/1325 train_time:34211ms step_avg:39.73ms
step:862/1325 train_time:34280ms step_avg:39.77ms
step:863/1325 train_time:34345ms step_avg:39.80ms
step:864/1325 train_time:34414ms step_avg:39.83ms
step:865/1325 train_time:34478ms step_avg:39.86ms
step:866/1325 train_time:34547ms step_avg:39.89ms
step:867/1325 train_time:34612ms step_avg:39.92ms
step:868/1325 train_time:34680ms step_avg:39.95ms
step:869/1325 train_time:34745ms step_avg:39.98ms
step:870/1325 train_time:34813ms step_avg:40.01ms
step:871/1325 train_time:34878ms step_avg:40.04ms
step:872/1325 train_time:34947ms step_avg:40.08ms
step:873/1325 train_time:35013ms step_avg:40.11ms
step:874/1325 train_time:35082ms step_avg:40.14ms
step:875/1325 train_time:35147ms step_avg:40.17ms
step:876/1325 train_time:35215ms step_avg:40.20ms
step:877/1325 train_time:35280ms step_avg:40.23ms
step:878/1325 train_time:35349ms step_avg:40.26ms
step:879/1325 train_time:35413ms step_avg:40.29ms
step:880/1325 train_time:35482ms step_avg:40.32ms
step:881/1325 train_time:35546ms step_avg:40.35ms
step:882/1325 train_time:35614ms step_avg:40.38ms
step:883/1325 train_time:35680ms step_avg:40.41ms
step:884/1325 train_time:35749ms step_avg:40.44ms
step:885/1325 train_time:35814ms step_avg:40.47ms
step:886/1325 train_time:35882ms step_avg:40.50ms
step:887/1325 train_time:35947ms step_avg:40.53ms
step:888/1325 train_time:36015ms step_avg:40.56ms
step:889/1325 train_time:36081ms step_avg:40.59ms
step:890/1325 train_time:36149ms step_avg:40.62ms
step:891/1325 train_time:36215ms step_avg:40.64ms
step:892/1325 train_time:36283ms step_avg:40.68ms
step:893/1325 train_time:36348ms step_avg:40.70ms
step:894/1325 train_time:36416ms step_avg:40.73ms
step:895/1325 train_time:36482ms step_avg:40.76ms
step:896/1325 train_time:36550ms step_avg:40.79ms
step:897/1325 train_time:36615ms step_avg:40.82ms
step:898/1325 train_time:36683ms step_avg:40.85ms
step:899/1325 train_time:36749ms step_avg:40.88ms
step:900/1325 train_time:36817ms step_avg:40.91ms
step:901/1325 train_time:36882ms step_avg:40.93ms
step:902/1325 train_time:36951ms step_avg:40.97ms
step:903/1325 train_time:37016ms step_avg:40.99ms
step:904/1325 train_time:37085ms step_avg:41.02ms
step:905/1325 train_time:37150ms step_avg:41.05ms
step:906/1325 train_time:37219ms step_avg:41.08ms
step:907/1325 train_time:37283ms step_avg:41.11ms
step:908/1325 train_time:37352ms step_avg:41.14ms
step:909/1325 train_time:37417ms step_avg:41.16ms
step:910/1325 train_time:37485ms step_avg:41.19ms
step:911/1325 train_time:37550ms step_avg:41.22ms
step:912/1325 train_time:37618ms step_avg:41.25ms
step:913/1325 train_time:37683ms step_avg:41.27ms
step:914/1325 train_time:37751ms step_avg:41.30ms
step:915/1325 train_time:37817ms step_avg:41.33ms
step:916/1325 train_time:37885ms step_avg:41.36ms
step:917/1325 train_time:37951ms step_avg:41.39ms
step:918/1325 train_time:38019ms step_avg:41.42ms
step:919/1325 train_time:38084ms step_avg:41.44ms
step:920/1325 train_time:38152ms step_avg:41.47ms
step:921/1325 train_time:38218ms step_avg:41.50ms
step:922/1325 train_time:38286ms step_avg:41.53ms
step:923/1325 train_time:38352ms step_avg:41.55ms
step:924/1325 train_time:38420ms step_avg:41.58ms
step:925/1325 train_time:38484ms step_avg:41.60ms
step:926/1325 train_time:38553ms step_avg:41.63ms
step:927/1325 train_time:38618ms step_avg:41.66ms
step:928/1325 train_time:38686ms step_avg:41.69ms
step:929/1325 train_time:38751ms step_avg:41.71ms
step:930/1325 train_time:38820ms step_avg:41.74ms
step:931/1325 train_time:38884ms step_avg:41.77ms
step:932/1325 train_time:38953ms step_avg:41.80ms
step:933/1325 train_time:39018ms step_avg:41.82ms
step:934/1325 train_time:39086ms step_avg:41.85ms
step:935/1325 train_time:39151ms step_avg:41.87ms
step:936/1325 train_time:39220ms step_avg:41.90ms
step:937/1325 train_time:39285ms step_avg:41.93ms
step:938/1325 train_time:39354ms step_avg:41.95ms
step:939/1325 train_time:39418ms step_avg:41.98ms
step:940/1325 train_time:39488ms step_avg:42.01ms
step:941/1325 train_time:39552ms step_avg:42.03ms
step:942/1325 train_time:39621ms step_avg:42.06ms
step:943/1325 train_time:39685ms step_avg:42.08ms
step:944/1325 train_time:39754ms step_avg:42.11ms
step:945/1325 train_time:39819ms step_avg:42.14ms
step:946/1325 train_time:39887ms step_avg:42.16ms
step:947/1325 train_time:39952ms step_avg:42.19ms
step:948/1325 train_time:40021ms step_avg:42.22ms
step:949/1325 train_time:40086ms step_avg:42.24ms
step:950/1325 train_time:40154ms step_avg:42.27ms
step:951/1325 train_time:40219ms step_avg:42.29ms
step:952/1325 train_time:40288ms step_avg:42.32ms
step:953/1325 train_time:40353ms step_avg:42.34ms
step:954/1325 train_time:40422ms step_avg:42.37ms
step:955/1325 train_time:40487ms step_avg:42.39ms
step:956/1325 train_time:40555ms step_avg:42.42ms
step:957/1325 train_time:40621ms step_avg:42.45ms
step:958/1325 train_time:40691ms step_avg:42.47ms
step:959/1325 train_time:40755ms step_avg:42.50ms
step:960/1325 train_time:40824ms step_avg:42.52ms
step:961/1325 train_time:40888ms step_avg:42.55ms
step:962/1325 train_time:40957ms step_avg:42.57ms
step:963/1325 train_time:41022ms step_avg:42.60ms
step:964/1325 train_time:41091ms step_avg:42.63ms
step:965/1325 train_time:41156ms step_avg:42.65ms
step:966/1325 train_time:41224ms step_avg:42.68ms
step:967/1325 train_time:41290ms step_avg:42.70ms
step:968/1325 train_time:41358ms step_avg:42.73ms
step:969/1325 train_time:41424ms step_avg:42.75ms
step:970/1325 train_time:41492ms step_avg:42.77ms
step:971/1325 train_time:41557ms step_avg:42.80ms
step:972/1325 train_time:41626ms step_avg:42.82ms
step:973/1325 train_time:41691ms step_avg:42.85ms
step:974/1325 train_time:41759ms step_avg:42.87ms
step:975/1325 train_time:41825ms step_avg:42.90ms
step:976/1325 train_time:41894ms step_avg:42.92ms
step:977/1325 train_time:41958ms step_avg:42.95ms
step:978/1325 train_time:42026ms step_avg:42.97ms
step:979/1325 train_time:42092ms step_avg:42.99ms
step:980/1325 train_time:42160ms step_avg:43.02ms
step:981/1325 train_time:42225ms step_avg:43.04ms
step:982/1325 train_time:42294ms step_avg:43.07ms
step:983/1325 train_time:42359ms step_avg:43.09ms
step:984/1325 train_time:42427ms step_avg:43.12ms
step:985/1325 train_time:42492ms step_avg:43.14ms
step:986/1325 train_time:42560ms step_avg:43.16ms
step:987/1325 train_time:42626ms step_avg:43.19ms
step:988/1325 train_time:42694ms step_avg:43.21ms
step:989/1325 train_time:42758ms step_avg:43.23ms
step:990/1325 train_time:42827ms step_avg:43.26ms
step:991/1325 train_time:42893ms step_avg:43.28ms
step:992/1325 train_time:42960ms step_avg:43.31ms
step:993/1325 train_time:43026ms step_avg:43.33ms
step:994/1325 train_time:43094ms step_avg:43.35ms
step:995/1325 train_time:43160ms step_avg:43.38ms
step:996/1325 train_time:43228ms step_avg:43.40ms
step:997/1325 train_time:43294ms step_avg:43.42ms
step:998/1325 train_time:43361ms step_avg:43.45ms
step:999/1325 train_time:43427ms step_avg:43.47ms
step:1000/1325 train_time:43496ms step_avg:43.50ms
step:1000/1325 val_loss:3.4188 train_time:43564ms step_avg:43.56ms
step:1001/1325 train_time:43587ms step_avg:43.54ms
step:1002/1325 train_time:43631ms step_avg:43.54ms
step:1003/1325 train_time:43695ms step_avg:43.56ms
step:1004/1325 train_time:43763ms step_avg:43.59ms
step:1005/1325 train_time:43827ms step_avg:43.61ms
step:1006/1325 train_time:43895ms step_avg:43.63ms
step:1007/1325 train_time:43960ms step_avg:43.65ms
step:1008/1325 train_time:44028ms step_avg:43.68ms
step:1009/1325 train_time:44092ms step_avg:43.70ms
step:1010/1325 train_time:44160ms step_avg:43.72ms
step:1011/1325 train_time:44224ms step_avg:43.74ms
step:1012/1325 train_time:44293ms step_avg:43.77ms
step:1013/1325 train_time:44358ms step_avg:43.79ms
step:1014/1325 train_time:44426ms step_avg:43.81ms
step:1015/1325 train_time:44493ms step_avg:43.84ms
step:1016/1325 train_time:44563ms step_avg:43.86ms
step:1017/1325 train_time:44628ms step_avg:43.88ms
step:1018/1325 train_time:44697ms step_avg:43.91ms
step:1019/1325 train_time:44763ms step_avg:43.93ms
step:1020/1325 train_time:44833ms step_avg:43.95ms
step:1021/1325 train_time:44896ms step_avg:43.97ms
step:1022/1325 train_time:44964ms step_avg:44.00ms
step:1023/1325 train_time:45029ms step_avg:44.02ms
step:1024/1325 train_time:45098ms step_avg:44.04ms
step:1025/1325 train_time:45162ms step_avg:44.06ms
step:1026/1325 train_time:45231ms step_avg:44.08ms
step:1027/1325 train_time:45295ms step_avg:44.10ms
step:1028/1325 train_time:45363ms step_avg:44.13ms
step:1029/1325 train_time:45430ms step_avg:44.15ms
step:1030/1325 train_time:45499ms step_avg:44.17ms
step:1031/1325 train_time:45564ms step_avg:44.19ms
step:1032/1325 train_time:45633ms step_avg:44.22ms
step:1033/1325 train_time:45699ms step_avg:44.24ms
step:1034/1325 train_time:45767ms step_avg:44.26ms
step:1035/1325 train_time:45833ms step_avg:44.28ms
step:1036/1325 train_time:45901ms step_avg:44.31ms
step:1037/1325 train_time:45966ms step_avg:44.33ms
step:1038/1325 train_time:46035ms step_avg:44.35ms
step:1039/1325 train_time:46099ms step_avg:44.37ms
step:1040/1325 train_time:46168ms step_avg:44.39ms
step:1041/1325 train_time:46233ms step_avg:44.41ms
step:1042/1325 train_time:46301ms step_avg:44.43ms
step:1043/1325 train_time:46367ms step_avg:44.45ms
step:1044/1325 train_time:46435ms step_avg:44.48ms
step:1045/1325 train_time:46500ms step_avg:44.50ms
step:1046/1325 train_time:46569ms step_avg:44.52ms
step:1047/1325 train_time:46634ms step_avg:44.54ms
step:1048/1325 train_time:46703ms step_avg:44.56ms
step:1049/1325 train_time:46768ms step_avg:44.58ms
step:1050/1325 train_time:46836ms step_avg:44.61ms
step:1051/1325 train_time:46901ms step_avg:44.63ms
step:1052/1325 train_time:46970ms step_avg:44.65ms
step:1053/1325 train_time:47035ms step_avg:44.67ms
step:1054/1325 train_time:47103ms step_avg:44.69ms
step:1055/1325 train_time:47168ms step_avg:44.71ms
step:1056/1325 train_time:47237ms step_avg:44.73ms
step:1057/1325 train_time:47301ms step_avg:44.75ms
step:1058/1325 train_time:47370ms step_avg:44.77ms
step:1059/1325 train_time:47435ms step_avg:44.79ms
step:1060/1325 train_time:47504ms step_avg:44.82ms
step:1061/1325 train_time:47569ms step_avg:44.83ms
step:1062/1325 train_time:47638ms step_avg:44.86ms
step:1063/1325 train_time:47703ms step_avg:44.88ms
step:1064/1325 train_time:47772ms step_avg:44.90ms
step:1065/1325 train_time:47838ms step_avg:44.92ms
step:1066/1325 train_time:47907ms step_avg:44.94ms
step:1067/1325 train_time:47971ms step_avg:44.96ms
step:1068/1325 train_time:48040ms step_avg:44.98ms
step:1069/1325 train_time:48106ms step_avg:45.00ms
step:1070/1325 train_time:48174ms step_avg:45.02ms
step:1071/1325 train_time:48239ms step_avg:45.04ms
step:1072/1325 train_time:48307ms step_avg:45.06ms
step:1073/1325 train_time:48372ms step_avg:45.08ms
step:1074/1325 train_time:48441ms step_avg:45.10ms
step:1075/1325 train_time:48505ms step_avg:45.12ms
step:1076/1325 train_time:48574ms step_avg:45.14ms
step:1077/1325 train_time:48639ms step_avg:45.16ms
step:1078/1325 train_time:48708ms step_avg:45.18ms
step:1079/1325 train_time:48773ms step_avg:45.20ms
step:1080/1325 train_time:48842ms step_avg:45.22ms
step:1081/1325 train_time:48907ms step_avg:45.24ms
step:1082/1325 train_time:48975ms step_avg:45.26ms
step:1083/1325 train_time:49040ms step_avg:45.28ms
step:1084/1325 train_time:49109ms step_avg:45.30ms
step:1085/1325 train_time:49173ms step_avg:45.32ms
step:1086/1325 train_time:49242ms step_avg:45.34ms
step:1087/1325 train_time:49307ms step_avg:45.36ms
step:1088/1325 train_time:49375ms step_avg:45.38ms
step:1089/1325 train_time:49440ms step_avg:45.40ms
step:1090/1325 train_time:49509ms step_avg:45.42ms
step:1091/1325 train_time:49574ms step_avg:45.44ms
step:1092/1325 train_time:49642ms step_avg:45.46ms
step:1093/1325 train_time:49708ms step_avg:45.48ms
step:1094/1325 train_time:49777ms step_avg:45.50ms
step:1095/1325 train_time:49842ms step_avg:45.52ms
step:1096/1325 train_time:49911ms step_avg:45.54ms
step:1097/1325 train_time:49975ms step_avg:45.56ms
step:1098/1325 train_time:50044ms step_avg:45.58ms
step:1099/1325 train_time:50109ms step_avg:45.60ms
step:1100/1325 train_time:50177ms step_avg:45.62ms
step:1101/1325 train_time:50242ms step_avg:45.63ms
step:1102/1325 train_time:50311ms step_avg:45.65ms
step:1103/1325 train_time:50376ms step_avg:45.67ms
step:1104/1325 train_time:50445ms step_avg:45.69ms
step:1105/1325 train_time:50510ms step_avg:45.71ms
step:1106/1325 train_time:50579ms step_avg:45.73ms
step:1107/1325 train_time:50644ms step_avg:45.75ms
step:1108/1325 train_time:50713ms step_avg:45.77ms
step:1109/1325 train_time:50778ms step_avg:45.79ms
step:1110/1325 train_time:50846ms step_avg:45.81ms
step:1111/1325 train_time:50912ms step_avg:45.83ms
step:1112/1325 train_time:50980ms step_avg:45.85ms
step:1113/1325 train_time:51047ms step_avg:45.86ms
step:1114/1325 train_time:51115ms step_avg:45.88ms
step:1115/1325 train_time:51180ms step_avg:45.90ms
step:1116/1325 train_time:51249ms step_avg:45.92ms
step:1117/1325 train_time:51313ms step_avg:45.94ms
step:1118/1325 train_time:51382ms step_avg:45.96ms
step:1119/1325 train_time:51447ms step_avg:45.98ms
step:1120/1325 train_time:51516ms step_avg:46.00ms
step:1121/1325 train_time:51580ms step_avg:46.01ms
step:1122/1325 train_time:51649ms step_avg:46.03ms
step:1123/1325 train_time:51714ms step_avg:46.05ms
step:1124/1325 train_time:51783ms step_avg:46.07ms
step:1125/1325 train_time:51849ms step_avg:46.09ms
step:1126/1325 train_time:51917ms step_avg:46.11ms
step:1127/1325 train_time:51982ms step_avg:46.12ms
step:1128/1325 train_time:52050ms step_avg:46.14ms
step:1129/1325 train_time:52115ms step_avg:46.16ms
step:1130/1325 train_time:52184ms step_avg:46.18ms
step:1131/1325 train_time:52249ms step_avg:46.20ms
step:1132/1325 train_time:52318ms step_avg:46.22ms
step:1133/1325 train_time:52383ms step_avg:46.23ms
step:1134/1325 train_time:52452ms step_avg:46.25ms
step:1135/1325 train_time:52516ms step_avg:46.27ms
step:1136/1325 train_time:52585ms step_avg:46.29ms
step:1137/1325 train_time:52650ms step_avg:46.31ms
step:1138/1325 train_time:52719ms step_avg:46.33ms
step:1139/1325 train_time:52783ms step_avg:46.34ms
step:1140/1325 train_time:52852ms step_avg:46.36ms
step:1141/1325 train_time:52917ms step_avg:46.38ms
step:1142/1325 train_time:52985ms step_avg:46.40ms
step:1143/1325 train_time:53050ms step_avg:46.41ms
step:1144/1325 train_time:53118ms step_avg:46.43ms
step:1145/1325 train_time:53184ms step_avg:46.45ms
step:1146/1325 train_time:53252ms step_avg:46.47ms
step:1147/1325 train_time:53317ms step_avg:46.48ms
step:1148/1325 train_time:53386ms step_avg:46.50ms
step:1149/1325 train_time:53450ms step_avg:46.52ms
step:1150/1325 train_time:53519ms step_avg:46.54ms
step:1151/1325 train_time:53584ms step_avg:46.55ms
step:1152/1325 train_time:53653ms step_avg:46.57ms
step:1153/1325 train_time:53718ms step_avg:46.59ms
step:1154/1325 train_time:53787ms step_avg:46.61ms
step:1155/1325 train_time:53852ms step_avg:46.62ms
step:1156/1325 train_time:53921ms step_avg:46.64ms
step:1157/1325 train_time:53985ms step_avg:46.66ms
step:1158/1325 train_time:54054ms step_avg:46.68ms
step:1159/1325 train_time:54118ms step_avg:46.69ms
step:1160/1325 train_time:54187ms step_avg:46.71ms
step:1161/1325 train_time:54253ms step_avg:46.73ms
step:1162/1325 train_time:54324ms step_avg:46.75ms
step:1163/1325 train_time:54386ms step_avg:46.76ms
step:1164/1325 train_time:54457ms step_avg:46.78ms
step:1165/1325 train_time:54520ms step_avg:46.80ms
step:1166/1325 train_time:54589ms step_avg:46.82ms
step:1167/1325 train_time:54654ms step_avg:46.83ms
step:1168/1325 train_time:54723ms step_avg:46.85ms
step:1169/1325 train_time:54787ms step_avg:46.87ms
step:1170/1325 train_time:54856ms step_avg:46.89ms
step:1171/1325 train_time:54921ms step_avg:46.90ms
step:1172/1325 train_time:54992ms step_avg:46.92ms
step:1173/1325 train_time:55054ms step_avg:46.93ms
step:1174/1325 train_time:55124ms step_avg:46.95ms
step:1175/1325 train_time:55187ms step_avg:46.97ms
step:1176/1325 train_time:55256ms step_avg:46.99ms
step:1177/1325 train_time:55320ms step_avg:47.00ms
step:1178/1325 train_time:55389ms step_avg:47.02ms
step:1179/1325 train_time:55454ms step_avg:47.03ms
step:1180/1325 train_time:55523ms step_avg:47.05ms
step:1181/1325 train_time:55588ms step_avg:47.07ms
step:1182/1325 train_time:55656ms step_avg:47.09ms
step:1183/1325 train_time:55721ms step_avg:47.10ms
step:1184/1325 train_time:55790ms step_avg:47.12ms
step:1185/1325 train_time:55854ms step_avg:47.13ms
step:1186/1325 train_time:55923ms step_avg:47.15ms
step:1187/1325 train_time:55988ms step_avg:47.17ms
step:1188/1325 train_time:56059ms step_avg:47.19ms
step:1189/1325 train_time:56122ms step_avg:47.20ms
step:1190/1325 train_time:56190ms step_avg:47.22ms
step:1191/1325 train_time:56256ms step_avg:47.23ms
step:1192/1325 train_time:56324ms step_avg:47.25ms
step:1193/1325 train_time:56390ms step_avg:47.27ms
step:1194/1325 train_time:56459ms step_avg:47.29ms
step:1195/1325 train_time:56522ms step_avg:47.30ms
step:1196/1325 train_time:56591ms step_avg:47.32ms
step:1197/1325 train_time:56656ms step_avg:47.33ms
step:1198/1325 train_time:56725ms step_avg:47.35ms
step:1199/1325 train_time:56790ms step_avg:47.36ms
step:1200/1325 train_time:56859ms step_avg:47.38ms
step:1201/1325 train_time:56923ms step_avg:47.40ms
step:1202/1325 train_time:56992ms step_avg:47.41ms
step:1203/1325 train_time:57057ms step_avg:47.43ms
step:1204/1325 train_time:57126ms step_avg:47.45ms
step:1205/1325 train_time:57191ms step_avg:47.46ms
step:1206/1325 train_time:57260ms step_avg:47.48ms
step:1207/1325 train_time:57324ms step_avg:47.49ms
step:1208/1325 train_time:57393ms step_avg:47.51ms
step:1209/1325 train_time:57458ms step_avg:47.53ms
step:1210/1325 train_time:57527ms step_avg:47.54ms
step:1211/1325 train_time:57591ms step_avg:47.56ms
step:1212/1325 train_time:57660ms step_avg:47.57ms
step:1213/1325 train_time:57724ms step_avg:47.59ms
step:1214/1325 train_time:57793ms step_avg:47.61ms
step:1215/1325 train_time:57858ms step_avg:47.62ms
step:1216/1325 train_time:57927ms step_avg:47.64ms
step:1217/1325 train_time:57992ms step_avg:47.65ms
step:1218/1325 train_time:58060ms step_avg:47.67ms
step:1219/1325 train_time:58125ms step_avg:47.68ms
step:1220/1325 train_time:58194ms step_avg:47.70ms
step:1221/1325 train_time:58259ms step_avg:47.71ms
step:1222/1325 train_time:58329ms step_avg:47.73ms
step:1223/1325 train_time:58393ms step_avg:47.75ms
step:1224/1325 train_time:58461ms step_avg:47.76ms
step:1225/1325 train_time:58526ms step_avg:47.78ms
step:1226/1325 train_time:58595ms step_avg:47.79ms
step:1227/1325 train_time:58660ms step_avg:47.81ms
step:1228/1325 train_time:58729ms step_avg:47.82ms
step:1229/1325 train_time:58793ms step_avg:47.84ms
step:1230/1325 train_time:58861ms step_avg:47.85ms
step:1231/1325 train_time:58926ms step_avg:47.87ms
step:1232/1325 train_time:58996ms step_avg:47.89ms
step:1233/1325 train_time:59060ms step_avg:47.90ms
step:1234/1325 train_time:59130ms step_avg:47.92ms
step:1235/1325 train_time:59193ms step_avg:47.93ms
step:1236/1325 train_time:59262ms step_avg:47.95ms
step:1237/1325 train_time:59327ms step_avg:47.96ms
step:1238/1325 train_time:59396ms step_avg:47.98ms
step:1239/1325 train_time:59460ms step_avg:47.99ms
step:1240/1325 train_time:59529ms step_avg:48.01ms
step:1241/1325 train_time:59594ms step_avg:48.02ms
step:1242/1325 train_time:59663ms step_avg:48.04ms
step:1243/1325 train_time:59728ms step_avg:48.05ms
step:1244/1325 train_time:59797ms step_avg:48.07ms
step:1245/1325 train_time:59862ms step_avg:48.08ms
step:1246/1325 train_time:59931ms step_avg:48.10ms
step:1247/1325 train_time:59996ms step_avg:48.11ms
step:1248/1325 train_time:60064ms step_avg:48.13ms
step:1249/1325 train_time:60129ms step_avg:48.14ms
step:1250/1325 train_time:60198ms step_avg:48.16ms
step:1250/1325 val_loss:3.3005 train_time:60270ms step_avg:48.22ms
step:1251/1325 train_time:60302ms step_avg:48.20ms
step:1252/1325 train_time:60338ms step_avg:48.19ms
step:1253/1325 train_time:60403ms step_avg:48.21ms
step:1254/1325 train_time:60473ms step_avg:48.22ms
step:1255/1325 train_time:60536ms step_avg:48.24ms
step:1256/1325 train_time:60605ms step_avg:48.25ms
step:1257/1325 train_time:60669ms step_avg:48.27ms
step:1258/1325 train_time:60738ms step_avg:48.28ms
step:1259/1325 train_time:60803ms step_avg:48.29ms
step:1260/1325 train_time:60871ms step_avg:48.31ms
step:1261/1325 train_time:60936ms step_avg:48.32ms
step:1262/1325 train_time:61005ms step_avg:48.34ms
step:1263/1325 train_time:61069ms step_avg:48.35ms
step:1264/1325 train_time:61140ms step_avg:48.37ms
step:1265/1325 train_time:61207ms step_avg:48.38ms
step:1266/1325 train_time:61277ms step_avg:48.40ms
step:1267/1325 train_time:61343ms step_avg:48.42ms
step:1268/1325 train_time:61412ms step_avg:48.43ms
step:1269/1325 train_time:61477ms step_avg:48.45ms
step:1270/1325 train_time:61546ms step_avg:48.46ms
step:1271/1325 train_time:61610ms step_avg:48.47ms
step:1272/1325 train_time:61679ms step_avg:48.49ms
step:1273/1325 train_time:61744ms step_avg:48.50ms
step:1274/1325 train_time:61813ms step_avg:48.52ms
step:1275/1325 train_time:61877ms step_avg:48.53ms
step:1276/1325 train_time:61947ms step_avg:48.55ms
step:1277/1325 train_time:62011ms step_avg:48.56ms
step:1278/1325 train_time:62080ms step_avg:48.58ms
step:1279/1325 train_time:62146ms step_avg:48.59ms
step:1280/1325 train_time:62216ms step_avg:48.61ms
step:1281/1325 train_time:62282ms step_avg:48.62ms
step:1282/1325 train_time:62352ms step_avg:48.64ms
step:1283/1325 train_time:62416ms step_avg:48.65ms
step:1284/1325 train_time:62486ms step_avg:48.66ms
step:1285/1325 train_time:62550ms step_avg:48.68ms
step:1286/1325 train_time:62619ms step_avg:48.69ms
step:1287/1325 train_time:62684ms step_avg:48.71ms
step:1288/1325 train_time:62752ms step_avg:48.72ms
step:1289/1325 train_time:62817ms step_avg:48.73ms
step:1290/1325 train_time:62885ms step_avg:48.75ms
step:1291/1325 train_time:62950ms step_avg:48.76ms
step:1292/1325 train_time:63018ms step_avg:48.78ms
step:1293/1325 train_time:63085ms step_avg:48.79ms
step:1294/1325 train_time:63154ms step_avg:48.81ms
step:1295/1325 train_time:63220ms step_avg:48.82ms
step:1296/1325 train_time:63289ms step_avg:48.83ms
step:1297/1325 train_time:63357ms step_avg:48.85ms
step:1298/1325 train_time:63426ms step_avg:48.86ms
step:1299/1325 train_time:63491ms step_avg:48.88ms
step:1300/1325 train_time:63560ms step_avg:48.89ms
step:1301/1325 train_time:63626ms step_avg:48.91ms
step:1302/1325 train_time:63694ms step_avg:48.92ms
step:1303/1325 train_time:63760ms step_avg:48.93ms
step:1304/1325 train_time:63829ms step_avg:48.95ms
step:1305/1325 train_time:63894ms step_avg:48.96ms
step:1306/1325 train_time:63962ms step_avg:48.98ms
step:1307/1325 train_time:64027ms step_avg:48.99ms
step:1308/1325 train_time:64096ms step_avg:49.00ms
step:1309/1325 train_time:64162ms step_avg:49.02ms
step:1310/1325 train_time:64231ms step_avg:49.03ms
step:1311/1325 train_time:64297ms step_avg:49.04ms
step:1312/1325 train_time:64366ms step_avg:49.06ms
step:1313/1325 train_time:64431ms step_avg:49.07ms
step:1314/1325 train_time:64501ms step_avg:49.09ms
step:1315/1325 train_time:64566ms step_avg:49.10ms
step:1316/1325 train_time:64635ms step_avg:49.11ms
step:1317/1325 train_time:64700ms step_avg:49.13ms
step:1318/1325 train_time:64769ms step_avg:49.14ms
step:1319/1325 train_time:64834ms step_avg:49.15ms
step:1320/1325 train_time:64903ms step_avg:49.17ms
step:1321/1325 train_time:64969ms step_avg:49.18ms
step:1322/1325 train_time:65038ms step_avg:49.20ms
step:1323/1325 train_time:65103ms step_avg:49.21ms
step:1324/1325 train_time:65173ms step_avg:49.22ms
step:1325/1325 train_time:65238ms step_avg:49.24ms
step:1325/1325 val_loss:3.2781 train_time:65342ms step_avg:49.31ms final_eval
adaptive softmax tail rows on rank 0: cluster 1 needed by 10.63% of rows, 0.000% of those over capacity, cluster 2 needed by 4.82% of rows, 0.000% of those over capacity
peak memory allocated: 32296 MiB reserved: 43620 MiB
