W0928 11:41:33.054000 43404 torch/distributed/run.py:852] 
W0928 11:41:33.054000 43404 torch/distributed/run.py:852] *****************************************
W0928 11:41:33.054000 43404 torch/distributed/run.py:852] Setting OMP_NUM_THREADS environment variable for each process to be 1 in default, to avoid your system being overloaded, please further tune the variable for optimal performance in your application as needed. 
W0928 11:41:33.054000 43404 torch/distributed/run.py:852] *****************************************
[Gloo] Rank 4 is connected to 7 peer ranks. Expected number of connected peer ranks is : 7
[Gloo] Rank 0 is connected to [Gloo] Rank 7 peer ranks. 6Expected number of connected peer ranks is :  is connected to 77 peer ranks. 
Expected number of connected peer ranks is : 7
[Gloo] Rank 1 is connected to 7 peer ranks. Expected number of connected peer ranks is : 7
[Gloo] Rank 2 is connected to 7 peer ranks. Expected number of connected peer ranks is : 7
[Gloo] Rank 3 is connected to 7 peer ranks. Expected number of connected peer ranks is : 7
[Gloo] Rank 5 is connected to 7 peer ranks. [Gloo] Rank Expected number of connected peer ranks is : 7
7 is connected to 7 peer ranks. Expected number of connected peer ranks is : 7
You are using version 1 of 'kernels-community/flash-attn3', but version 2 is available.
You are using version 1 of 'kernels-community/flash-attn3', but version 2 is available.
You are using version 1 of 'kernels-community/flash-attn3', but version 2 is available.
You are using version 1 of 'kernels-community/flash-attn3', but version 2 is available.
You are using version 1 of 'kernels-community/flash-attn3', but version 2 is available.
You are using version 1 of 'kernels-community/flash-attn3', but version 2 is available.
You are using version 1 of 'kernels-community/flash-attn3', but version 2 is available.
You are using version 1 of 'kernels-community/flash-attn3', but version 2 is available.
Fetching 8 files:   0%|          | 0/8 [00:00<?, ?it/s]Fetching 8 files:   0%|          | 0/8 [00:00<?, ?it/s]Fetching 8 files:   0%|          | 0/8 [00:00<?, ?it/s]Fetching 8 files:   0%|          | 0/8 [00:00<?, ?it/s]Fetching 8 files: 100%|██████████| 8/8 [00:00<00:00, 2429.37it/s]
Fetching 8 files:   0%|          | 0/8 [00:00<?, ?it/s]Fetching 8 files: 100%|██████████| 8/8 [00:00<00:00, 2147.62it/s]
Fetching 8 files: 100%|██████████| 8/8 [00:00<00:00, 1913.68it/s]
Fetching 8 files: 100%|██████████| 8/8 [00:00<00:00, 1885.61it/s]
Fetching 8 files: 100%|██████████| 8/8 [00:00<00:00, 2417.29it/s]
Fetching 8 files:   0%|          | 0/8 [00:00<?, ?it/s]Fetching 8 files: 100%|██████████| 8/8 [00:00<00:00, 1829.18it/s]
Fetching 8 files:   0%|          | 0/8 [00:00<?, ?it/s]Fetching 8 files: 100%|██████████| 8/8 [00:00<00:00, 1868.60it/s]
Fetching 8 files:   0%|          | 0/8 [00:00<?, ?it/s]Fetching 8 files: 100%|██████████| 8/8 [00:00<00:00, 2250.31it/s]
logs/46ed58c1-2a0e-4b1f-885f-928415987e87.txt
Compiling model and warming up kernels (~7 minutes on first execution)
Sampling steps [0, 1, 415, 416, 417, 418, 831, 832, 833, 834, 1248, 1249, 1250, 1251] for warmup
Resetting Model
compile and warmup: 93.4s
vocab stats: counted 20,000,000 tokens of fineweb_train_000001.bin in 87ms, 895 token ids unseen
vocab stats: most frequent tokens ['.', ',', ' the', '\n', ' and', ' to', ' of', ' a']
adaptive softmax coverage: head 18430 tokens 94.41%, cluster 1 16384 tokens 4.35%, cluster 2 15443 tokens 1.24%
adaptive softmax config: head_width 18432, clusters [(18432, 34816, 16384), (34816, 50304, 15443)], tail capacity {3: (0.27, 0.16), 2: (0.21, 0.12), 1: (0.07, 0.03)}
step:0/1325 val_loss:10.4049 train_time:209ms step_avg:208.53ms
step:1/1325 train_time:320ms step_avg:320.39ms
step:2/1325 train_time:353ms step_avg:176.27ms
step:3/1325 train_time:375ms step_avg:124.96ms
step:4/1325 train_time:400ms step_avg:100.07ms
step:5/1325 train_time:421ms step_avg:84.22ms
step:6/1325 train_time:445ms step_avg:74.24ms
step:7/1325 train_time:468ms step_avg:66.86ms
step:8/1325 train_time:500ms step_avg:62.47ms
step:9/1325 train_time:525ms step_avg:58.37ms
step:10/1325 train_time:557ms step_avg:55.69ms
step:11/1325 train_time:583ms step_avg:52.96ms
step:12/1325 train_time:614ms step_avg:51.17ms
step:13/1325 train_time:640ms step_avg:49.22ms
step:14/1325 train_time:671ms step_avg:47.94ms
step:15/1325 train_time:697ms step_avg:46.47ms
step:16/1325 train_time:728ms step_avg:45.52ms
step:17/1325 train_time:754ms step_avg:44.38ms
step:18/1325 train_time:786ms step_avg:43.65ms
step:19/1325 train_time:812ms step_avg:42.72ms
step:20/1325 train_time:843ms step_avg:42.15ms
step:21/1325 train_time:869ms step_avg:41.38ms
step:22/1325 train_time:901ms step_avg:40.94ms
step:23/1325 train_time:926ms step_avg:40.27ms
step:24/1325 train_time:957ms step_avg:39.89ms
step:25/1325 train_time:983ms step_avg:39.34ms
step:26/1325 train_time:1015ms step_avg:39.03ms
step:27/1325 train_time:1041ms step_avg:38.54ms
step:28/1325 train_time:1072ms step_avg:38.28ms
step:29/1325 train_time:1098ms step_avg:37.86ms
step:30/1325 train_time:1129ms step_avg:37.64ms
step:31/1325 train_time:1155ms step_avg:37.26ms
step:32/1325 train_time:1186ms step_avg:37.07ms
step:33/1325 train_time:1212ms step_avg:36.73ms
step:34/1325 train_time:1243ms step_avg:36.57ms
step:35/1325 train_time:1270ms step_avg:36.27ms
step:36/1325 train_time:1301ms step_avg:36.13ms
step:37/1325 train_time:1327ms step_avg:35.86ms
step:38/1325 train_time:1358ms step_avg:35.74ms
step:39/1325 train_time:1384ms step_avg:35.49ms
step:40/1325 train_time:1415ms step_avg:35.39ms
step:41/1325 train_time:1441ms step_avg:35.15ms
step:42/1325 train_time:1472ms step_avg:35.06ms
step:43/1325 train_time:1498ms step_avg:34.85ms
step:44/1325 train_time:1530ms step_avg:34.77ms
step:45/1325 train_time:1556ms step_avg:34.57ms
step:46/1325 train_time:1587ms step_avg:34.50ms
step:47/1325 train_time:1613ms step_avg:34.32ms
step:48/1325 train_time:1644ms step_avg:34.25ms
step:49/1325 train_time:1670ms step_avg:34.09ms
step:50/1325 train_time:1701ms step_avg:34.03ms
step:51/1325 train_time:1728ms step_avg:33.87ms
step:52/1325 train_time:1759ms step_avg:33.82ms
step:53/1325 train_time:1785ms step_avg:33.68ms
step:54/1325 train_time:1816ms step_avg:33.63ms
step:55/1325 train_time:1842ms step_avg:33.49ms
step:56/1325 train_time:1873ms step_avg:33.45ms
step:57/1325 train_time:1899ms step_avg:33.32ms
step:58/1325 train_time:1931ms step_avg:33.28ms
step:59/1325 train_time:1957ms step_avg:33.16ms
step:60/1325 train_time:1988ms step_avg:33.13ms
step:61/1325 train_time:2014ms step_avg:33.01ms
step:62/1325 train_time:2045ms step_avg:32.98ms
step:63/1325 train_time:2071ms step_avg:32.87ms
step:64/1325 train_time:2102ms step_avg:32.84ms
step:65/1325 train_time:2128ms step_avg:32.74ms
step:66/1325 train_time:2159ms step_avg:32.72ms
step:67/1325 train_time:2185ms step_avg:32.62ms
step:68/1325 train_time:2217ms step_avg:32.60ms
step:69/1325 train_time:2242ms step_avg:32.50ms
step:70/1325 train_time:2274ms step_avg:32.48ms
step:71/1325 train_time:2300ms step_avg:32.39ms
step:72/1325 train_time:2331ms step_avg:32.37ms
step:73/1325 train_time:2357ms step_avg:32.29ms
step:74/1325 train_time:2388ms step_avg:32.27ms
step:75/1325 train_time:2414ms step_avg:32.19ms
step:76/1325 train_time:2445ms step_avg:32.17ms
step:77/1325 train_time:2471ms step_avg:32.10ms
step:78/1325 train_time:2502ms step_avg:32.08ms
step:79/1325 train_time:2529ms step_avg:32.01ms
step:80/1325 train_time:2560ms step_avg:32.00ms
step:81/1325 train_time:2586ms step_avg:31.92ms
step:82/1325 train_time:2617ms step_avg:31.91ms
step:83/1325 train_time:2643ms step_avg:31.84ms
step:84/1325 train_time:2674ms step_avg:31.83ms
step:85/1325 train_time:2700ms step_avg:31.77ms
step:86/1325 train_time:2731ms step_avg:31.76ms
step:87/1325 train_time:2757ms step_avg:31.69ms
step:88/1325 train_time:2788ms step_avg:31.69ms
step:89/1325 train_time:2815ms step_avg:31.63ms
step:90/1325 train_time:2845ms step_avg:31.62ms
step:91/1325 train_time:2872ms step_avg:31.56ms
step:92/1325 train_time:2903ms step_avg:31.55ms
step:93/1325 train_time:2929ms step_avg:31.50ms
step:94/1325 train_time:2960ms step_avg:31.49ms
step:95/1325 train_time:2986ms step_avg:31.44ms
step:96/1325 train_time:3017ms step_avg:31.43ms
step:97/1325 train_time:3044ms step_avg:31.38ms
step:98/1325 train_time:3074ms step_avg:31.37ms
step:99/1325 train_time:3101ms step_avg:31.32ms
step:100/1325 train_time:3131ms step_avg:31.31ms
step:101/1325 train_time:3158ms step_avg:31.27ms
step:102/1325 train_time:3189ms step_avg:31.26ms
step:103/1325 train_time:3215ms step_avg:31.21ms
step:104/1325 train_time:3247ms step_avg:31.22ms
step:105/1325 train_time:3272ms step_avg:31.16ms
step:106/1325 train_time:3303ms step_avg:31.16ms
step:107/1325 train_time:3329ms step_avg:31.12ms
step:108/1325 train_time:3361ms step_avg:31.12ms
step:109/1325 train_time:3387ms step_avg:31.07ms
step:110/1325 train_time:3418ms step_avg:31.07ms
step:111/1325 train_time:3444ms step_avg:31.03ms
step:112/1325 train_time:3475ms step_avg:31.03ms
step:113/1325 train_time:3501ms step_avg:30.99ms
step:114/1325 train_time:3533ms step_avg:30.99ms
step:115/1325 train_time:3559ms step_avg:30.94ms
step:116/1325 train_time:3590ms step_avg:30.95ms
step:117/1325 train_time:3616ms step_avg:30.90ms
step:118/1325 train_time:3647ms step_avg:30.91ms
step:119/1325 train_time:3673ms step_avg:30.86ms
step:120/1325 train_time:3704ms step_avg:30.87ms
step:121/1325 train_time:3730ms step_avg:30.83ms
step:122/1325 train_time:3761ms step_avg:30.83ms
step:123/1325 train_time:3787ms step_avg:30.79ms
step:124/1325 train_time:3818ms step_avg:30.79ms
step:125/1325 train_time:3845ms step_avg:30.76ms
step:126/1325 train_time:3875ms step_avg:30.76ms
step:127/1325 train_time:3902ms step_avg:30.72ms
step:128/1325 train_time:3933ms step_avg:30.72ms
step:129/1325 train_time:3959ms step_avg:30.69ms
step:130/1325 train_time:3990ms step_avg:30.69ms
step:131/1325 train_time:4016ms step_avg:30.66ms
step:132/1325 train_time:4047ms step_avg:30.66ms
step:133/1325 train_time:4073ms step_avg:30.63ms
step:134/1325 train_time:4104ms step_avg:30.63ms
step:135/1325 train_time:4131ms step_avg:30.60ms
step:136/1325 train_time:4161ms step_avg:30.60ms
step:137/1325 train_time:4188ms step_avg:30.57ms
step:138/1325 train_time:4218ms step_avg:30.57ms
step:139/1325 train_time:4245ms step_avg:30.54ms
step:140/1325 train_time:4276ms step_avg:30.54ms
step:141/1325 train_time:4302ms step_avg:30.51ms
step:142/1325 train_time:4333ms step_avg:30.51ms
step:143/1325 train_time:4359ms step_avg:30.49ms
step:144/1325 train_time:4390ms step_avg:30.49ms
step:145/1325 train_time:4416ms step_avg:30.46ms
step:146/1325 train_time:4447ms step_avg:30.46ms
step:147/1325 train_time:4474ms step_avg:30.43ms
step:148/1325 train_time:4504ms step_avg:30.44ms
step:149/1325 train_time:4531ms step_avg:30.41ms
step:150/1325 train_time:4562ms step_avg:30.41ms
step:151/1325 train_time:4588ms step_avg:30.39ms
step:152/1325 train_time:4619ms step_avg:30.39ms
step:153/1325 train_time:4645ms step_avg:30.36ms
step:154/1325 train_time:4676ms step_avg:30.36ms
step:155/1325 train_time:4703ms step_avg:30.34ms
step:156/1325 train_time:4734ms step_avg:30.34ms
step:157/1325 train_time:4760ms step_avg:30.32ms
step:158/1325 train_time:4791ms step_avg:30.32ms
step:159/1325 train_time:4817ms step_avg:30.30ms
step:160/1325 train_time:4848ms step_avg:30.30ms
step:161/1325 train_time:4874ms step_avg:30.28ms
step:162/1325 train_time:4905ms step_avg:30.28ms
step:163/1325 train_time:4931ms step_avg:30.25ms
step:164/1325 train_time:4962ms step_avg:30.26ms
step:165/1325 train_time:4988ms step_avg:30.23ms
step:166/1325 train_time:5019ms step_avg:30.24ms
step:167/1325 train_time:5045ms step_avg:30.21ms
step:168/1325 train_time:5076ms step_avg:30.21ms
step:169/1325 train_time:5103ms step_avg:30.19ms
step:170/1325 train_time:5133ms step_avg:30.20ms
step:171/1325 train_time:5160ms step_avg:30.17ms
step:172/1325 train_time:5190ms step_avg:30.18ms
step:173/1325 train_time:5217ms step_avg:30.16ms
step:174/1325 train_time:5248ms step_avg:30.16ms
step:175/1325 train_time:5274ms step_avg:30.14ms
step:176/1325 train_time:5305ms step_avg:30.14ms
step:177/1325 train_time:5331ms step_avg:30.12ms
step:178/1325 train_time:5362ms step_avg:30.12ms
step:179/1325 train_time:5388ms step_avg:30.10ms
step:180/1325 train_time:5419ms step_avg:30.11ms
step:181/1325 train_time:5446ms step_avg:30.09ms
step:182/1325 train_time:5476ms step_avg:30.09ms
step:183/1325 train_time:5503ms step_avg:30.07ms
step:184/1325 train_time:5534ms step_avg:30.07ms
step:185/1325 train_time:5560ms step_avg:30.05ms
step:186/1325 train_time:5590ms step_avg:30.06ms
step:187/1325 train_time:5617ms step_avg:30.04ms
step:188/1325 train_time:5648ms step_avg:30.04ms
step:189/1325 train_time:5674ms step_avg:30.02ms
step:190/1325 train_time:5705ms step_avg:30.03ms
step:191/1325 train_time:5731ms step_avg:30.01ms
step:192/1325 train_time:5762ms step_avg:30.01ms
step:193/1325 train_time:5789ms step_avg:29.99ms
step:194/1325 train_time:5820ms step_avg:30.00ms
step:195/1325 train_time:5846ms step_avg:29.98ms
step:196/1325 train_time:5876ms step_avg:29.98ms
step:197/1325 train_time:5903ms step_avg:29.96ms
step:198/1325 train_time:5933ms step_avg:29.97ms
step:199/1325 train_time:5960ms step_avg:29.95ms
step:200/1325 train_time:5991ms step_avg:29.95ms
step:201/1325 train_time:6017ms step_avg:29.94ms
step:202/1325 train_time:6048ms step_avg:29.94ms
step:203/1325 train_time:6074ms step_avg:29.92ms
step:204/1325 train_time:6105ms step_avg:29.93ms
step:205/1325 train_time:6131ms step_avg:29.91ms
step:206/1325 train_time:6162ms step_avg:29.91ms
step:207/1325 train_time:6189ms step_avg:29.90ms
step:208/1325 train_time:6219ms step_avg:29.90ms
step:209/1325 train_time:6246ms step_avg:29.88ms
step:210/1325 train_time:6276ms step_avg:29.89ms
step:211/1325 train_time:6303ms step_avg:29.87ms
step:212/1325 train_time:6334ms step_avg:29.88ms
step:213/1325 train_time:6360ms step_avg:29.86ms
step:214/1325 train_time:6391ms step_avg:29.86ms
step:215/1325 train_time:6417ms step_avg:29.85ms
step:216/1325 train_time:6448ms step_avg:29.85ms
step:217/1325 train_time:6474ms step_avg:29.84ms
step:218/1325 train_time:6505ms step_avg:29.84ms
step:219/1325 train_time:6532ms step_avg:29.82ms
step:220/1325 train_time:6562ms step_avg:29.83ms
step:221/1325 train_time:6589ms step_avg:29.81ms
step:222/1325 train_time:6620ms step_avg:29.82ms
step:223/1325 train_time:6646ms step_avg:29.80ms
step:224/1325 train_time:6677ms step_avg:29.81ms
step:225/1325 train_time:6703ms step_avg:29.79ms
step:226/1325 train_time:6734ms step_avg:29.80ms
step:227/1325 train_time:6760ms step_avg:29.78ms
step:228/1325 train_time:6791ms step_avg:29.79ms
step:229/1325 train_time:6818ms step_avg:29.77ms
step:230/1325 train_time:6848ms step_avg:29.78ms
step:231/1325 train_time:6875ms step_avg:29.76ms
step:232/1325 train_time:6905ms step_avg:29.76ms
step:233/1325 train_time:6932ms step_avg:29.75ms
step:234/1325 train_time:6963ms step_avg:29.75ms
step:235/1325 train_time:6989ms step_avg:29.74ms
step:236/1325 train_time:7020ms step_avg:29.74ms
step:237/1325 train_time:7046ms step_avg:29.73ms
step:238/1325 train_time:7077ms step_avg:29.74ms
step:239/1325 train_time:7104ms step_avg:29.72ms
step:240/1325 train_time:7134ms step_avg:29.73ms
step:241/1325 train_time:7161ms step_avg:29.71ms
step:242/1325 train_time:7191ms step_avg:29.72ms
step:243/1325 train_time:7218ms step_avg:29.70ms
step:244/1325 train_time:7248ms step_avg:29.71ms
step:245/1325 train_time:7275ms step_avg:29.69ms
step:246/1325 train_time:7306ms step_avg:29.70ms
step:247/1325 train_time:7332ms step_avg:29.68ms
step:248/1325 train_time:7363ms step_avg:29.69ms
step:249/1325 train_time:7389ms step_avg:29.68ms
step:250/1325 train_time:7420ms step_avg:29.68ms
step:250/1325 val_loss:4.5105 train_time:7450ms step_avg:29.80ms
step:251/1325 train_time:7472ms step_avg:29.77ms
step:252/1325 train_time:7496ms step_avg:29.75ms
step:253/1325 train_time:7515ms step_avg:29.70ms
step:254/1325 train_time:7537ms step_avg:29.67ms
step:255/1325 train_time:7564ms step_avg:29.66ms
step:256/1325 train_time:7594ms step_avg:29.67ms
step:257/1325 train_time:7621ms step_avg:29.65ms
step:258/1325 train_time:7651ms step_avg:29.66ms
step:259/1325 train_time:7678ms step_avg:29.64ms
step:260/1325 train_time:7709ms step_avg:29.65ms
step:261/1325 train_time:7735ms step_avg:29.64ms
step:262/1325 train_time:7766ms step_avg:29.64ms
step:263/1325 train_time:7792ms step_avg:29.63ms
step:264/1325 train_time:7823ms step_avg:29.63ms
step:265/1325 train_time:7849ms step_avg:29.62ms
step:266/1325 train_time:7880ms step_avg:29.62ms
step:267/1325 train_time:7907ms step_avg:29.61ms
step:268/1325 train_time:7937ms step_avg:29.62ms
step:269/1325 train_time:7964ms step_avg:29.60ms
step:270/1325 train_time:7994ms step_avg:29.61ms
step:271/1325 train_time:8021ms step_avg:29.60ms
step:272/1325 train_time:8051ms step_avg:29.60ms
step:273/1325 train_time:8078ms step_avg:29.59ms
step:274/1325 train_time:8108ms step_avg:29.59ms
step:275/1325 train_time:8135ms step_avg:29.58ms
step:276/1325 train_time:8165ms step_avg:29.58ms
step:277/1325 train_time:8192ms step_avg:29.57ms
step:278/1325 train_time:8222ms step_avg:29.58ms
step:279/1325 train_time:8249ms step_avg:29.57ms
step:280/1325 train_time:8279ms step_avg:29.57ms
step:281/1325 train_time:8306ms step_avg:29.56ms
step:282/1325 train_time:8336ms step_avg:29.56ms
step:283/1325 train_time:8363ms step_avg:29.55ms
step:284/1325 train_time:8393ms step_avg:29.55ms
step:285/1325 train_time:8420ms step_avg:29.54ms
step:286/1325 train_time:8451ms step_avg:29.55ms
step:287/1325 train_time:8477ms step_avg:29.54ms
step:288/1325 train_time:8507ms step_avg:29.54ms
step:289/1325 train_time:8534ms step_avg:29.53ms
step:290/1325 train_time:8565ms step_avg:29.53ms
step:291/1325 train_time:8591ms step_avg:29.52ms
step:292/1325 train_time:8622ms step_avg:29.53ms
step:293/1325 train_time:8648ms step_avg:29.52ms
step:294/1325 train_time:8679ms step_avg:29.52ms
step:295/1325 train_time:8705ms step_avg:29.51ms
step:296/1325 train_time:8736ms step_avg:29.51ms
step:297/1325 train_time:8763ms step_avg:29.50ms
step:298/1325 train_time:8793ms step_avg:29.51ms
step:299/1325 train_time:8819ms step_avg:29.50ms
step:300/1325 train_time:8850ms step_avg:29.50ms
step:301/1325 train_time:8876ms step_avg:29.49ms
step:302/1325 train_time:8907ms step_avg:29.49ms
step:303/1325 train_time:8933ms step_avg:29.48ms
step:304/1325 train_time:8964ms step_avg:29.49ms
step:305/1325 train_time:8990ms step_avg:29.48ms
step:306/1325 train_time:9021ms step_avg:29.48ms
step:307/1325 train_time:9048ms step_avg:29.47ms
step:308/1325 train_time:9078ms step_avg:29.47ms
step:309/1325 train_time:9105ms step_avg:29.46ms
step:310/1325 train_time:9135ms step_avg:29.47ms
step:311/1325 train_time:9162ms step_avg:29.46ms
step:312/1325 train_time:9192ms step_avg:29.46ms
step:313/1325 train_time:9219ms step_avg:29.45ms
step:314/1325 train_time:9249ms step_avg:29.46ms
step:315/1325 train_time:9276ms step_avg:29.45ms
step:316/1325 train_time:9306ms step_avg:29.45ms
step:317/1325 train_time:9333ms step_avg:29.44ms
step:318/1325 train_time:9363ms step_avg:29.44ms
step:319/1325 train_time:9390ms step_avg:29.44ms
step:320/1325 train_time:9421ms step_avg:29.44ms
step:321/1325 train_time:9447ms step_avg:29.43ms
step:322/1325 train_time:9478ms step_avg:29.43ms
step:323/1325 train_time:9504ms step_avg:29.42ms
step:324/1325 train_time:9535ms step_avg:29.43ms
step:325/1325 train_time:9561ms step_avg:29.42ms
step:326/1325 train_time:9592ms step_avg:29.42ms
step:327/1325 train_time:9618ms step_avg:29.41ms
step:328/1325 train_time:9649ms step_avg:29.42ms
step:329/1325 train_time:9675ms step_avg:29.41ms
step:330/1325 train_time:9706ms step_avg:29.41ms
step:331/1325 train_time:9732ms step_avg:29.40ms
step:332/1325 train_time:9763ms step_avg:29.41ms
step:333/1325 train_time:9790ms step_avg:29.40ms
step:334/1325 train_time:9820ms step_avg:29.40ms
step:335/1325 train_time:9847ms step_avg:29.39ms
step:336/1325 train_time:9877ms step_avg:29.40ms
step:337/1325 train_time:9904ms step_avg:29.39ms
step:338/1325 train_time:9935ms step_avg:29.39ms
step:339/1325 train_time:9961ms step_avg:29.38ms
step:340/1325 train_time:9991ms step_avg:29.39ms
step:341/1325 train_time:10018ms step_avg:29.38ms
step:342/1325 train_time:10049ms step_avg:29.38ms
step:343/1325 train_time:10075ms step_avg:29.37ms
step:344/1325 train_time:10106ms step_avg:29.38ms
step:345/1325 train_time:10132ms step_avg:29.37ms
step:346/1325 train_time:10163ms step_avg:29.37ms
step:347/1325 train_time:10189ms step_avg:29.36ms
step:348/1325 train_time:10220ms step_avg:29.37ms
step:349/1325 train_time:10246ms step_avg:29.36ms
step:350/1325 train_time:10277ms step_avg:29.36ms
step:351/1325 train_time:10303ms step_avg:29.35ms
step:352/1325 train_time:10334ms step_avg:29.36ms
step:353/1325 train_time:10360ms step_avg:29.35ms
step:354/1325 train_time:10391ms step_avg:29.35ms
step:355/1325 train_time:10417ms step_avg:29.34ms
step:356/1325 train_time:10448ms step_avg:29.35ms
step:357/1325 train_time:10475ms step_avg:29.34ms
step:358/1325 train_time:10505ms step_avg:29.34ms
step:359/1325 train_time:10532ms step_avg:29.34ms
step:360/1325 train_time:10562ms step_avg:29.34ms
step:361/1325 train_time:10589ms step_avg:29.33ms
step:362/1325 train_time:10619ms step_avg:29.34ms
step:363/1325 train_time:10646ms step_avg:29.33ms
step:364/1325 train_time:10677ms step_avg:29.33ms
step:365/1325 train_time:10703ms step_avg:29.32ms
step:366/1325 train_time:10734ms step_avg:29.33ms
step:367/1325 train_time:10760ms step_avg:29.32ms
step:368/1325 train_time:10791ms step_avg:29.32ms
step:369/1325 train_time:10817ms step_avg:29.31ms
step:370/1325 train_time:10848ms step_avg:29.32ms
step:371/1325 train_time:10874ms step_avg:29.31ms
step:372/1325 train_time:10905ms step_avg:29.31ms
step:373/1325 train_time:10931ms step_avg:29.31ms
step:374/1325 train_time:10962ms step_avg:29.31ms
step:375/1325 train_time:10988ms step_avg:29.30ms
step:376/1325 train_time:11019ms step_avg:29.31ms
step:377/1325 train_time:11045ms step_avg:29.30ms
step:378/1325 train_time:11076ms step_avg:29.30ms
step:379/1325 train_time:11102ms step_avg:29.29ms
step:380/1325 train_time:11133ms step_avg:29.30ms
step:381/1325 train_time:11159ms step_avg:29.29ms
step:382/1325 train_time:11190ms step_avg:29.29ms
step:383/1325 train_time:11217ms step_avg:29.29ms
step:384/1325 train_time:11247ms step_avg:29.29ms
step:385/1325 train_time:11274ms step_avg:29.28ms
step:386/1325 train_time:11304ms step_avg:29.29ms
step:387/1325 train_time:11331ms step_avg:29.28ms
step:388/1325 train_time:11361ms step_avg:29.28ms
step:389/1325 train_time:11388ms step_avg:29.27ms
step:390/1325 train_time:11418ms step_avg:29.28ms
step:391/1325 train_time:11445ms step_avg:29.27ms
step:392/1325 train_time:11475ms step_avg:29.27ms
step:393/1325 train_time:11502ms step_avg:29.27ms
step:394/1325 train_time:11532ms step_avg:29.27ms
step:395/1325 train_time:11559ms step_avg:29.26ms
step:396/1325 train_time:11589ms step_avg:29.27ms
step:397/1325 train_time:11616ms step_avg:29.26ms
step:398/1325 train_time:11646ms step_avg:29.26ms
step:399/1325 train_time:11674ms step_avg:29.26ms
step:400/1325 train_time:11704ms step_avg:29.26ms
step:401/1325 train_time:11730ms step_avg:29.25ms
step:402/1325 train_time:11761ms step_avg:29.26ms
step:403/1325 train_time:11787ms step_avg:29.25ms
step:404/1325 train_time:11818ms step_avg:29.25ms
step:405/1325 train_time:11844ms step_avg:29.25ms
step:406/1325 train_time:11875ms step_avg:29.25ms
step:407/1325 train_time:11901ms step_avg:29.24ms
step:408/1325 train_time:11932ms step_avg:29.25ms
step:409/1325 train_time:11959ms step_avg:29.24ms
step:410/1325 train_time:11989ms step_avg:29.24ms
step:411/1325 train_time:12016ms step_avg:29.24ms
step:412/1325 train_time:12046ms step_avg:29.24ms
step:413/1325 train_time:12073ms step_avg:29.23ms
step:414/1325 train_time:12103ms step_avg:29.24ms
step:415/1325 train_time:12130ms step_avg:29.23ms
step:416/1325 train_time:12160ms step_avg:29.23ms
step:417/1325 train_time:12187ms step_avg:29.22ms
step:418/1325 train_time:12220ms step_avg:29.23ms
step:419/1325 train_time:12268ms step_avg:29.28ms
step:420/1325 train_time:12318ms step_avg:29.33ms
step:421/1325 train_time:12364ms step_avg:29.37ms
step:422/1325 train_time:12414ms step_avg:29.42ms
step:423/1325 train_time:12460ms step_avg:29.46ms
step:424/1325 train_time:12510ms step_avg:29.51ms
step:425/1325 train_time:12557ms step_avg:29.55ms
step:426/1325 train_time:12606ms step_avg:29.59ms
step:427/1325 train_time:12653ms step_avg:29.63ms
step:428/1325 train_time:12703ms step_avg:29.68ms
step:429/1325 train_time:12749ms step_avg:29.72ms
step:430/1325 train_time:12799ms step_avg:29.77ms
step:431/1325 train_time:12846ms step_avg:29.80ms
step:432/1325 train_time:12896ms step_avg:29.85ms
step:433/1325 train_time:12942ms step_avg:29.89ms
step:434/1325 train_time:12992ms step_avg:29.94ms
step:435/1325 train_time:13039ms step_avg:29.97ms
step:436/1325 train_time:13089ms step_avg:30.02ms
step:437/1325 train_time:13136ms step_avg:30.06ms
step:438/1325 train_time:13186ms step_avg:30.10ms
step:439/1325 train_time:13232ms step_avg:30.14ms
step:440/1325 train_time:13282ms step_avg:30.19ms
step:441/1325 train_time:13329ms step_avg:30.23ms
step:442/1325 train_time:13379ms step_avg:30.27ms
step:443/1325 train_time:13426ms step_avg:30.31ms
step:444/1325 train_time:13476ms step_avg:30.35ms
step:445/1325 train_time:13523ms step_avg:30.39ms
step:446/1325 train_time:13572ms step_avg:30.43ms
step:447/1325 train_time:13619ms step_avg:30.47ms
step:448/1325 train_time:13669ms step_avg:30.51ms
step:449/1325 train_time:13715ms step_avg:30.55ms
step:450/1325 train_time:13766ms step_avg:30.59ms
step:451/1325 train_time:13812ms step_avg:30.62ms
step:452/1325 train_time:13862ms step_avg:30.67ms
step:453/1325 train_time:13908ms step_avg:30.70ms
step:454/1325 train_time:13958ms step_avg:30.75ms
step:455/1325 train_time:14005ms step_avg:30.78ms
step:456/1325 train_time:14055ms step_avg:30.82ms
step:457/1325 train_time:14101ms step_avg:30.86ms
step:458/1325 train_time:14151ms step_avg:30.90ms
step:459/1325 train_time:14198ms step_avg:30.93ms
step:460/1325 train_time:14248ms step_avg:30.97ms
step:461/1325 train_time:14295ms step_avg:31.01ms
step:462/1325 train_time:14345ms step_avg:31.05ms
step:463/1325 train_time:14391ms step_avg:31.08ms
step:464/1325 train_time:14441ms step_avg:31.12ms
step:465/1325 train_time:14488ms step_avg:31.16ms
step:466/1325 train_time:14537ms step_avg:31.20ms
step:467/1325 train_time:14584ms step_avg:31.23ms
step:468/1325 train_time:14634ms step_avg:31.27ms
step:469/1325 train_time:14680ms step_avg:31.30ms
step:470/1325 train_time:14730ms step_avg:31.34ms
step:471/1325 train_time:14777ms step_avg:31.37ms
step:472/1325 train_time:14827ms step_avg:31.41ms
step:473/1325 train_time:14873ms step_avg:31.44ms
step:474/1325 train_time:14923ms step_avg:31.48ms
step:475/1325 train_time:14970ms step_avg:31.52ms
step:476/1325 train_time:15020ms step_avg:31.56ms
step:477/1325 train_time:15066ms step_avg:31.58ms
step:478/1325 train_time:15117ms step_avg:31.62ms
step:479/1325 train_time:15162ms step_avg:31.65ms
step:480/1325 train_time:15213ms step_avg:31.69ms
step:481/1325 train_time:15259ms step_avg:31.72ms
step:482/1325 train_time:15310ms step_avg:31.76ms
step:483/1325 train_time:15356ms step_avg:31.79ms
step:484/1325 train_time:15406ms step_avg:31.83ms
step:485/1325 train_time:15452ms step_avg:31.86ms
step:486/1325 train_time:15503ms step_avg:31.90ms
step:487/1325 train_time:15549ms step_avg:31.93ms
step:488/1325 train_time:15599ms step_avg:31.96ms
step:489/1325 train_time:15645ms step_avg:31.99ms
step:490/1325 train_time:15695ms step_avg:32.03ms
step:491/1325 train_time:15742ms step_avg:32.06ms
step:492/1325 train_time:15792ms step_avg:32.10ms
step:493/1325 train_time:15838ms step_avg:32.13ms
step:494/1325 train_time:15888ms step_avg:32.16ms
step:495/1325 train_time:15935ms step_avg:32.19ms
step:496/1325 train_time:15985ms step_avg:32.23ms
step:497/1325 train_time:16031ms step_avg:32.26ms
step:498/1325 train_time:16081ms step_avg:32.29ms
step:499/1325 train_time:16128ms step_avg:32.32ms
step:500/1325 train_time:16178ms step_avg:32.36ms
step:500/1325 val_loss:4.1482 train_time:16227ms step_avg:32.45ms
step:501/1325 train_time:16249ms step_avg:32.43ms
step:502/1325 train_time:16277ms step_avg:32.42ms
step:503/1325 train_time:16323ms step_avg:32.45ms
step:504/1325 train_time:16374ms step_avg:32.49ms
step:505/1325 train_time:16420ms step_avg:32.51ms
step:506/1325 train_time:16470ms step_avg:32.55ms
step:507/1325 train_time:16516ms step_avg:32.58ms
step:508/1325 train_time:16566ms step_avg:32.61ms
step:509/1325 train_time:16612ms step_avg:32.64ms
step:510/1325 train_time:16662ms step_avg:32.67ms
step:511/1325 train_time:16708ms step_avg:32.70ms
step:512/1325 train_time:16759ms step_avg:32.73ms
step:513/1325 train_time:16805ms step_avg:32.76ms
step:514/1325 train_time:16855ms step_avg:32.79ms
step:515/1325 train_time:16901ms step_avg:32.82ms
step:516/1325 train_time:16951ms step_avg:32.85ms
step:517/1325 train_time:16997ms step_avg:32.88ms
step:518/1325 train_time:17047ms step_avg:32.91ms
step:519/1325 train_time:17093ms step_avg:32.93ms
step:520/1325 train_time:17143ms step_avg:32.97ms
step:521/1325 train_time:17190ms step_avg:32.99ms
step:522/1325 train_time:17240ms step_avg:33.03ms
step:523/1325 train_time:17288ms step_avg:33.05ms
step:524/1325 train_time:17337ms step_avg:33.09ms
step:525/1325 train_time:17385ms step_avg:33.11ms
step:526/1325 train_time:17435ms step_avg:33.15ms
step:527/1325 train_time:17482ms step_avg:33.17ms
step:528/1325 train_time:17532ms step_avg:33.20ms
step:529/1325 train_time:17579ms step_avg:33.23ms
step:530/1325 train_time:17629ms step_avg:33.26ms
step:531/1325 train_time:17675ms step_avg:33.29ms
step:532/1325 train_time:17725ms step_avg:33.32ms
step:533/1325 train_time:17771ms step_avg:33.34ms
step:534/1325 train_time:17821ms step_avg:33.37ms
step:535/1325 train_time:17867ms step_avg:33.40ms
step:536/1325 train_time:17917ms step_avg:33.43ms
step:537/1325 train_time:17964ms step_avg:33.45ms
step:538/1325 train_time:18013ms step_avg:33.48ms
step:539/1325 train_time:18060ms step_avg:33.51ms
step:540/1325 train_time:18110ms step_avg:33.54ms
step:541/1325 train_time:18156ms step_avg:33.56ms
step:542/1325 train_time:18206ms step_avg:33.59ms
step:543/1325 train_time:18253ms step_avg:33.62ms
step:544/1325 train_time:18303ms step_avg:33.65ms
step:545/1325 train_time:18350ms step_avg:33.67ms
step:546/1325 train_time:18400ms step_avg:33.70ms
step:547/1325 train_time:18446ms step_avg:33.72ms
step:548/1325 train_time:18496ms step_avg:33.75ms
step:549/1325 train_time:18543ms step_avg:33.78ms
step:550/1325 train_time:18593ms step_avg:33.81ms
step:551/1325 train_time:18640ms step_avg:33.83ms
step:552/1325 train_time:18690ms step_avg:33.86ms
step:553/1325 train_time:18736ms step_avg:33.88ms
step:554/1325 train_time:18786ms step_avg:33.91ms
step:555/1325 train_time:18832ms step_avg:33.93ms
step:556/1325 train_time:18882ms step_avg:33.96ms
step:557/1325 train_time:18929ms step_avg:33.98ms
step:558/1325 train_time:18979ms step_avg:34.01ms
step:559/1325 train_time:19025ms step_avg:34.03ms
step:560/1325 train_time:19075ms step_avg:34.06ms
step:561/1325 train_time:19122ms step_avg:34.09ms
step:562/1325 train_time:19172ms step_avg:34.11ms
step:563/1325 train_time:19218ms step_avg:34.14ms
step:564/1325 train_time:19268ms step_avg:34.16ms
step:565/1325 train_time:19315ms step_avg:34.19ms
step:566/1325 train_time:19365ms step_avg:34.21ms
step:567/1325 train_time:19412ms step_avg:34.24ms
step:568/1325 train_time:19461ms step_avg:34.26ms
step:569/1325 train_time:19508ms step_avg:34.29ms
step:570/1325 train_time:19559ms step_avg:34.31ms
step:571/1325 train_time:19606ms step_avg:34.34ms
step:572/1325 train_time:19656ms step_avg:34.36ms
step:573/1325 train_time:19702ms step_avg:34.38ms
step:574/1325 train_time:19752ms step_avg:34.41ms
step:575/1325 train_time:19798ms step_avg:34.43ms
step:576/1325 train_time:19849ms step_avg:34.46ms
step:577/1325 train_time:19895ms step_avg:34.48ms
step:578/1325 train_time:19944ms step_avg:34.51ms
step:579/1325 train_time:19991ms step_avg:34.53ms
step:580/1325 train_time:20041ms step_avg:34.55ms
step:581/1325 train_time:20088ms step_avg:34.57ms
step:582/1325 train_time:20138ms step_avg:34.60ms
step:583/1325 train_time:20185ms step_avg:34.62ms
step:584/1325 train_time:20235ms step_avg:34.65ms
step:585/1325 train_time:20281ms step_avg:34.67ms
step:586/1325 train_time:20331ms step_avg:34.69ms
step:587/1325 train_time:20378ms step_avg:34.71ms
step:588/1325 train_time:20428ms step_avg:34.74ms
step:589/1325 train_time:20474ms step_avg:34.76ms
step:590/1325 train_time:20525ms step_avg:34.79ms
step:591/1325 train_time:20571ms step_avg:34.81ms
step:592/1325 train_time:20621ms step_avg:34.83ms
step:593/1325 train_time:20667ms step_avg:34.85ms
step:594/1325 train_time:20717ms step_avg:34.88ms
step:595/1325 train_time:20764ms step_avg:34.90ms
step:596/1325 train_time:20813ms step_avg:34.92ms
step:597/1325 train_time:20860ms step_avg:34.94ms
step:598/1325 train_time:20910ms step_avg:34.97ms
step:599/1325 train_time:20957ms step_avg:34.99ms
step:600/1325 train_time:21007ms step_avg:35.01ms
step:601/1325 train_time:21054ms step_avg:35.03ms
step:602/1325 train_time:21103ms step_avg:35.06ms
step:603/1325 train_time:21150ms step_avg:35.07ms
step:604/1325 train_time:21200ms step_avg:35.10ms
step:605/1325 train_time:21247ms step_avg:35.12ms
step:606/1325 train_time:21297ms step_avg:35.14ms
step:607/1325 train_time:21343ms step_avg:35.16ms
step:608/1325 train_time:21393ms step_avg:35.19ms
step:609/1325 train_time:21440ms step_avg:35.20ms
step:610/1325 train_time:21490ms step_avg:35.23ms
step:611/1325 train_time:21536ms step_avg:35.25ms
step:612/1325 train_time:21586ms step_avg:35.27ms
step:613/1325 train_time:21633ms step_avg:35.29ms
step:614/1325 train_time:21683ms step_avg:35.31ms
step:615/1325 train_time:21730ms step_avg:35.33ms
step:616/1325 train_time:21780ms step_avg:35.36ms
step:617/1325 train_time:21827ms step_avg:35.38ms
step:618/1325 train_time:21877ms step_avg:35.40ms
step:619/1325 train_time:21923ms step_avg:35.42ms
step:620/1325 train_time:21973ms step_avg:35.44ms
step:621/1325 train_time:22020ms step_avg:35.46ms
step:622/1325 train_time:22070ms step_avg:35.48ms
step:623/1325 train_time:22116ms step_avg:35.50ms
step:624/1325 train_time:22166ms step_avg:35.52ms
step:625/1325 train_time:22213ms step_avg:35.54ms
step:626/1325 train_time:22263ms step_avg:35.56ms
step:627/1325 train_time:22309ms step_avg:35.58ms
step:628/1325 train_time:22359ms step_avg:35.60ms
step:629/1325 train_time:22406ms step_avg:35.62ms
step:630/1325 train_time:22456ms step_avg:35.64ms
step:631/1325 train_time:22502ms step_avg:35.66ms
step:632/1325 train_time:22552ms step_avg:35.68ms
step:633/1325 train_time:22599ms step_avg:35.70ms
step:634/1325 train_time:22649ms step_avg:35.72ms
step:635/1325 train_time:22696ms step_avg:35.74ms
step:636/1325 train_time:22746ms step_avg:35.76ms
step:637/1325 train_time:22793ms step_avg:35.78ms
step:638/1325 train_time:22843ms step_avg:35.80ms
step:639/1325 train_time:22890ms step_avg:35.82ms
step:640/1325 train_time:22939ms step_avg:35.84ms
step:641/1325 train_time:22986ms step_avg:35.86ms
step:642/1325 train_time:23036ms step_avg:35.88ms
step:643/1325 train_time:23083ms step_avg:35.90ms
step:644/1325 train_time:23133ms step_avg:35.92ms
step:645/1325 train_time:23180ms step_avg:35.94ms
step:646/1325 train_time:23230ms step_avg:35.96ms
step:647/1325 train_time:23277ms step_avg:35.98ms
step:648/1325 train_time:23327ms step_avg:36.00ms
step:649/1325 train_time:23373ms step_avg:36.01ms
step:650/1325 train_time:23423ms step_avg:36.04ms
step:651/1325 train_time:23470ms step_avg:36.05ms
step:652/1325 train_time:23520ms step_avg:36.07ms
step:653/1325 train_time:23567ms step_avg:36.09ms
step:654/1325 train_time:23617ms step_avg:36.11ms
step:655/1325 train_time:23663ms step_avg:36.13ms
step:656/1325 train_time:23713ms step_avg:36.15ms
step:657/1325 train_time:23760ms step_avg:36.16ms
step:658/1325 train_time:23810ms step_avg:36.19ms
step:659/1325 train_time:23856ms step_avg:36.20ms
step:660/1325 train_time:23906ms step_avg:36.22ms
step:661/1325 train_time:23953ms step_avg:36.24ms
step:662/1325 train_time:24003ms step_avg:36.26ms
step:663/1325 train_time:24050ms step_avg:36.27ms
step:664/1325 train_time:24100ms step_avg:36.29ms
step:665/1325 train_time:24147ms step_avg:36.31ms
step:666/1325 train_time:24197ms step_avg:36.33ms
step:667/1325 train_time:24243ms step_avg:36.35ms
step:668/1325 train_time:24294ms step_avg:36.37ms
step:669/1325 train_time:24340ms step_avg:36.38ms
step:670/1325 train_time:24390ms step_avg:36.40ms
step:671/1325 train_time:24437ms step_avg:36.42ms
step:672/1325 train_time:24486ms step_avg:36.44ms
step:673/1325 train_time:24533ms step_avg:36.45ms
step:674/1325 train_time:24583ms step_avg:36.47ms
step:675/1325 train_time:24630ms step_avg:36.49ms
step:676/1325 train_time:24680ms step_avg:36.51ms
step:677/1325 train_time:24728ms step_avg:36.53ms
step:678/1325 train_time:24777ms step_avg:36.54ms
step:679/1325 train_time:24824ms step_avg:36.56ms
step:680/1325 train_time:24874ms step_avg:36.58ms
step:681/1325 train_time:24920ms step_avg:36.59ms
step:682/1325 train_time:24970ms step_avg:36.61ms
step:683/1325 train_time:25017ms step_avg:36.63ms
step:684/1325 train_time:25067ms step_avg:36.65ms
step:685/1325 train_time:25113ms step_avg:36.66ms
step:686/1325 train_time:25163ms step_avg:36.68ms
step:687/1325 train_time:25210ms step_avg:36.70ms
step:688/1325 train_time:25260ms step_avg:36.71ms
step:689/1325 train_time:25306ms step_avg:36.73ms
step:690/1325 train_time:25356ms step_avg:36.75ms
step:691/1325 train_time:25403ms step_avg:36.76ms
step:692/1325 train_time:25453ms step_avg:36.78ms
step:693/1325 train_time:25499ms step_avg:36.80ms
step:694/1325 train_time:25549ms step_avg:36.81ms
step:695/1325 train_time:25596ms step_avg:36.83ms
step:696/1325 train_time:25646ms step_avg:36.85ms
step:697/1325 train_time:25693ms step_avg:36.86ms
step:698/1325 train_time:25743ms step_avg:36.88ms
step:699/1325 train_time:25789ms step_avg:36.89ms
step:700/1325 train_time:25839ms step_avg:36.91ms
step:701/1325 train_time:25886ms step_avg:36.93ms
step:702/1325 train_time:25936ms step_avg:36.95ms
step:703/1325 train_time:25984ms step_avg:36.96ms
step:704/1325 train_time:26034ms step_avg:36.98ms
step:705/1325 train_time:26080ms step_avg:36.99ms
step:706/1325 train_time:26130ms step_avg:37.01ms
step:707/1325 train_time:26177ms step_avg:37.03ms
step:708/1325 train_time:26227ms step_avg:37.04ms
step:709/1325 train_time:26273ms step_avg:37.06ms
step:710/1325 train_time:26323ms step_avg:37.07ms
step:711/1325 train_time:26370ms step_avg:37.09ms
step:712/1325 train_time:26420ms step_avg:37.11ms
step:713/1325 train_time:26467ms step_avg:37.12ms
step:714/1325 train_time:26517ms step_avg:37.14ms
step:715/1325 train_time:26564ms step_avg:37.15ms
step:716/1325 train_time:26614ms step_avg:37.17ms
step:717/1325 train_time:26660ms step_avg:37.18ms
step:718/1325 train_time:26710ms step_avg:37.20ms
step:719/1325 train_time:26757ms step_avg:37.21ms
step:720/1325 train_time:26807ms step_avg:37.23ms
step:721/1325 train_time:26853ms step_avg:37.24ms
step:722/1325 train_time:26903ms step_avg:37.26ms
step:723/1325 train_time:26950ms step_avg:37.28ms
step:724/1325 train_time:27000ms step_avg:37.29ms
step:725/1325 train_time:27047ms step_avg:37.31ms
step:726/1325 train_time:27097ms step_avg:37.32ms
step:727/1325 train_time:27143ms step_avg:37.34ms
step:728/1325 train_time:27193ms step_avg:37.35ms
step:729/1325 train_time:27240ms step_avg:37.37ms
step:730/1325 train_time:27290ms step_avg:37.38ms
step:731/1325 train_time:27336ms step_avg:37.40ms
step:732/1325 train_time:27386ms step_avg:37.41ms
step:733/1325 train_time:27433ms step_avg:37.43ms
step:734/1325 train_time:27483ms step_avg:37.44ms
step:735/1325 train_time:27529ms step_avg:37.45ms
step:736/1325 train_time:27579ms step_avg:37.47ms
step:737/1325 train_time:27626ms step_avg:37.48ms
step:738/1325 train_time:27676ms step_avg:37.50ms
step:739/1325 train_time:27723ms step_avg:37.51ms
step:740/1325 train_time:27773ms step_avg:37.53ms
step:741/1325 train_time:27819ms step_avg:37.54ms
step:742/1325 train_time:27870ms step_avg:37.56ms
step:743/1325 train_time:27916ms step_avg:37.57ms
step:744/1325 train_time:27966ms step_avg:37.59ms
step:745/1325 train_time:28013ms step_avg:37.60ms
step:746/1325 train_time:28062ms step_avg:37.62ms
step:747/1325 train_time:28109ms step_avg:37.63ms
step:748/1325 train_time:28159ms step_avg:37.65ms
step:749/1325 train_time:28206ms step_avg:37.66ms
step:750/1325 train_time:28256ms step_avg:37.67ms
step:750/1325 val_loss:3.6765 train_time:28305ms step_avg:37.74ms
step:751/1325 train_time:28327ms step_avg:37.72ms
step:752/1325 train_time:28355ms step_avg:37.71ms
step:753/1325 train_time:28400ms step_avg:37.72ms
step:754/1325 train_time:28451ms step_avg:37.73ms
step:755/1325 train_time:28497ms step_avg:37.74ms
step:756/1325 train_time:28546ms step_avg:37.76ms
step:757/1325 train_time:28593ms step_avg:37.77ms
step:758/1325 train_time:28643ms step_avg:37.79ms
step:759/1325 train_time:28690ms step_avg:37.80ms
step:760/1325 train_time:28740ms step_avg:37.82ms
step:761/1325 train_time:28786ms step_avg:37.83ms
step:762/1325 train_time:28836ms step_avg:37.84ms
step:763/1325 train_time:28882ms step_avg:37.85ms
step:764/1325 train_time:28932ms step_avg:37.87ms
step:765/1325 train_time:28979ms step_avg:37.88ms
step:766/1325 train_time:29029ms step_avg:37.90ms
step:767/1325 train_time:29075ms step_avg:37.91ms
step:768/1325 train_time:29125ms step_avg:37.92ms
step:769/1325 train_time:29172ms step_avg:37.93ms
step:770/1325 train_time:29221ms step_avg:37.95ms
step:771/1325 train_time:29270ms step_avg:37.96ms
step:772/1325 train_time:29319ms step_avg:37.98ms
step:773/1325 train_time:29367ms step_avg:37.99ms
step:774/1325 train_time:29417ms step_avg:38.01ms
step:775/1325 train_time:29464ms step_avg:38.02ms
step:776/1325 train_time:29514ms step_avg:38.03ms
step:777/1325 train_time:29560ms step_avg:38.04ms
step:778/1325 train_time:29610ms step_avg:38.06ms
step:779/1325 train_time:29657ms step_avg:38.07ms
step:780/1325 train_time:29707ms step_avg:38.09ms
step:781/1325 train_time:29753ms step_avg:38.10ms
step:782/1325 train_time:29803ms step_avg:38.11ms
step:783/1325 train_time:29850ms step_avg:38.12ms
step:784/1325 train_time:29900ms step_avg:38.14ms
step:785/1325 train_time:29947ms step_avg:38.15ms
step:786/1325 train_time:29996ms step_avg:38.16ms
step:787/1325 train_time:30043ms step_avg:38.17ms
step:788/1325 train_time:30093ms step_avg:38.19ms
step:789/1325 train_time:30140ms step_avg:38.20ms
step:790/1325 train_time:30190ms step_avg:38.21ms
step:791/1325 train_time:30237ms step_avg:38.23ms
step:792/1325 train_time:30288ms step_avg:38.24ms
step:793/1325 train_time:30334ms step_avg:38.25ms
step:794/1325 train_time:30385ms step_avg:38.27ms
step:795/1325 train_time:30431ms step_avg:38.28ms
step:796/1325 train_time:30482ms step_avg:38.29ms
step:797/1325 train_time:30528ms step_avg:38.30ms
step:798/1325 train_time:30578ms step_avg:38.32ms
step:799/1325 train_time:30624ms step_avg:38.33ms
step:800/1325 train_time:30674ms step_avg:38.34ms
step:801/1325 train_time:30721ms step_avg:38.35ms
step:802/1325 train_time:30771ms step_avg:38.37ms
step:803/1325 train_time:30817ms step_avg:38.38ms
step:804/1325 train_time:30867ms step_avg:38.39ms
step:805/1325 train_time:30914ms step_avg:38.40ms
step:806/1325 train_time:30964ms step_avg:38.42ms
step:807/1325 train_time:31010ms step_avg:38.43ms
step:808/1325 train_time:31060ms step_avg:38.44ms
step:809/1325 train_time:31107ms step_avg:38.45ms
step:810/1325 train_time:31157ms step_avg:38.46ms
step:811/1325 train_time:31203ms step_avg:38.47ms
step:812/1325 train_time:31253ms step_avg:38.49ms
step:813/1325 train_time:31300ms step_avg:38.50ms
step:814/1325 train_time:31350ms step_avg:38.51ms
step:815/1325 train_time:31397ms step_avg:38.52ms
step:816/1325 train_time:31447ms step_avg:38.54ms
step:817/1325 train_time:31494ms step_avg:38.55ms
step:818/1325 train_time:31544ms step_avg:38.56ms
step:819/1325 train_time:31591ms step_avg:38.57ms
step:820/1325 train_time:31641ms step_avg:38.59ms
step:821/1325 train_time:31688ms step_avg:38.60ms
step:822/1325 train_time:31738ms step_avg:38.61ms
step:823/1325 train_time:31785ms step_avg:38.62ms
step:824/1325 train_time:31835ms step_avg:38.63ms
step:825/1325 train_time:31882ms step_avg:38.64ms
step:826/1325 train_time:31931ms step_avg:38.66ms
step:827/1325 train_time:31978ms step_avg:38.67ms
step:828/1325 train_time:32028ms step_avg:38.68ms
step:829/1325 train_time:32075ms step_avg:38.69ms
step:830/1325 train_time:32125ms step_avg:38.70ms
step:831/1325 train_time:32171ms step_avg:38.71ms
step:832/1325 train_time:32221ms step_avg:38.73ms
step:833/1325 train_time:32268ms step_avg:38.74ms
step:834/1325 train_time:32319ms step_avg:38.75ms
step:835/1325 train_time:32386ms step_avg:38.79ms
step:836/1325 train_time:32455ms step_avg:38.82ms
step:837/1325 train_time:32520ms step_avg:38.85ms
step:838/1325 train_time:32588ms step_avg:38.89ms
step:839/1325 train_time:32654ms step_avg:38.92ms
step:840/1325 train_time:32723ms step_avg:38.96ms
step:841/1325 train_time:32787ms step_avg:38.99ms
step:842/1325 train_time:32855ms step_avg:39.02ms
step:843/1325 train_time:32921ms step_avg:39.05ms
step:844/1325 train_time:32989ms step_avg:39.09ms
step:845/1325 train_time:33054ms step_avg:39.12ms
step:846/1325 train_time:33122ms step_avg:39.15ms
step:847/1325 train_time:33187ms step_avg:39.18ms
step:848/1325 train_time:33256ms step_avg:39.22ms
step:849/1325 train_time:33322ms step_avg:39.25ms
step:850/1325 train_time:33390ms step_avg:39.28ms
step:851/1325 train_time:33455ms step_avg:39.31ms
step:852/1325 train_time:33523ms step_avg:39.35ms
step:853/1325 train_time:33589ms step_avg:39.38ms
step:854/1325 train_time:33657ms step_avg:39.41ms
step:855/1325 train_time:33723ms step_avg:39.44ms
step:856/1325 train_time:33791ms step_avg:39.48ms
step:857/1325 train_time:33857ms step_avg:39.51ms
step:858/1325 train_time:33925ms step_avg:39.54ms
step:859/1325 train_time:33990ms step_avg:39.57ms
step:860/1325 train_time:34059ms step_avg:39.60ms
step:861/1325 train_time:34124ms step_avg:39.63ms
step:862/1325 train_time:34193ms step_avg:39.67ms
step:863/1325 train_time:34258ms step_avg:39.70ms
step:864/1325 train_time:34328ms step_avg:39.73ms
step:865/1325 train_time:34391ms step_avg:39.76ms
step:866/1325 train_time:34460ms step_avg:39.79ms
step:867/1325 train_time:34525ms step_avg:39.82ms
step:868/1325 train_time:34594ms step_avg:39.85ms
step:869/1325 train_time:34658ms step_avg:39.88ms
step:870/1325 train_time:34726ms step_avg:39.91ms
step:871/1325 train_time:34791ms step_avg:39.94ms
step:872/1325 train_time:34859ms step_avg:39.98ms
step:873/1325 train_time:34926ms step_avg:40.01ms
step:874/1325 train_time:34994ms step_avg:40.04ms
step:875/1325 train_time:35059ms step_avg:40.07ms
step:876/1325 train_time:35128ms step_avg:40.10ms
step:877/1325 train_time:35193ms step_avg:40.13ms
step:878/1325 train_time:35261ms step_avg:40.16ms
step:879/1325 train_time:35326ms step_avg:40.19ms
step:880/1325 train_time:35394ms step_avg:40.22ms
step:881/1325 train_time:35459ms step_avg:40.25ms
step:882/1325 train_time:35528ms step_avg:40.28ms
step:883/1325 train_time:35593ms step_avg:40.31ms
step:884/1325 train_time:35661ms step_avg:40.34ms
step:885/1325 train_time:35726ms step_avg:40.37ms
step:886/1325 train_time:35795ms step_avg:40.40ms
step:887/1325 train_time:35860ms step_avg:40.43ms
step:888/1325 train_time:35928ms step_avg:40.46ms
step:889/1325 train_time:35994ms step_avg:40.49ms
step:890/1325 train_time:36063ms step_avg:40.52ms
step:891/1325 train_time:36127ms step_avg:40.55ms
step:892/1325 train_time:36195ms step_avg:40.58ms
step:893/1325 train_time:36261ms step_avg:40.61ms
step:894/1325 train_time:36329ms step_avg:40.64ms
step:895/1325 train_time:36395ms step_avg:40.66ms
step:896/1325 train_time:36463ms step_avg:40.70ms
step:897/1325 train_time:36528ms step_avg:40.72ms
step:898/1325 train_time:36597ms step_avg:40.75ms
step:899/1325 train_time:36662ms step_avg:40.78ms
step:900/1325 train_time:36730ms step_avg:40.81ms
step:901/1325 train_time:36795ms step_avg:40.84ms
step:902/1325 train_time:36864ms step_avg:40.87ms
step:903/1325 train_time:36929ms step_avg:40.90ms
step:904/1325 train_time:36997ms step_avg:40.93ms
step:905/1325 train_time:37063ms step_avg:40.95ms
step:906/1325 train_time:37131ms step_avg:40.98ms
step:907/1325 train_time:37197ms step_avg:41.01ms
step:908/1325 train_time:37265ms step_avg:41.04ms
step:909/1325 train_time:37331ms step_avg:41.07ms
step:910/1325 train_time:37399ms step_avg:41.10ms
step:911/1325 train_time:37464ms step_avg:41.12ms
step:912/1325 train_time:37532ms step_avg:41.15ms
step:913/1325 train_time:37598ms step_avg:41.18ms
step:914/1325 train_time:37666ms step_avg:41.21ms
step:915/1325 train_time:37732ms step_avg:41.24ms
step:916/1325 train_time:37800ms step_avg:41.27ms
step:917/1325 train_time:37865ms step_avg:41.29ms
step:918/1325 train_time:37934ms step_avg:41.32ms
step:919/1325 train_time:37999ms step_avg:41.35ms
step:920/1325 train_time:38067ms step_avg:41.38ms
step:921/1325 train_time:38133ms step_avg:41.40ms
step:922/1325 train_time:38201ms step_avg:41.43ms
step:923/1325 train_time:38266ms step_avg:41.46ms
step:924/1325 train_time:38335ms step_avg:41.49ms
step:925/1325 train_time:38400ms step_avg:41.51ms
step:926/1325 train_time:38468ms step_avg:41.54ms
step:927/1325 train_time:38533ms step_avg:41.57ms
step:928/1325 train_time:38602ms step_avg:41.60ms
step:929/1325 train_time:38667ms step_avg:41.62ms
step:930/1325 train_time:38735ms step_avg:41.65ms
step:931/1325 train_time:38801ms step_avg:41.68ms
step:932/1325 train_time:38869ms step_avg:41.71ms
step:933/1325 train_time:38935ms step_avg:41.73ms
step:934/1325 train_time:39003ms step_avg:41.76ms
step:935/1325 train_time:39069ms step_avg:41.78ms
step:936/1325 train_time:39137ms step_avg:41.81ms
step:937/1325 train_time:39203ms step_avg:41.84ms
step:938/1325 train_time:39271ms step_avg:41.87ms
step:939/1325 train_time:39336ms step_avg:41.89ms
step:940/1325 train_time:39405ms step_avg:41.92ms
step:941/1325 train_time:39470ms step_avg:41.94ms
step:942/1325 train_time:39538ms step_avg:41.97ms
step:943/1325 train_time:39604ms step_avg:42.00ms
step:944/1325 train_time:39673ms step_avg:42.03ms
step:945/1325 train_time:39738ms step_avg:42.05ms
step:946/1325 train_time:39807ms step_avg:42.08ms
step:947/1325 train_time:39873ms step_avg:42.10ms
step:948/1325 train_time:39942ms step_avg:42.13ms
step:949/1325 train_time:40006ms step_avg:42.16ms
step:950/1325 train_time:40075ms step_avg:42.18ms
step:951/1325 train_time:40140ms step_avg:42.21ms
step:952/1325 train_time:40208ms step_avg:42.24ms
step:953/1325 train_time:40273ms step_avg:42.26ms
step:954/1325 train_time:40341ms step_avg:42.29ms
step:955/1325 train_time:40407ms step_avg:42.31ms
step:956/1325 train_time:40476ms step_avg:42.34ms
step:957/1325 train_time:40541ms step_avg:42.36ms
step:958/1325 train_time:40610ms step_avg:42.39ms
step:959/1325 train_time:40675ms step_avg:42.41ms
step:960/1325 train_time:40744ms step_avg:42.44ms
step:961/1325 train_time:40808ms step_avg:42.46ms
step:962/1325 train_time:40877ms step_avg:42.49ms
step:963/1325 train_time:40942ms step_avg:42.52ms
step:964/1325 train_time:41010ms step_avg:42.54ms
step:965/1325 train_time:41076ms step_avg:42.57ms
step:966/1325 train_time:41144ms step_avg:42.59ms
step:967/1325 train_time:41209ms step_avg:42.62ms
step:968/1325 train_time:41279ms step_avg:42.64ms
step:969/1325 train_time:41343ms step_avg:42.67ms
step:970/1325 train_time:41411ms step_avg:42.69ms
step:971/1325 train_time:41477ms step_avg:42.72ms
step:972/1325 train_time:41545ms step_avg:42.74ms
step:973/1325 train_time:41610ms step_avg:42.76ms
step:974/1325 train_time:41679ms step_avg:42.79ms
step:975/1325 train_time:41744ms step_avg:42.81ms
step:976/1325 train_time:41812ms step_avg:42.84ms
step:977/1325 train_time:41877ms step_avg:42.86ms
step:978/1325 train_time:41945ms step_avg:42.89ms
step:979/1325 train_time:42012ms step_avg:42.91ms
step:980/1325 train_time:42080ms step_avg:42.94ms
step:981/1325 train_time:42145ms step_avg:42.96ms
step:982/1325 train_time:42213ms step_avg:42.99ms
step:983/1325 train_time:42279ms step_avg:43.01ms
step:984/1325 train_time:42348ms step_avg:43.04ms
step:985/1325 train_time:42413ms step_avg:43.06ms
step:986/1325 train_time:42482ms step_avg:43.08ms
step:987/1325 train_time:42546ms step_avg:43.11ms
step:988/1325 train_time:42615ms step_avg:43.13ms
step:989/1325 train_time:42680ms step_avg:43.15ms
step:990/1325 train_time:42748ms step_avg:43.18ms
step:991/1325 train_time:42814ms step_avg:43.20ms
step:992/1325 train_time:42882ms step_avg:43.23ms
step:993/1325 train_time:42948ms step_avg:43.25ms
step:994/1325 train_time:43016ms step_avg:43.28ms
step:995/1325 train_time:43082ms step_avg:43.30ms
step:996/1325 train_time:43150ms step_avg:43.32ms
step:997/1325 train_time:43215ms step_avg:43.34ms
step:998/1325 train_time:43283ms step_avg:43.37ms
step:999/1325 train_time:43348ms step_avg:43.39ms
step:1000/1325 train_time:43417ms step_avg:43.42ms
step:1000/1325 val_loss:3.4206 train_time:43485ms step_avg:43.49ms
step:1001/1325 train_time:43509ms step_avg:43.47ms
step:1002/1325 train_time:43554ms step_avg:43.47ms
step:1003/1325 train_time:43616ms step_avg:43.49ms
step:1004/1325 train_time:43685ms step_avg:43.51ms
step:1005/1325 train_time:43749ms step_avg:43.53ms
step:1006/1325 train_time:43817ms step_avg:43.56ms
step:1007/1325 train_time:43881ms step_avg:43.58ms
step:1008/1325 train_time:43949ms step_avg:43.60ms
step:1009/1325 train_time:44014ms step_avg:43.62ms
step:1010/1325 train_time:44082ms step_avg:43.65ms
step:1011/1325 train_time:44147ms step_avg:43.67ms
step:1012/1325 train_time:44215ms step_avg:43.69ms
step:1013/1325 train_time:44281ms step_avg:43.71ms
step:1014/1325 train_time:44349ms step_avg:43.74ms
step:1015/1325 train_time:44417ms step_avg:43.76ms
step:1016/1325 train_time:44487ms step_avg:43.79ms
step:1017/1325 train_time:44551ms step_avg:43.81ms
step:1018/1325 train_time:44619ms step_avg:43.83ms
step:1019/1325 train_time:44685ms step_avg:43.85ms
step:1020/1325 train_time:44755ms step_avg:43.88ms
step:1021/1325 train_time:44818ms step_avg:43.90ms
step:1022/1325 train_time:44887ms step_avg:43.92ms
step:1023/1325 train_time:44951ms step_avg:43.94ms
step:1024/1325 train_time:45020ms step_avg:43.96ms
step:1025/1325 train_time:45084ms step_avg:43.98ms
step:1026/1325 train_time:45153ms step_avg:44.01ms
step:1027/1325 train_time:45218ms step_avg:44.03ms
step:1028/1325 train_time:45286ms step_avg:44.05ms
step:1029/1325 train_time:45352ms step_avg:44.07ms
step:1030/1325 train_time:45421ms step_avg:44.10ms
step:1031/1325 train_time:45487ms step_avg:44.12ms
step:1032/1325 train_time:45555ms step_avg:44.14ms
step:1033/1325 train_time:45620ms step_avg:44.16ms
step:1034/1325 train_time:45689ms step_avg:44.19ms
step:1035/1325 train_time:45754ms step_avg:44.21ms
step:1036/1325 train_time:45823ms step_avg:44.23ms
step:1037/1325 train_time:45888ms step_avg:44.25ms
step:1038/1325 train_time:45956ms step_avg:44.27ms
step:1039/1325 train_time:46022ms step_avg:44.29ms
step:1040/1325 train_time:46090ms step_avg:44.32ms
step:1041/1325 train_time:46155ms step_avg:44.34ms
step:1042/1325 train_time:46223ms step_avg:44.36ms
step:1043/1325 train_time:46288ms step_avg:44.38ms
step:1044/1325 train_time:46356ms step_avg:44.40ms
step:1045/1325 train_time:46423ms step_avg:44.42ms
step:1046/1325 train_time:46492ms step_avg:44.45ms
step:1047/1325 train_time:46557ms step_avg:44.47ms
step:1048/1325 train_time:46626ms step_avg:44.49ms
step:1049/1325 train_time:46691ms step_avg:44.51ms
step:1050/1325 train_time:46759ms step_avg:44.53ms
step:1051/1325 train_time:46825ms step_avg:44.55ms
step:1052/1325 train_time:46893ms step_avg:44.58ms
step:1053/1325 train_time:46958ms step_avg:44.59ms
step:1054/1325 train_time:47027ms step_avg:44.62ms
step:1055/1325 train_time:47091ms step_avg:44.64ms
step:1056/1325 train_time:47159ms step_avg:44.66ms
step:1057/1325 train_time:47225ms step_avg:44.68ms
step:1058/1325 train_time:47294ms step_avg:44.70ms
step:1059/1325 train_time:47359ms step_avg:44.72ms
step:1060/1325 train_time:47428ms step_avg:44.74ms
step:1061/1325 train_time:47493ms step_avg:44.76ms
step:1062/1325 train_time:47561ms step_avg:44.78ms
step:1063/1325 train_time:47628ms step_avg:44.80ms
step:1064/1325 train_time:47696ms step_avg:44.83ms
step:1065/1325 train_time:47761ms step_avg:44.85ms
step:1066/1325 train_time:47830ms step_avg:44.87ms
step:1067/1325 train_time:47895ms step_avg:44.89ms
step:1068/1325 train_time:47964ms step_avg:44.91ms
step:1069/1325 train_time:48030ms step_avg:44.93ms
step:1070/1325 train_time:48098ms step_avg:44.95ms
step:1071/1325 train_time:48163ms step_avg:44.97ms
step:1072/1325 train_time:48232ms step_avg:44.99ms
step:1073/1325 train_time:48297ms step_avg:45.01ms
step:1074/1325 train_time:48366ms step_avg:45.03ms
step:1075/1325 train_time:48431ms step_avg:45.05ms
step:1076/1325 train_time:48499ms step_avg:45.07ms
step:1077/1325 train_time:48566ms step_avg:45.09ms
step:1078/1325 train_time:48634ms step_avg:45.12ms
step:1079/1325 train_time:48699ms step_avg:45.13ms
step:1080/1325 train_time:48769ms step_avg:45.16ms
step:1081/1325 train_time:48833ms step_avg:45.17ms
step:1082/1325 train_time:48902ms step_avg:45.20ms
step:1083/1325 train_time:48967ms step_avg:45.21ms
step:1084/1325 train_time:49035ms step_avg:45.24ms
step:1085/1325 train_time:49100ms step_avg:45.25ms
step:1086/1325 train_time:49169ms step_avg:45.27ms
step:1087/1325 train_time:49234ms step_avg:45.29ms
step:1088/1325 train_time:49302ms step_avg:45.31ms
step:1089/1325 train_time:49368ms step_avg:45.33ms
step:1090/1325 train_time:49436ms step_avg:45.35ms
step:1091/1325 train_time:49501ms step_avg:45.37ms
step:1092/1325 train_time:49569ms step_avg:45.39ms
step:1093/1325 train_time:49634ms step_avg:45.41ms
step:1094/1325 train_time:49703ms step_avg:45.43ms
step:1095/1325 train_time:49768ms step_avg:45.45ms
step:1096/1325 train_time:49836ms step_avg:45.47ms
step:1097/1325 train_time:49901ms step_avg:45.49ms
step:1098/1325 train_time:49970ms step_avg:45.51ms
step:1099/1325 train_time:50034ms step_avg:45.53ms
step:1100/1325 train_time:50102ms step_avg:45.55ms
step:1101/1325 train_time:50168ms step_avg:45.57ms
step:1102/1325 train_time:50236ms step_avg:45.59ms
step:1103/1325 train_time:50301ms step_avg:45.60ms
step:1104/1325 train_time:50370ms step_avg:45.62ms
step:1105/1325 train_time:50435ms step_avg:45.64ms
step:1106/1325 train_time:50504ms step_avg:45.66ms
step:1107/1325 train_time:50569ms step_avg:45.68ms
step:1108/1325 train_time:50637ms step_avg:45.70ms
step:1109/1325 train_time:50702ms step_avg:45.72ms
step:1110/1325 train_time:50771ms step_avg:45.74ms
step:1111/1325 train_time:50836ms step_avg:45.76ms
step:1112/1325 train_time:50904ms step_avg:45.78ms
step:1113/1325 train_time:50969ms step_avg:45.79ms
step:1114/1325 train_time:51037ms step_avg:45.81ms
step:1115/1325 train_time:51102ms step_avg:45.83ms
step:1116/1325 train_time:51170ms step_avg:45.85ms
step:1117/1325 train_time:51236ms step_avg:45.87ms
step:1118/1325 train_time:51305ms step_avg:45.89ms
step:1119/1325 train_time:51369ms step_avg:45.91ms
step:1120/1325 train_time:51438ms step_avg:45.93ms
step:1121/1325 train_time:51503ms step_avg:45.94ms
step:1122/1325 train_time:51571ms step_avg:45.96ms
step:1123/1325 train_time:51637ms step_avg:45.98ms
step:1124/1325 train_time:51705ms step_avg:46.00ms
step:1125/1325 train_time:51771ms step_avg:46.02ms
step:1126/1325 train_time:51839ms step_avg:46.04ms
step:1127/1325 train_time:51905ms step_avg:46.06ms
step:1128/1325 train_time:51973ms step_avg:46.08ms
step:1129/1325 train_time:52038ms step_avg:46.09ms
step:1130/1325 train_time:52106ms step_avg:46.11ms
step:1131/1325 train_time:52172ms step_avg:46.13ms
step:1132/1325 train_time:52240ms step_avg:46.15ms
step:1133/1325 train_time:52306ms step_avg:46.17ms
step:1134/1325 train_time:52374ms step_avg:46.18ms
step:1135/1325 train_time:52439ms step_avg:46.20ms
step:1136/1325 train_time:52508ms step_avg:46.22ms
step:1137/1325 train_time:52572ms step_avg:46.24ms
step:1138/1325 train_time:52641ms step_avg:46.26ms
step:1139/1325 train_time:52706ms step_avg:46.27ms
step:1140/1325 train_time:52775ms step_avg:46.29ms
step:1141/1325 train_time:52840ms step_avg:46.31ms
step:1142/1325 train_time:52909ms step_avg:46.33ms
step:1143/1325 train_time:52974ms step_avg:46.35ms
step:1144/1325 train_time:53042ms step_avg:46.37ms
step:1145/1325 train_time:53107ms step_avg:46.38ms
step:1146/1325 train_time:53176ms step_avg:46.40ms
step:1147/1325 train_time:53241ms step_avg:46.42ms
step:1148/1325 train_time:53310ms step_avg:46.44ms
step:1149/1325 train_time:53374ms step_avg:46.45ms
step:1150/1325 train_time:53443ms step_avg:46.47ms
step:1151/1325 train_time:53509ms step_avg:46.49ms
step:1152/1325 train_time:53576ms step_avg:46.51ms
step:1153/1325 train_time:53642ms step_avg:46.52ms
step:1154/1325 train_time:53711ms step_avg:46.54ms
step:1155/1325 train_time:53775ms step_avg:46.56ms
step:1156/1325 train_time:53844ms step_avg:46.58ms
step:1157/1325 train_time:53909ms step_avg:46.59ms
step:1158/1325 train_time:53977ms step_avg:46.61ms
step:1159/1325 train_time:54042ms step_avg:46.63ms
step:1160/1325 train_time:54111ms step_avg:46.65ms
step:1161/1325 train_time:54176ms step_avg:46.66ms
step:1162/1325 train_time:54244ms step_avg:46.68ms
step:1163/1325 train_time:54309ms step_avg:46.70ms
step:1164/1325 train_time:54377ms step_avg:46.72ms
step:1165/1325 train_time:54443ms step_avg:46.73ms
step:1166/1325 train_time:54512ms step_avg:46.75ms
step:1167/1325 train_time:54577ms step_avg:46.77ms
step:1168/1325 train_time:54645ms step_avg:46.79ms
step:1169/1325 train_time:54711ms step_avg:46.80ms
step:1170/1325 train_time:54779ms step_avg:46.82ms
step:1171/1325 train_time:54845ms step_avg:46.84ms
step:1172/1325 train_time:54913ms step_avg:46.85ms
step:1173/1325 train_time:54978ms step_avg:46.87ms
step:1174/1325 train_time:55047ms step_avg:46.89ms
step:1175/1325 train_time:55112ms step_avg:46.90ms
step:1176/1325 train_time:55180ms step_avg:46.92ms
step:1177/1325 train_time:55245ms step_avg:46.94ms
step:1178/1325 train_time:55314ms step_avg:46.96ms
step:1179/1325 train_time:55379ms step_avg:46.97ms
step:1180/1325 train_time:55449ms step_avg:46.99ms
step:1181/1325 train_time:55513ms step_avg:47.00ms
step:1182/1325 train_time:55581ms step_avg:47.02ms
step:1183/1325 train_time:55647ms step_avg:47.04ms
step:1184/1325 train_time:55715ms step_avg:47.06ms
step:1185/1325 train_time:55781ms step_avg:47.07ms
step:1186/1325 train_time:55849ms step_avg:47.09ms
step:1187/1325 train_time:55915ms step_avg:47.11ms
step:1188/1325 train_time:55984ms step_avg:47.12ms
step:1189/1325 train_time:56049ms step_avg:47.14ms
step:1190/1325 train_time:56117ms step_avg:47.16ms
step:1191/1325 train_time:56182ms step_avg:47.17ms
step:1192/1325 train_time:56250ms step_avg:47.19ms
step:1193/1325 train_time:56316ms step_avg:47.21ms
step:1194/1325 train_time:56385ms step_avg:47.22ms
step:1195/1325 train_time:56450ms step_avg:47.24ms
step:1196/1325 train_time:56518ms step_avg:47.26ms
step:1197/1325 train_time:56584ms step_avg:47.27ms
step:1198/1325 train_time:56653ms step_avg:47.29ms
step:1199/1325 train_time:56718ms step_avg:47.30ms
step:1200/1325 train_time:56786ms step_avg:47.32ms
step:1201/1325 train_time:56852ms step_avg:47.34ms
step:1202/1325 train_time:56920ms step_avg:47.35ms
step:1203/1325 train_time:56985ms step_avg:47.37ms
step:1204/1325 train_time:57053ms step_avg:47.39ms
step:1205/1325 train_time:57118ms step_avg:47.40ms
step:1206/1325 train_time:57188ms step_avg:47.42ms
step:1207/1325 train_time:57253ms step_avg:47.43ms
step:1208/1325 train_time:57325ms step_avg:47.45ms
step:1209/1325 train_time:57386ms step_avg:47.47ms
step:1210/1325 train_time:57455ms step_avg:47.48ms
step:1211/1325 train_time:57519ms step_avg:47.50ms
step:1212/1325 train_time:57588ms step_avg:47.51ms
step:1213/1325 train_time:57653ms step_avg:47.53ms
step:1214/1325 train_time:57722ms step_avg:47.55ms
step:1215/1325 train_time:57787ms step_avg:47.56ms
step:1216/1325 train_time:57856ms step_avg:47.58ms
step:1217/1325 train_time:57921ms step_avg:47.59ms
step:1218/1325 train_time:57989ms step_avg:47.61ms
step:1219/1325 train_time:58055ms step_avg:47.63ms
step:1220/1325 train_time:58124ms step_avg:47.64ms
step:1221/1325 train_time:58189ms step_avg:47.66ms
step:1222/1325 train_time:58258ms step_avg:47.67ms
step:1223/1325 train_time:58323ms step_avg:47.69ms
step:1224/1325 train_time:58391ms step_avg:47.70ms
step:1225/1325 train_time:58456ms step_avg:47.72ms
step:1226/1325 train_time:58525ms step_avg:47.74ms
step:1227/1325 train_time:58590ms step_avg:47.75ms
step:1228/1325 train_time:58659ms step_avg:47.77ms
step:1229/1325 train_time:58723ms step_avg:47.78ms
step:1230/1325 train_time:58791ms step_avg:47.80ms
step:1231/1325 train_time:58857ms step_avg:47.81ms
step:1232/1325 train_time:58930ms step_avg:47.83ms
step:1233/1325 train_time:58991ms step_avg:47.84ms
step:1234/1325 train_time:59064ms step_avg:47.86ms
step:1235/1325 train_time:59125ms step_avg:47.87ms
step:1236/1325 train_time:59196ms step_avg:47.89ms
step:1237/1325 train_time:59259ms step_avg:47.91ms
step:1238/1325 train_time:59330ms step_avg:47.92ms
step:1239/1325 train_time:59392ms step_avg:47.94ms
step:1240/1325 train_time:59460ms step_avg:47.95ms
step:1241/1325 train_time:59526ms step_avg:47.97ms
step:1242/1325 train_time:59594ms step_avg:47.98ms
step:1243/1325 train_time:59660ms step_avg:48.00ms
step:1244/1325 train_time:59728ms step_avg:48.01ms
step:1245/1325 train_time:59793ms step_avg:48.03ms
step:1246/1325 train_time:59862ms step_avg:48.04ms
step:1247/1325 train_time:59927ms step_avg:48.06ms
step:1248/1325 train_time:59995ms step_avg:48.07ms
step:1249/1325 train_time:60060ms step_avg:48.09ms
step:1250/1325 train_time:60128ms step_avg:48.10ms
step:1250/1325 val_loss:3.3009 train_time:60201ms step_avg:48.16ms
step:1251/1325 train_time:60228ms step_avg:48.14ms
step:1252/1325 train_time:60269ms step_avg:48.14ms
step:1253/1325 train_time:60333ms step_avg:48.15ms
step:1254/1325 train_time:60402ms step_avg:48.17ms
step:1255/1325 train_time:60466ms step_avg:48.18ms
step:1256/1325 train_time:60535ms step_avg:48.20ms
step:1257/1325 train_time:60600ms step_avg:48.21ms
step:1258/1325 train_time:60669ms step_avg:48.23ms
step:1259/1325 train_time:60734ms step_avg:48.24ms
step:1260/1325 train_time:60802ms step_avg:48.26ms
step:1261/1325 train_time:60868ms step_avg:48.27ms
step:1262/1325 train_time:60936ms step_avg:48.29ms
step:1263/1325 train_time:61001ms step_avg:48.30ms
step:1264/1325 train_time:61070ms step_avg:48.32ms
step:1265/1325 train_time:61138ms step_avg:48.33ms
step:1266/1325 train_time:61208ms step_avg:48.35ms
step:1267/1325 train_time:61274ms step_avg:48.36ms
step:1268/1325 train_time:61343ms step_avg:48.38ms
step:1269/1325 train_time:61408ms step_avg:48.39ms
step:1270/1325 train_time:61477ms step_avg:48.41ms
step:1271/1325 train_time:61542ms step_avg:48.42ms
step:1272/1325 train_time:61611ms step_avg:48.44ms
step:1273/1325 train_time:61676ms step_avg:48.45ms
step:1274/1325 train_time:61745ms step_avg:48.47ms
step:1275/1325 train_time:61810ms step_avg:48.48ms
step:1276/1325 train_time:61879ms step_avg:48.49ms
step:1277/1325 train_time:61943ms step_avg:48.51ms
step:1278/1325 train_time:62012ms step_avg:48.52ms
step:1279/1325 train_time:62078ms step_avg:48.54ms
step:1280/1325 train_time:62147ms step_avg:48.55ms
step:1281/1325 train_time:62213ms step_avg:48.57ms
step:1282/1325 train_time:62283ms step_avg:48.58ms
step:1283/1325 train_time:62347ms step_avg:48.59ms
step:1284/1325 train_time:62416ms step_avg:48.61ms
step:1285/1325 train_time:62482ms step_avg:48.62ms
step:1286/1325 train_time:62551ms step_avg:48.64ms
step:1287/1325 train_time:62615ms step_avg:48.65ms
step:1288/1325 train_time:62684ms step_avg:48.67ms
step:1289/1325 train_time:62749ms step_avg:48.68ms
step:1290/1325 train_time:62818ms step_avg:48.70ms
step:1291/1325 train_time:62883ms step_avg:48.71ms
step:1292/1325 train_time:62952ms step_avg:48.72ms
step:1293/1325 train_time:63017ms step_avg:48.74ms
step:1294/1325 train_time:63087ms step_avg:48.75ms
step:1295/1325 train_time:63153ms step_avg:48.77ms
step:1296/1325 train_time:63222ms step_avg:48.78ms
step:1297/1325 train_time:63288ms step_avg:48.80ms
step:1298/1325 train_time:63358ms step_avg:48.81ms
step:1299/1325 train_time:63423ms step_avg:48.82ms
step:1300/1325 train_time:63492ms step_avg:48.84ms
step:1301/1325 train_time:63558ms step_avg:48.85ms
step:1302/1325 train_time:63626ms step_avg:48.87ms
step:1303/1325 train_time:63692ms step_avg:48.88ms
step:1304/1325 train_time:63760ms step_avg:48.90ms
step:1305/1325 train_time:63826ms step_avg:48.91ms
step:1306/1325 train_time:63895ms step_avg:48.92ms
step:1307/1325 train_time:63959ms step_avg:48.94ms
step:1308/1325 train_time:64028ms step_avg:48.95ms
step:1309/1325 train_time:64093ms step_avg:48.96ms
step:1310/1325 train_time:64163ms step_avg:48.98ms
step:1311/1325 train_time:64228ms step_avg:48.99ms
step:1312/1325 train_time:64298ms step_avg:49.01ms
step:1313/1325 train_time:64363ms step_avg:49.02ms
step:1314/1325 train_time:64432ms step_avg:49.03ms
step:1315/1325 train_time:64498ms step_avg:49.05ms
step:1316/1325 train_time:64566ms step_avg:49.06ms
step:1317/1325 train_time:64632ms step_avg:49.08ms
step:1318/1325 train_time:64700ms step_avg:49.09ms
step:1319/1325 train_time:64765ms step_avg:49.10ms
step:1320/1325 train_time:64834ms step_avg:49.12ms
step:1321/1325 train_time:64899ms step_avg:49.13ms
step:1322/1325 train_time:64968ms step_avg:49.14ms
step:1323/1325 train_time:65033ms step_avg:49.16ms
step:1324/1325 train_time:65102ms step_avg:49.17ms
step:1325/1325 train_time:65168ms step_avg:49.18ms
step:1325/1325 val_loss:3.2780 train_time:65268ms step_avg:49.26ms final_eval
adaptive softmax tail rows on rank 0: cluster 1 needed by 10.63% of rows, 0.000% of those over capacity, cluster 2 needed by 4.82% of rows, 0.000% of those over capacity
peak memory allocated: 32317 MiB reserved: 43600 MiB
