W0928 11:38:08.107000 39990 torch/distributed/run.py:852] 
W0928 11:38:08.107000 39990 torch/distributed/run.py:852] *****************************************
W0928 11:38:08.107000 39990 torch/distributed/run.py:852] Setting OMP_NUM_THREADS environment variable for each process to be 1 in default, to avoid your system being overloaded, please further tune the variable for optimal performance in your application as needed. 
W0928 11:38:08.107000 39990 torch/distributed/run.py:852] *****************************************
[Gloo] Rank 7 is connected to 7 peer ranks. Expected number of connected peer ranks is : 7
[Gloo] Rank 0 is connected to 7 peer ranks. Expected number of connected peer ranks is : 7
[Gloo] Rank 1 is connected to 7 peer ranks. Expected number of connected peer ranks is : 7
[Gloo] Rank 2 is connected to 7 peer ranks. Expected number of connected peer ranks is : 7
[Gloo] Rank 3 is connected to 7 peer ranks. Expected number of connected peer ranks is : 7
[Gloo] Rank 4 is connected to 7 peer ranks. Expected number of connected peer ranks is : 7
[Gloo] Rank 6 is connected to [Gloo] Rank 7 peer ranks. Expected number of connected peer ranks is : 57 is connected to 7
 peer ranks. Expected number of connected peer ranks is : 7
You are using version 1 of 'kernels-community/flash-attn3', but version 2 is available.
You are using version 1 of 'kernels-community/flash-attn3', but version 2 is available.
You are using version 1 of 'kernels-community/flash-attn3', but version 2 is available.
You are using version 1 of 'kernels-community/flash-attn3', but version 2 is available.
You are using version 1 of 'kernels-community/flash-attn3', but version 2 is available.
Fetching 8 files:   0%|          | 0/8 [00:00<?, ?it/s]You are using version 1 of 'kernels-community/flash-attn3', but version 2 is available.
Fetching 8 files:   0%|          | 0/8 [00:00<?, ?it/s]Fetching 8 files: 100%|██████████| 8/8 [00:00<00:00, 2513.63it/s]
Fetching 8 files: 100%|██████████| 8/8 [00:00<00:00, 2371.34it/s]
Fetching 8 files:   0%|          | 0/8 [00:00<?, ?it/s]Fetching 8 files: 100%|██████████| 8/8 [00:00<00:00, 2782.98it/s]
You are using version 1 of 'kernels-community/flash-attn3', but version 2 is available.
You are using version 1 of 'kernels-community/flash-attn3', but version 2 is available.
Fetching 8 files:   0%|          | 0/8 [00:00<?, ?it/s]Fetching 8 files:   0%|          | 0/8 [00:00<?, ?it/s]Fetching 8 files: 100%|██████████| 8/8 [00:00<00:00, 2152.17it/s]
Fetching 8 files: 100%|██████████| 8/8 [00:00<00:00, 2371.34it/s]
Fetching 8 files:   0%|          | 0/8 [00:00<?, ?it/s]Fetching 8 files: 100%|██████████| 8/8 [00:00<00:00, 2461.63it/s]
Fetching 8 files:   0%|          | 0/8 [00:00<?, ?it/s]Fetching 8 files: 100%|██████████| 8/8 [00:00<00:00, 2461.81it/s]
Fetching 8 files:   0%|          | 0/8 [00:00<?, ?it/s]Fetching 8 files: 100%|██████████| 8/8 [00:00<00:00, 1848.63it/s]
logs/07016139-41e1-4a69-83a5-5cd7f90ca430.txt
Compiling model and warming up kernels (~7 minutes on first execution)
Sampling steps [0, 1, 415, 416, 417, 418, 831, 832, 833, 834, 1248, 1249, 1250, 1251] for warmup
Resetting Model
compile and warmup: 94.3s
vocab stats: counted 20,000,000 tokens of fineweb_train_000001.bin in 86ms, 895 token ids unseen
vocab stats: most frequent tokens ['.', ',', ' the', '\n', ' and', ' to', ' of', ' a']
adaptive softmax coverage: head 18430 tokens 94.41%, cluster 1 16384 tokens 4.35%, cluster 2 15443 tokens 1.24%
adaptive softmax config: head_width 18432, clusters [(18432, 34816, 16384), (34816, 50304, 15443)], tail capacity {3: (0.27, 0.16), 2: (0.21, 0.12), 1: (0.07, 0.03)}
step:0/1325 val_loss:10.4020 train_time:203ms step_avg:203.46ms
step:1/1325 train_time:323ms step_avg:323.02ms
step:2/1325 train_time:355ms step_avg:177.74ms
step:3/1325 train_time:378ms step_avg:125.93ms
step:4/1325 train_time:403ms step_avg:100.83ms
step:5/1325 train_time:424ms step_avg:84.84ms
step:6/1325 train_time:449ms step_avg:74.90ms
step:7/1325 train_time:471ms step_avg:67.25ms
step:8/1325 train_time:502ms step_avg:62.79ms
step:9/1325 train_time:528ms step_avg:58.67ms
step:10/1325 train_time:559ms step_avg:55.93ms
step:11/1325 train_time:585ms step_avg:53.22ms
step:12/1325 train_time:616ms step_avg:51.36ms
step:13/1325 train_time:643ms step_avg:49.44ms
step:14/1325 train_time:674ms step_avg:48.12ms
step:15/1325 train_time:700ms step_avg:46.67ms
step:16/1325 train_time:731ms step_avg:45.69ms
step:17/1325 train_time:757ms step_avg:44.55ms
step:18/1325 train_time:788ms step_avg:43.80ms
step:19/1325 train_time:815ms step_avg:42.87ms
step:20/1325 train_time:845ms step_avg:42.26ms
step:21/1325 train_time:872ms step_avg:41.52ms
step:22/1325 train_time:903ms step_avg:41.04ms
step:23/1325 train_time:929ms step_avg:40.40ms
step:24/1325 train_time:960ms step_avg:40.00ms
step:25/1325 train_time:987ms step_avg:39.46ms
step:26/1325 train_time:1017ms step_avg:39.12ms
step:27/1325 train_time:1044ms step_avg:38.66ms
step:28/1325 train_time:1074ms step_avg:38.37ms
step:29/1325 train_time:1101ms step_avg:37.97ms
step:30/1325 train_time:1132ms step_avg:37.72ms
step:31/1325 train_time:1158ms step_avg:37.36ms
step:32/1325 train_time:1189ms step_avg:37.17ms
step:33/1325 train_time:1215ms step_avg:36.83ms
step:34/1325 train_time:1246ms step_avg:36.65ms
step:35/1325 train_time:1273ms step_avg:36.36ms
step:36/1325 train_time:1304ms step_avg:36.21ms
step:37/1325 train_time:1330ms step_avg:35.95ms
step:38/1325 train_time:1361ms step_avg:35.81ms
step:39/1325 train_time:1387ms step_avg:35.57ms
step:40/1325 train_time:1418ms step_avg:35.45ms
step:41/1325 train_time:1445ms step_avg:35.24ms
step:42/1325 train_time:1476ms step_avg:35.13ms
step:43/1325 train_time:1502ms step_avg:34.93ms
step:44/1325 train_time:1533ms step_avg:34.84ms
step:45/1325 train_time:1559ms step_avg:34.65ms
step:46/1325 train_time:1590ms step_avg:34.57ms
step:47/1325 train_time:1617ms step_avg:34.40ms
step:48/1325 train_time:1647ms step_avg:34.32ms
step:49/1325 train_time:1674ms step_avg:34.16ms
step:50/1325 train_time:1705ms step_avg:34.10ms
step:51/1325 train_time:1731ms step_avg:33.95ms
step:52/1325 train_time:1762ms step_avg:33.89ms
step:53/1325 train_time:1789ms step_avg:33.75ms
step:54/1325 train_time:1819ms step_avg:33.69ms
step:55/1325 train_time:1846ms step_avg:33.56ms
step:56/1325 train_time:1877ms step_avg:33.51ms
step:57/1325 train_time:1903ms step_avg:33.39ms
step:58/1325 train_time:1934ms step_avg:33.34ms
step:59/1325 train_time:1960ms step_avg:33.23ms
step:60/1325 train_time:1992ms step_avg:33.20ms
step:61/1325 train_time:2018ms step_avg:33.08ms
step:62/1325 train_time:2048ms step_avg:33.04ms
step:63/1325 train_time:2075ms step_avg:32.94ms
step:64/1325 train_time:2106ms step_avg:32.90ms
step:65/1325 train_time:2132ms step_avg:32.81ms
step:66/1325 train_time:2163ms step_avg:32.78ms
step:67/1325 train_time:2190ms step_avg:32.68ms
step:68/1325 train_time:2221ms step_avg:32.65ms
step:69/1325 train_time:2247ms step_avg:32.56ms
step:70/1325 train_time:2278ms step_avg:32.54ms
step:71/1325 train_time:2304ms step_avg:32.45ms
step:72/1325 train_time:2335ms step_avg:32.43ms
step:73/1325 train_time:2361ms step_avg:32.35ms
step:74/1325 train_time:2393ms step_avg:32.34ms
step:75/1325 train_time:2419ms step_avg:32.25ms
step:76/1325 train_time:2450ms step_avg:32.23ms
step:77/1325 train_time:2476ms step_avg:32.15ms
step:78/1325 train_time:2507ms step_avg:32.14ms
step:79/1325 train_time:2533ms step_avg:32.06ms
step:80/1325 train_time:2564ms step_avg:32.05ms
step:81/1325 train_time:2590ms step_avg:31.98ms
step:82/1325 train_time:2621ms step_avg:31.97ms
step:83/1325 train_time:2648ms step_avg:31.90ms
step:84/1325 train_time:2679ms step_avg:31.89ms
step:85/1325 train_time:2705ms step_avg:31.82ms
step:86/1325 train_time:2736ms step_avg:31.81ms
step:87/1325 train_time:2762ms step_avg:31.75ms
step:88/1325 train_time:2793ms step_avg:31.74ms
step:89/1325 train_time:2819ms step_avg:31.68ms
step:90/1325 train_time:2850ms step_avg:31.67ms
step:91/1325 train_time:2877ms step_avg:31.61ms
step:92/1325 train_time:2908ms step_avg:31.60ms
step:93/1325 train_time:2934ms step_avg:31.55ms
step:94/1325 train_time:2965ms step_avg:31.54ms
step:95/1325 train_time:2991ms step_avg:31.48ms
step:96/1325 train_time:3022ms step_avg:31.48ms
step:97/1325 train_time:3048ms step_avg:31.43ms
step:98/1325 train_time:3079ms step_avg:31.42ms
step:99/1325 train_time:3105ms step_avg:31.37ms
step:100/1325 train_time:3136ms step_avg:31.36ms
step:101/1325 train_time:3163ms step_avg:31.31ms
step:102/1325 train_time:3194ms step_avg:31.31ms
step:103/1325 train_time:3220ms step_avg:31.26ms
step:104/1325 train_time:3251ms step_avg:31.26ms
step:105/1325 train_time:3277ms step_avg:31.21ms
step:106/1325 train_time:3308ms step_avg:31.21ms
step:107/1325 train_time:3335ms step_avg:31.16ms
step:108/1325 train_time:3365ms step_avg:31.16ms
step:109/1325 train_time:3392ms step_avg:31.12ms
step:110/1325 train_time:3423ms step_avg:31.11ms
step:111/1325 train_time:3449ms step_avg:31.07ms
step:112/1325 train_time:3480ms step_avg:31.07ms
step:113/1325 train_time:3506ms step_avg:31.03ms
step:114/1325 train_time:3537ms step_avg:31.03ms
step:115/1325 train_time:3563ms step_avg:30.99ms
step:116/1325 train_time:3594ms step_avg:30.98ms
step:117/1325 train_time:3621ms step_avg:30.95ms
step:118/1325 train_time:3651ms step_avg:30.94ms
step:119/1325 train_time:3678ms step_avg:30.91ms
step:120/1325 train_time:3709ms step_avg:30.90ms
step:121/1325 train_time:3735ms step_avg:30.87ms
step:122/1325 train_time:3766ms step_avg:30.87ms
step:123/1325 train_time:3792ms step_avg:30.83ms
step:124/1325 train_time:3823ms step_avg:30.83ms
step:125/1325 train_time:3850ms step_avg:30.80ms
step:126/1325 train_time:3880ms step_avg:30.79ms
step:127/1325 train_time:3907ms step_avg:30.76ms
step:128/1325 train_time:3937ms step_avg:30.76ms
step:129/1325 train_time:3964ms step_avg:30.73ms
step:130/1325 train_time:3994ms step_avg:30.73ms
step:131/1325 train_time:4021ms step_avg:30.70ms
step:132/1325 train_time:4052ms step_avg:30.69ms
step:133/1325 train_time:4078ms step_avg:30.66ms
step:134/1325 train_time:4109ms step_avg:30.67ms
step:135/1325 train_time:4136ms step_avg:30.63ms
step:136/1325 train_time:4166ms step_avg:30.63ms
step:137/1325 train_time:4193ms step_avg:30.61ms
step:138/1325 train_time:4223ms step_avg:30.60ms
step:139/1325 train_time:4250ms step_avg:30.58ms
step:140/1325 train_time:4281ms step_avg:30.58ms
step:141/1325 train_time:4307ms step_avg:30.55ms
step:142/1325 train_time:4338ms step_avg:30.55ms
step:143/1325 train_time:4365ms step_avg:30.52ms
step:144/1325 train_time:4395ms step_avg:30.52ms
step:145/1325 train_time:4422ms step_avg:30.50ms
step:146/1325 train_time:4452ms step_avg:30.49ms
step:147/1325 train_time:4479ms step_avg:30.47ms
step:148/1325 train_time:4510ms step_avg:30.47ms
step:149/1325 train_time:4536ms step_avg:30.44ms
step:150/1325 train_time:4567ms step_avg:30.45ms
step:151/1325 train_time:4593ms step_avg:30.42ms
step:152/1325 train_time:4624ms step_avg:30.42ms
step:153/1325 train_time:4651ms step_avg:30.40ms
step:154/1325 train_time:4681ms step_avg:30.40ms
step:155/1325 train_time:4708ms step_avg:30.37ms
step:156/1325 train_time:4739ms step_avg:30.38ms
step:157/1325 train_time:4765ms step_avg:30.35ms
step:158/1325 train_time:4796ms step_avg:30.35ms
step:159/1325 train_time:4822ms step_avg:30.33ms
step:160/1325 train_time:4853ms step_avg:30.33ms
step:161/1325 train_time:4879ms step_avg:30.31ms
step:162/1325 train_time:4910ms step_avg:30.31ms
step:163/1325 train_time:4936ms step_avg:30.29ms
step:164/1325 train_time:4967ms step_avg:30.29ms
step:165/1325 train_time:4994ms step_avg:30.27ms
step:166/1325 train_time:5024ms step_avg:30.27ms
step:167/1325 train_time:5051ms step_avg:30.25ms
step:168/1325 train_time:5082ms step_avg:30.25ms
step:169/1325 train_time:5108ms step_avg:30.23ms
step:170/1325 train_time:5139ms step_avg:30.23ms
step:171/1325 train_time:5166ms step_avg:30.21ms
step:172/1325 train_time:5196ms step_avg:30.21ms
step:173/1325 train_time:5223ms step_avg:30.19ms
step:174/1325 train_time:5253ms step_avg:30.19ms
step:175/1325 train_time:5280ms step_avg:30.17ms
step:176/1325 train_time:5310ms step_avg:30.17ms
step:177/1325 train_time:5337ms step_avg:30.15ms
step:178/1325 train_time:5367ms step_avg:30.15ms
step:179/1325 train_time:5394ms step_avg:30.14ms
step:180/1325 train_time:5425ms step_avg:30.14ms
step:181/1325 train_time:5451ms step_avg:30.12ms
step:182/1325 train_time:5482ms step_avg:30.12ms
step:183/1325 train_time:5509ms step_avg:30.10ms
step:184/1325 train_time:5539ms step_avg:30.10ms
step:185/1325 train_time:5566ms step_avg:30.09ms
step:186/1325 train_time:5596ms step_avg:30.09ms
step:187/1325 train_time:5623ms step_avg:30.07ms
step:188/1325 train_time:5653ms step_avg:30.07ms
step:189/1325 train_time:5680ms step_avg:30.05ms
step:190/1325 train_time:5711ms step_avg:30.06ms
step:191/1325 train_time:5737ms step_avg:30.04ms
step:192/1325 train_time:5768ms step_avg:30.04ms
step:193/1325 train_time:5795ms step_avg:30.02ms
step:194/1325 train_time:5825ms step_avg:30.03ms
step:195/1325 train_time:5852ms step_avg:30.01ms
step:196/1325 train_time:5882ms step_avg:30.01ms
step:197/1325 train_time:5909ms step_avg:30.00ms
step:198/1325 train_time:5939ms step_avg:30.00ms
step:199/1325 train_time:5966ms step_avg:29.98ms
step:200/1325 train_time:5997ms step_avg:29.98ms
step:201/1325 train_time:6023ms step_avg:29.97ms
step:202/1325 train_time:6054ms step_avg:29.97ms
step:203/1325 train_time:6081ms step_avg:29.95ms
step:204/1325 train_time:6111ms step_avg:29.96ms
step:205/1325 train_time:6138ms step_avg:29.94ms
step:206/1325 train_time:6168ms step_avg:29.94ms
step:207/1325 train_time:6195ms step_avg:29.93ms
step:208/1325 train_time:6226ms step_avg:29.93ms
step:209/1325 train_time:6252ms step_avg:29.91ms
step:210/1325 train_time:6283ms step_avg:29.92ms
step:211/1325 train_time:6309ms step_avg:29.90ms
step:212/1325 train_time:6340ms step_avg:29.90ms
step:213/1325 train_time:6367ms step_avg:29.89ms
step:214/1325 train_time:6397ms step_avg:29.89ms
step:215/1325 train_time:6424ms step_avg:29.88ms
step:216/1325 train_time:6454ms step_avg:29.88ms
step:217/1325 train_time:6481ms step_avg:29.87ms
step:218/1325 train_time:6512ms step_avg:29.87ms
step:219/1325 train_time:6538ms step_avg:29.85ms
step:220/1325 train_time:6569ms step_avg:29.86ms
step:221/1325 train_time:6595ms step_avg:29.84ms
step:222/1325 train_time:6626ms step_avg:29.85ms
step:223/1325 train_time:6653ms step_avg:29.83ms
step:224/1325 train_time:6683ms step_avg:29.83ms
step:225/1325 train_time:6710ms step_avg:29.82ms
step:226/1325 train_time:6740ms step_avg:29.82ms
step:227/1325 train_time:6767ms step_avg:29.81ms
step:228/1325 train_time:6797ms step_avg:29.81ms
step:229/1325 train_time:6824ms step_avg:29.80ms
step:230/1325 train_time:6855ms step_avg:29.80ms
step:231/1325 train_time:6881ms step_avg:29.79ms
step:232/1325 train_time:6912ms step_avg:29.79ms
step:233/1325 train_time:6939ms step_avg:29.78ms
step:234/1325 train_time:6969ms step_avg:29.78ms
step:235/1325 train_time:6996ms step_avg:29.77ms
step:236/1325 train_time:7026ms step_avg:29.77ms
step:237/1325 train_time:7053ms step_avg:29.76ms
step:238/1325 train_time:7083ms step_avg:29.76ms
step:239/1325 train_time:7110ms step_avg:29.75ms
step:240/1325 train_time:7140ms step_avg:29.75ms
step:241/1325 train_time:7167ms step_avg:29.74ms
step:242/1325 train_time:7197ms step_avg:29.74ms
step:243/1325 train_time:7224ms step_avg:29.73ms
step:244/1325 train_time:7255ms step_avg:29.73ms
step:245/1325 train_time:7281ms step_avg:29.72ms
step:246/1325 train_time:7312ms step_avg:29.73ms
step:247/1325 train_time:7339ms step_avg:29.71ms
step:248/1325 train_time:7369ms step_avg:29.71ms
step:249/1325 train_time:7396ms step_avg:29.70ms
step:250/1325 train_time:7426ms step_avg:29.71ms
step:250/1325 val_loss:4.4878 train_time:7456ms step_avg:29.83ms
step:251/1325 train_time:7479ms step_avg:29.80ms
step:252/1325 train_time:7502ms step_avg:29.77ms
step:253/1325 train_time:7521ms step_avg:29.73ms
step:254/1325 train_time:7544ms step_avg:29.70ms
step:255/1325 train_time:7570ms step_avg:29.69ms
step:256/1325 train_time:7601ms step_avg:29.69ms
step:257/1325 train_time:7628ms step_avg:29.68ms
step:258/1325 train_time:7658ms step_avg:29.68ms
step:259/1325 train_time:7685ms step_avg:29.67ms
step:260/1325 train_time:7716ms step_avg:29.68ms
step:261/1325 train_time:7742ms step_avg:29.66ms
step:262/1325 train_time:7773ms step_avg:29.67ms
step:263/1325 train_time:7799ms step_avg:29.66ms
step:264/1325 train_time:7830ms step_avg:29.66ms
step:265/1325 train_time:7857ms step_avg:29.65ms
step:266/1325 train_time:7887ms step_avg:29.65ms
step:267/1325 train_time:7914ms step_avg:29.64ms
step:268/1325 train_time:7944ms step_avg:29.64ms
step:269/1325 train_time:7971ms step_avg:29.63ms
step:270/1325 train_time:8001ms step_avg:29.63ms
step:271/1325 train_time:8028ms step_avg:29.62ms
step:272/1325 train_time:8059ms step_avg:29.63ms
step:273/1325 train_time:8085ms step_avg:29.62ms
step:274/1325 train_time:8116ms step_avg:29.62ms
step:275/1325 train_time:8142ms step_avg:29.61ms
step:276/1325 train_time:8173ms step_avg:29.61ms
step:277/1325 train_time:8200ms step_avg:29.60ms
step:278/1325 train_time:8230ms step_avg:29.60ms
step:279/1325 train_time:8257ms step_avg:29.59ms
step:280/1325 train_time:8287ms step_avg:29.60ms
step:281/1325 train_time:8314ms step_avg:29.59ms
step:282/1325 train_time:8344ms step_avg:29.59ms
step:283/1325 train_time:8371ms step_avg:29.58ms
step:284/1325 train_time:8401ms step_avg:29.58ms
step:285/1325 train_time:8428ms step_avg:29.57ms
step:286/1325 train_time:8458ms step_avg:29.57ms
step:287/1325 train_time:8485ms step_avg:29.56ms
step:288/1325 train_time:8516ms step_avg:29.57ms
step:289/1325 train_time:8542ms step_avg:29.56ms
step:290/1325 train_time:8573ms step_avg:29.56ms
step:291/1325 train_time:8599ms step_avg:29.55ms
step:292/1325 train_time:8630ms step_avg:29.55ms
step:293/1325 train_time:8656ms step_avg:29.54ms
step:294/1325 train_time:8687ms step_avg:29.55ms
step:295/1325 train_time:8714ms step_avg:29.54ms
step:296/1325 train_time:8744ms step_avg:29.54ms
step:297/1325 train_time:8771ms step_avg:29.53ms
step:298/1325 train_time:8801ms step_avg:29.53ms
step:299/1325 train_time:8828ms step_avg:29.52ms
step:300/1325 train_time:8858ms step_avg:29.53ms
step:301/1325 train_time:8885ms step_avg:29.52ms
step:302/1325 train_time:8916ms step_avg:29.52ms
step:303/1325 train_time:8942ms step_avg:29.51ms
step:304/1325 train_time:8972ms step_avg:29.51ms
step:305/1325 train_time:8999ms step_avg:29.51ms
step:306/1325 train_time:9030ms step_avg:29.51ms
step:307/1325 train_time:9056ms step_avg:29.50ms
step:308/1325 train_time:9087ms step_avg:29.50ms
step:309/1325 train_time:9113ms step_avg:29.49ms
step:310/1325 train_time:9144ms step_avg:29.50ms
step:311/1325 train_time:9171ms step_avg:29.49ms
step:312/1325 train_time:9201ms step_avg:29.49ms
step:313/1325 train_time:9228ms step_avg:29.48ms
step:314/1325 train_time:9258ms step_avg:29.48ms
step:315/1325 train_time:9285ms step_avg:29.48ms
step:316/1325 train_time:9316ms step_avg:29.48ms
step:317/1325 train_time:9342ms step_avg:29.47ms
step:318/1325 train_time:9373ms step_avg:29.47ms
step:319/1325 train_time:9399ms step_avg:29.46ms
step:320/1325 train_time:9430ms step_avg:29.47ms
step:321/1325 train_time:9456ms step_avg:29.46ms
step:322/1325 train_time:9487ms step_avg:29.46ms
step:323/1325 train_time:9513ms step_avg:29.45ms
step:324/1325 train_time:9544ms step_avg:29.46ms
step:325/1325 train_time:9571ms step_avg:29.45ms
step:326/1325 train_time:9601ms step_avg:29.45ms
step:327/1325 train_time:9628ms step_avg:29.44ms
step:328/1325 train_time:9658ms step_avg:29.45ms
step:329/1325 train_time:9685ms step_avg:29.44ms
step:330/1325 train_time:9716ms step_avg:29.44ms
step:331/1325 train_time:9742ms step_avg:29.43ms
step:332/1325 train_time:9772ms step_avg:29.43ms
step:333/1325 train_time:9799ms step_avg:29.43ms
step:334/1325 train_time:9830ms step_avg:29.43ms
step:335/1325 train_time:9856ms step_avg:29.42ms
step:336/1325 train_time:9887ms step_avg:29.42ms
step:337/1325 train_time:9913ms step_avg:29.42ms
step:338/1325 train_time:9944ms step_avg:29.42ms
step:339/1325 train_time:9971ms step_avg:29.41ms
step:340/1325 train_time:10001ms step_avg:29.41ms
step:341/1325 train_time:10028ms step_avg:29.41ms
step:342/1325 train_time:10058ms step_avg:29.41ms
step:343/1325 train_time:10085ms step_avg:29.40ms
step:344/1325 train_time:10115ms step_avg:29.40ms
step:345/1325 train_time:10142ms step_avg:29.40ms
step:346/1325 train_time:10172ms step_avg:29.40ms
step:347/1325 train_time:10199ms step_avg:29.39ms
step:348/1325 train_time:10229ms step_avg:29.39ms
step:349/1325 train_time:10256ms step_avg:29.39ms
step:350/1325 train_time:10286ms step_avg:29.39ms
step:351/1325 train_time:10313ms step_avg:29.38ms
step:352/1325 train_time:10344ms step_avg:29.39ms
step:353/1325 train_time:10370ms step_avg:29.38ms
step:354/1325 train_time:10401ms step_avg:29.38ms
step:355/1325 train_time:10427ms step_avg:29.37ms
step:356/1325 train_time:10458ms step_avg:29.38ms
step:357/1325 train_time:10485ms step_avg:29.37ms
step:358/1325 train_time:10515ms step_avg:29.37ms
step:359/1325 train_time:10542ms step_avg:29.36ms
step:360/1325 train_time:10572ms step_avg:29.37ms
step:361/1325 train_time:10599ms step_avg:29.36ms
step:362/1325 train_time:10629ms step_avg:29.36ms
step:363/1325 train_time:10656ms step_avg:29.36ms
step:364/1325 train_time:10686ms step_avg:29.36ms
step:365/1325 train_time:10713ms step_avg:29.35ms
step:366/1325 train_time:10744ms step_avg:29.35ms
step:367/1325 train_time:10770ms step_avg:29.35ms
step:368/1325 train_time:10801ms step_avg:29.35ms
step:369/1325 train_time:10827ms step_avg:29.34ms
step:370/1325 train_time:10858ms step_avg:29.35ms
step:371/1325 train_time:10885ms step_avg:29.34ms
step:372/1325 train_time:10915ms step_avg:29.34ms
step:373/1325 train_time:10942ms step_avg:29.33ms
step:374/1325 train_time:10972ms step_avg:29.34ms
step:375/1325 train_time:10999ms step_avg:29.33ms
step:376/1325 train_time:11029ms step_avg:29.33ms
step:377/1325 train_time:11056ms step_avg:29.33ms
step:378/1325 train_time:11086ms step_avg:29.33ms
step:379/1325 train_time:11113ms step_avg:29.32ms
step:380/1325 train_time:11144ms step_avg:29.33ms
step:381/1325 train_time:11171ms step_avg:29.32ms
step:382/1325 train_time:11201ms step_avg:29.32ms
step:383/1325 train_time:11228ms step_avg:29.32ms
step:384/1325 train_time:11258ms step_avg:29.32ms
step:385/1325 train_time:11285ms step_avg:29.31ms
step:386/1325 train_time:11316ms step_avg:29.31ms
step:387/1325 train_time:11342ms step_avg:29.31ms
step:388/1325 train_time:11372ms step_avg:29.31ms
step:389/1325 train_time:11399ms step_avg:29.30ms
step:390/1325 train_time:11430ms step_avg:29.31ms
step:391/1325 train_time:11456ms step_avg:29.30ms
step:392/1325 train_time:11486ms step_avg:29.30ms
step:393/1325 train_time:11513ms step_avg:29.30ms
step:394/1325 train_time:11544ms step_avg:29.30ms
step:395/1325 train_time:11570ms step_avg:29.29ms
step:396/1325 train_time:11601ms step_avg:29.30ms
step:397/1325 train_time:11628ms step_avg:29.29ms
step:398/1325 train_time:11658ms step_avg:29.29ms
step:399/1325 train_time:11685ms step_avg:29.28ms
step:400/1325 train_time:11715ms step_avg:29.29ms
step:401/1325 train_time:11742ms step_avg:29.28ms
step:402/1325 train_time:11772ms step_avg:29.28ms
step:403/1325 train_time:11799ms step_avg:29.28ms
step:404/1325 train_time:11829ms step_avg:29.28ms
step:405/1325 train_time:11856ms step_avg:29.27ms
step:406/1325 train_time:11886ms step_avg:29.28ms
step:407/1325 train_time:11913ms step_avg:29.27ms
step:408/1325 train_time:11944ms step_avg:29.27ms
step:409/1325 train_time:11970ms step_avg:29.27ms
step:410/1325 train_time:12001ms step_avg:29.27ms
step:411/1325 train_time:12028ms step_avg:29.26ms
step:412/1325 train_time:12058ms step_avg:29.27ms
step:413/1325 train_time:12084ms step_avg:29.26ms
step:414/1325 train_time:12115ms step_avg:29.26ms
step:415/1325 train_time:12142ms step_avg:29.26ms
step:416/1325 train_time:12172ms step_avg:29.26ms
step:417/1325 train_time:12199ms step_avg:29.25ms
step:418/1325 train_time:12231ms step_avg:29.26ms
step:419/1325 train_time:12280ms step_avg:29.31ms
step:420/1325 train_time:12330ms step_avg:29.36ms
step:421/1325 train_time:12376ms step_avg:29.40ms
step:422/1325 train_time:12426ms step_avg:29.45ms
step:423/1325 train_time:12472ms step_avg:29.49ms
step:424/1325 train_time:12522ms step_avg:29.53ms
step:425/1325 train_time:12569ms step_avg:29.57ms
step:426/1325 train_time:12619ms step_avg:29.62ms
step:427/1325 train_time:12665ms step_avg:29.66ms
step:428/1325 train_time:12715ms step_avg:29.71ms
step:429/1325 train_time:12762ms step_avg:29.75ms
step:430/1325 train_time:12811ms step_avg:29.79ms
step:431/1325 train_time:12858ms step_avg:29.83ms
step:432/1325 train_time:12908ms step_avg:29.88ms
step:433/1325 train_time:12955ms step_avg:29.92ms
step:434/1325 train_time:13005ms step_avg:29.96ms
step:435/1325 train_time:13052ms step_avg:30.00ms
step:436/1325 train_time:13101ms step_avg:30.05ms
step:437/1325 train_time:13149ms step_avg:30.09ms
step:438/1325 train_time:13199ms step_avg:30.13ms
step:439/1325 train_time:13246ms step_avg:30.17ms
step:440/1325 train_time:13296ms step_avg:30.22ms
step:441/1325 train_time:13343ms step_avg:30.26ms
step:442/1325 train_time:13393ms step_avg:30.30ms
step:443/1325 train_time:13440ms step_avg:30.34ms
step:444/1325 train_time:13490ms step_avg:30.38ms
step:445/1325 train_time:13537ms step_avg:30.42ms
step:446/1325 train_time:13586ms step_avg:30.46ms
step:447/1325 train_time:13633ms step_avg:30.50ms
step:448/1325 train_time:13683ms step_avg:30.54ms
step:449/1325 train_time:13730ms step_avg:30.58ms
step:450/1325 train_time:13779ms step_avg:30.62ms
step:451/1325 train_time:13826ms step_avg:30.66ms
step:452/1325 train_time:13876ms step_avg:30.70ms
step:453/1325 train_time:13923ms step_avg:30.73ms
step:454/1325 train_time:13972ms step_avg:30.78ms
step:455/1325 train_time:14019ms step_avg:30.81ms
step:456/1325 train_time:14069ms step_avg:30.85ms
step:457/1325 train_time:14116ms step_avg:30.89ms
step:458/1325 train_time:14165ms step_avg:30.93ms
step:459/1325 train_time:14213ms step_avg:30.96ms
step:460/1325 train_time:14262ms step_avg:31.01ms
step:461/1325 train_time:14309ms step_avg:31.04ms
step:462/1325 train_time:14359ms step_avg:31.08ms
step:463/1325 train_time:14405ms step_avg:31.11ms
step:464/1325 train_time:14455ms step_avg:31.15ms
step:465/1325 train_time:14502ms step_avg:31.19ms
step:466/1325 train_time:14552ms step_avg:31.23ms
step:467/1325 train_time:14599ms step_avg:31.26ms
step:468/1325 train_time:14649ms step_avg:31.30ms
step:469/1325 train_time:14696ms step_avg:31.34ms
step:470/1325 train_time:14746ms step_avg:31.37ms
step:471/1325 train_time:14793ms step_avg:31.41ms
step:472/1325 train_time:14843ms step_avg:31.45ms
step:473/1325 train_time:14890ms step_avg:31.48ms
step:474/1325 train_time:14939ms step_avg:31.52ms
step:475/1325 train_time:14986ms step_avg:31.55ms
step:476/1325 train_time:15037ms step_avg:31.59ms
step:477/1325 train_time:15083ms step_avg:31.62ms
step:478/1325 train_time:15133ms step_avg:31.66ms
step:479/1325 train_time:15179ms step_avg:31.69ms
step:480/1325 train_time:15229ms step_avg:31.73ms
step:481/1325 train_time:15275ms step_avg:31.76ms
step:482/1325 train_time:15325ms step_avg:31.79ms
step:483/1325 train_time:15372ms step_avg:31.83ms
step:484/1325 train_time:15421ms step_avg:31.86ms
step:485/1325 train_time:15468ms step_avg:31.89ms
step:486/1325 train_time:15518ms step_avg:31.93ms
step:487/1325 train_time:15565ms step_avg:31.96ms
step:488/1325 train_time:15614ms step_avg:32.00ms
step:489/1325 train_time:15661ms step_avg:32.03ms
step:490/1325 train_time:15711ms step_avg:32.06ms
step:491/1325 train_time:15758ms step_avg:32.09ms
step:492/1325 train_time:15808ms step_avg:32.13ms
step:493/1325 train_time:15855ms step_avg:32.16ms
step:494/1325 train_time:15904ms step_avg:32.20ms
step:495/1325 train_time:15951ms step_avg:32.22ms
step:496/1325 train_time:16001ms step_avg:32.26ms
step:497/1325 train_time:16048ms step_avg:32.29ms
step:498/1325 train_time:16098ms step_avg:32.33ms
step:499/1325 train_time:16145ms step_avg:32.35ms
step:500/1325 train_time:16194ms step_avg:32.39ms
step:500/1325 val_loss:4.1242 train_time:16244ms step_avg:32.49ms
step:501/1325 train_time:16266ms step_avg:32.47ms
step:502/1325 train_time:16293ms step_avg:32.46ms
step:503/1325 train_time:16339ms step_avg:32.48ms
step:504/1325 train_time:16389ms step_avg:32.52ms
step:505/1325 train_time:16435ms step_avg:32.55ms
step:506/1325 train_time:16485ms step_avg:32.58ms
step:507/1325 train_time:16532ms step_avg:32.61ms
step:508/1325 train_time:16581ms step_avg:32.64ms
step:509/1325 train_time:16628ms step_avg:32.67ms
step:510/1325 train_time:16678ms step_avg:32.70ms
step:511/1325 train_time:16725ms step_avg:32.73ms
step:512/1325 train_time:16775ms step_avg:32.76ms
step:513/1325 train_time:16821ms step_avg:32.79ms
step:514/1325 train_time:16871ms step_avg:32.82ms
step:515/1325 train_time:16918ms step_avg:32.85ms
step:516/1325 train_time:16967ms step_avg:32.88ms
step:517/1325 train_time:17014ms step_avg:32.91ms
step:518/1325 train_time:17064ms step_avg:32.94ms
step:519/1325 train_time:17111ms step_avg:32.97ms
step:520/1325 train_time:17160ms step_avg:33.00ms
step:521/1325 train_time:17208ms step_avg:33.03ms
step:522/1325 train_time:17258ms step_avg:33.06ms
step:523/1325 train_time:17305ms step_avg:33.09ms
step:524/1325 train_time:17355ms step_avg:33.12ms
step:525/1325 train_time:17402ms step_avg:33.15ms
step:526/1325 train_time:17451ms step_avg:33.18ms
step:527/1325 train_time:17498ms step_avg:33.20ms
step:528/1325 train_time:17548ms step_avg:33.23ms
step:529/1325 train_time:17595ms step_avg:33.26ms
step:530/1325 train_time:17645ms step_avg:33.29ms
step:531/1325 train_time:17691ms step_avg:33.32ms
step:532/1325 train_time:17741ms step_avg:33.35ms
step:533/1325 train_time:17788ms step_avg:33.37ms
step:534/1325 train_time:17837ms step_avg:33.40ms
step:535/1325 train_time:17884ms step_avg:33.43ms
step:536/1325 train_time:17934ms step_avg:33.46ms
step:537/1325 train_time:17980ms step_avg:33.48ms
step:538/1325 train_time:18030ms step_avg:33.51ms
step:539/1325 train_time:18077ms step_avg:33.54ms
step:540/1325 train_time:18127ms step_avg:33.57ms
step:541/1325 train_time:18174ms step_avg:33.59ms
step:542/1325 train_time:18223ms step_avg:33.62ms
step:543/1325 train_time:18271ms step_avg:33.65ms
step:544/1325 train_time:18321ms step_avg:33.68ms
step:545/1325 train_time:18368ms step_avg:33.70ms
step:546/1325 train_time:18417ms step_avg:33.73ms
step:547/1325 train_time:18465ms step_avg:33.76ms
step:548/1325 train_time:18515ms step_avg:33.79ms
step:549/1325 train_time:18562ms step_avg:33.81ms
step:550/1325 train_time:18612ms step_avg:33.84ms
step:551/1325 train_time:18659ms step_avg:33.86ms
step:552/1325 train_time:18709ms step_avg:33.89ms
step:553/1325 train_time:18755ms step_avg:33.92ms
step:554/1325 train_time:18805ms step_avg:33.94ms
step:555/1325 train_time:18852ms step_avg:33.97ms
step:556/1325 train_time:18902ms step_avg:34.00ms
step:557/1325 train_time:18948ms step_avg:34.02ms
step:558/1325 train_time:18998ms step_avg:34.05ms
step:559/1325 train_time:19044ms step_avg:34.07ms
step:560/1325 train_time:19094ms step_avg:34.10ms
step:561/1325 train_time:19141ms step_avg:34.12ms
step:562/1325 train_time:19190ms step_avg:34.15ms
step:563/1325 train_time:19238ms step_avg:34.17ms
step:564/1325 train_time:19287ms step_avg:34.20ms
step:565/1325 train_time:19335ms step_avg:34.22ms
step:566/1325 train_time:19384ms step_avg:34.25ms
step:567/1325 train_time:19433ms step_avg:34.27ms
step:568/1325 train_time:19482ms step_avg:34.30ms
step:569/1325 train_time:19529ms step_avg:34.32ms
step:570/1325 train_time:19579ms step_avg:34.35ms
step:571/1325 train_time:19626ms step_avg:34.37ms
step:572/1325 train_time:19676ms step_avg:34.40ms
step:573/1325 train_time:19722ms step_avg:34.42ms
step:574/1325 train_time:19772ms step_avg:34.45ms
step:575/1325 train_time:19819ms step_avg:34.47ms
step:576/1325 train_time:19869ms step_avg:34.49ms
step:577/1325 train_time:19916ms step_avg:34.52ms
step:578/1325 train_time:19965ms step_avg:34.54ms
step:579/1325 train_time:20012ms step_avg:34.56ms
step:580/1325 train_time:20061ms step_avg:34.59ms
step:581/1325 train_time:20108ms step_avg:34.61ms
step:582/1325 train_time:20158ms step_avg:34.64ms
step:583/1325 train_time:20205ms step_avg:34.66ms
step:584/1325 train_time:20255ms step_avg:34.68ms
step:585/1325 train_time:20302ms step_avg:34.70ms
step:586/1325 train_time:20352ms step_avg:34.73ms
step:587/1325 train_time:20398ms step_avg:34.75ms
step:588/1325 train_time:20448ms step_avg:34.78ms
step:589/1325 train_time:20495ms step_avg:34.80ms
step:590/1325 train_time:20546ms step_avg:34.82ms
step:591/1325 train_time:20592ms step_avg:34.84ms
step:592/1325 train_time:20642ms step_avg:34.87ms
step:593/1325 train_time:20689ms step_avg:34.89ms
step:594/1325 train_time:20739ms step_avg:34.91ms
step:595/1325 train_time:20786ms step_avg:34.93ms
step:596/1325 train_time:20836ms step_avg:34.96ms
step:597/1325 train_time:20883ms step_avg:34.98ms
step:598/1325 train_time:20932ms step_avg:35.00ms
step:599/1325 train_time:20979ms step_avg:35.02ms
step:600/1325 train_time:21029ms step_avg:35.05ms
step:601/1325 train_time:21076ms step_avg:35.07ms
step:602/1325 train_time:21126ms step_avg:35.09ms
step:603/1325 train_time:21173ms step_avg:35.11ms
step:604/1325 train_time:21222ms step_avg:35.14ms
step:605/1325 train_time:21270ms step_avg:35.16ms
step:606/1325 train_time:21319ms step_avg:35.18ms
step:607/1325 train_time:21366ms step_avg:35.20ms
step:608/1325 train_time:21416ms step_avg:35.22ms
step:609/1325 train_time:21463ms step_avg:35.24ms
step:610/1325 train_time:21513ms step_avg:35.27ms
step:611/1325 train_time:21560ms step_avg:35.29ms
step:612/1325 train_time:21610ms step_avg:35.31ms
step:613/1325 train_time:21657ms step_avg:35.33ms
step:614/1325 train_time:21706ms step_avg:35.35ms
step:615/1325 train_time:21753ms step_avg:35.37ms
step:616/1325 train_time:21803ms step_avg:35.39ms
step:617/1325 train_time:21850ms step_avg:35.41ms
step:618/1325 train_time:21900ms step_avg:35.44ms
step:619/1325 train_time:21948ms step_avg:35.46ms
step:620/1325 train_time:21998ms step_avg:35.48ms
step:621/1325 train_time:22044ms step_avg:35.50ms
step:622/1325 train_time:22094ms step_avg:35.52ms
step:623/1325 train_time:22141ms step_avg:35.54ms
step:624/1325 train_time:22190ms step_avg:35.56ms
step:625/1325 train_time:22237ms step_avg:35.58ms
step:626/1325 train_time:22287ms step_avg:35.60ms
step:627/1325 train_time:22334ms step_avg:35.62ms
step:628/1325 train_time:22384ms step_avg:35.64ms
step:629/1325 train_time:22431ms step_avg:35.66ms
step:630/1325 train_time:22481ms step_avg:35.68ms
step:631/1325 train_time:22528ms step_avg:35.70ms
step:632/1325 train_time:22577ms step_avg:35.72ms
step:633/1325 train_time:22624ms step_avg:35.74ms
step:634/1325 train_time:22674ms step_avg:35.76ms
step:635/1325 train_time:22721ms step_avg:35.78ms
step:636/1325 train_time:22771ms step_avg:35.80ms
step:637/1325 train_time:22818ms step_avg:35.82ms
step:638/1325 train_time:22867ms step_avg:35.84ms
step:639/1325 train_time:22915ms step_avg:35.86ms
step:640/1325 train_time:22964ms step_avg:35.88ms
step:641/1325 train_time:23011ms step_avg:35.90ms
step:642/1325 train_time:23061ms step_avg:35.92ms
step:643/1325 train_time:23108ms step_avg:35.94ms
step:644/1325 train_time:23158ms step_avg:35.96ms
step:645/1325 train_time:23204ms step_avg:35.98ms
step:646/1325 train_time:23254ms step_avg:36.00ms
step:647/1325 train_time:23301ms step_avg:36.01ms
step:648/1325 train_time:23351ms step_avg:36.04ms
step:649/1325 train_time:23398ms step_avg:36.05ms
step:650/1325 train_time:23447ms step_avg:36.07ms
step:651/1325 train_time:23495ms step_avg:36.09ms
step:652/1325 train_time:23545ms step_avg:36.11ms
step:653/1325 train_time:23591ms step_avg:36.13ms
step:654/1325 train_time:23641ms step_avg:36.15ms
step:655/1325 train_time:23688ms step_avg:36.17ms
step:656/1325 train_time:23738ms step_avg:36.19ms
step:657/1325 train_time:23785ms step_avg:36.20ms
step:658/1325 train_time:23835ms step_avg:36.22ms
step:659/1325 train_time:23881ms step_avg:36.24ms
step:660/1325 train_time:23931ms step_avg:36.26ms
step:661/1325 train_time:23978ms step_avg:36.28ms
step:662/1325 train_time:24029ms step_avg:36.30ms
step:663/1325 train_time:24075ms step_avg:36.31ms
step:664/1325 train_time:24126ms step_avg:36.33ms
step:665/1325 train_time:24172ms step_avg:36.35ms
step:666/1325 train_time:24222ms step_avg:36.37ms
step:667/1325 train_time:24269ms step_avg:36.39ms
step:668/1325 train_time:24319ms step_avg:36.41ms
step:669/1325 train_time:24366ms step_avg:36.42ms
step:670/1325 train_time:24415ms step_avg:36.44ms
step:671/1325 train_time:24462ms step_avg:36.46ms
step:672/1325 train_time:24512ms step_avg:36.48ms
step:673/1325 train_time:24559ms step_avg:36.49ms
step:674/1325 train_time:24608ms step_avg:36.51ms
step:675/1325 train_time:24655ms step_avg:36.53ms
step:676/1325 train_time:24705ms step_avg:36.55ms
step:677/1325 train_time:24752ms step_avg:36.56ms
step:678/1325 train_time:24802ms step_avg:36.58ms
step:679/1325 train_time:24849ms step_avg:36.60ms
step:680/1325 train_time:24898ms step_avg:36.62ms
step:681/1325 train_time:24946ms step_avg:36.63ms
step:682/1325 train_time:24995ms step_avg:36.65ms
step:683/1325 train_time:25042ms step_avg:36.67ms
step:684/1325 train_time:25092ms step_avg:36.68ms
step:685/1325 train_time:25139ms step_avg:36.70ms
step:686/1325 train_time:25188ms step_avg:36.72ms
step:687/1325 train_time:25236ms step_avg:36.73ms
step:688/1325 train_time:25285ms step_avg:36.75ms
step:689/1325 train_time:25332ms step_avg:36.77ms
step:690/1325 train_time:25382ms step_avg:36.79ms
step:691/1325 train_time:25429ms step_avg:36.80ms
step:692/1325 train_time:25479ms step_avg:36.82ms
step:693/1325 train_time:25526ms step_avg:36.83ms
step:694/1325 train_time:25576ms step_avg:36.85ms
step:695/1325 train_time:25622ms step_avg:36.87ms
step:696/1325 train_time:25672ms step_avg:36.89ms
step:697/1325 train_time:25719ms step_avg:36.90ms
step:698/1325 train_time:25769ms step_avg:36.92ms
step:699/1325 train_time:25816ms step_avg:36.93ms
step:700/1325 train_time:25866ms step_avg:36.95ms
step:701/1325 train_time:25913ms step_avg:36.97ms
step:702/1325 train_time:25962ms step_avg:36.98ms
step:703/1325 train_time:26010ms step_avg:37.00ms
step:704/1325 train_time:26060ms step_avg:37.02ms
step:705/1325 train_time:26107ms step_avg:37.03ms
step:706/1325 train_time:26157ms step_avg:37.05ms
step:707/1325 train_time:26204ms step_avg:37.06ms
step:708/1325 train_time:26253ms step_avg:37.08ms
step:709/1325 train_time:26300ms step_avg:37.10ms
step:710/1325 train_time:26350ms step_avg:37.11ms
step:711/1325 train_time:26397ms step_avg:37.13ms
step:712/1325 train_time:26446ms step_avg:37.14ms
step:713/1325 train_time:26494ms step_avg:37.16ms
step:714/1325 train_time:26544ms step_avg:37.18ms
step:715/1325 train_time:26591ms step_avg:37.19ms
step:716/1325 train_time:26641ms step_avg:37.21ms
step:717/1325 train_time:26688ms step_avg:37.22ms
step:718/1325 train_time:26737ms step_avg:37.24ms
step:719/1325 train_time:26784ms step_avg:37.25ms
step:720/1325 train_time:26834ms step_avg:37.27ms
step:721/1325 train_time:26881ms step_avg:37.28ms
step:722/1325 train_time:26930ms step_avg:37.30ms
step:723/1325 train_time:26978ms step_avg:37.31ms
step:724/1325 train_time:27028ms step_avg:37.33ms
step:725/1325 train_time:27075ms step_avg:37.34ms
step:726/1325 train_time:27125ms step_avg:37.36ms
step:727/1325 train_time:27172ms step_avg:37.38ms
step:728/1325 train_time:27222ms step_avg:37.39ms
step:729/1325 train_time:27269ms step_avg:37.41ms
step:730/1325 train_time:27319ms step_avg:37.42ms
step:731/1325 train_time:27366ms step_avg:37.44ms
step:732/1325 train_time:27417ms step_avg:37.46ms
step:733/1325 train_time:27463ms step_avg:37.47ms
step:734/1325 train_time:27513ms step_avg:37.48ms
step:735/1325 train_time:27559ms step_avg:37.50ms
step:736/1325 train_time:27609ms step_avg:37.51ms
step:737/1325 train_time:27657ms step_avg:37.53ms
step:738/1325 train_time:27706ms step_avg:37.54ms
step:739/1325 train_time:27753ms step_avg:37.56ms
step:740/1325 train_time:27803ms step_avg:37.57ms
step:741/1325 train_time:27850ms step_avg:37.58ms
step:742/1325 train_time:27899ms step_avg:37.60ms
step:743/1325 train_time:27947ms step_avg:37.61ms
step:744/1325 train_time:27996ms step_avg:37.63ms
step:745/1325 train_time:28043ms step_avg:37.64ms
step:746/1325 train_time:28093ms step_avg:37.66ms
step:747/1325 train_time:28140ms step_avg:37.67ms
step:748/1325 train_time:28189ms step_avg:37.69ms
step:749/1325 train_time:28236ms step_avg:37.70ms
step:750/1325 train_time:28286ms step_avg:37.71ms
step:750/1325 val_loss:3.7076 train_time:28336ms step_avg:37.78ms
step:751/1325 train_time:28358ms step_avg:37.76ms
step:752/1325 train_time:28385ms step_avg:37.75ms
step:753/1325 train_time:28431ms step_avg:37.76ms
step:754/1325 train_time:28481ms step_avg:37.77ms
step:755/1325 train_time:28528ms step_avg:37.79ms
step:756/1325 train_time:28578ms step_avg:37.80ms
step:757/1325 train_time:28624ms step_avg:37.81ms
step:758/1325 train_time:28674ms step_avg:37.83ms
step:759/1325 train_time:28721ms step_avg:37.84ms
step:760/1325 train_time:28771ms step_avg:37.86ms
step:761/1325 train_time:28817ms step_avg:37.87ms
step:762/1325 train_time:28867ms step_avg:37.88ms
step:763/1325 train_time:28914ms step_avg:37.89ms
step:764/1325 train_time:28963ms step_avg:37.91ms
step:765/1325 train_time:29010ms step_avg:37.92ms
step:766/1325 train_time:29060ms step_avg:37.94ms
step:767/1325 train_time:29106ms step_avg:37.95ms
step:768/1325 train_time:29156ms step_avg:37.96ms
step:769/1325 train_time:29203ms step_avg:37.97ms
step:770/1325 train_time:29252ms step_avg:37.99ms
step:771/1325 train_time:29300ms step_avg:38.00ms
step:772/1325 train_time:29350ms step_avg:38.02ms
step:773/1325 train_time:29398ms step_avg:38.03ms
step:774/1325 train_time:29447ms step_avg:38.05ms
step:775/1325 train_time:29495ms step_avg:38.06ms
step:776/1325 train_time:29545ms step_avg:38.07ms
step:777/1325 train_time:29591ms step_avg:38.08ms
step:778/1325 train_time:29642ms step_avg:38.10ms
step:779/1325 train_time:29688ms step_avg:38.11ms
step:780/1325 train_time:29738ms step_avg:38.13ms
step:781/1325 train_time:29784ms step_avg:38.14ms
step:782/1325 train_time:29834ms step_avg:38.15ms
step:783/1325 train_time:29881ms step_avg:38.16ms
step:784/1325 train_time:29931ms step_avg:38.18ms
step:785/1325 train_time:29978ms step_avg:38.19ms
step:786/1325 train_time:30027ms step_avg:38.20ms
step:787/1325 train_time:30074ms step_avg:38.21ms
step:788/1325 train_time:30124ms step_avg:38.23ms
step:789/1325 train_time:30171ms step_avg:38.24ms
step:790/1325 train_time:30221ms step_avg:38.25ms
step:791/1325 train_time:30268ms step_avg:38.27ms
step:792/1325 train_time:30319ms step_avg:38.28ms
step:793/1325 train_time:30365ms step_avg:38.29ms
step:794/1325 train_time:30415ms step_avg:38.31ms
step:795/1325 train_time:30462ms step_avg:38.32ms
step:796/1325 train_time:30512ms step_avg:38.33ms
step:797/1325 train_time:30559ms step_avg:38.34ms
step:798/1325 train_time:30608ms step_avg:38.36ms
step:799/1325 train_time:30656ms step_avg:38.37ms
step:800/1325 train_time:30706ms step_avg:38.38ms
step:801/1325 train_time:30753ms step_avg:38.39ms
step:802/1325 train_time:30803ms step_avg:38.41ms
step:803/1325 train_time:30849ms step_avg:38.42ms
step:804/1325 train_time:30899ms step_avg:38.43ms
step:805/1325 train_time:30946ms step_avg:38.44ms
step:806/1325 train_time:30996ms step_avg:38.46ms
step:807/1325 train_time:31043ms step_avg:38.47ms
step:808/1325 train_time:31092ms step_avg:38.48ms
step:809/1325 train_time:31139ms step_avg:38.49ms
step:810/1325 train_time:31189ms step_avg:38.51ms
step:811/1325 train_time:31236ms step_avg:38.52ms
step:812/1325 train_time:31285ms step_avg:38.53ms
step:813/1325 train_time:31333ms step_avg:38.54ms
step:814/1325 train_time:31383ms step_avg:38.55ms
step:815/1325 train_time:31430ms step_avg:38.56ms
step:816/1325 train_time:31479ms step_avg:38.58ms
step:817/1325 train_time:31527ms step_avg:38.59ms
step:818/1325 train_time:31576ms step_avg:38.60ms
step:819/1325 train_time:31624ms step_avg:38.61ms
step:820/1325 train_time:31674ms step_avg:38.63ms
step:821/1325 train_time:31720ms step_avg:38.64ms
step:822/1325 train_time:31770ms step_avg:38.65ms
step:823/1325 train_time:31817ms step_avg:38.66ms
step:824/1325 train_time:31867ms step_avg:38.67ms
step:825/1325 train_time:31914ms step_avg:38.68ms
step:826/1325 train_time:31963ms step_avg:38.70ms
step:827/1325 train_time:32010ms step_avg:38.71ms
step:828/1325 train_time:32060ms step_avg:38.72ms
step:829/1325 train_time:32107ms step_avg:38.73ms
step:830/1325 train_time:32157ms step_avg:38.74ms
step:831/1325 train_time:32204ms step_avg:38.75ms
step:832/1325 train_time:32254ms step_avg:38.77ms
step:833/1325 train_time:32301ms step_avg:38.78ms
step:834/1325 train_time:32352ms step_avg:38.79ms
step:835/1325 train_time:32419ms step_avg:38.83ms
step:836/1325 train_time:32489ms step_avg:38.86ms
step:837/1325 train_time:32554ms step_avg:38.89ms
step:838/1325 train_time:32622ms step_avg:38.93ms
step:839/1325 train_time:32688ms step_avg:38.96ms
step:840/1325 train_time:32756ms step_avg:39.00ms
step:841/1325 train_time:32822ms step_avg:39.03ms
step:842/1325 train_time:32890ms step_avg:39.06ms
step:843/1325 train_time:32956ms step_avg:39.09ms
step:844/1325 train_time:33024ms step_avg:39.13ms
step:845/1325 train_time:33090ms step_avg:39.16ms
step:846/1325 train_time:33157ms step_avg:39.19ms
step:847/1325 train_time:33223ms step_avg:39.22ms
step:848/1325 train_time:33292ms step_avg:39.26ms
step:849/1325 train_time:33357ms step_avg:39.29ms
step:850/1325 train_time:33425ms step_avg:39.32ms
step:851/1325 train_time:33490ms step_avg:39.35ms
step:852/1325 train_time:33558ms step_avg:39.39ms
step:853/1325 train_time:33624ms step_avg:39.42ms
step:854/1325 train_time:33692ms step_avg:39.45ms
step:855/1325 train_time:33758ms step_avg:39.48ms
step:856/1325 train_time:33826ms step_avg:39.52ms
step:857/1325 train_time:33892ms step_avg:39.55ms
step:858/1325 train_time:33960ms step_avg:39.58ms
step:859/1325 train_time:34025ms step_avg:39.61ms
step:860/1325 train_time:34093ms step_avg:39.64ms
step:861/1325 train_time:34160ms step_avg:39.67ms
step:862/1325 train_time:34228ms step_avg:39.71ms
step:863/1325 train_time:34294ms step_avg:39.74ms
step:864/1325 train_time:34362ms step_avg:39.77ms
step:865/1325 train_time:34427ms step_avg:39.80ms
step:866/1325 train_time:34495ms step_avg:39.83ms
step:867/1325 train_time:34561ms step_avg:39.86ms
step:868/1325 train_time:34630ms step_avg:39.90ms
step:869/1325 train_time:34694ms step_avg:39.92ms
step:870/1325 train_time:34762ms step_avg:39.96ms
step:871/1325 train_time:34827ms step_avg:39.99ms
step:872/1325 train_time:34896ms step_avg:40.02ms
step:873/1325 train_time:34961ms step_avg:40.05ms
step:874/1325 train_time:35029ms step_avg:40.08ms
step:875/1325 train_time:35095ms step_avg:40.11ms
step:876/1325 train_time:35163ms step_avg:40.14ms
step:877/1325 train_time:35228ms step_avg:40.17ms
step:878/1325 train_time:35296ms step_avg:40.20ms
step:879/1325 train_time:35362ms step_avg:40.23ms
step:880/1325 train_time:35430ms step_avg:40.26ms
step:881/1325 train_time:35495ms step_avg:40.29ms
step:882/1325 train_time:35563ms step_avg:40.32ms
step:883/1325 train_time:35629ms step_avg:40.35ms
step:884/1325 train_time:35698ms step_avg:40.38ms
step:885/1325 train_time:35763ms step_avg:40.41ms
step:886/1325 train_time:35832ms step_avg:40.44ms
step:887/1325 train_time:35897ms step_avg:40.47ms
step:888/1325 train_time:35965ms step_avg:40.50ms
step:889/1325 train_time:36030ms step_avg:40.53ms
step:890/1325 train_time:36099ms step_avg:40.56ms
step:891/1325 train_time:36165ms step_avg:40.59ms
step:892/1325 train_time:36233ms step_avg:40.62ms
step:893/1325 train_time:36299ms step_avg:40.65ms
step:894/1325 train_time:36366ms step_avg:40.68ms
step:895/1325 train_time:36432ms step_avg:40.71ms
step:896/1325 train_time:36501ms step_avg:40.74ms
step:897/1325 train_time:36566ms step_avg:40.76ms
step:898/1325 train_time:36634ms step_avg:40.79ms
step:899/1325 train_time:36699ms step_avg:40.82ms
step:900/1325 train_time:36768ms step_avg:40.85ms
step:901/1325 train_time:36833ms step_avg:40.88ms
step:902/1325 train_time:36902ms step_avg:40.91ms
step:903/1325 train_time:36967ms step_avg:40.94ms
step:904/1325 train_time:37036ms step_avg:40.97ms
step:905/1325 train_time:37101ms step_avg:41.00ms
step:906/1325 train_time:37169ms step_avg:41.03ms
step:907/1325 train_time:37235ms step_avg:41.05ms
step:908/1325 train_time:37303ms step_avg:41.08ms
step:909/1325 train_time:37368ms step_avg:41.11ms
step:910/1325 train_time:37437ms step_avg:41.14ms
step:911/1325 train_time:37502ms step_avg:41.17ms
step:912/1325 train_time:37571ms step_avg:41.20ms
step:913/1325 train_time:37635ms step_avg:41.22ms
step:914/1325 train_time:37704ms step_avg:41.25ms
step:915/1325 train_time:37769ms step_avg:41.28ms
step:916/1325 train_time:37837ms step_avg:41.31ms
step:917/1325 train_time:37903ms step_avg:41.33ms
step:918/1325 train_time:37972ms step_avg:41.36ms
step:919/1325 train_time:38036ms step_avg:41.39ms
step:920/1325 train_time:38105ms step_avg:41.42ms
step:921/1325 train_time:38170ms step_avg:41.44ms
step:922/1325 train_time:38238ms step_avg:41.47ms
step:923/1325 train_time:38304ms step_avg:41.50ms
step:924/1325 train_time:38372ms step_avg:41.53ms
step:925/1325 train_time:38437ms step_avg:41.55ms
step:926/1325 train_time:38505ms step_avg:41.58ms
step:927/1325 train_time:38571ms step_avg:41.61ms
step:928/1325 train_time:38640ms step_avg:41.64ms
step:929/1325 train_time:38705ms step_avg:41.66ms
step:930/1325 train_time:38774ms step_avg:41.69ms
step:931/1325 train_time:38839ms step_avg:41.72ms
step:932/1325 train_time:38907ms step_avg:41.75ms
step:933/1325 train_time:38972ms step_avg:41.77ms
step:934/1325 train_time:39041ms step_avg:41.80ms
step:935/1325 train_time:39106ms step_avg:41.83ms
step:936/1325 train_time:39175ms step_avg:41.85ms
step:937/1325 train_time:39241ms step_avg:41.88ms
step:938/1325 train_time:39309ms step_avg:41.91ms
step:939/1325 train_time:39374ms step_avg:41.93ms
step:940/1325 train_time:39443ms step_avg:41.96ms
step:941/1325 train_time:39508ms step_avg:41.99ms
step:942/1325 train_time:39577ms step_avg:42.01ms
step:943/1325 train_time:39643ms step_avg:42.04ms
step:944/1325 train_time:39711ms step_avg:42.07ms
step:945/1325 train_time:39777ms step_avg:42.09ms
step:946/1325 train_time:39845ms step_avg:42.12ms
step:947/1325 train_time:39911ms step_avg:42.14ms
step:948/1325 train_time:39980ms step_avg:42.17ms
step:949/1325 train_time:40045ms step_avg:42.20ms
step:950/1325 train_time:40114ms step_avg:42.23ms
step:951/1325 train_time:40179ms step_avg:42.25ms
step:952/1325 train_time:40248ms step_avg:42.28ms
step:953/1325 train_time:40314ms step_avg:42.30ms
step:954/1325 train_time:40382ms step_avg:42.33ms
step:955/1325 train_time:40447ms step_avg:42.35ms
step:956/1325 train_time:40515ms step_avg:42.38ms
step:957/1325 train_time:40581ms step_avg:42.40ms
step:958/1325 train_time:40650ms step_avg:42.43ms
step:959/1325 train_time:40716ms step_avg:42.46ms
step:960/1325 train_time:40785ms step_avg:42.48ms
step:961/1325 train_time:40849ms step_avg:42.51ms
step:962/1325 train_time:40917ms step_avg:42.53ms
step:963/1325 train_time:40983ms step_avg:42.56ms
step:964/1325 train_time:41051ms step_avg:42.58ms
step:965/1325 train_time:41118ms step_avg:42.61ms
step:966/1325 train_time:41186ms step_avg:42.64ms
step:967/1325 train_time:41252ms step_avg:42.66ms
step:968/1325 train_time:41320ms step_avg:42.69ms
step:969/1325 train_time:41385ms step_avg:42.71ms
step:970/1325 train_time:41453ms step_avg:42.74ms
step:971/1325 train_time:41519ms step_avg:42.76ms
step:972/1325 train_time:41587ms step_avg:42.79ms
step:973/1325 train_time:41653ms step_avg:42.81ms
step:974/1325 train_time:41721ms step_avg:42.83ms
step:975/1325 train_time:41787ms step_avg:42.86ms
step:976/1325 train_time:41855ms step_avg:42.88ms
step:977/1325 train_time:41920ms step_avg:42.91ms
step:978/1325 train_time:41988ms step_avg:42.93ms
step:979/1325 train_time:42054ms step_avg:42.96ms
step:980/1325 train_time:42122ms step_avg:42.98ms
step:981/1325 train_time:42188ms step_avg:43.00ms
step:982/1325 train_time:42256ms step_avg:43.03ms
step:983/1325 train_time:42321ms step_avg:43.05ms
step:984/1325 train_time:42390ms step_avg:43.08ms
step:985/1325 train_time:42454ms step_avg:43.10ms
step:986/1325 train_time:42522ms step_avg:43.13ms
step:987/1325 train_time:42587ms step_avg:43.15ms
step:988/1325 train_time:42656ms step_avg:43.17ms
step:989/1325 train_time:42720ms step_avg:43.20ms
step:990/1325 train_time:42789ms step_avg:43.22ms
step:991/1325 train_time:42854ms step_avg:43.24ms
step:992/1325 train_time:42923ms step_avg:43.27ms
step:993/1325 train_time:42988ms step_avg:43.29ms
step:994/1325 train_time:43056ms step_avg:43.32ms
step:995/1325 train_time:43122ms step_avg:43.34ms
step:996/1325 train_time:43191ms step_avg:43.36ms
step:997/1325 train_time:43257ms step_avg:43.39ms
step:998/1325 train_time:43325ms step_avg:43.41ms
step:999/1325 train_time:43391ms step_avg:43.43ms
step:1000/1325 train_time:43459ms step_avg:43.46ms
step:1000/1325 val_loss:3.4189 train_time:43528ms step_avg:43.53ms
step:1001/1325 train_time:43551ms step_avg:43.51ms
step:1002/1325 train_time:43596ms step_avg:43.51ms
step:1003/1325 train_time:43659ms step_avg:43.53ms
step:1004/1325 train_time:43727ms step_avg:43.55ms
step:1005/1325 train_time:43792ms step_avg:43.57ms
step:1006/1325 train_time:43860ms step_avg:43.60ms
step:1007/1325 train_time:43925ms step_avg:43.62ms
step:1008/1325 train_time:43993ms step_avg:43.64ms
step:1009/1325 train_time:44058ms step_avg:43.67ms
step:1010/1325 train_time:44126ms step_avg:43.69ms
step:1011/1325 train_time:44191ms step_avg:43.71ms
step:1012/1325 train_time:44258ms step_avg:43.73ms
step:1013/1325 train_time:44325ms step_avg:43.76ms
step:1014/1325 train_time:44393ms step_avg:43.78ms
step:1015/1325 train_time:44461ms step_avg:43.80ms
step:1016/1325 train_time:44531ms step_avg:43.83ms
step:1017/1325 train_time:44596ms step_avg:43.85ms
step:1018/1325 train_time:44664ms step_avg:43.87ms
step:1019/1325 train_time:44730ms step_avg:43.90ms
step:1020/1325 train_time:44800ms step_avg:43.92ms
step:1021/1325 train_time:44863ms step_avg:43.94ms
step:1022/1325 train_time:44931ms step_avg:43.96ms
step:1023/1325 train_time:44996ms step_avg:43.98ms
step:1024/1325 train_time:45065ms step_avg:44.01ms
step:1025/1325 train_time:45130ms step_avg:44.03ms
step:1026/1325 train_time:45198ms step_avg:44.05ms
step:1027/1325 train_time:45263ms step_avg:44.07ms
step:1028/1325 train_time:45331ms step_avg:44.10ms
step:1029/1325 train_time:45397ms step_avg:44.12ms
step:1030/1325 train_time:45466ms step_avg:44.14ms
step:1031/1325 train_time:45532ms step_avg:44.16ms
step:1032/1325 train_time:45601ms step_avg:44.19ms
step:1033/1325 train_time:45666ms step_avg:44.21ms
step:1034/1325 train_time:45735ms step_avg:44.23ms
step:1035/1325 train_time:45801ms step_avg:44.25ms
step:1036/1325 train_time:45869ms step_avg:44.27ms
step:1037/1325 train_time:45934ms step_avg:44.30ms
step:1038/1325 train_time:46002ms step_avg:44.32ms
step:1039/1325 train_time:46068ms step_avg:44.34ms
step:1040/1325 train_time:46137ms step_avg:44.36ms
step:1041/1325 train_time:46202ms step_avg:44.38ms
step:1042/1325 train_time:46269ms step_avg:44.40ms
step:1043/1325 train_time:46335ms step_avg:44.42ms
step:1044/1325 train_time:46403ms step_avg:44.45ms
step:1045/1325 train_time:46469ms step_avg:44.47ms
step:1046/1325 train_time:46537ms step_avg:44.49ms
step:1047/1325 train_time:46605ms step_avg:44.51ms
step:1048/1325 train_time:46673ms step_avg:44.54ms
step:1049/1325 train_time:46738ms step_avg:44.56ms
step:1050/1325 train_time:46807ms step_avg:44.58ms
step:1051/1325 train_time:46873ms step_avg:44.60ms
step:1052/1325 train_time:46941ms step_avg:44.62ms
step:1053/1325 train_time:47006ms step_avg:44.64ms
step:1054/1325 train_time:47074ms step_avg:44.66ms
step:1055/1325 train_time:47140ms step_avg:44.68ms
step:1056/1325 train_time:47208ms step_avg:44.70ms
step:1057/1325 train_time:47274ms step_avg:44.72ms
step:1058/1325 train_time:47342ms step_avg:44.75ms
step:1059/1325 train_time:47408ms step_avg:44.77ms
step:1060/1325 train_time:47476ms step_avg:44.79ms
step:1061/1325 train_time:47541ms step_avg:44.81ms
step:1062/1325 train_time:47610ms step_avg:44.83ms
step:1063/1325 train_time:47675ms step_avg:44.85ms
step:1064/1325 train_time:47744ms step_avg:44.87ms
step:1065/1325 train_time:47809ms step_avg:44.89ms
step:1066/1325 train_time:47878ms step_avg:44.91ms
step:1067/1325 train_time:47943ms step_avg:44.93ms
step:1068/1325 train_time:48011ms step_avg:44.95ms
step:1069/1325 train_time:48076ms step_avg:44.97ms
step:1070/1325 train_time:48145ms step_avg:44.99ms
step:1071/1325 train_time:48210ms step_avg:45.01ms
step:1072/1325 train_time:48278ms step_avg:45.04ms
step:1073/1325 train_time:48343ms step_avg:45.05ms
step:1074/1325 train_time:48412ms step_avg:45.08ms
step:1075/1325 train_time:48476ms step_avg:45.09ms
step:1076/1325 train_time:48544ms step_avg:45.12ms
step:1077/1325 train_time:48610ms step_avg:45.13ms
step:1078/1325 train_time:48678ms step_avg:45.16ms
step:1079/1325 train_time:48744ms step_avg:45.17ms
step:1080/1325 train_time:48812ms step_avg:45.20ms
step:1081/1325 train_time:48878ms step_avg:45.22ms
step:1082/1325 train_time:48947ms step_avg:45.24ms
step:1083/1325 train_time:49012ms step_avg:45.26ms
step:1084/1325 train_time:49080ms step_avg:45.28ms
step:1085/1325 train_time:49146ms step_avg:45.30ms
step:1086/1325 train_time:49214ms step_avg:45.32ms
step:1087/1325 train_time:49279ms step_avg:45.33ms
step:1088/1325 train_time:49347ms step_avg:45.36ms
step:1089/1325 train_time:49413ms step_avg:45.37ms
step:1090/1325 train_time:49481ms step_avg:45.40ms
step:1091/1325 train_time:49547ms step_avg:45.41ms
step:1092/1325 train_time:49615ms step_avg:45.43ms
step:1093/1325 train_time:49681ms step_avg:45.45ms
step:1094/1325 train_time:49749ms step_avg:45.47ms
step:1095/1325 train_time:49815ms step_avg:45.49ms
step:1096/1325 train_time:49883ms step_avg:45.51ms
step:1097/1325 train_time:49949ms step_avg:45.53ms
step:1098/1325 train_time:50017ms step_avg:45.55ms
step:1099/1325 train_time:50082ms step_avg:45.57ms
step:1100/1325 train_time:50150ms step_avg:45.59ms
step:1101/1325 train_time:50215ms step_avg:45.61ms
step:1102/1325 train_time:50284ms step_avg:45.63ms
step:1103/1325 train_time:50350ms step_avg:45.65ms
step:1104/1325 train_time:50418ms step_avg:45.67ms
step:1105/1325 train_time:50484ms step_avg:45.69ms
step:1106/1325 train_time:50553ms step_avg:45.71ms
step:1107/1325 train_time:50618ms step_avg:45.73ms
step:1108/1325 train_time:50687ms step_avg:45.75ms
step:1109/1325 train_time:50752ms step_avg:45.76ms
step:1110/1325 train_time:50821ms step_avg:45.78ms
step:1111/1325 train_time:50886ms step_avg:45.80ms
step:1112/1325 train_time:50954ms step_avg:45.82ms
step:1113/1325 train_time:51020ms step_avg:45.84ms
step:1114/1325 train_time:51088ms step_avg:45.86ms
step:1115/1325 train_time:51153ms step_avg:45.88ms
step:1116/1325 train_time:51222ms step_avg:45.90ms
step:1117/1325 train_time:51286ms step_avg:45.91ms
step:1118/1325 train_time:51354ms step_avg:45.93ms
step:1119/1325 train_time:51420ms step_avg:45.95ms
step:1120/1325 train_time:51489ms step_avg:45.97ms
step:1121/1325 train_time:51554ms step_avg:45.99ms
step:1122/1325 train_time:51623ms step_avg:46.01ms
step:1123/1325 train_time:51688ms step_avg:46.03ms
step:1124/1325 train_time:51756ms step_avg:46.05ms
step:1125/1325 train_time:51822ms step_avg:46.06ms
step:1126/1325 train_time:51891ms step_avg:46.08ms
step:1127/1325 train_time:51955ms step_avg:46.10ms
step:1128/1325 train_time:52024ms step_avg:46.12ms
step:1129/1325 train_time:52089ms step_avg:46.14ms
step:1130/1325 train_time:52158ms step_avg:46.16ms
step:1131/1325 train_time:52223ms step_avg:46.17ms
step:1132/1325 train_time:52292ms step_avg:46.19ms
step:1133/1325 train_time:52356ms step_avg:46.21ms
step:1134/1325 train_time:52425ms step_avg:46.23ms
step:1135/1325 train_time:52490ms step_avg:46.25ms
step:1136/1325 train_time:52558ms step_avg:46.27ms
step:1137/1325 train_time:52623ms step_avg:46.28ms
step:1138/1325 train_time:52692ms step_avg:46.30ms
step:1139/1325 train_time:52757ms step_avg:46.32ms
step:1140/1325 train_time:52827ms step_avg:46.34ms
step:1141/1325 train_time:52890ms step_avg:46.35ms
step:1142/1325 train_time:52958ms step_avg:46.37ms
step:1143/1325 train_time:53024ms step_avg:46.39ms
step:1144/1325 train_time:53092ms step_avg:46.41ms
step:1145/1325 train_time:53158ms step_avg:46.43ms
step:1146/1325 train_time:53227ms step_avg:46.45ms
step:1147/1325 train_time:53292ms step_avg:46.46ms
step:1148/1325 train_time:53361ms step_avg:46.48ms
step:1149/1325 train_time:53425ms step_avg:46.50ms
step:1150/1325 train_time:53494ms step_avg:46.52ms
step:1151/1325 train_time:53560ms step_avg:46.53ms
step:1152/1325 train_time:53627ms step_avg:46.55ms
step:1153/1325 train_time:53693ms step_avg:46.57ms
step:1154/1325 train_time:53762ms step_avg:46.59ms
step:1155/1325 train_time:53827ms step_avg:46.60ms
step:1156/1325 train_time:53896ms step_avg:46.62ms
step:1157/1325 train_time:53961ms step_avg:46.64ms
step:1158/1325 train_time:54030ms step_avg:46.66ms
step:1159/1325 train_time:54095ms step_avg:46.67ms
step:1160/1325 train_time:54163ms step_avg:46.69ms
step:1161/1325 train_time:54229ms step_avg:46.71ms
step:1162/1325 train_time:54297ms step_avg:46.73ms
step:1163/1325 train_time:54362ms step_avg:46.74ms
step:1164/1325 train_time:54431ms step_avg:46.76ms
step:1165/1325 train_time:54497ms step_avg:46.78ms
step:1166/1325 train_time:54565ms step_avg:46.80ms
step:1167/1325 train_time:54631ms step_avg:46.81ms
step:1168/1325 train_time:54699ms step_avg:46.83ms
step:1169/1325 train_time:54765ms step_avg:46.85ms
step:1170/1325 train_time:54832ms step_avg:46.87ms
step:1171/1325 train_time:54898ms step_avg:46.88ms
step:1172/1325 train_time:54966ms step_avg:46.90ms
step:1173/1325 train_time:55031ms step_avg:46.92ms
step:1174/1325 train_time:55100ms step_avg:46.93ms
step:1175/1325 train_time:55165ms step_avg:46.95ms
step:1176/1325 train_time:55234ms step_avg:46.97ms
step:1177/1325 train_time:55299ms step_avg:46.98ms
step:1178/1325 train_time:55367ms step_avg:47.00ms
step:1179/1325 train_time:55433ms step_avg:47.02ms
step:1180/1325 train_time:55502ms step_avg:47.04ms
step:1181/1325 train_time:55567ms step_avg:47.05ms
step:1182/1325 train_time:55635ms step_avg:47.07ms
step:1183/1325 train_time:55701ms step_avg:47.08ms
step:1184/1325 train_time:55769ms step_avg:47.10ms
step:1185/1325 train_time:55834ms step_avg:47.12ms
step:1186/1325 train_time:55902ms step_avg:47.14ms
step:1187/1325 train_time:55968ms step_avg:47.15ms
step:1188/1325 train_time:56037ms step_avg:47.17ms
step:1189/1325 train_time:56102ms step_avg:47.18ms
step:1190/1325 train_time:56171ms step_avg:47.20ms
step:1191/1325 train_time:56236ms step_avg:47.22ms
step:1192/1325 train_time:56304ms step_avg:47.23ms
step:1193/1325 train_time:56369ms step_avg:47.25ms
step:1194/1325 train_time:56438ms step_avg:47.27ms
step:1195/1325 train_time:56503ms step_avg:47.28ms
step:1196/1325 train_time:56573ms step_avg:47.30ms
step:1197/1325 train_time:56637ms step_avg:47.32ms
step:1198/1325 train_time:56706ms step_avg:47.33ms
step:1199/1325 train_time:56770ms step_avg:47.35ms
step:1200/1325 train_time:56839ms step_avg:47.37ms
step:1201/1325 train_time:56904ms step_avg:47.38ms
step:1202/1325 train_time:56972ms step_avg:47.40ms
step:1203/1325 train_time:57038ms step_avg:47.41ms
step:1204/1325 train_time:57106ms step_avg:47.43ms
step:1205/1325 train_time:57172ms step_avg:47.45ms
step:1206/1325 train_time:57240ms step_avg:47.46ms
step:1207/1325 train_time:57305ms step_avg:47.48ms
step:1208/1325 train_time:57373ms step_avg:47.49ms
step:1209/1325 train_time:57439ms step_avg:47.51ms
step:1210/1325 train_time:57507ms step_avg:47.53ms
step:1211/1325 train_time:57573ms step_avg:47.54ms
step:1212/1325 train_time:57641ms step_avg:47.56ms
step:1213/1325 train_time:57706ms step_avg:47.57ms
step:1214/1325 train_time:57774ms step_avg:47.59ms
step:1215/1325 train_time:57840ms step_avg:47.61ms
step:1216/1325 train_time:57909ms step_avg:47.62ms
step:1217/1325 train_time:57974ms step_avg:47.64ms
step:1218/1325 train_time:58042ms step_avg:47.65ms
step:1219/1325 train_time:58108ms step_avg:47.67ms
step:1220/1325 train_time:58177ms step_avg:47.69ms
step:1221/1325 train_time:58242ms step_avg:47.70ms
step:1222/1325 train_time:58310ms step_avg:47.72ms
step:1223/1325 train_time:58375ms step_avg:47.73ms
step:1224/1325 train_time:58443ms step_avg:47.75ms
step:1225/1325 train_time:58509ms step_avg:47.76ms
step:1226/1325 train_time:58578ms step_avg:47.78ms
step:1227/1325 train_time:58643ms step_avg:47.79ms
step:1228/1325 train_time:58712ms step_avg:47.81ms
step:1229/1325 train_time:58776ms step_avg:47.82ms
step:1230/1325 train_time:58844ms step_avg:47.84ms
step:1231/1325 train_time:58910ms step_avg:47.86ms
step:1232/1325 train_time:58979ms step_avg:47.87ms
step:1233/1325 train_time:59044ms step_avg:47.89ms
step:1234/1325 train_time:59113ms step_avg:47.90ms
step:1235/1325 train_time:59178ms step_avg:47.92ms
step:1236/1325 train_time:59247ms step_avg:47.93ms
step:1237/1325 train_time:59311ms step_avg:47.95ms
step:1238/1325 train_time:59380ms step_avg:47.96ms
step:1239/1325 train_time:59445ms step_avg:47.98ms
step:1240/1325 train_time:59513ms step_avg:47.99ms
step:1241/1325 train_time:59580ms step_avg:48.01ms
step:1242/1325 train_time:59648ms step_avg:48.03ms
step:1243/1325 train_time:59713ms step_avg:48.04ms
step:1244/1325 train_time:59781ms step_avg:48.06ms
step:1245/1325 train_time:59847ms step_avg:48.07ms
step:1246/1325 train_time:59915ms step_avg:48.09ms
step:1247/1325 train_time:59981ms step_avg:48.10ms
step:1248/1325 train_time:60048ms step_avg:48.12ms
step:1249/1325 train_time:60114ms step_avg:48.13ms
step:1250/1325 train_time:60183ms step_avg:48.15ms
step:1250/1325 val_loss:3.2988 train_time:60255ms step_avg:48.20ms
step:1251/1325 train_time:60284ms step_avg:48.19ms
step:1252/1325 train_time:60324ms step_avg:48.18ms
step:1253/1325 train_time:60388ms step_avg:48.19ms
step:1254/1325 train_time:60456ms step_avg:48.21ms
step:1255/1325 train_time:60521ms step_avg:48.22ms
step:1256/1325 train_time:60589ms step_avg:48.24ms
step:1257/1325 train_time:60655ms step_avg:48.25ms
step:1258/1325 train_time:60723ms step_avg:48.27ms
step:1259/1325 train_time:60790ms step_avg:48.28ms
step:1260/1325 train_time:60858ms step_avg:48.30ms
step:1261/1325 train_time:60923ms step_avg:48.31ms
step:1262/1325 train_time:60992ms step_avg:48.33ms
step:1263/1325 train_time:61058ms step_avg:48.34ms
step:1264/1325 train_time:61126ms step_avg:48.36ms
step:1265/1325 train_time:61194ms step_avg:48.37ms
step:1266/1325 train_time:61263ms step_avg:48.39ms
step:1267/1325 train_time:61330ms step_avg:48.41ms
step:1268/1325 train_time:61399ms step_avg:48.42ms
step:1269/1325 train_time:61466ms step_avg:48.44ms
step:1270/1325 train_time:61534ms step_avg:48.45ms
step:1271/1325 train_time:61599ms step_avg:48.47ms
step:1272/1325 train_time:61668ms step_avg:48.48ms
step:1273/1325 train_time:61733ms step_avg:48.49ms
step:1274/1325 train_time:61802ms step_avg:48.51ms
step:1275/1325 train_time:61867ms step_avg:48.52ms
step:1276/1325 train_time:61936ms step_avg:48.54ms
step:1277/1325 train_time:62000ms step_avg:48.55ms
step:1278/1325 train_time:62069ms step_avg:48.57ms
step:1279/1325 train_time:62135ms step_avg:48.58ms
step:1280/1325 train_time:62204ms step_avg:48.60ms
step:1281/1325 train_time:62270ms step_avg:48.61ms
step:1282/1325 train_time:62339ms step_avg:48.63ms
step:1283/1325 train_time:62404ms step_avg:48.64ms
step:1284/1325 train_time:62474ms step_avg:48.66ms
step:1285/1325 train_time:62539ms step_avg:48.67ms
step:1286/1325 train_time:62608ms step_avg:48.68ms
step:1287/1325 train_time:62673ms step_avg:48.70ms
step:1288/1325 train_time:62741ms step_avg:48.71ms
step:1289/1325 train_time:62806ms step_avg:48.72ms
step:1290/1325 train_time:62875ms step_avg:48.74ms
step:1291/1325 train_time:62940ms step_avg:48.75ms
step:1292/1325 train_time:63008ms step_avg:48.77ms
step:1293/1325 train_time:63075ms step_avg:48.78ms
step:1294/1325 train_time:63144ms step_avg:48.80ms
step:1295/1325 train_time:63211ms step_avg:48.81ms
step:1296/1325 train_time:63279ms step_avg:48.83ms
step:1297/1325 train_time:63346ms step_avg:48.84ms
step:1298/1325 train_time:63414ms step_avg:48.86ms
step:1299/1325 train_time:63480ms step_avg:48.87ms
step:1300/1325 train_time:63549ms step_avg:48.88ms
step:1301/1325 train_time:63615ms step_avg:48.90ms
step:1302/1325 train_time:63684ms step_avg:48.91ms
step:1303/1325 train_time:63750ms step_avg:48.93ms
step:1304/1325 train_time:63819ms step_avg:48.94ms
step:1305/1325 train_time:63884ms step_avg:48.95ms
step:1306/1325 train_time:63952ms step_avg:48.97ms
step:1307/1325 train_time:64018ms step_avg:48.98ms
step:1308/1325 train_time:64086ms step_avg:49.00ms
step:1309/1325 train_time:64152ms step_avg:49.01ms
step:1310/1325 train_time:64221ms step_avg:49.02ms
step:1311/1325 train_time:64287ms step_avg:49.04ms
step:1312/1325 train_time:64356ms step_avg:49.05ms
step:1313/1325 train_time:64422ms step_avg:49.06ms
step:1314/1325 train_time:64491ms step_avg:49.08ms
step:1315/1325 train_time:64557ms step_avg:49.09ms
step:1316/1325 train_time:64625ms step_avg:49.11ms
step:1317/1325 train_time:64691ms step_avg:49.12ms
step:1318/1325 train_time:64760ms step_avg:49.13ms
step:1319/1325 train_time:64825ms step_avg:49.15ms
step:1320/1325 train_time:64894ms step_avg:49.16ms
step:1321/1325 train_time:64959ms step_avg:49.17ms
step:1322/1325 train_time:65028ms step_avg:49.19ms
step:1323/1325 train_time:65094ms step_avg:49.20ms
step:1324/1325 train_time:65162ms step_avg:49.22ms
step:1325/1325 train_time:65228ms step_avg:49.23ms
step:1325/1325 val_loss:3.2762 train_time:65328ms step_avg:49.30ms final_eval
adaptive softmax tail rows on rank 0: cluster 1 needed by 10.63% of rows, 0.000% of those over capacity, cluster 2 needed by 4.82% of rows, 0.000% of those over capacity
peak memory allocated: 32297 MiB reserved: 43660 MiB
