W0928 11:34:42.609000 36517 torch/distributed/run.py:852] 
W0928 11:34:42.609000 36517 torch/distributed/run.py:852] *****************************************
W0928 11:34:42.609000 36517 torch/distributed/run.py:852] Setting OMP_NUM_THREADS environment variable for each process to be 1 in default, to avoid your system being overloaded, please further tune the variable for optimal performance in your application as needed. 
W0928 11:34:42.609000 36517 torch/distributed/run.py:852] *****************************************
[Gloo] Rank 7 is connected to 7 peer ranks. Expected number of connected peer ranks is : 7
[Gloo] Rank [Gloo] Rank 31 is connected to  is connected to 77 peer ranks.  peer ranks. Expected number of connected peer ranks is : Expected number of connected peer ranks is : 77

[Gloo] Rank 6 is connected to 7 peer ranks. Expected number of connected peer ranks is : 7
[Gloo] Rank 0 is connected to 7 peer ranks. Expected number of connected peer ranks is : 7
[Gloo] Rank 4 is connected to 7 peer ranks. Expected number of connected peer ranks is : 7
[Gloo] Rank 2 is connected to 7 peer ranks. Expected number of connected peer ranks is : 7
[Gloo] Rank 5 is connected to 7 peer ranks. Expected number of connected peer ranks is : 7
You are using version 1 of 'kernels-community/flash-attn3', but version 2 is available.
You are using version 1 of 'kernels-community/flash-attn3', but version 2 is available.
You are using version 1 of 'kernels-community/flash-attn3', but version 2 is available.
You are using version 1 of 'kernels-community/flash-attn3', but version 2 is available.
You are using version 1 of 'kernels-community/flash-attn3', but version 2 is available.
You are using version 1 of 'kernels-community/flash-attn3', but version 2 is available.
Fetching 8 files:   0%|          | 0/8 [00:00<?, ?it/s]Fetching 8 files: 100%|██████████| 8/8 [00:00<00:00, 2192.53it/s]
Fetching 8 files:   0%|          | 0/8 [00:00<?, ?it/s]Fetching 8 files: 100%|██████████| 8/8 [00:00<00:00, 2432.54it/s]
Fetching 8 files:   0%|          | 0/8 [00:00<?, ?it/s]Fetching 8 files: 100%|██████████| 8/8 [00:00<00:00, 2743.84it/s]
Fetching 8 files:   0%|          | 0/8 [00:00<?, ?it/s]Fetching 8 files: 100%|██████████| 8/8 [00:00<00:00, 2728.00it/s]
Fetching 8 files:   0%|          | 0/8 [00:00<?, ?it/s]Fetching 8 files: 100%|██████████| 8/8 [00:00<00:00, 1921.90it/s]
You are using version 1 of 'kernels-community/flash-attn3', but version 2 is available.
Fetching 8 files:   0%|          | 0/8 [00:00<?, ?it/s]Fetching 8 files: 100%|██████████| 8/8 [00:00<00:00, 2657.57it/s]
You are using version 1 of 'kernels-community/flash-attn3', but version 2 is available.
Fetching 8 files:   0%|          | 0/8 [00:00<?, ?it/s]Fetching 8 files: 100%|██████████| 8/8 [00:00<00:00, 2489.02it/s]
Fetching 8 files:   0%|          | 0/8 [00:00<?, ?it/s]Fetching 8 files: 100%|██████████| 8/8 [00:00<00:00, 2383.13it/s]
logs/41c3f226-7579-4afb-9f4a-869cc624133a.txt
Compiling model and warming up kernels (~7 minutes on first execution)
Sampling steps [0, 1, 415, 416, 417, 418, 831, 832, 833, 834, 1248, 1249, 1250, 1251] for warmup
Resetting Model
compile and warmup: 94.9s
vocab stats: counted 20,000,000 tokens of fineweb_train_000001.bin in 90ms, 895 token ids unseen
vocab stats: most frequent tokens ['.', ',', ' the', '\n', ' and', ' to', ' of', ' a']
adaptive softmax coverage: head 18430 tokens 94.41%, cluster 1 16384 tokens 4.35%, cluster 2 15443 tokens 1.24%
adaptive softmax config: head_width 18432, clusters [(18432, 34816, 16384), (34816, 50304, 15443)], tail capacity {3: (0.27, 0.16), 2: (0.21, 0.12), 1: (0.07, 0.03)}
step:0/1325 val_loss:10.4028 train_time:219ms step_avg:219.40ms
step:1/1325 train_time:332ms step_avg:331.60ms
step:2/1325 train_time:363ms step_avg:181.68ms
step:3/1325 train_time:385ms step_avg:128.28ms
step:4/1325 train_time:409ms step_avg:102.24ms
step:5/1325 train_time:429ms step_avg:85.89ms
step:6/1325 train_time:454ms step_avg:75.66ms
step:7/1325 train_time:479ms step_avg:68.43ms
step:8/1325 train_time:510ms step_avg:63.79ms
step:9/1325 train_time:536ms step_avg:59.59ms
step:10/1325 train_time:568ms step_avg:56.76ms
step:11/1325 train_time:593ms step_avg:53.94ms
step:12/1325 train_time:624ms step_avg:52.03ms
step:13/1325 train_time:650ms step_avg:50.03ms
step:14/1325 train_time:681ms step_avg:48.67ms
step:15/1325 train_time:708ms step_avg:47.17ms
step:16/1325 train_time:739ms step_avg:46.17ms
step:17/1325 train_time:765ms step_avg:44.98ms
step:18/1325 train_time:796ms step_avg:44.21ms
step:19/1325 train_time:822ms step_avg:43.26ms
step:20/1325 train_time:853ms step_avg:42.64ms
step:21/1325 train_time:879ms step_avg:41.86ms
step:22/1325 train_time:910ms step_avg:41.38ms
step:23/1325 train_time:936ms step_avg:40.71ms
step:24/1325 train_time:967ms step_avg:40.30ms
step:25/1325 train_time:994ms step_avg:39.74ms
step:26/1325 train_time:1025ms step_avg:39.40ms
step:27/1325 train_time:1051ms step_avg:38.92ms
step:28/1325 train_time:1082ms step_avg:38.63ms
step:29/1325 train_time:1108ms step_avg:38.20ms
step:30/1325 train_time:1140ms step_avg:37.99ms
step:31/1325 train_time:1165ms step_avg:37.58ms
step:32/1325 train_time:1197ms step_avg:37.40ms
step:33/1325 train_time:1222ms step_avg:37.03ms
step:34/1325 train_time:1253ms step_avg:36.86ms
step:35/1325 train_time:1279ms step_avg:36.55ms
step:36/1325 train_time:1310ms step_avg:36.40ms
step:37/1325 train_time:1336ms step_avg:36.11ms
step:38/1325 train_time:1367ms step_avg:35.98ms
step:39/1325 train_time:1393ms step_avg:35.73ms
step:40/1325 train_time:1424ms step_avg:35.61ms
step:41/1325 train_time:1451ms step_avg:35.38ms
step:42/1325 train_time:1481ms step_avg:35.27ms
step:43/1325 train_time:1508ms step_avg:35.06ms
step:44/1325 train_time:1539ms step_avg:34.97ms
step:45/1325 train_time:1565ms step_avg:34.77ms
step:46/1325 train_time:1596ms step_avg:34.70ms
step:47/1325 train_time:1622ms step_avg:34.51ms
step:48/1325 train_time:1653ms step_avg:34.44ms
step:49/1325 train_time:1679ms step_avg:34.27ms
step:50/1325 train_time:1710ms step_avg:34.20ms
step:51/1325 train_time:1736ms step_avg:34.04ms
step:52/1325 train_time:1767ms step_avg:33.98ms
step:53/1325 train_time:1794ms step_avg:33.84ms
step:54/1325 train_time:1824ms step_avg:33.79ms
step:55/1325 train_time:1851ms step_avg:33.65ms
step:56/1325 train_time:1881ms step_avg:33.60ms
step:57/1325 train_time:1908ms step_avg:33.47ms
step:58/1325 train_time:1939ms step_avg:33.42ms
step:59/1325 train_time:1965ms step_avg:33.30ms
step:60/1325 train_time:1996ms step_avg:33.26ms
step:61/1325 train_time:2022ms step_avg:33.15ms
step:62/1325 train_time:2053ms step_avg:33.11ms
step:63/1325 train_time:2079ms step_avg:33.00ms
step:64/1325 train_time:2110ms step_avg:32.97ms
step:65/1325 train_time:2136ms step_avg:32.87ms
step:66/1325 train_time:2167ms step_avg:32.83ms
step:67/1325 train_time:2194ms step_avg:32.74ms
step:68/1325 train_time:2224ms step_avg:32.70ms
step:69/1325 train_time:2251ms step_avg:32.62ms
step:70/1325 train_time:2281ms step_avg:32.59ms
step:71/1325 train_time:2308ms step_avg:32.50ms
step:72/1325 train_time:2338ms step_avg:32.48ms
step:73/1325 train_time:2365ms step_avg:32.39ms
step:74/1325 train_time:2395ms step_avg:32.37ms
step:75/1325 train_time:2422ms step_avg:32.29ms
step:76/1325 train_time:2453ms step_avg:32.27ms
step:77/1325 train_time:2479ms step_avg:32.19ms
step:78/1325 train_time:2510ms step_avg:32.17ms
step:79/1325 train_time:2536ms step_avg:32.10ms
step:80/1325 train_time:2567ms step_avg:32.08ms
step:81/1325 train_time:2593ms step_avg:32.02ms
step:82/1325 train_time:2624ms step_avg:32.00ms
step:83/1325 train_time:2650ms step_avg:31.93ms
step:84/1325 train_time:2681ms step_avg:31.91ms
step:85/1325 train_time:2708ms step_avg:31.85ms
step:86/1325 train_time:2738ms step_avg:31.84ms
step:87/1325 train_time:2765ms step_avg:31.78ms
step:88/1325 train_time:2795ms step_avg:31.76ms
step:89/1325 train_time:2822ms step_avg:31.70ms
step:90/1325 train_time:2852ms step_avg:31.69ms
step:91/1325 train_time:2879ms step_avg:31.63ms
step:92/1325 train_time:2909ms step_avg:31.62ms
step:93/1325 train_time:2936ms step_avg:31.57ms
step:94/1325 train_time:2967ms step_avg:31.56ms
step:95/1325 train_time:2993ms step_avg:31.51ms
step:96/1325 train_time:3024ms step_avg:31.50ms
step:97/1325 train_time:3050ms step_avg:31.45ms
step:98/1325 train_time:3080ms step_avg:31.43ms
step:99/1325 train_time:3107ms step_avg:31.39ms
step:100/1325 train_time:3138ms step_avg:31.38ms
step:101/1325 train_time:3164ms step_avg:31.33ms
step:102/1325 train_time:3196ms step_avg:31.34ms
step:103/1325 train_time:3222ms step_avg:31.28ms
step:104/1325 train_time:3252ms step_avg:31.27ms
step:105/1325 train_time:3279ms step_avg:31.23ms
step:106/1325 train_time:3310ms step_avg:31.22ms
step:107/1325 train_time:3336ms step_avg:31.17ms
step:108/1325 train_time:3367ms step_avg:31.17ms
step:109/1325 train_time:3393ms step_avg:31.13ms
step:110/1325 train_time:3424ms step_avg:31.12ms
step:111/1325 train_time:3450ms step_avg:31.08ms
step:112/1325 train_time:3481ms step_avg:31.08ms
step:113/1325 train_time:3507ms step_avg:31.04ms
step:114/1325 train_time:3538ms step_avg:31.03ms
step:115/1325 train_time:3564ms step_avg:30.99ms
step:116/1325 train_time:3595ms step_avg:30.99ms
step:117/1325 train_time:3621ms step_avg:30.95ms
step:118/1325 train_time:3652ms step_avg:30.95ms
step:119/1325 train_time:3678ms step_avg:30.91ms
step:120/1325 train_time:3709ms step_avg:30.91ms
step:121/1325 train_time:3735ms step_avg:30.87ms
step:122/1325 train_time:3766ms step_avg:30.87ms
step:123/1325 train_time:3793ms step_avg:30.83ms
step:124/1325 train_time:3823ms step_avg:30.83ms
step:125/1325 train_time:3850ms step_avg:30.80ms
step:126/1325 train_time:3880ms step_avg:30.79ms
step:127/1325 train_time:3907ms step_avg:30.76ms
step:128/1325 train_time:3937ms step_avg:30.76ms
step:129/1325 train_time:3964ms step_avg:30.73ms
step:130/1325 train_time:3994ms step_avg:30.73ms
step:131/1325 train_time:4021ms step_avg:30.70ms
step:132/1325 train_time:4052ms step_avg:30.70ms
step:133/1325 train_time:4078ms step_avg:30.66ms
step:134/1325 train_time:4109ms step_avg:30.66ms
step:135/1325 train_time:4135ms step_avg:30.63ms
step:136/1325 train_time:4166ms step_avg:30.63ms
step:137/1325 train_time:4192ms step_avg:30.60ms
step:138/1325 train_time:4223ms step_avg:30.60ms
step:139/1325 train_time:4250ms step_avg:30.57ms
step:140/1325 train_time:4280ms step_avg:30.57ms
step:141/1325 train_time:4307ms step_avg:30.55ms
step:142/1325 train_time:4337ms step_avg:30.54ms
step:143/1325 train_time:4364ms step_avg:30.52ms
step:144/1325 train_time:4394ms step_avg:30.52ms
step:145/1325 train_time:4421ms step_avg:30.49ms
step:146/1325 train_time:4452ms step_avg:30.49ms
step:147/1325 train_time:4478ms step_avg:30.46ms
step:148/1325 train_time:4509ms step_avg:30.46ms
step:149/1325 train_time:4535ms step_avg:30.44ms
step:150/1325 train_time:4566ms step_avg:30.44ms
step:151/1325 train_time:4592ms step_avg:30.41ms
step:152/1325 train_time:4623ms step_avg:30.41ms
step:153/1325 train_time:4649ms step_avg:30.39ms
step:154/1325 train_time:4680ms step_avg:30.39ms
step:155/1325 train_time:4706ms step_avg:30.36ms
step:156/1325 train_time:4737ms step_avg:30.36ms
step:157/1325 train_time:4764ms step_avg:30.34ms
step:158/1325 train_time:4794ms step_avg:30.34ms
step:159/1325 train_time:4821ms step_avg:30.32ms
step:160/1325 train_time:4851ms step_avg:30.32ms
step:161/1325 train_time:4878ms step_avg:30.30ms
step:162/1325 train_time:4908ms step_avg:30.30ms
step:163/1325 train_time:4935ms step_avg:30.28ms
step:164/1325 train_time:4966ms step_avg:30.28ms
step:165/1325 train_time:4992ms step_avg:30.25ms
step:166/1325 train_time:5023ms step_avg:30.26ms
step:167/1325 train_time:5049ms step_avg:30.23ms
step:168/1325 train_time:5080ms step_avg:30.24ms
step:169/1325 train_time:5106ms step_avg:30.22ms
step:170/1325 train_time:5137ms step_avg:30.22ms
step:171/1325 train_time:5164ms step_avg:30.20ms
step:172/1325 train_time:5195ms step_avg:30.20ms
step:173/1325 train_time:5221ms step_avg:30.18ms
step:174/1325 train_time:5251ms step_avg:30.18ms
step:175/1325 train_time:5278ms step_avg:30.16ms
step:176/1325 train_time:5308ms step_avg:30.16ms
step:177/1325 train_time:5335ms step_avg:30.14ms
step:178/1325 train_time:5366ms step_avg:30.14ms
step:179/1325 train_time:5392ms step_avg:30.12ms
step:180/1325 train_time:5422ms step_avg:30.12ms
step:181/1325 train_time:5449ms step_avg:30.11ms
step:182/1325 train_time:5479ms step_avg:30.11ms
step:183/1325 train_time:5506ms step_avg:30.09ms
step:184/1325 train_time:5537ms step_avg:30.09ms
step:185/1325 train_time:5563ms step_avg:30.07ms
step:186/1325 train_time:5594ms step_avg:30.07ms
step:187/1325 train_time:5620ms step_avg:30.06ms
step:188/1325 train_time:5651ms step_avg:30.06ms
step:189/1325 train_time:5677ms step_avg:30.04ms
step:190/1325 train_time:5708ms step_avg:30.04ms
step:191/1325 train_time:5735ms step_avg:30.02ms
step:192/1325 train_time:5765ms step_avg:30.03ms
step:193/1325 train_time:5792ms step_avg:30.01ms
step:194/1325 train_time:5822ms step_avg:30.01ms
step:195/1325 train_time:5849ms step_avg:29.99ms
step:196/1325 train_time:5879ms step_avg:29.99ms
step:197/1325 train_time:5906ms step_avg:29.98ms
step:198/1325 train_time:5936ms step_avg:29.98ms
step:199/1325 train_time:5963ms step_avg:29.96ms
step:200/1325 train_time:5993ms step_avg:29.96ms
step:201/1325 train_time:6020ms step_avg:29.95ms
step:202/1325 train_time:6050ms step_avg:29.95ms
step:203/1325 train_time:6077ms step_avg:29.94ms
step:204/1325 train_time:6107ms step_avg:29.94ms
step:205/1325 train_time:6134ms step_avg:29.92ms
step:206/1325 train_time:6164ms step_avg:29.92ms
step:207/1325 train_time:6191ms step_avg:29.91ms
step:208/1325 train_time:6221ms step_avg:29.91ms
step:209/1325 train_time:6248ms step_avg:29.90ms
step:210/1325 train_time:6279ms step_avg:29.90ms
step:211/1325 train_time:6305ms step_avg:29.88ms
step:212/1325 train_time:6336ms step_avg:29.88ms
step:213/1325 train_time:6362ms step_avg:29.87ms
step:214/1325 train_time:6393ms step_avg:29.87ms
step:215/1325 train_time:6419ms step_avg:29.86ms
step:216/1325 train_time:6450ms step_avg:29.86ms
step:217/1325 train_time:6476ms step_avg:29.85ms
step:218/1325 train_time:6507ms step_avg:29.85ms
step:219/1325 train_time:6534ms step_avg:29.83ms
step:220/1325 train_time:6564ms step_avg:29.84ms
step:221/1325 train_time:6591ms step_avg:29.82ms
step:222/1325 train_time:6621ms step_avg:29.82ms
step:223/1325 train_time:6648ms step_avg:29.81ms
step:224/1325 train_time:6678ms step_avg:29.81ms
step:225/1325 train_time:6705ms step_avg:29.80ms
step:226/1325 train_time:6735ms step_avg:29.80ms
step:227/1325 train_time:6762ms step_avg:29.79ms
step:228/1325 train_time:6792ms step_avg:29.79ms
step:229/1325 train_time:6819ms step_avg:29.78ms
step:230/1325 train_time:6849ms step_avg:29.78ms
step:231/1325 train_time:6876ms step_avg:29.77ms
step:232/1325 train_time:6906ms step_avg:29.77ms
step:233/1325 train_time:6933ms step_avg:29.76ms
step:234/1325 train_time:6964ms step_avg:29.76ms
step:235/1325 train_time:6990ms step_avg:29.74ms
step:236/1325 train_time:7020ms step_avg:29.75ms
step:237/1325 train_time:7047ms step_avg:29.73ms
step:238/1325 train_time:7078ms step_avg:29.74ms
step:239/1325 train_time:7104ms step_avg:29.72ms
step:240/1325 train_time:7135ms step_avg:29.73ms
step:241/1325 train_time:7161ms step_avg:29.72ms
step:242/1325 train_time:7192ms step_avg:29.72ms
step:243/1325 train_time:7218ms step_avg:29.71ms
step:244/1325 train_time:7249ms step_avg:29.71ms
step:245/1325 train_time:7276ms step_avg:29.70ms
step:246/1325 train_time:7306ms step_avg:29.70ms
step:247/1325 train_time:7333ms step_avg:29.69ms
step:248/1325 train_time:7363ms step_avg:29.69ms
step:249/1325 train_time:7390ms step_avg:29.68ms
step:250/1325 train_time:7420ms step_avg:29.68ms
step:250/1325 val_loss:4.4903 train_time:7450ms step_avg:29.80ms
step:251/1325 train_time:7472ms step_avg:29.77ms
step:252/1325 train_time:7495ms step_avg:29.74ms
step:253/1325 train_time:7514ms step_avg:29.70ms
step:254/1325 train_time:7537ms step_avg:29.67ms
step:255/1325 train_time:7564ms step_avg:29.66ms
step:256/1325 train_time:7594ms step_avg:29.66ms
step:257/1325 train_time:7621ms step_avg:29.65ms
step:258/1325 train_time:7651ms step_avg:29.66ms
step:259/1325 train_time:7678ms step_avg:29.64ms
step:260/1325 train_time:7708ms step_avg:29.65ms
step:261/1325 train_time:7735ms step_avg:29.64ms
step:262/1325 train_time:7766ms step_avg:29.64ms
step:263/1325 train_time:7792ms step_avg:29.63ms
step:264/1325 train_time:7823ms step_avg:29.63ms
step:265/1325 train_time:7849ms step_avg:29.62ms
step:266/1325 train_time:7880ms step_avg:29.62ms
step:267/1325 train_time:7906ms step_avg:29.61ms
step:268/1325 train_time:7937ms step_avg:29.61ms
step:269/1325 train_time:7963ms step_avg:29.60ms
step:270/1325 train_time:7994ms step_avg:29.61ms
step:271/1325 train_time:8021ms step_avg:29.60ms
step:272/1325 train_time:8051ms step_avg:29.60ms
step:273/1325 train_time:8077ms step_avg:29.59ms
step:274/1325 train_time:8108ms step_avg:29.59ms
step:275/1325 train_time:8135ms step_avg:29.58ms
step:276/1325 train_time:8165ms step_avg:29.58ms
step:277/1325 train_time:8192ms step_avg:29.57ms
step:278/1325 train_time:8222ms step_avg:29.58ms
step:279/1325 train_time:8249ms step_avg:29.57ms
step:280/1325 train_time:8282ms step_avg:29.58ms
step:281/1325 train_time:8306ms step_avg:29.56ms
step:282/1325 train_time:8336ms step_avg:29.56ms
step:283/1325 train_time:8363ms step_avg:29.55ms
step:284/1325 train_time:8394ms step_avg:29.56ms
step:285/1325 train_time:8420ms step_avg:29.54ms
step:286/1325 train_time:8451ms step_avg:29.55ms
step:287/1325 train_time:8477ms step_avg:29.54ms
step:288/1325 train_time:8508ms step_avg:29.54ms
step:289/1325 train_time:8534ms step_avg:29.53ms
step:290/1325 train_time:8565ms step_avg:29.53ms
step:291/1325 train_time:8592ms step_avg:29.52ms
step:292/1325 train_time:8622ms step_avg:29.53ms
step:293/1325 train_time:8649ms step_avg:29.52ms
step:294/1325 train_time:8679ms step_avg:29.52ms
step:295/1325 train_time:8706ms step_avg:29.51ms
step:296/1325 train_time:8736ms step_avg:29.51ms
step:297/1325 train_time:8763ms step_avg:29.50ms
step:298/1325 train_time:8793ms step_avg:29.51ms
step:299/1325 train_time:8820ms step_avg:29.50ms
step:300/1325 train_time:8850ms step_avg:29.50ms
step:301/1325 train_time:8877ms step_avg:29.49ms
step:302/1325 train_time:8907ms step_avg:29.49ms
step:303/1325 train_time:8934ms step_avg:29.49ms
step:304/1325 train_time:8965ms step_avg:29.49ms
step:305/1325 train_time:8991ms step_avg:29.48ms
step:306/1325 train_time:9021ms step_avg:29.48ms
step:307/1325 train_time:9048ms step_avg:29.47ms
step:308/1325 train_time:9079ms step_avg:29.48ms
step:309/1325 train_time:9105ms step_avg:29.47ms
step:310/1325 train_time:9136ms step_avg:29.47ms
step:311/1325 train_time:9162ms step_avg:29.46ms
step:312/1325 train_time:9193ms step_avg:29.46ms
step:313/1325 train_time:9219ms step_avg:29.46ms
step:314/1325 train_time:9250ms step_avg:29.46ms
step:315/1325 train_time:9277ms step_avg:29.45ms
step:316/1325 train_time:9307ms step_avg:29.45ms
step:317/1325 train_time:9334ms step_avg:29.44ms
step:318/1325 train_time:9364ms step_avg:29.45ms
step:319/1325 train_time:9391ms step_avg:29.44ms
step:320/1325 train_time:9421ms step_avg:29.44ms
step:321/1325 train_time:9448ms step_avg:29.43ms
step:322/1325 train_time:9478ms step_avg:29.44ms
step:323/1325 train_time:9505ms step_avg:29.43ms
step:324/1325 train_time:9535ms step_avg:29.43ms
step:325/1325 train_time:9562ms step_avg:29.42ms
step:326/1325 train_time:9592ms step_avg:29.42ms
step:327/1325 train_time:9619ms step_avg:29.42ms
step:328/1325 train_time:9649ms step_avg:29.42ms
step:329/1325 train_time:9676ms step_avg:29.41ms
step:330/1325 train_time:9707ms step_avg:29.42ms
step:331/1325 train_time:9733ms step_avg:29.40ms
step:332/1325 train_time:9763ms step_avg:29.41ms
step:333/1325 train_time:9790ms step_avg:29.40ms
step:334/1325 train_time:9821ms step_avg:29.40ms
step:335/1325 train_time:9847ms step_avg:29.39ms
step:336/1325 train_time:9878ms step_avg:29.40ms
step:337/1325 train_time:9905ms step_avg:29.39ms
step:338/1325 train_time:9935ms step_avg:29.39ms
step:339/1325 train_time:9962ms step_avg:29.39ms
step:340/1325 train_time:9992ms step_avg:29.39ms
step:341/1325 train_time:10019ms step_avg:29.38ms
step:342/1325 train_time:10049ms step_avg:29.38ms
step:343/1325 train_time:10076ms step_avg:29.38ms
step:344/1325 train_time:10106ms step_avg:29.38ms
step:345/1325 train_time:10133ms step_avg:29.37ms
step:346/1325 train_time:10163ms step_avg:29.37ms
step:347/1325 train_time:10190ms step_avg:29.36ms
step:348/1325 train_time:10220ms step_avg:29.37ms
step:349/1325 train_time:10247ms step_avg:29.36ms
step:350/1325 train_time:10277ms step_avg:29.36ms
step:351/1325 train_time:10304ms step_avg:29.36ms
step:352/1325 train_time:10334ms step_avg:29.36ms
step:353/1325 train_time:10361ms step_avg:29.35ms
step:354/1325 train_time:10391ms step_avg:29.35ms
step:355/1325 train_time:10418ms step_avg:29.35ms
step:356/1325 train_time:10448ms step_avg:29.35ms
step:357/1325 train_time:10475ms step_avg:29.34ms
step:358/1325 train_time:10506ms step_avg:29.35ms
step:359/1325 train_time:10532ms step_avg:29.34ms
step:360/1325 train_time:10563ms step_avg:29.34ms
step:361/1325 train_time:10589ms step_avg:29.33ms
step:362/1325 train_time:10620ms step_avg:29.34ms
step:363/1325 train_time:10647ms step_avg:29.33ms
step:364/1325 train_time:10677ms step_avg:29.33ms
step:365/1325 train_time:10704ms step_avg:29.33ms
step:366/1325 train_time:10734ms step_avg:29.33ms
step:367/1325 train_time:10761ms step_avg:29.32ms
step:368/1325 train_time:10791ms step_avg:29.32ms
step:369/1325 train_time:10818ms step_avg:29.32ms
step:370/1325 train_time:10848ms step_avg:29.32ms
step:371/1325 train_time:10875ms step_avg:29.31ms
step:372/1325 train_time:10905ms step_avg:29.31ms
step:373/1325 train_time:10932ms step_avg:29.31ms
step:374/1325 train_time:10962ms step_avg:29.31ms
step:375/1325 train_time:10989ms step_avg:29.30ms
step:376/1325 train_time:11019ms step_avg:29.31ms
step:377/1325 train_time:11046ms step_avg:29.30ms
step:378/1325 train_time:11076ms step_avg:29.30ms
step:379/1325 train_time:11103ms step_avg:29.30ms
step:380/1325 train_time:11133ms step_avg:29.30ms
step:381/1325 train_time:11160ms step_avg:29.29ms
step:382/1325 train_time:11191ms step_avg:29.29ms
step:383/1325 train_time:11217ms step_avg:29.29ms
step:384/1325 train_time:11247ms step_avg:29.29ms
step:385/1325 train_time:11274ms step_avg:29.28ms
step:386/1325 train_time:11305ms step_avg:29.29ms
step:387/1325 train_time:11331ms step_avg:29.28ms
step:388/1325 train_time:11361ms step_avg:29.28ms
step:389/1325 train_time:11388ms step_avg:29.28ms
step:390/1325 train_time:11419ms step_avg:29.28ms
step:391/1325 train_time:11445ms step_avg:29.27ms
step:392/1325 train_time:11476ms step_avg:29.28ms
step:393/1325 train_time:11502ms step_avg:29.27ms
step:394/1325 train_time:11533ms step_avg:29.27ms
step:395/1325 train_time:11559ms step_avg:29.26ms
step:396/1325 train_time:11590ms step_avg:29.27ms
step:397/1325 train_time:11616ms step_avg:29.26ms
step:398/1325 train_time:11647ms step_avg:29.26ms
step:399/1325 train_time:11673ms step_avg:29.26ms
step:400/1325 train_time:11705ms step_avg:29.26ms
step:401/1325 train_time:11730ms step_avg:29.25ms
step:402/1325 train_time:11761ms step_avg:29.26ms
step:403/1325 train_time:11788ms step_avg:29.25ms
step:404/1325 train_time:11818ms step_avg:29.25ms
step:405/1325 train_time:11845ms step_avg:29.25ms
step:406/1325 train_time:11875ms step_avg:29.25ms
step:407/1325 train_time:11902ms step_avg:29.24ms
step:408/1325 train_time:11932ms step_avg:29.24ms
step:409/1325 train_time:11959ms step_avg:29.24ms
step:410/1325 train_time:11989ms step_avg:29.24ms
step:411/1325 train_time:12016ms step_avg:29.24ms
step:412/1325 train_time:12046ms step_avg:29.24ms
step:413/1325 train_time:12073ms step_avg:29.23ms
step:414/1325 train_time:12103ms step_avg:29.23ms
step:415/1325 train_time:12130ms step_avg:29.23ms
step:416/1325 train_time:12160ms step_avg:29.23ms
step:417/1325 train_time:12187ms step_avg:29.23ms
step:418/1325 train_time:12219ms step_avg:29.23ms
step:419/1325 train_time:12268ms step_avg:29.28ms
step:420/1325 train_time:12318ms step_avg:29.33ms
step:421/1325 train_time:12364ms step_avg:29.37ms
step:422/1325 train_time:12414ms step_avg:29.42ms
step:423/1325 train_time:12460ms step_avg:29.46ms
step:424/1325 train_time:12510ms step_avg:29.50ms
step:425/1325 train_time:12556ms step_avg:29.54ms
step:426/1325 train_time:12606ms step_avg:29.59ms
step:427/1325 train_time:12652ms step_avg:29.63ms
step:428/1325 train_time:12703ms step_avg:29.68ms
step:429/1325 train_time:12749ms step_avg:29.72ms
step:430/1325 train_time:12799ms step_avg:29.76ms
step:431/1325 train_time:12845ms step_avg:29.80ms
step:432/1325 train_time:12895ms step_avg:29.85ms
step:433/1325 train_time:12942ms step_avg:29.89ms
step:434/1325 train_time:12992ms step_avg:29.94ms
step:435/1325 train_time:13039ms step_avg:29.98ms
step:436/1325 train_time:13089ms step_avg:30.02ms
step:437/1325 train_time:13137ms step_avg:30.06ms
step:438/1325 train_time:13187ms step_avg:30.11ms
step:439/1325 train_time:13234ms step_avg:30.15ms
step:440/1325 train_time:13284ms step_avg:30.19ms
step:441/1325 train_time:13331ms step_avg:30.23ms
step:442/1325 train_time:13381ms step_avg:30.27ms
step:443/1325 train_time:13428ms step_avg:30.31ms
step:444/1325 train_time:13478ms step_avg:30.36ms
step:445/1325 train_time:13525ms step_avg:30.39ms
step:446/1325 train_time:13574ms step_avg:30.44ms
step:447/1325 train_time:13621ms step_avg:30.47ms
step:448/1325 train_time:13671ms step_avg:30.52ms
step:449/1325 train_time:13718ms step_avg:30.55ms
step:450/1325 train_time:13767ms step_avg:30.59ms
step:451/1325 train_time:13814ms step_avg:30.63ms
step:452/1325 train_time:13863ms step_avg:30.67ms
step:453/1325 train_time:13910ms step_avg:30.71ms
step:454/1325 train_time:13960ms step_avg:30.75ms
step:455/1325 train_time:14007ms step_avg:30.78ms
step:456/1325 train_time:14057ms step_avg:30.83ms
step:457/1325 train_time:14104ms step_avg:30.86ms
step:458/1325 train_time:14153ms step_avg:30.90ms
step:459/1325 train_time:14200ms step_avg:30.94ms
step:460/1325 train_time:14250ms step_avg:30.98ms
step:461/1325 train_time:14297ms step_avg:31.01ms
step:462/1325 train_time:14347ms step_avg:31.05ms
step:463/1325 train_time:14393ms step_avg:31.09ms
step:464/1325 train_time:14443ms step_avg:31.13ms
step:465/1325 train_time:14491ms step_avg:31.16ms
step:466/1325 train_time:14540ms step_avg:31.20ms
step:467/1325 train_time:14587ms step_avg:31.24ms
step:468/1325 train_time:14637ms step_avg:31.27ms
step:469/1325 train_time:14683ms step_avg:31.31ms
step:470/1325 train_time:14733ms step_avg:31.35ms
step:471/1325 train_time:14780ms step_avg:31.38ms
step:472/1325 train_time:14829ms step_avg:31.42ms
step:473/1325 train_time:14876ms step_avg:31.45ms
step:474/1325 train_time:14925ms step_avg:31.49ms
step:475/1325 train_time:14972ms step_avg:31.52ms
step:476/1325 train_time:15023ms step_avg:31.56ms
step:477/1325 train_time:15069ms step_avg:31.59ms
step:478/1325 train_time:15119ms step_avg:31.63ms
step:479/1325 train_time:15165ms step_avg:31.66ms
step:480/1325 train_time:15217ms step_avg:31.70ms
step:481/1325 train_time:15262ms step_avg:31.73ms
step:482/1325 train_time:15312ms step_avg:31.77ms
step:483/1325 train_time:15359ms step_avg:31.80ms
step:484/1325 train_time:15408ms step_avg:31.84ms
step:485/1325 train_time:15456ms step_avg:31.87ms
step:486/1325 train_time:15506ms step_avg:31.90ms
step:487/1325 train_time:15553ms step_avg:31.94ms
step:488/1325 train_time:15602ms step_avg:31.97ms
step:489/1325 train_time:15649ms step_avg:32.00ms
step:490/1325 train_time:15699ms step_avg:32.04ms
step:491/1325 train_time:15746ms step_avg:32.07ms
step:492/1325 train_time:15795ms step_avg:32.10ms
step:493/1325 train_time:15842ms step_avg:32.13ms
step:494/1325 train_time:15892ms step_avg:32.17ms
step:495/1325 train_time:15939ms step_avg:32.20ms
step:496/1325 train_time:15989ms step_avg:32.24ms
step:497/1325 train_time:16036ms step_avg:32.27ms
step:498/1325 train_time:16086ms step_avg:32.30ms
step:499/1325 train_time:16133ms step_avg:32.33ms
step:500/1325 train_time:16182ms step_avg:32.36ms
step:500/1325 val_loss:4.1385 train_time:16232ms step_avg:32.46ms
step:501/1325 train_time:16255ms step_avg:32.44ms
step:502/1325 train_time:16282ms step_avg:32.43ms
step:503/1325 train_time:16328ms step_avg:32.46ms
step:504/1325 train_time:16378ms step_avg:32.50ms
step:505/1325 train_time:16424ms step_avg:32.52ms
step:506/1325 train_time:16474ms step_avg:32.56ms
step:507/1325 train_time:16520ms step_avg:32.58ms
step:508/1325 train_time:16570ms step_avg:32.62ms
step:509/1325 train_time:16617ms step_avg:32.65ms
step:510/1325 train_time:16667ms step_avg:32.68ms
step:511/1325 train_time:16713ms step_avg:32.71ms
step:512/1325 train_time:16763ms step_avg:32.74ms
step:513/1325 train_time:16810ms step_avg:32.77ms
step:514/1325 train_time:16859ms step_avg:32.80ms
step:515/1325 train_time:16906ms step_avg:32.83ms
step:516/1325 train_time:16955ms step_avg:32.86ms
step:517/1325 train_time:17002ms step_avg:32.89ms
step:518/1325 train_time:17051ms step_avg:32.92ms
step:519/1325 train_time:17098ms step_avg:32.94ms
step:520/1325 train_time:17148ms step_avg:32.98ms
step:521/1325 train_time:17196ms step_avg:33.01ms
step:522/1325 train_time:17246ms step_avg:33.04ms
step:523/1325 train_time:17293ms step_avg:33.07ms
step:524/1325 train_time:17343ms step_avg:33.10ms
step:525/1325 train_time:17390ms step_avg:33.12ms
step:526/1325 train_time:17439ms step_avg:33.15ms
step:527/1325 train_time:17486ms step_avg:33.18ms
step:528/1325 train_time:17536ms step_avg:33.21ms
step:529/1325 train_time:17582ms step_avg:33.24ms
step:530/1325 train_time:17632ms step_avg:33.27ms
step:531/1325 train_time:17679ms step_avg:33.29ms
step:532/1325 train_time:17729ms step_avg:33.33ms
step:533/1325 train_time:17776ms step_avg:33.35ms
step:534/1325 train_time:17825ms step_avg:33.38ms
step:535/1325 train_time:17872ms step_avg:33.41ms
step:536/1325 train_time:17921ms step_avg:33.44ms
step:537/1325 train_time:17968ms step_avg:33.46ms
step:538/1325 train_time:18018ms step_avg:33.49ms
step:539/1325 train_time:18065ms step_avg:33.51ms
step:540/1325 train_time:18114ms step_avg:33.54ms
step:541/1325 train_time:18161ms step_avg:33.57ms
step:542/1325 train_time:18211ms step_avg:33.60ms
step:543/1325 train_time:18258ms step_avg:33.62ms
step:544/1325 train_time:18307ms step_avg:33.65ms
step:545/1325 train_time:18354ms step_avg:33.68ms
step:546/1325 train_time:18404ms step_avg:33.71ms
step:547/1325 train_time:18451ms step_avg:33.73ms
step:548/1325 train_time:18501ms step_avg:33.76ms
step:549/1325 train_time:18548ms step_avg:33.78ms
step:550/1325 train_time:18597ms step_avg:33.81ms
step:551/1325 train_time:18644ms step_avg:33.84ms
step:552/1325 train_time:18694ms step_avg:33.87ms
step:553/1325 train_time:18741ms step_avg:33.89ms
step:554/1325 train_time:18791ms step_avg:33.92ms
step:555/1325 train_time:18838ms step_avg:33.94ms
step:556/1325 train_time:18887ms step_avg:33.97ms
step:557/1325 train_time:18934ms step_avg:33.99ms
step:558/1325 train_time:18984ms step_avg:34.02ms
step:559/1325 train_time:19031ms step_avg:34.04ms
step:560/1325 train_time:19081ms step_avg:34.07ms
step:561/1325 train_time:19127ms step_avg:34.09ms
step:562/1325 train_time:19177ms step_avg:34.12ms
step:563/1325 train_time:19224ms step_avg:34.15ms
step:564/1325 train_time:19273ms step_avg:34.17ms
step:565/1325 train_time:19321ms step_avg:34.20ms
step:566/1325 train_time:19370ms step_avg:34.22ms
step:567/1325 train_time:19417ms step_avg:34.25ms
step:568/1325 train_time:19467ms step_avg:34.27ms
step:569/1325 train_time:19514ms step_avg:34.29ms
step:570/1325 train_time:19563ms step_avg:34.32ms
step:571/1325 train_time:19610ms step_avg:34.34ms
step:572/1325 train_time:19660ms step_avg:34.37ms
step:573/1325 train_time:19706ms step_avg:34.39ms
step:574/1325 train_time:19756ms step_avg:34.42ms
step:575/1325 train_time:19803ms step_avg:34.44ms
step:576/1325 train_time:19853ms step_avg:34.47ms
step:577/1325 train_time:19900ms step_avg:34.49ms
step:578/1325 train_time:19949ms step_avg:34.51ms
step:579/1325 train_time:19996ms step_avg:34.54ms
step:580/1325 train_time:20046ms step_avg:34.56ms
step:581/1325 train_time:20093ms step_avg:34.58ms
step:582/1325 train_time:20142ms step_avg:34.61ms
step:583/1325 train_time:20189ms step_avg:34.63ms
step:584/1325 train_time:20239ms step_avg:34.66ms
step:585/1325 train_time:20286ms step_avg:34.68ms
step:586/1325 train_time:20336ms step_avg:34.70ms
step:587/1325 train_time:20382ms step_avg:34.72ms
step:588/1325 train_time:20432ms step_avg:34.75ms
step:589/1325 train_time:20479ms step_avg:34.77ms
step:590/1325 train_time:20528ms step_avg:34.79ms
step:591/1325 train_time:20575ms step_avg:34.81ms
step:592/1325 train_time:20625ms step_avg:34.84ms
step:593/1325 train_time:20672ms step_avg:34.86ms
step:594/1325 train_time:20722ms step_avg:34.89ms
step:595/1325 train_time:20768ms step_avg:34.90ms
step:596/1325 train_time:20818ms step_avg:34.93ms
step:597/1325 train_time:20865ms step_avg:34.95ms
step:598/1325 train_time:20914ms step_avg:34.97ms
step:599/1325 train_time:20962ms step_avg:34.99ms
step:600/1325 train_time:21011ms step_avg:35.02ms
step:601/1325 train_time:21059ms step_avg:35.04ms
step:602/1325 train_time:21109ms step_avg:35.06ms
step:603/1325 train_time:21156ms step_avg:35.08ms
step:604/1325 train_time:21206ms step_avg:35.11ms
step:605/1325 train_time:21253ms step_avg:35.13ms
step:606/1325 train_time:21303ms step_avg:35.15ms
step:607/1325 train_time:21350ms step_avg:35.17ms
step:608/1325 train_time:21399ms step_avg:35.20ms
step:609/1325 train_time:21446ms step_avg:35.22ms
step:610/1325 train_time:21496ms step_avg:35.24ms
step:611/1325 train_time:21543ms step_avg:35.26ms
step:612/1325 train_time:21593ms step_avg:35.28ms
step:613/1325 train_time:21639ms step_avg:35.30ms
step:614/1325 train_time:21689ms step_avg:35.32ms
step:615/1325 train_time:21736ms step_avg:35.34ms
step:616/1325 train_time:21786ms step_avg:35.37ms
step:617/1325 train_time:21833ms step_avg:35.38ms
step:618/1325 train_time:21882ms step_avg:35.41ms
step:619/1325 train_time:21929ms step_avg:35.43ms
step:620/1325 train_time:21978ms step_avg:35.45ms
step:621/1325 train_time:22025ms step_avg:35.47ms
step:622/1325 train_time:22075ms step_avg:35.49ms
step:623/1325 train_time:22122ms step_avg:35.51ms
step:624/1325 train_time:22171ms step_avg:35.53ms
step:625/1325 train_time:22218ms step_avg:35.55ms
step:626/1325 train_time:22268ms step_avg:35.57ms
step:627/1325 train_time:22315ms step_avg:35.59ms
step:628/1325 train_time:22365ms step_avg:35.61ms
step:629/1325 train_time:22412ms step_avg:35.63ms
step:630/1325 train_time:22461ms step_avg:35.65ms
step:631/1325 train_time:22508ms step_avg:35.67ms
step:632/1325 train_time:22558ms step_avg:35.69ms
step:633/1325 train_time:22605ms step_avg:35.71ms
step:634/1325 train_time:22654ms step_avg:35.73ms
step:635/1325 train_time:22702ms step_avg:35.75ms
step:636/1325 train_time:22751ms step_avg:35.77ms
step:637/1325 train_time:22798ms step_avg:35.79ms
step:638/1325 train_time:22847ms step_avg:35.81ms
step:639/1325 train_time:22894ms step_avg:35.83ms
step:640/1325 train_time:22944ms step_avg:35.85ms
step:641/1325 train_time:22991ms step_avg:35.87ms
step:642/1325 train_time:23040ms step_avg:35.89ms
step:643/1325 train_time:23087ms step_avg:35.91ms
step:644/1325 train_time:23137ms step_avg:35.93ms
step:645/1325 train_time:23184ms step_avg:35.94ms
step:646/1325 train_time:23234ms step_avg:35.97ms
step:647/1325 train_time:23280ms step_avg:35.98ms
step:648/1325 train_time:23330ms step_avg:36.00ms
step:649/1325 train_time:23377ms step_avg:36.02ms
step:650/1325 train_time:23427ms step_avg:36.04ms
step:651/1325 train_time:23474ms step_avg:36.06ms
step:652/1325 train_time:23524ms step_avg:36.08ms
step:653/1325 train_time:23570ms step_avg:36.10ms
step:654/1325 train_time:23620ms step_avg:36.12ms
step:655/1325 train_time:23667ms step_avg:36.13ms
step:656/1325 train_time:23717ms step_avg:36.15ms
step:657/1325 train_time:23764ms step_avg:36.17ms
step:658/1325 train_time:23813ms step_avg:36.19ms
step:659/1325 train_time:23860ms step_avg:36.21ms
step:660/1325 train_time:23910ms step_avg:36.23ms
step:661/1325 train_time:23957ms step_avg:36.24ms
step:662/1325 train_time:24006ms step_avg:36.26ms
step:663/1325 train_time:24053ms step_avg:36.28ms
step:664/1325 train_time:24103ms step_avg:36.30ms
step:665/1325 train_time:24150ms step_avg:36.32ms
step:666/1325 train_time:24200ms step_avg:36.34ms
step:667/1325 train_time:24246ms step_avg:36.35ms
step:668/1325 train_time:24296ms step_avg:36.37ms
step:669/1325 train_time:24343ms step_avg:36.39ms
step:670/1325 train_time:24393ms step_avg:36.41ms
step:671/1325 train_time:24439ms step_avg:36.42ms
step:672/1325 train_time:24489ms step_avg:36.44ms
step:673/1325 train_time:24536ms step_avg:36.46ms
step:674/1325 train_time:24585ms step_avg:36.48ms
step:675/1325 train_time:24633ms step_avg:36.49ms
step:676/1325 train_time:24682ms step_avg:36.51ms
step:677/1325 train_time:24729ms step_avg:36.53ms
step:678/1325 train_time:24779ms step_avg:36.55ms
step:679/1325 train_time:24826ms step_avg:36.56ms
step:680/1325 train_time:24875ms step_avg:36.58ms
step:681/1325 train_time:24922ms step_avg:36.60ms
step:682/1325 train_time:24972ms step_avg:36.62ms
step:683/1325 train_time:25019ms step_avg:36.63ms
step:684/1325 train_time:25068ms step_avg:36.65ms
step:685/1325 train_time:25116ms step_avg:36.66ms
step:686/1325 train_time:25165ms step_avg:36.68ms
step:687/1325 train_time:25213ms step_avg:36.70ms
step:688/1325 train_time:25262ms step_avg:36.72ms
step:689/1325 train_time:25309ms step_avg:36.73ms
step:690/1325 train_time:25359ms step_avg:36.75ms
step:691/1325 train_time:25406ms step_avg:36.77ms
step:692/1325 train_time:25456ms step_avg:36.79ms
step:693/1325 train_time:25503ms step_avg:36.80ms
step:694/1325 train_time:25552ms step_avg:36.82ms
step:695/1325 train_time:25599ms step_avg:36.83ms
step:696/1325 train_time:25649ms step_avg:36.85ms
step:697/1325 train_time:25696ms step_avg:36.87ms
step:698/1325 train_time:25746ms step_avg:36.89ms
step:699/1325 train_time:25793ms step_avg:36.90ms
step:700/1325 train_time:25842ms step_avg:36.92ms
step:701/1325 train_time:25889ms step_avg:36.93ms
step:702/1325 train_time:25939ms step_avg:36.95ms
step:703/1325 train_time:25986ms step_avg:36.96ms
step:704/1325 train_time:26036ms step_avg:36.98ms
step:705/1325 train_time:26083ms step_avg:37.00ms
step:706/1325 train_time:26132ms step_avg:37.01ms
step:707/1325 train_time:26179ms step_avg:37.03ms
step:708/1325 train_time:26229ms step_avg:37.05ms
step:709/1325 train_time:26276ms step_avg:37.06ms
step:710/1325 train_time:26326ms step_avg:37.08ms
step:711/1325 train_time:26373ms step_avg:37.09ms
step:712/1325 train_time:26422ms step_avg:37.11ms
step:713/1325 train_time:26469ms step_avg:37.12ms
step:714/1325 train_time:26519ms step_avg:37.14ms
step:715/1325 train_time:26566ms step_avg:37.15ms
step:716/1325 train_time:26615ms step_avg:37.17ms
step:717/1325 train_time:26662ms step_avg:37.19ms
step:718/1325 train_time:26713ms step_avg:37.20ms
step:719/1325 train_time:26759ms step_avg:37.22ms
step:720/1325 train_time:26809ms step_avg:37.23ms
step:721/1325 train_time:26856ms step_avg:37.25ms
step:722/1325 train_time:26905ms step_avg:37.26ms
step:723/1325 train_time:26952ms step_avg:37.28ms
step:724/1325 train_time:27002ms step_avg:37.30ms
step:725/1325 train_time:27048ms step_avg:37.31ms
step:726/1325 train_time:27098ms step_avg:37.33ms
step:727/1325 train_time:27145ms step_avg:37.34ms
step:728/1325 train_time:27195ms step_avg:37.36ms
step:729/1325 train_time:27242ms step_avg:37.37ms
step:730/1325 train_time:27291ms step_avg:37.39ms
step:731/1325 train_time:27339ms step_avg:37.40ms
step:732/1325 train_time:27388ms step_avg:37.42ms
step:733/1325 train_time:27435ms step_avg:37.43ms
step:734/1325 train_time:27485ms step_avg:37.45ms
step:735/1325 train_time:27532ms step_avg:37.46ms
step:736/1325 train_time:27582ms step_avg:37.47ms
step:737/1325 train_time:27629ms step_avg:37.49ms
step:738/1325 train_time:27678ms step_avg:37.50ms
step:739/1325 train_time:27725ms step_avg:37.52ms
step:740/1325 train_time:27775ms step_avg:37.53ms
step:741/1325 train_time:27822ms step_avg:37.55ms
step:742/1325 train_time:27871ms step_avg:37.56ms
step:743/1325 train_time:27918ms step_avg:37.57ms
step:744/1325 train_time:27968ms step_avg:37.59ms
step:745/1325 train_time:28015ms step_avg:37.60ms
step:746/1325 train_time:28064ms step_avg:37.62ms
step:747/1325 train_time:28111ms step_avg:37.63ms
step:748/1325 train_time:28161ms step_avg:37.65ms
step:749/1325 train_time:28208ms step_avg:37.66ms
step:750/1325 train_time:28257ms step_avg:37.68ms
step:750/1325 val_loss:3.6771 train_time:28307ms step_avg:37.74ms
step:751/1325 train_time:28328ms step_avg:37.72ms
step:752/1325 train_time:28356ms step_avg:37.71ms
step:753/1325 train_time:28402ms step_avg:37.72ms
step:754/1325 train_time:28451ms step_avg:37.73ms
step:755/1325 train_time:28498ms step_avg:37.75ms
step:756/1325 train_time:28548ms step_avg:37.76ms
step:757/1325 train_time:28595ms step_avg:37.77ms
step:758/1325 train_time:28644ms step_avg:37.79ms
step:759/1325 train_time:28691ms step_avg:37.80ms
step:760/1325 train_time:28741ms step_avg:37.82ms
step:761/1325 train_time:28787ms step_avg:37.83ms
step:762/1325 train_time:28837ms step_avg:37.84ms
step:763/1325 train_time:28883ms step_avg:37.85ms
step:764/1325 train_time:28933ms step_avg:37.87ms
step:765/1325 train_time:28979ms step_avg:37.88ms
step:766/1325 train_time:29029ms step_avg:37.90ms
step:767/1325 train_time:29076ms step_avg:37.91ms
step:768/1325 train_time:29125ms step_avg:37.92ms
step:769/1325 train_time:29172ms step_avg:37.94ms
step:770/1325 train_time:29222ms step_avg:37.95ms
step:771/1325 train_time:29270ms step_avg:37.96ms
step:772/1325 train_time:29320ms step_avg:37.98ms
step:773/1325 train_time:29367ms step_avg:37.99ms
step:774/1325 train_time:29417ms step_avg:38.01ms
step:775/1325 train_time:29464ms step_avg:38.02ms
step:776/1325 train_time:29514ms step_avg:38.03ms
step:777/1325 train_time:29560ms step_avg:38.04ms
step:778/1325 train_time:29610ms step_avg:38.06ms
step:779/1325 train_time:29657ms step_avg:38.07ms
step:780/1325 train_time:29707ms step_avg:38.09ms
step:781/1325 train_time:29753ms step_avg:38.10ms
step:782/1325 train_time:29803ms step_avg:38.11ms
step:783/1325 train_time:29850ms step_avg:38.12ms
step:784/1325 train_time:29900ms step_avg:38.14ms
step:785/1325 train_time:29946ms step_avg:38.15ms
step:786/1325 train_time:29996ms step_avg:38.16ms
step:787/1325 train_time:30043ms step_avg:38.17ms
step:788/1325 train_time:30093ms step_avg:38.19ms
step:789/1325 train_time:30139ms step_avg:38.20ms
step:790/1325 train_time:30189ms step_avg:38.21ms
step:791/1325 train_time:30236ms step_avg:38.22ms
step:792/1325 train_time:30287ms step_avg:38.24ms
step:793/1325 train_time:30333ms step_avg:38.25ms
step:794/1325 train_time:30383ms step_avg:38.27ms
step:795/1325 train_time:30430ms step_avg:38.28ms
step:796/1325 train_time:30480ms step_avg:38.29ms
step:797/1325 train_time:30527ms step_avg:38.30ms
step:798/1325 train_time:30577ms step_avg:38.32ms
step:799/1325 train_time:30624ms step_avg:38.33ms
step:800/1325 train_time:30674ms step_avg:38.34ms
step:801/1325 train_time:30721ms step_avg:38.35ms
step:802/1325 train_time:30770ms step_avg:38.37ms
step:803/1325 train_time:30817ms step_avg:38.38ms
step:804/1325 train_time:30866ms step_avg:38.39ms
step:805/1325 train_time:30913ms step_avg:38.40ms
step:806/1325 train_time:30963ms step_avg:38.42ms
step:807/1325 train_time:31009ms step_avg:38.43ms
step:808/1325 train_time:31059ms step_avg:38.44ms
step:809/1325 train_time:31106ms step_avg:38.45ms
step:810/1325 train_time:31156ms step_avg:38.46ms
step:811/1325 train_time:31203ms step_avg:38.47ms
step:812/1325 train_time:31252ms step_avg:38.49ms
step:813/1325 train_time:31299ms step_avg:38.50ms
step:814/1325 train_time:31349ms step_avg:38.51ms
step:815/1325 train_time:31397ms step_avg:38.52ms
step:816/1325 train_time:31446ms step_avg:38.54ms
step:817/1325 train_time:31493ms step_avg:38.55ms
step:818/1325 train_time:31543ms step_avg:38.56ms
step:819/1325 train_time:31590ms step_avg:38.57ms
step:820/1325 train_time:31640ms step_avg:38.58ms
step:821/1325 train_time:31686ms step_avg:38.59ms
step:822/1325 train_time:31736ms step_avg:38.61ms
step:823/1325 train_time:31783ms step_avg:38.62ms
step:824/1325 train_time:31833ms step_avg:38.63ms
step:825/1325 train_time:31880ms step_avg:38.64ms
step:826/1325 train_time:31930ms step_avg:38.66ms
step:827/1325 train_time:31976ms step_avg:38.67ms
step:828/1325 train_time:32026ms step_avg:38.68ms
step:829/1325 train_time:32073ms step_avg:38.69ms
step:830/1325 train_time:32123ms step_avg:38.70ms
step:831/1325 train_time:32169ms step_avg:38.71ms
step:832/1325 train_time:32219ms step_avg:38.72ms
step:833/1325 train_time:32266ms step_avg:38.73ms
step:834/1325 train_time:32317ms step_avg:38.75ms
step:835/1325 train_time:32385ms step_avg:38.78ms
step:836/1325 train_time:32453ms step_avg:38.82ms
step:837/1325 train_time:32519ms step_avg:38.85ms
step:838/1325 train_time:32587ms step_avg:38.89ms
step:839/1325 train_time:32652ms step_avg:38.92ms
step:840/1325 train_time:32720ms step_avg:38.95ms
step:841/1325 train_time:32785ms step_avg:38.98ms
step:842/1325 train_time:32853ms step_avg:39.02ms
step:843/1325 train_time:32918ms step_avg:39.05ms
step:844/1325 train_time:32987ms step_avg:39.08ms
step:845/1325 train_time:33052ms step_avg:39.11ms
step:846/1325 train_time:33120ms step_avg:39.15ms
step:847/1325 train_time:33186ms step_avg:39.18ms
step:848/1325 train_time:33254ms step_avg:39.22ms
step:849/1325 train_time:33320ms step_avg:39.25ms
step:850/1325 train_time:33388ms step_avg:39.28ms
step:851/1325 train_time:33453ms step_avg:39.31ms
step:852/1325 train_time:33521ms step_avg:39.34ms
step:853/1325 train_time:33587ms step_avg:39.38ms
step:854/1325 train_time:33656ms step_avg:39.41ms
step:855/1325 train_time:33720ms step_avg:39.44ms
step:856/1325 train_time:33789ms step_avg:39.47ms
step:857/1325 train_time:33855ms step_avg:39.50ms
step:858/1325 train_time:33923ms step_avg:39.54ms
step:859/1325 train_time:33988ms step_avg:39.57ms
step:860/1325 train_time:34056ms step_avg:39.60ms
step:861/1325 train_time:34122ms step_avg:39.63ms
step:862/1325 train_time:34191ms step_avg:39.66ms
step:863/1325 train_time:34256ms step_avg:39.69ms
step:864/1325 train_time:34324ms step_avg:39.73ms
step:865/1325 train_time:34389ms step_avg:39.76ms
step:866/1325 train_time:34457ms step_avg:39.79ms
step:867/1325 train_time:34522ms step_avg:39.82ms
step:868/1325 train_time:34591ms step_avg:39.85ms
step:869/1325 train_time:34656ms step_avg:39.88ms
step:870/1325 train_time:34724ms step_avg:39.91ms
step:871/1325 train_time:34789ms step_avg:39.94ms
step:872/1325 train_time:34857ms step_avg:39.97ms
step:873/1325 train_time:34923ms step_avg:40.00ms
step:874/1325 train_time:34991ms step_avg:40.04ms
step:875/1325 train_time:35056ms step_avg:40.06ms
step:876/1325 train_time:35125ms step_avg:40.10ms
step:877/1325 train_time:35189ms step_avg:40.12ms
step:878/1325 train_time:35257ms step_avg:40.16ms
step:879/1325 train_time:35322ms step_avg:40.18ms
step:880/1325 train_time:35390ms step_avg:40.22ms
step:881/1325 train_time:35455ms step_avg:40.24ms
step:882/1325 train_time:35524ms step_avg:40.28ms
step:883/1325 train_time:35589ms step_avg:40.30ms
step:884/1325 train_time:35657ms step_avg:40.34ms
step:885/1325 train_time:35722ms step_avg:40.36ms
step:886/1325 train_time:35790ms step_avg:40.40ms
step:887/1325 train_time:35856ms step_avg:40.42ms
step:888/1325 train_time:35924ms step_avg:40.45ms
step:889/1325 train_time:35989ms step_avg:40.48ms
step:890/1325 train_time:36058ms step_avg:40.51ms
step:891/1325 train_time:36122ms step_avg:40.54ms
step:892/1325 train_time:36191ms step_avg:40.57ms
step:893/1325 train_time:36256ms step_avg:40.60ms
step:894/1325 train_time:36324ms step_avg:40.63ms
step:895/1325 train_time:36390ms step_avg:40.66ms
step:896/1325 train_time:36458ms step_avg:40.69ms
step:897/1325 train_time:36523ms step_avg:40.72ms
step:898/1325 train_time:36591ms step_avg:40.75ms
step:899/1325 train_time:36657ms step_avg:40.78ms
step:900/1325 train_time:36725ms step_avg:40.81ms
step:901/1325 train_time:36791ms step_avg:40.83ms
step:902/1325 train_time:36859ms step_avg:40.86ms
step:903/1325 train_time:36924ms step_avg:40.89ms
step:904/1325 train_time:36992ms step_avg:40.92ms
step:905/1325 train_time:37058ms step_avg:40.95ms
step:906/1325 train_time:37126ms step_avg:40.98ms
step:907/1325 train_time:37192ms step_avg:41.01ms
step:908/1325 train_time:37260ms step_avg:41.04ms
step:909/1325 train_time:37325ms step_avg:41.06ms
step:910/1325 train_time:37393ms step_avg:41.09ms
step:911/1325 train_time:37459ms step_avg:41.12ms
step:912/1325 train_time:37527ms step_avg:41.15ms
step:913/1325 train_time:37593ms step_avg:41.18ms
step:914/1325 train_time:37661ms step_avg:41.20ms
step:915/1325 train_time:37726ms step_avg:41.23ms
step:916/1325 train_time:37794ms step_avg:41.26ms
step:917/1325 train_time:37860ms step_avg:41.29ms
step:918/1325 train_time:37928ms step_avg:41.32ms
step:919/1325 train_time:37993ms step_avg:41.34ms
step:920/1325 train_time:38061ms step_avg:41.37ms
step:921/1325 train_time:38127ms step_avg:41.40ms
step:922/1325 train_time:38195ms step_avg:41.43ms
step:923/1325 train_time:38261ms step_avg:41.45ms
step:924/1325 train_time:38329ms step_avg:41.48ms
step:925/1325 train_time:38394ms step_avg:41.51ms
step:926/1325 train_time:38462ms step_avg:41.54ms
step:927/1325 train_time:38528ms step_avg:41.56ms
step:928/1325 train_time:38597ms step_avg:41.59ms
step:929/1325 train_time:38662ms step_avg:41.62ms
step:930/1325 train_time:38730ms step_avg:41.65ms
step:931/1325 train_time:38796ms step_avg:41.67ms
step:932/1325 train_time:38864ms step_avg:41.70ms
step:933/1325 train_time:38928ms step_avg:41.72ms
step:934/1325 train_time:38997ms step_avg:41.75ms
step:935/1325 train_time:39062ms step_avg:41.78ms
step:936/1325 train_time:39130ms step_avg:41.81ms
step:937/1325 train_time:39196ms step_avg:41.83ms
step:938/1325 train_time:39263ms step_avg:41.86ms
step:939/1325 train_time:39329ms step_avg:41.88ms
step:940/1325 train_time:39397ms step_avg:41.91ms
step:941/1325 train_time:39462ms step_avg:41.94ms
step:942/1325 train_time:39531ms step_avg:41.96ms
step:943/1325 train_time:39596ms step_avg:41.99ms
step:944/1325 train_time:39665ms step_avg:42.02ms
step:945/1325 train_time:39730ms step_avg:42.04ms
step:946/1325 train_time:39798ms step_avg:42.07ms
step:947/1325 train_time:39864ms step_avg:42.09ms
step:948/1325 train_time:39932ms step_avg:42.12ms
step:949/1325 train_time:39998ms step_avg:42.15ms
step:950/1325 train_time:40067ms step_avg:42.18ms
step:951/1325 train_time:40132ms step_avg:42.20ms
step:952/1325 train_time:40200ms step_avg:42.23ms
step:953/1325 train_time:40266ms step_avg:42.25ms
step:954/1325 train_time:40334ms step_avg:42.28ms
step:955/1325 train_time:40399ms step_avg:42.30ms
step:956/1325 train_time:40467ms step_avg:42.33ms
step:957/1325 train_time:40533ms step_avg:42.35ms
step:958/1325 train_time:40601ms step_avg:42.38ms
step:959/1325 train_time:40666ms step_avg:42.40ms
step:960/1325 train_time:40735ms step_avg:42.43ms
step:961/1325 train_time:40800ms step_avg:42.46ms
step:962/1325 train_time:40869ms step_avg:42.48ms
step:963/1325 train_time:40934ms step_avg:42.51ms
step:964/1325 train_time:41002ms step_avg:42.53ms
step:965/1325 train_time:41068ms step_avg:42.56ms
step:966/1325 train_time:41136ms step_avg:42.58ms
step:967/1325 train_time:41201ms step_avg:42.61ms
step:968/1325 train_time:41270ms step_avg:42.63ms
step:969/1325 train_time:41334ms step_avg:42.66ms
step:970/1325 train_time:41403ms step_avg:42.68ms
step:971/1325 train_time:41469ms step_avg:42.71ms
step:972/1325 train_time:41537ms step_avg:42.73ms
step:973/1325 train_time:41602ms step_avg:42.76ms
step:974/1325 train_time:41670ms step_avg:42.78ms
step:975/1325 train_time:41735ms step_avg:42.81ms
step:976/1325 train_time:41803ms step_avg:42.83ms
step:977/1325 train_time:41869ms step_avg:42.85ms
step:978/1325 train_time:41937ms step_avg:42.88ms
step:979/1325 train_time:42003ms step_avg:42.90ms
step:980/1325 train_time:42071ms step_avg:42.93ms
step:981/1325 train_time:42136ms step_avg:42.95ms
step:982/1325 train_time:42204ms step_avg:42.98ms
step:983/1325 train_time:42269ms step_avg:43.00ms
step:984/1325 train_time:42337ms step_avg:43.03ms
step:985/1325 train_time:42402ms step_avg:43.05ms
step:986/1325 train_time:42471ms step_avg:43.07ms
step:987/1325 train_time:42535ms step_avg:43.10ms
step:988/1325 train_time:42604ms step_avg:43.12ms
step:989/1325 train_time:42669ms step_avg:43.14ms
step:990/1325 train_time:42737ms step_avg:43.17ms
step:991/1325 train_time:42802ms step_avg:43.19ms
step:992/1325 train_time:42870ms step_avg:43.22ms
step:993/1325 train_time:42936ms step_avg:43.24ms
step:994/1325 train_time:43004ms step_avg:43.26ms
step:995/1325 train_time:43071ms step_avg:43.29ms
step:996/1325 train_time:43139ms step_avg:43.31ms
step:997/1325 train_time:43204ms step_avg:43.33ms
step:998/1325 train_time:43272ms step_avg:43.36ms
step:999/1325 train_time:43337ms step_avg:43.38ms
step:1000/1325 train_time:43406ms step_avg:43.41ms
step:1000/1325 val_loss:3.4187 train_time:43473ms step_avg:43.47ms
step:1001/1325 train_time:43496ms step_avg:43.45ms
step:1002/1325 train_time:43541ms step_avg:43.45ms
step:1003/1325 train_time:43605ms step_avg:43.48ms
step:1004/1325 train_time:43674ms step_avg:43.50ms
step:1005/1325 train_time:43738ms step_avg:43.52ms
step:1006/1325 train_time:43806ms step_avg:43.54ms
step:1007/1325 train_time:43870ms step_avg:43.57ms
step:1008/1325 train_time:43938ms step_avg:43.59ms
step:1009/1325 train_time:44003ms step_avg:43.61ms
step:1010/1325 train_time:44071ms step_avg:43.63ms
step:1011/1325 train_time:44136ms step_avg:43.66ms
step:1012/1325 train_time:44204ms step_avg:43.68ms
step:1013/1325 train_time:44269ms step_avg:43.70ms
step:1014/1325 train_time:44337ms step_avg:43.72ms
step:1015/1325 train_time:44405ms step_avg:43.75ms
step:1016/1325 train_time:44473ms step_avg:43.77ms
step:1017/1325 train_time:44540ms step_avg:43.80ms
step:1018/1325 train_time:44608ms step_avg:43.82ms
step:1019/1325 train_time:44673ms step_avg:43.84ms
step:1020/1325 train_time:44744ms step_avg:43.87ms
step:1021/1325 train_time:44807ms step_avg:43.89ms
step:1022/1325 train_time:44875ms step_avg:43.91ms
step:1023/1325 train_time:44940ms step_avg:43.93ms
step:1024/1325 train_time:45009ms step_avg:43.95ms
step:1025/1325 train_time:45073ms step_avg:43.97ms
step:1026/1325 train_time:45142ms step_avg:44.00ms
step:1027/1325 train_time:45206ms step_avg:44.02ms
step:1028/1325 train_time:45274ms step_avg:44.04ms
step:1029/1325 train_time:45340ms step_avg:44.06ms
step:1030/1325 train_time:45409ms step_avg:44.09ms
step:1031/1325 train_time:45476ms step_avg:44.11ms
step:1032/1325 train_time:45544ms step_avg:44.13ms
step:1033/1325 train_time:45609ms step_avg:44.15ms
step:1034/1325 train_time:45677ms step_avg:44.18ms
step:1035/1325 train_time:45743ms step_avg:44.20ms
step:1036/1325 train_time:45811ms step_avg:44.22ms
step:1037/1325 train_time:45876ms step_avg:44.24ms
step:1038/1325 train_time:45944ms step_avg:44.26ms
step:1039/1325 train_time:46010ms step_avg:44.28ms
step:1040/1325 train_time:46078ms step_avg:44.31ms
step:1041/1325 train_time:46143ms step_avg:44.33ms
step:1042/1325 train_time:46211ms step_avg:44.35ms
step:1043/1325 train_time:46276ms step_avg:44.37ms
step:1044/1325 train_time:46344ms step_avg:44.39ms
step:1045/1325 train_time:46411ms step_avg:44.41ms
step:1046/1325 train_time:46478ms step_avg:44.43ms
step:1047/1325 train_time:46545ms step_avg:44.46ms
step:1048/1325 train_time:46613ms step_avg:44.48ms
step:1049/1325 train_time:46678ms step_avg:44.50ms
step:1050/1325 train_time:46747ms step_avg:44.52ms
step:1051/1325 train_time:46812ms step_avg:44.54ms
step:1052/1325 train_time:46881ms step_avg:44.56ms
step:1053/1325 train_time:46946ms step_avg:44.58ms
step:1054/1325 train_time:47015ms step_avg:44.61ms
step:1055/1325 train_time:47079ms step_avg:44.62ms
step:1056/1325 train_time:47147ms step_avg:44.65ms
step:1057/1325 train_time:47213ms step_avg:44.67ms
step:1058/1325 train_time:47281ms step_avg:44.69ms
step:1059/1325 train_time:47347ms step_avg:44.71ms
step:1060/1325 train_time:47415ms step_avg:44.73ms
step:1061/1325 train_time:47480ms step_avg:44.75ms
step:1062/1325 train_time:47548ms step_avg:44.77ms
step:1063/1325 train_time:47614ms step_avg:44.79ms
step:1064/1325 train_time:47682ms step_avg:44.81ms
step:1065/1325 train_time:47747ms step_avg:44.83ms
step:1066/1325 train_time:47816ms step_avg:44.86ms
step:1067/1325 train_time:47882ms step_avg:44.88ms
step:1068/1325 train_time:47950ms step_avg:44.90ms
step:1069/1325 train_time:48015ms step_avg:44.92ms
step:1070/1325 train_time:48083ms step_avg:44.94ms
step:1071/1325 train_time:48148ms step_avg:44.96ms
step:1072/1325 train_time:48216ms step_avg:44.98ms
step:1073/1325 train_time:48281ms step_avg:45.00ms
step:1074/1325 train_time:48350ms step_avg:45.02ms
step:1075/1325 train_time:48415ms step_avg:45.04ms
step:1076/1325 train_time:48484ms step_avg:45.06ms
step:1077/1325 train_time:48549ms step_avg:45.08ms
step:1078/1325 train_time:48617ms step_avg:45.10ms
step:1079/1325 train_time:48683ms step_avg:45.12ms
step:1080/1325 train_time:48751ms step_avg:45.14ms
step:1081/1325 train_time:48817ms step_avg:45.16ms
step:1082/1325 train_time:48886ms step_avg:45.18ms
step:1083/1325 train_time:48951ms step_avg:45.20ms
step:1084/1325 train_time:49020ms step_avg:45.22ms
step:1085/1325 train_time:49085ms step_avg:45.24ms
step:1086/1325 train_time:49153ms step_avg:45.26ms
step:1087/1325 train_time:49218ms step_avg:45.28ms
step:1088/1325 train_time:49286ms step_avg:45.30ms
step:1089/1325 train_time:49351ms step_avg:45.32ms
step:1090/1325 train_time:49419ms step_avg:45.34ms
step:1091/1325 train_time:49484ms step_avg:45.36ms
step:1092/1325 train_time:49552ms step_avg:45.38ms
step:1093/1325 train_time:49618ms step_avg:45.40ms
step:1094/1325 train_time:49686ms step_avg:45.42ms
step:1095/1325 train_time:49751ms step_avg:45.44ms
step:1096/1325 train_time:49820ms step_avg:45.46ms
step:1097/1325 train_time:49885ms step_avg:45.47ms
step:1098/1325 train_time:49954ms step_avg:45.50ms
step:1099/1325 train_time:50019ms step_avg:45.51ms
step:1100/1325 train_time:50087ms step_avg:45.53ms
step:1101/1325 train_time:50153ms step_avg:45.55ms
step:1102/1325 train_time:50221ms step_avg:45.57ms
step:1103/1325 train_time:50287ms step_avg:45.59ms
step:1104/1325 train_time:50355ms step_avg:45.61ms
step:1105/1325 train_time:50421ms step_avg:45.63ms
step:1106/1325 train_time:50489ms step_avg:45.65ms
step:1107/1325 train_time:50556ms step_avg:45.67ms
step:1108/1325 train_time:50624ms step_avg:45.69ms
step:1109/1325 train_time:50689ms step_avg:45.71ms
step:1110/1325 train_time:50758ms step_avg:45.73ms
step:1111/1325 train_time:50823ms step_avg:45.75ms
step:1112/1325 train_time:50891ms step_avg:45.77ms
step:1113/1325 train_time:50957ms step_avg:45.78ms
step:1114/1325 train_time:51025ms step_avg:45.80ms
step:1115/1325 train_time:51091ms step_avg:45.82ms
step:1116/1325 train_time:51159ms step_avg:45.84ms
step:1117/1325 train_time:51224ms step_avg:45.86ms
step:1118/1325 train_time:51292ms step_avg:45.88ms
step:1119/1325 train_time:51358ms step_avg:45.90ms
step:1120/1325 train_time:51426ms step_avg:45.92ms
step:1121/1325 train_time:51491ms step_avg:45.93ms
step:1122/1325 train_time:51560ms step_avg:45.95ms
step:1123/1325 train_time:51626ms step_avg:45.97ms
step:1124/1325 train_time:51694ms step_avg:45.99ms
step:1125/1325 train_time:51760ms step_avg:46.01ms
step:1126/1325 train_time:51828ms step_avg:46.03ms
step:1127/1325 train_time:51893ms step_avg:46.05ms
step:1128/1325 train_time:51961ms step_avg:46.06ms
step:1129/1325 train_time:52027ms step_avg:46.08ms
step:1130/1325 train_time:52095ms step_avg:46.10ms
step:1131/1325 train_time:52161ms step_avg:46.12ms
step:1132/1325 train_time:52230ms step_avg:46.14ms
step:1133/1325 train_time:52295ms step_avg:46.16ms
step:1134/1325 train_time:52363ms step_avg:46.18ms
step:1135/1325 train_time:52428ms step_avg:46.19ms
step:1136/1325 train_time:52496ms step_avg:46.21ms
step:1137/1325 train_time:52562ms step_avg:46.23ms
step:1138/1325 train_time:52631ms step_avg:46.25ms
step:1139/1325 train_time:52695ms step_avg:46.26ms
step:1140/1325 train_time:52764ms step_avg:46.28ms
step:1141/1325 train_time:52829ms step_avg:46.30ms
step:1142/1325 train_time:52897ms step_avg:46.32ms
step:1143/1325 train_time:52962ms step_avg:46.34ms
step:1144/1325 train_time:53030ms step_avg:46.35ms
step:1145/1325 train_time:53095ms step_avg:46.37ms
step:1146/1325 train_time:53164ms step_avg:46.39ms
step:1147/1325 train_time:53229ms step_avg:46.41ms
step:1148/1325 train_time:53298ms step_avg:46.43ms
step:1149/1325 train_time:53363ms step_avg:46.44ms
step:1150/1325 train_time:53431ms step_avg:46.46ms
step:1151/1325 train_time:53497ms step_avg:46.48ms
step:1152/1325 train_time:53565ms step_avg:46.50ms
step:1153/1325 train_time:53630ms step_avg:46.51ms
step:1154/1325 train_time:53699ms step_avg:46.53ms
step:1155/1325 train_time:53763ms step_avg:46.55ms
step:1156/1325 train_time:53832ms step_avg:46.57ms
step:1157/1325 train_time:53897ms step_avg:46.58ms
step:1158/1325 train_time:53965ms step_avg:46.60ms
step:1159/1325 train_time:54030ms step_avg:46.62ms
step:1160/1325 train_time:54098ms step_avg:46.64ms
step:1161/1325 train_time:54164ms step_avg:46.65ms
step:1162/1325 train_time:54232ms step_avg:46.67ms
step:1163/1325 train_time:54297ms step_avg:46.69ms
step:1164/1325 train_time:54366ms step_avg:46.71ms
step:1165/1325 train_time:54431ms step_avg:46.72ms
step:1166/1325 train_time:54499ms step_avg:46.74ms
step:1167/1325 train_time:54564ms step_avg:46.76ms
step:1168/1325 train_time:54633ms step_avg:46.77ms
step:1169/1325 train_time:54697ms step_avg:46.79ms
step:1170/1325 train_time:54766ms step_avg:46.81ms
step:1171/1325 train_time:54831ms step_avg:46.82ms
step:1172/1325 train_time:54898ms step_avg:46.84ms
step:1173/1325 train_time:54964ms step_avg:46.86ms
step:1174/1325 train_time:55033ms step_avg:46.88ms
step:1175/1325 train_time:55098ms step_avg:46.89ms
step:1176/1325 train_time:55166ms step_avg:46.91ms
step:1177/1325 train_time:55233ms step_avg:46.93ms
step:1178/1325 train_time:55301ms step_avg:46.94ms
step:1179/1325 train_time:55366ms step_avg:46.96ms
step:1180/1325 train_time:55435ms step_avg:46.98ms
step:1181/1325 train_time:55500ms step_avg:46.99ms
step:1182/1325 train_time:55568ms step_avg:47.01ms
step:1183/1325 train_time:55634ms step_avg:47.03ms
step:1184/1325 train_time:55703ms step_avg:47.05ms
step:1185/1325 train_time:55767ms step_avg:47.06ms
step:1186/1325 train_time:55838ms step_avg:47.08ms
step:1187/1325 train_time:55901ms step_avg:47.09ms
step:1188/1325 train_time:55970ms step_avg:47.11ms
step:1189/1325 train_time:56035ms step_avg:47.13ms
step:1190/1325 train_time:56103ms step_avg:47.15ms
step:1191/1325 train_time:56168ms step_avg:47.16ms
step:1192/1325 train_time:56236ms step_avg:47.18ms
step:1193/1325 train_time:56302ms step_avg:47.19ms
step:1194/1325 train_time:56371ms step_avg:47.21ms
step:1195/1325 train_time:56435ms step_avg:47.23ms
step:1196/1325 train_time:56504ms step_avg:47.24ms
step:1197/1325 train_time:56568ms step_avg:47.26ms
step:1198/1325 train_time:56637ms step_avg:47.28ms
step:1199/1325 train_time:56702ms step_avg:47.29ms
step:1200/1325 train_time:56770ms step_avg:47.31ms
step:1201/1325 train_time:56836ms step_avg:47.32ms
step:1202/1325 train_time:56904ms step_avg:47.34ms
step:1203/1325 train_time:56969ms step_avg:47.36ms
step:1204/1325 train_time:57037ms step_avg:47.37ms
step:1205/1325 train_time:57103ms step_avg:47.39ms
step:1206/1325 train_time:57172ms step_avg:47.41ms
step:1207/1325 train_time:57237ms step_avg:47.42ms
step:1208/1325 train_time:57305ms step_avg:47.44ms
step:1209/1325 train_time:57370ms step_avg:47.45ms
step:1210/1325 train_time:57438ms step_avg:47.47ms
step:1211/1325 train_time:57504ms step_avg:47.48ms
step:1212/1325 train_time:57572ms step_avg:47.50ms
step:1213/1325 train_time:57638ms step_avg:47.52ms
step:1214/1325 train_time:57707ms step_avg:47.53ms
step:1215/1325 train_time:57771ms step_avg:47.55ms
step:1216/1325 train_time:57840ms step_avg:47.57ms
step:1217/1325 train_time:57905ms step_avg:47.58ms
step:1218/1325 train_time:57972ms step_avg:47.60ms
step:1219/1325 train_time:58038ms step_avg:47.61ms
step:1220/1325 train_time:58106ms step_avg:47.63ms
step:1221/1325 train_time:58171ms step_avg:47.64ms
step:1222/1325 train_time:58240ms step_avg:47.66ms
step:1223/1325 train_time:58305ms step_avg:47.67ms
step:1224/1325 train_time:58373ms step_avg:47.69ms
step:1225/1325 train_time:58439ms step_avg:47.71ms
step:1226/1325 train_time:58507ms step_avg:47.72ms
step:1227/1325 train_time:58573ms step_avg:47.74ms
step:1228/1325 train_time:58641ms step_avg:47.75ms
step:1229/1325 train_time:58706ms step_avg:47.77ms
step:1230/1325 train_time:58774ms step_avg:47.78ms
step:1231/1325 train_time:58840ms step_avg:47.80ms
step:1232/1325 train_time:58910ms step_avg:47.82ms
step:1233/1325 train_time:58973ms step_avg:47.83ms
step:1234/1325 train_time:59043ms step_avg:47.85ms
step:1235/1325 train_time:59107ms step_avg:47.86ms
step:1236/1325 train_time:59176ms step_avg:47.88ms
step:1237/1325 train_time:59241ms step_avg:47.89ms
step:1238/1325 train_time:59310ms step_avg:47.91ms
step:1239/1325 train_time:59375ms step_avg:47.92ms
step:1240/1325 train_time:59444ms step_avg:47.94ms
step:1241/1325 train_time:59509ms step_avg:47.95ms
step:1242/1325 train_time:59577ms step_avg:47.97ms
step:1243/1325 train_time:59643ms step_avg:47.98ms
step:1244/1325 train_time:59712ms step_avg:48.00ms
step:1245/1325 train_time:59776ms step_avg:48.01ms
step:1246/1325 train_time:59846ms step_avg:48.03ms
step:1247/1325 train_time:59910ms step_avg:48.04ms
step:1248/1325 train_time:59978ms step_avg:48.06ms
step:1249/1325 train_time:60043ms step_avg:48.07ms
step:1250/1325 train_time:60111ms step_avg:48.09ms
step:1250/1325 val_loss:3.2994 train_time:60183ms step_avg:48.15ms
step:1251/1325 train_time:60209ms step_avg:48.13ms
step:1252/1325 train_time:60252ms step_avg:48.12ms
step:1253/1325 train_time:60317ms step_avg:48.14ms
step:1254/1325 train_time:60385ms step_avg:48.15ms
step:1255/1325 train_time:60450ms step_avg:48.17ms
step:1256/1325 train_time:60519ms step_avg:48.18ms
step:1257/1325 train_time:60584ms step_avg:48.20ms
step:1258/1325 train_time:60652ms step_avg:48.21ms
step:1259/1325 train_time:60718ms step_avg:48.23ms
step:1260/1325 train_time:60786ms step_avg:48.24ms
step:1261/1325 train_time:60851ms step_avg:48.26ms
step:1262/1325 train_time:60920ms step_avg:48.27ms
step:1263/1325 train_time:60985ms step_avg:48.29ms
step:1264/1325 train_time:61053ms step_avg:48.30ms
step:1265/1325 train_time:61121ms step_avg:48.32ms
step:1266/1325 train_time:61191ms step_avg:48.33ms
step:1267/1325 train_time:61256ms step_avg:48.35ms
step:1268/1325 train_time:61325ms step_avg:48.36ms
step:1269/1325 train_time:61391ms step_avg:48.38ms
step:1270/1325 train_time:61459ms step_avg:48.39ms
step:1271/1325 train_time:61525ms step_avg:48.41ms
step:1272/1325 train_time:61593ms step_avg:48.42ms
step:1273/1325 train_time:61658ms step_avg:48.43ms
step:1274/1325 train_time:61726ms step_avg:48.45ms
step:1275/1325 train_time:61791ms step_avg:48.46ms
step:1276/1325 train_time:61860ms step_avg:48.48ms
step:1277/1325 train_time:61925ms step_avg:48.49ms
step:1278/1325 train_time:61993ms step_avg:48.51ms
step:1279/1325 train_time:62060ms step_avg:48.52ms
step:1280/1325 train_time:62129ms step_avg:48.54ms
step:1281/1325 train_time:62195ms step_avg:48.55ms
step:1282/1325 train_time:62264ms step_avg:48.57ms
step:1283/1325 train_time:62330ms step_avg:48.58ms
step:1284/1325 train_time:62398ms step_avg:48.60ms
step:1285/1325 train_time:62463ms step_avg:48.61ms
step:1286/1325 train_time:62532ms step_avg:48.63ms
step:1287/1325 train_time:62597ms step_avg:48.64ms
step:1288/1325 train_time:62666ms step_avg:48.65ms
step:1289/1325 train_time:62731ms step_avg:48.67ms
step:1290/1325 train_time:62799ms step_avg:48.68ms
step:1291/1325 train_time:62864ms step_avg:48.69ms
step:1292/1325 train_time:62932ms step_avg:48.71ms
step:1293/1325 train_time:62998ms step_avg:48.72ms
step:1294/1325 train_time:63067ms step_avg:48.74ms
step:1295/1325 train_time:63134ms step_avg:48.75ms
step:1296/1325 train_time:63203ms step_avg:48.77ms
step:1297/1325 train_time:63268ms step_avg:48.78ms
step:1298/1325 train_time:63337ms step_avg:48.80ms
step:1299/1325 train_time:63403ms step_avg:48.81ms
step:1300/1325 train_time:63471ms step_avg:48.82ms
step:1301/1325 train_time:63537ms step_avg:48.84ms
step:1302/1325 train_time:63606ms step_avg:48.85ms
step:1303/1325 train_time:63671ms step_avg:48.86ms
step:1304/1325 train_time:63740ms step_avg:48.88ms
step:1305/1325 train_time:63805ms step_avg:48.89ms
step:1306/1325 train_time:63873ms step_avg:48.91ms
step:1307/1325 train_time:63938ms step_avg:48.92ms
step:1308/1325 train_time:64007ms step_avg:48.93ms
step:1309/1325 train_time:64072ms step_avg:48.95ms
step:1310/1325 train_time:64141ms step_avg:48.96ms
step:1311/1325 train_time:64207ms step_avg:48.98ms
step:1312/1325 train_time:64276ms step_avg:48.99ms
step:1313/1325 train_time:64341ms step_avg:49.00ms
step:1314/1325 train_time:64410ms step_avg:49.02ms
step:1315/1325 train_time:64475ms step_avg:49.03ms
step:1316/1325 train_time:64544ms step_avg:49.05ms
step:1317/1325 train_time:64609ms step_avg:49.06ms
step:1318/1325 train_time:64678ms step_avg:49.07ms
step:1319/1325 train_time:64743ms step_avg:49.09ms
step:1320/1325 train_time:64812ms step_avg:49.10ms
step:1321/1325 train_time:64878ms step_avg:49.11ms
step:1322/1325 train_time:64946ms step_avg:49.13ms
step:1323/1325 train_time:65012ms step_avg:49.14ms
step:1324/1325 train_time:65081ms step_avg:49.15ms
step:1325/1325 train_time:65147ms step_avg:49.17ms
step:1325/1325 val_loss:3.2772 train_time:65247ms step_avg:49.24ms final_eval
adaptive softmax tail rows on rank 0: cluster 1 needed by 10.63% of rows, 0.000% of those over capacity, cluster 2 needed by 4.82% of rows, 0.000% of those over capacity
peak memory allocated: 31521 MiB reserved: 43560 MiB
