[Gloo] Rank 1 is connected to 7 peer ranks. Expected number of connected peer ranks is : 7
[Gloo] Rank 0 is connected to 7 peer ranks. Expected number of connected peer ranks is : 7
[Gloo] Rank [Gloo] Rank 35 is connected to  is connected to 77 peer ranks.  peer ranks. Expected number of connected peer ranks is : Expected number of connected peer ranks is : 77

[Gloo] Rank 2 is connected to 7 peer ranks. Expected number of connected peer ranks is : 7
[Gloo] Rank 6 is connected to 7[Gloo] Rank  peer ranks. Expected number of connected peer ranks is : 47 is connected to 
7 peer ranks. Expected number of connected peer ranks is : 7
[Gloo] Rank 7 is connected to 7 peer ranks. Expected number of connected peer ranks is : 7
logs/9f7ae533-20cb-4d14-af3d-e2a5eb569c2a.txt
[residual-fusions] ON: post-lambda in the O gain, per-row scalar-lambda grads, VE gate slice from rstd
[value-embed] value_embeds (201216, 768) = 4 planes (plane 3 retired: layer 9 attention absent) 154.5M params, sink 294.8 MiB (before retirement: 5 planes, 251520x768, 193.2M, 368.4 MiB)
[banks] qk_bank (48, 256, 768) (42 live), vo_bank (16, 768, 768) (14 live); slot order (attn-bank idx) (0, 2, 5, 1, 7, 3, 9), narrow ++ dv64 ++ wide
[fused-kernels] selftest PASS (every fused kernel is byte-exact vs ATen)
[sampled-softmax] ON P=[10240, 14336, 24576] rows<=49152 vocab=50304 until=1107
[eval-ce] ON slab=32768 rows x 50304 vocab, 8 slabs per 262144-row val batch
[value-embed-comms] ON planes=4 table=201216x768; compact buffer 295 MB, shard 25152 rows
[graph:step] ON: 9 keys, runahead_throttle=2, pool=shared, sink_ring=4
Compiling model and warming up kernels (~7 minutes on first execution)
[warmup:restore] ON: bigram shard (10575360, 768) (15.13 GiB) out of initial_state (key _orig_mod.bigram_embed.weight), restored by zero_() in place; checksum (0.0, 0.0, 0.0); initial_state pins 0.92 GiB of CUDA
[graph:step] warmup extended for 9 capture keys; first steps [0, 320, 411, 501, 591, 681, 965, 1107, 1174]
Sampling steps [0, 1, 2, 3, 4, 5, 6, 7, 318, 319, 320, 321, 411, 412, 501, 502, 591, 592, 679, 680, 681, 682, 963, 964, 965, 966, 1105, 1106, 1107, 1108, 1172, 1173, 1174, 1175, 1176, 1177, 1178] for warmup
[embed] untied from lm_head; optimizer state copied exactly
Resetting Model
[warmup] captures armed in the single sampled pass: tgr banks ['mlp_bank', 'qk_bank', 'vo_bank'] | tgr2 1 attn + 2 mlp; prefix 0..7 last, tgr@4 tgr2@5, all self-checks consumed
step:25/1194 train_time:759ms step_avg:30.36ms
step:50/1194 train_time:1193ms step_avg:23.86ms
step:75/1194 train_time:1612ms step_avg:21.49ms
step:100/1194 train_time:2042ms step_avg:20.42ms
step:125/1194 train_time:2465ms step_avg:19.72ms
step:150/1194 train_time:2895ms step_avg:19.30ms
step:175/1194 train_time:3318ms step_avg:18.96ms
step:200/1194 train_time:3748ms step_avg:18.74ms
step:225/1194 train_time:4171ms step_avg:18.54ms
step:250/1194 train_time:4602ms step_avg:18.41ms
step:275/1194 train_time:5025ms step_avg:18.27ms
step:300/1194 train_time:5455ms step_avg:18.18ms
step:325/1194 train_time:5918ms step_avg:18.21ms
step:350/1194 train_time:6681ms step_avg:19.09ms
step:375/1194 train_time:7450ms step_avg:19.87ms
step:400/1194 train_time:8216ms step_avg:20.54ms
step:425/1194 train_time:8975ms step_avg:21.12ms
step:450/1194 train_time:9737ms step_avg:21.64ms
step:475/1194 train_time:10505ms step_avg:22.12ms
step:500/1194 train_time:11274ms step_avg:22.55ms
step:525/1194 train_time:12032ms step_avg:22.92ms
step:550/1194 train_time:12797ms step_avg:23.27ms
step:575/1194 train_time:13565ms step_avg:23.59ms
step:600/1194 train_time:14334ms step_avg:23.89ms
step:625/1194 train_time:15095ms step_avg:24.15ms
step:650/1194 train_time:15860ms step_avg:24.40ms
step:675/1194 train_time:16629ms step_avg:24.64ms
step:700/1194 train_time:17650ms step_avg:25.21ms
step:725/1194 train_time:18785ms step_avg:25.91ms
step:750/1194 train_time:19918ms step_avg:26.56ms
step:775/1194 train_time:21062ms step_avg:27.18ms
step:800/1194 train_time:22204ms step_avg:27.75ms
step:825/1194 train_time:23334ms step_avg:28.28ms
step:850/1194 train_time:24472ms step_avg:28.79ms
step:875/1194 train_time:25618ms step_avg:29.28ms
step:900/1194 train_time:26762ms step_avg:29.74ms
step:925/1194 train_time:27898ms step_avg:30.16ms
step:950/1194 train_time:29037ms step_avg:30.56ms
step:975/1194 train_time:30210ms step_avg:30.98ms
step:1000/1194 train_time:31427ms step_avg:31.43ms
step:1025/1194 train_time:32635ms step_avg:31.84ms
step:1050/1194 train_time:33848ms step_avg:32.24ms
step:1075/1194 train_time:35071ms step_avg:32.62ms
step:1100/1194 train_time:36293ms step_avg:32.99ms
step:1125/1194 train_time:37483ms step_avg:33.32ms
step:1150/1194 train_time:38667ms step_avg:33.62ms
step:1175/1194 train_time:39858ms step_avg:33.92ms
[embed] untied from lm_head; optimizer state copied exactly
step:1193/1194 train_time:40272ms step_avg:33.76ms
step:1194/1194 train_time:40293ms step_avg:33.75ms
[ship:tail-ema] win=298 blend=0.65 labels=['embed', 'lm_head']
[ship:tail-avg] win=250 blend=None labels=['mlp_bank', 'vo_bank']
[ship:value-embed] win=250 blend=None labels=['value_embeds']
[ship:bank-blend] win=298 blend={'qk_bank': 0.55, 'vo_bank': 0.34930000000000005, 'mlp_bank': 0.34930000000000005} labels=['mlp_bank', 'qk_bank', 'vo_bank']
step:1194/1194 val_loss:3.2766 train_time:40454ms step_avg:33.88ms
peak memory allocated: 53380 MiB reserved: 65264 MiB
