[Gloo] Rank 0 is connected to 7 peer ranks. Expected number of connected peer ranks is : 7
[Gloo] Rank 3 is connected to 7 peer ranks. Expected number of connected peer ranks is : 7
[Gloo] Rank 2 is connected to 7 peer ranks. Expected number of connected peer ranks is : 7
[Gloo] Rank 1 is connected to 7 peer ranks. Expected number of connected peer ranks is : 7
[Gloo] Rank 6 is connected to 7 peer ranks. Expected number of connected peer ranks is : 7
[Gloo] Rank 5 is connected to 7 peer ranks. Expected number of connected peer ranks is : 7
[Gloo] Rank 4 is connected to 7 peer ranks. Expected number of connected peer ranks is : 7
[Gloo] Rank 7 is connected to 7 peer ranks. Expected number of connected peer ranks is : 7
logs/16a16fbb-6039-41bd-a76b-c993c1115d83.txt
[approx-backward] {'attention_enabled': True, 'calibration_steps': [592, 593], 'attention_stop': 1107, 'threshold': 0.2, 'head_sample_group': 4, 'head_min_rows': 32768, 'extension': 'nanogpt_ab_33ed10bb784d'}
[residual-fusions] ON: post-lambda in the O gain, per-row scalar-lambda grads, VE gate slice from rstd
[value-embed] value_embeds (201216, 768) = 4 planes (plane 3 retired: layer 9 attention absent) 154.5M params, sink 294.8 MiB (before retirement: 5 planes, 251520x768, 193.2M, 368.4 MiB)
[banks] qk_bank (48, 256, 768) (42 live), vo_bank (16, 768, 768) (14 live); slot order (attn-bank idx) (0, 2, 5, 1, 7, 3, 9), narrow ++ dv64 ++ wide
[fused-kernels] selftest PASS (every fused kernel is byte-exact vs ATen)
[sampled-softmax] ON P=[10240, 14336, 24576] rows<=49152 vocab=50304 until=1107
[eval-ce] ON slab=32768 rows x 50304 vocab, 8 slabs per 262144-row val batch
[value-embed-comms] ON planes=4 table=201216x768; compact buffer 295 MB, shard 25152 rows
[graph:step] ON: 11 keys, runahead_throttle=2, pool=shared, sink_ring=4
Compiling model and warming up kernels (~7 minutes on first execution)
[warmup:restore] ON: bigram shard (10575360, 768) (15.13 GiB) out of initial_state (key _orig_mod.bigram_embed.weight), restored by zero_() in place; checksum (0.0, 0.0, 0.0); initial_state pins 0.92 GiB of CUDA
[graph:step] warmup extended for 11 capture keys; first steps [0, 320, 411, 501, 591, 592, 594, 681, 965, 1107, 1174]
Sampling steps [0, 1, 2, 3, 4, 5, 6, 7, 318, 319, 320, 321, 411, 412, 501, 502, 591, 591, 592, 593, 594, 595, 679, 680, 681, 682, 963, 964, 965, 966, 1105, 1106, 1107, 1108, 1172, 1173, 1174, 1175, 1176, 1177, 1178] for warmup
[embed] untied from lm_head; optimizer state copied exactly
Resetting Model
[warmup] captures armed in the single sampled pass: tgr banks ['mlp_bank', 'qk_bank', 'vo_bank'] | tgr2 1 attn + 2 mlp; prefix 0..7 last, tgr@4 tgr2@5, all self-checks consumed
step:25/1194 train_time:1260ms step_avg:50.39ms
step:50/1194 train_time:1689ms step_avg:33.79ms
step:75/1194 train_time:2113ms step_avg:28.17ms
step:100/1194 train_time:2542ms step_avg:25.42ms
step:125/1194 train_time:2964ms step_avg:23.72ms
step:150/1194 train_time:3394ms step_avg:22.62ms
step:175/1194 train_time:3817ms step_avg:21.81ms
step:200/1194 train_time:4246ms step_avg:21.23ms
step:225/1194 train_time:4668ms step_avg:20.75ms
step:250/1194 train_time:5098ms step_avg:20.39ms
step:275/1194 train_time:5521ms step_avg:20.08ms
step:300/1194 train_time:5951ms step_avg:19.84ms
step:325/1194 train_time:6412ms step_avg:19.73ms
step:350/1194 train_time:7163ms step_avg:20.47ms
step:375/1194 train_time:7920ms step_avg:21.12ms
step:400/1194 train_time:8678ms step_avg:21.70ms
step:425/1194 train_time:9428ms step_avg:22.18ms
step:450/1194 train_time:10183ms step_avg:22.63ms
step:475/1194 train_time:10941ms step_avg:23.03ms
step:500/1194 train_time:11699ms step_avg:23.40ms
step:525/1194 train_time:12450ms step_avg:23.71ms
step:550/1194 train_time:13205ms step_avg:24.01ms
step:575/1194 train_time:13964ms step_avg:24.29ms
step:600/1194 train_time:14759ms step_avg:24.60ms
step:625/1194 train_time:15497ms step_avg:24.79ms
step:650/1194 train_time:16248ms step_avg:25.00ms
step:675/1194 train_time:17005ms step_avg:25.19ms
step:700/1194 train_time:17999ms step_avg:25.71ms
step:725/1194 train_time:19099ms step_avg:26.34ms
step:750/1194 train_time:20195ms step_avg:26.93ms
step:775/1194 train_time:21302ms step_avg:27.49ms
step:800/1194 train_time:22408ms step_avg:28.01ms
step:825/1194 train_time:23503ms step_avg:28.49ms
step:850/1194 train_time:24607ms step_avg:28.95ms
step:875/1194 train_time:25717ms step_avg:29.39ms
step:900/1194 train_time:26824ms step_avg:29.80ms
step:925/1194 train_time:27923ms step_avg:30.19ms
step:950/1194 train_time:29028ms step_avg:30.56ms
step:975/1194 train_time:30159ms step_avg:30.93ms
step:1000/1194 train_time:31321ms step_avg:31.32ms
step:1025/1194 train_time:32475ms step_avg:31.68ms
step:1050/1194 train_time:33634ms step_avg:32.03ms
step:1075/1194 train_time:34804ms step_avg:32.38ms
step:1100/1194 train_time:35970ms step_avg:32.70ms
step:1125/1194 train_time:37138ms step_avg:33.01ms
step:1150/1194 train_time:38324ms step_avg:33.32ms
step:1175/1194 train_time:39510ms step_avg:33.63ms
[embed] untied from lm_head; optimizer state copied exactly
step:1193/1194 train_time:39924ms step_avg:33.47ms
step:1194/1194 train_time:39945ms step_avg:33.45ms
[ship:tail-ema] win=298 blend=0.65 labels=['embed', 'lm_head']
[ship:tail-avg] win=250 blend=None labels=['mlp_bank', 'vo_bank']
[ship:value-embed] win=250 blend=None labels=['value_embeds']
[ship:bank-blend] win=298 blend={'qk_bank': 0.55, 'vo_bank': 0.34930000000000005, 'mlp_bank': 0.34930000000000005} labels=['mlp_bank', 'qk_bank', 'vo_bank']
step:1194/1194 val_loss:3.2771 train_time:40077ms step_avg:33.57ms
peak memory allocated: 54277 MiB reserved: 66110 MiB
[approx-backward-result] {"attention_enabled": true, "attention_stop": 1107, "calibration": [{"observations": [{"document_lengths": [140, 1726, 390, 4096, 554, 394, 320], "error": [[[0.5610101222991943, 0.1623965948820114, 0.1639157235622406], [0.4753859341144562, 0.08261214196681976, 0.08150915801525116], [0.3477590084075928, 0.07792060077190399, 0.08831746131181717]], [[0.3461526334285736, 0.10823380202054977, 0.11822758615016937], [0.28385958075523376, 0.05572288855910301, 0.05632422864437103], [0.17818276584148407, 0.0500362366437912, 0.051595572382211685]], [[0.13917379081249237, 0.06059145927429199, 0.06852739304304123], [0.10952351987361908, 0.027279529720544815, 0.035906337201595306], [0.07142028212547302, 0.024054914712905884, 0.026398157700896263]]], "full_window": 384, "layer": 0}, {"document_lengths": [70, 863, 195, 2048, 277, 197, 160, 674, 867, 320, 102, 510, 895, 116, 712], "error": [[[0.06476540118455887, 0.5880990624427795, 0.5850687026977539, 0.3481360077857971, 0.10498915612697601, 0.7330692410469055], [0.01712682470679283, 0.4290030598640442, 0.41307806968688965, 0.22041280567646027, 0.03447830677032471, 0.6604892611503601], [0.010535483248531818, 0.3357067108154297, 0.3276253044605255, 0.18312814831733704, 0.03391841799020767, 0.5402141213417053]], [[0.05237986147403717, 0.4708447754383087, 0.3309418559074402, 0.2600005269050598, 0.06847646087408066, 0.581966757774353], [0.013590510934591293, 0.32203298807144165, 0.18724264204502106, 0.16443759202957153, 0.021679336205124855, 0.4531674385070801], [0.008203861303627491, 0.26851654052734375, 0.16230039298534393, 0.1302071362733841, 0.021324973553419113, 0.36712610721588135]], [[0.03717084228992462, 0.32852938771247864, 0.16846917569637299, 0.15078212320804596, 0.044793542474508286, 0.35502925515174866], [0.010572245344519615, 0.22181890904903412, 0.08385838568210602, 0.09665527194738388, 0.016177726909518242, 0.22786596417427063], [0.006324527319520712, 0.20487502217292786, 0.08136604726314545, 0.0709826871752739, 0.01628844626247883, 0.18654093146324158]]], "full_window": 384, "layer": 1}, {"document_lengths": [140, 1726, 390, 4096, 554, 394, 320], "error": [[[0.18996478617191315, 0.3337964713573456, 0.13423828780651093], [0.13581401109695435, 0.15246163308620453, 0.05787552148103714], [0.08873205631971359, 0.16183997690677643, 0.05010811239480972]], [[0.08587062358856201, 0.22950251400470734, 0.08868622779846191], [0.04219333454966545, 0.08648411184549332, 0.03691912442445755], [0.03300444781780243, 0.09974883496761322, 0.027324216440320015]], [[0.03839040920138359, 0.13997772336006165, 0.0485534705221653], [0.014599235728383064, 0.05433659628033638, 0.017862537875771523], [0.01566389575600624, 0.06591128557920456, 0.014069492928683758]]], "full_window": 384, "layer": 2}, {"document_lengths": [140, 1726, 390, 4096, 554, 394, 320], "error": [[[0.1723242551088333, 0.17255300283432007, 0.318109929561615], [0.08718574792146683, 0.08624837547540665, 0.17715369164943695], [0.06286951154470444, 0.06804083287715912, 0.14789168536663055]], [[0.06780806183815002, 0.08604447543621063, 0.182746022939682], [0.02794012986123562, 0.03655606508255005, 0.100014828145504], [0.02478937804698944, 0.029926784336566925, 0.08538667112588882]], [[0.02951996959745884, 0.03899214789271355, 0.09162364155054092], [0.01206830982118845, 0.01458929292857647, 0.05316999554634094], [0.011889602988958359, 0.01246209442615509, 0.04658538103103638]]], "full_window": 384, "layer": 5}, {"document_lengths": [70, 863, 195, 2048, 277, 197, 160, 674, 867, 320, 102, 510, 895, 116, 712], "error": [[[0.36186665296554565, 0.5096462965011597, 0.3077528476715088, 0.6164309978485107, 0.23023159801959991, 0.21772095561027527], [0.21809053421020508, 0.3072139620780945, 0.14892573654651642, 0.411855548620224, 0.1021319329738617, 0.08917012810707092], [0.2175920456647873, 0.30969494581222534, 0.15947014093399048, 0.37577900290489197, 0.07668890058994293, 0.10165471583604813]], [[0.21322616934776306, 0.3439389169216156, 0.19557411968708038, 0.43023037910461426, 0.12344098091125488, 0.1407737135887146], [0.11867745965719223, 0.2152068167924881, 0.0890650823712349, 0.2796919047832489, 0.04151752591133118, 0.05561297759413719], [0.1101759672164917, 0.19513140618801117, 0.08720812946557999, 0.24251247942447662, 0.03817763924598694, 0.0591912567615509]], [[0.09110647439956665, 0.17502517998218536, 0.08400455862283707, 0.21310968697071075, 0.055843885987997055, 0.07205632328987122], [0.05391227826476097, 0.1231350526213646, 0.03677011653780937, 0.141743466258049, 0.019055230543017387, 0.026097871363162994], [0.0440668910741806, 0.09724773466587067, 0.04016032814979553, 0.12582218647003174, 0.01722063310444355, 0.021093061193823814]]], "full_window": 384, "layer": 8}], "seconds": 0.08537393994629383, "step": 592}, {"observations": [{"document_lengths": [488, 440, 342, 2816, 208, 242, 370, 254, 2250, 560], "error": [[[0.5187310576438904, 0.15129363536834717, 0.1601979285478592], [0.43102046847343445, 0.0811203271150589, 0.07917571067810059], [0.28428009152412415, 0.06900563091039658, 0.07555627822875977]], [[0.33757951855659485, 0.09434248507022858, 0.10434593260288239], [0.27516329288482666, 0.048715367913246155, 0.04618607088923454], [0.15226267278194427, 0.042395275086164474, 0.04599962383508682]], [[0.1690702587366104, 0.05465385690331459, 0.05704322084784508], [0.14104919135570526, 0.024596991017460823, 0.026959288865327835], [0.06429137289524078, 0.019775962457060814, 0.0205643679946661]]], "full_window": 384, "layer": 0}, {"document_lengths": [244, 220, 171, 1408, 104, 121, 185, 127, 1125, 280, 732, 124, 780, 1076, 409, 617, 90, 276], "error": [[[0.05827358737587929, 0.5627099871635437, 0.605168342590332, 0.30420488119125366, 0.10654465109109879, 0.7201263904571533], [0.015460282564163208, 0.41640281677246094, 0.4961906373500824, 0.1994616538286209, 0.04535948485136032, 0.6628730297088623], [0.010220828466117382, 0.3082905113697052, 0.3345412611961365, 0.16589829325675964, 0.03778259828686714, 0.5197222828865051]], [[0.045129094272851944, 0.4382610619068146, 0.31774747371673584, 0.21856455504894257, 0.0670563131570816, 0.5540252923965454], [0.011725950054824352, 0.31917864084243774, 0.21469804644584656, 0.1466529220342636, 0.022525830194354057, 0.467624694108963], [0.007645586039870977, 0.24141578376293182, 0.1617203652858734, 0.11720018833875656, 0.020845381543040276, 0.34556272625923157]], [[0.030768126249313354, 0.29077115654945374, 0.14196708798408508, 0.12134454399347305, 0.0441637858748436, 0.3354877233505249], [0.008849207311868668, 0.20240139961242676, 0.08046594262123108, 0.07438848167657852, 0.0163543950766325, 0.24705632030963898], [0.005798024125397205, 0.1680338829755783, 0.06538793444633484, 0.06272337585687637, 0.015067613683640957, 0.17409205436706543]]], "full_window": 384, "layer": 1}, {"document_lengths": [488, 440, 342, 2816, 208, 242, 370, 254, 2250, 560], "error": [[[0.23388753831386566, 0.28952082991600037, 0.1353474110364914], [0.15566982328891754, 0.13038049638271332, 0.0614042654633522], [0.10236191004514694, 0.13729022443294525, 0.05865079164505005]], [[0.12378150969743729, 0.18988460302352905, 0.09373682737350464], [0.07440084218978882, 0.06487692147493362, 0.03978987783193588], [0.04181249067187309, 0.08265788853168488, 0.027041710913181305]], [[0.03225583955645561, 0.10621355473995209, 0.03975726664066315], [0.012853152118623257, 0.03758765384554863, 0.014633663929998875], [0.013268976472318172, 0.050213564187288284, 0.011329395696520805]]], "full_window": 384, "layer": 2}, {"document_lengths": [488, 440, 342, 2816, 208, 242, 370, 254, 2250, 560], "error": [[[0.20092113316059113, 0.15943826735019684, 0.28045251965522766], [0.11351214349269867, 0.07811711728572845, 0.14689302444458008], [0.05846703425049782, 0.0603046640753746, 0.14441435039043427]], [[0.06638909131288528, 0.0814100131392479, 0.1711706817150116], [0.0248490571975708, 0.03483443334698677, 0.08847411721944809], [0.02212981879711151, 0.02810165099799633, 0.08330154418945312]], [[0.03633471950888634, 0.03754705563187599, 0.07751365005970001], [0.013270450755953789, 0.014870302751660347, 0.040264151990413666], [0.012196984142065048, 0.012621797621250153, 0.039930008351802826]]], "full_window": 384, "layer": 5}, {"document_lengths": [244, 220, 171, 1408, 104, 121, 185, 127, 1125, 280, 732, 124, 780, 1076, 409, 617, 90, 276], "error": [[[0.3483375310897827, 0.4267958700656891, 0.29676610231399536, 0.598301351070404, 0.20576398074626923, 0.2026377022266388], [0.21550896763801575, 0.2473990023136139, 0.17255184054374695, 0.42948082089424133, 0.11165301501750946, 0.07242967188358307], [0.2189961075782776, 0.2539199888706207, 0.16106382012367249, 0.36478596925735474, 0.07520344853401184, 0.09066828340291977]], [[0.19515518844127655, 0.287502646446228, 0.19654084742069244, 0.41104990243911743, 0.10964926332235336, 0.12908047437667847], [0.1117967739701271, 0.1724112331867218, 0.10159194469451904, 0.25365719199180603, 0.04799235612154007, 0.045055266469717026], [0.1050863191485405, 0.1484316885471344, 0.09522881358861923, 0.23043183982372284, 0.03702852874994278, 0.0520051009953022]], [[0.08416567742824554, 0.12637098133563995, 0.08472605049610138, 0.23605822026729584, 0.04616416618227959, 0.0640658587217331], [0.048424042761325836, 0.07421298325061798, 0.030758706852793694, 0.1397377848625183, 0.016386259347200394, 0.022462530061602592], [0.04862193763256073, 0.06513698399066925, 0.036589689552783966, 0.13508297502994537, 0.014888239093124866, 0.01767757348716259]]], "full_window": 384, "layer": 8}], "seconds": 0.0360267236828804, "step": 593}], "calibration_steps": [592, 593], "extension": "nanogpt_ab_33ed10bb784d", "head_min_rows": 32768, "head_sample_group": 4, "threshold": 0.2, "training_ms": 40076.654175296426, "val_loss": 3.2771317958831787, "windows": {"0": [256, 64, 64], "1": [128, -1, 256, 256, 128, -1], "2": [256, 256, 128], "5": [128, 64, 256], "8": [256, 256, 256, -1, 256, 128]}, "worst_errors": {"0": [[0.5834655165672302, 0.16988122463226318, 0.18420332670211792], [0.4001714885234833, 0.10877799987792969, 0.11822758615016937], [0.18089768290519714, 0.06773895025253296, 0.06852739304304123]], "1": [[0.06700526177883148, 0.616097092628479, 0.6507458090782166, 0.3773663341999054, 0.10986737906932831, 0.7688930630683899], [0.05549479275941849, 0.5000057220458984, 0.41863757371902466, 0.2663251459598541, 0.07788185030221939, 0.6157872676849365], [0.03960458189249039, 0.3508278727531433, 0.1723516434431076, 0.15078212320804596, 0.052815746515989304, 0.3782465159893036]], "2": [[0.38905370235443115, 0.33925366401672363, 0.23977763950824738], [0.41713258624076843, 0.23002806305885315, 0.11442393809556961], [0.04190487042069435, 0.14316149055957794, 0.05086956545710564]], "5": [[0.22418130934238434, 0.19311478734016418, 0.334553986787796], [0.08489355444908142, 0.10246071964502335, 0.20736046135425568], [0.03693276643753052, 0.0441504530608654, 0.10247765481472015]], "8": [[0.37032055854797363, 0.548916220664978, 0.3394024074077606, 0.6164309978485107, 0.5948777198791504, 0.21905699372291565], [0.2432510107755661, 0.3644205331802368, 0.2011014074087143, 0.4333656132221222, 0.2937070429325104, 0.16345974802970886], [0.10702764242887497, 0.17502517998218536, 0.0983494445681572, 0.23605822026729584, 0.06383618712425232, 0.11488720029592514]]}}
