[Gloo] Rank 0 is connected to 7 peer ranks. Expected number of connected peer ranks is : 7
[Gloo] Rank 1 is connected to 7 peer ranks. Expected number of connected peer ranks is : 7
[Gloo] Rank 2 is connected to 7 peer ranks. Expected number of connected peer ranks is : 7
[Gloo] Rank 5 is connected to 7 peer ranks. Expected number of connected peer ranks is : 7
[Gloo] Rank 4 is connected to 7 peer ranks. Expected number of connected peer ranks is : 7
[Gloo] Rank 3 is connected to 7 peer ranks. Expected number of connected peer ranks is : 7
[Gloo] Rank [Gloo] Rank 6 is connected to 7 peer ranks. 7Expected number of connected peer ranks is :  is connected to 77
 peer ranks. Expected number of connected peer ranks is : 7
logs/b138ad21-6df8-43c4-978b-944330d83f1c.txt
[residual-fusions] ON: post-lambda in the O gain, per-row scalar-lambda grads, VE gate slice from rstd
[value-embed] value_embeds (201216, 768) = 4 planes (plane 3 retired: layer 9 attention absent) 154.5M params, sink 294.8 MiB (before retirement: 5 planes, 251520x768, 193.2M, 368.4 MiB)
[banks] qk_bank (48, 256, 768) (42 live), vo_bank (16, 768, 768) (14 live); slot order (attn-bank idx) (0, 2, 5, 1, 7, 3, 9), narrow ++ dv64 ++ wide
[fused-kernels] selftest PASS (every fused kernel is byte-exact vs ATen)
[sampled-softmax] ON P=[10240, 14336, 24576] rows<=49152 vocab=50304 until=1084
[eval-ce] ON slab=32768 rows x 50304 vocab, 8 slabs per 262144-row val batch
[value-embed-comms] ON planes=4 table=201216x768; compact buffer 295 MB, shard 25152 rows
[graph:step] ON: 9 keys, runahead_throttle=2, pool=shared, sink_ring=4
Compiling model and warming up kernels (~7 minutes on first execution)
[warmup:restore] ON: bigram shard (10575360, 768) (15.13 GiB) out of initial_state (key _orig_mod.bigram_embed.weight), restored by zero_() in place; checksum (0.0, 0.0, 0.0); initial_state pins 0.92 GiB of CUDA
[graph:step] warmup extended for 9 capture keys; first steps [0, 314, 402, 490, 578, 666, 945, 1084, 1150]
Sampling steps [0, 1, 2, 3, 4, 5, 6, 7, 312, 313, 314, 315, 402, 403, 490, 491, 578, 579, 664, 665, 666, 667, 943, 944, 945, 946, 1082, 1083, 1084, 1085, 1148, 1149, 1150, 1151, 1152, 1153, 1154] for warmup
[embed] untied from lm_head; optimizer state copied exactly
Resetting Model
[warmup] captures armed in the single sampled pass: tgr banks ['mlp_bank', 'qk_bank', 'vo_bank'] | tgr2 1 attn + 2 mlp; prefix 0..7 last, tgr@4 tgr2@5, all self-checks consumed
step:25/1170 train_time:508ms step_avg:20.31ms
step:50/1170 train_time:938ms step_avg:18.76ms
step:75/1170 train_time:1360ms step_avg:18.13ms
step:100/1170 train_time:1789ms step_avg:17.89ms
step:125/1170 train_time:2212ms step_avg:17.70ms
step:150/1170 train_time:2641ms step_avg:17.61ms
step:175/1170 train_time:3064ms step_avg:17.51ms
step:200/1170 train_time:3493ms step_avg:17.46ms
step:225/1170 train_time:3915ms step_avg:17.40ms
step:250/1170 train_time:4345ms step_avg:17.38ms
step:275/1170 train_time:4767ms step_avg:17.34ms
step:300/1170 train_time:5197ms step_avg:17.32ms
step:325/1170 train_time:5740ms step_avg:17.66ms
step:350/1170 train_time:6504ms step_avg:18.58ms
step:375/1170 train_time:7273ms step_avg:19.40ms
step:400/1170 train_time:8039ms step_avg:20.10ms
step:425/1170 train_time:8797ms step_avg:20.70ms
step:450/1170 train_time:9560ms step_avg:21.25ms
step:475/1170 train_time:10327ms step_avg:21.74ms
step:500/1170 train_time:11096ms step_avg:22.19ms
step:525/1170 train_time:11854ms step_avg:22.58ms
step:550/1170 train_time:12619ms step_avg:22.94ms
step:575/1170 train_time:13387ms step_avg:23.28ms
step:600/1170 train_time:14157ms step_avg:23.59ms
step:625/1170 train_time:14917ms step_avg:23.87ms
step:650/1170 train_time:15680ms step_avg:24.12ms
step:675/1170 train_time:16553ms step_avg:24.52ms
step:700/1170 train_time:17693ms step_avg:25.28ms
step:725/1170 train_time:18823ms step_avg:25.96ms
step:750/1170 train_time:19960ms step_avg:26.61ms
step:775/1170 train_time:21101ms step_avg:27.23ms
step:800/1170 train_time:22244ms step_avg:27.80ms
step:825/1170 train_time:23376ms step_avg:28.34ms
step:850/1170 train_time:24513ms step_avg:28.84ms
step:875/1170 train_time:25659ms step_avg:29.32ms
step:900/1170 train_time:26802ms step_avg:29.78ms
step:925/1170 train_time:27936ms step_avg:30.20ms
step:950/1170 train_time:29085ms step_avg:30.62ms
step:975/1170 train_time:30304ms step_avg:31.08ms
step:1000/1170 train_time:31518ms step_avg:31.52ms
step:1025/1170 train_time:32729ms step_avg:31.93ms
step:1050/1170 train_time:33947ms step_avg:32.33ms
step:1075/1170 train_time:35171ms step_avg:32.72ms
step:1100/1170 train_time:36371ms step_avg:33.06ms
step:1125/1170 train_time:37552ms step_avg:33.38ms
step:1150/1170 train_time:38734ms step_avg:33.68ms
[embed] untied from lm_head; optimizer state copied exactly
step:1169/1170 train_time:39201ms step_avg:33.53ms
step:1170/1170 train_time:39222ms step_avg:33.52ms
[ship:tail-ema] win=298 blend=0.65 labels=['embed', 'lm_head']
[ship:tail-avg] win=250 blend=None labels=['mlp_bank', 'vo_bank']
[ship:value-embed] win=250 blend=None labels=['value_embeds']
[ship:bank-blend] win=298 blend={'qk_bank': 0.55, 'vo_bank': 0.34930000000000005, 'mlp_bank': 0.34930000000000005} labels=['mlp_bank', 'qk_bank', 'vo_bank']
step:1170/1170 val_loss:3.2817 train_time:39354ms step_avg:33.64ms
peak memory allocated: 53370 MiB reserved: 65624 MiB
