BEGIN 10-candidate scheduled_steps=1273
W0727 22:46:49.253000 94715 torch/distributed/run.py:852] 
W0727 22:46:49.253000 94715 torch/distributed/run.py:852] *****************************************
W0727 22:46:49.253000 94715 torch/distributed/run.py:852] Setting OMP_NUM_THREADS environment variable for each process to be 1 in default, to avoid your system being overloaded, please further tune the variable for optimal performance in your application as needed. 
W0727 22:46:49.253000 94715 torch/distributed/run.py:852] *****************************************
[Gloo] Rank 0 is connected to 7 peer ranks. Expected number of connected peer ranks is : 7
[Gloo] Rank 4 is connected to 7 peer ranks. Expected number of connected peer ranks is : 7
[Gloo] Rank 7 is connected to 7 peer ranks. Expected number of connected peer ranks is : 7
[Gloo] Rank 1 is connected to 7 peer ranks. Expected number of connected peer ranks is : 7
[Gloo] Rank 3 is connected to 7 peer ranks. Expected number of connected peer ranks is : 7
[Gloo] Rank 5 is connected to 7 peer ranks. Expected number of connected peer ranks is : 7
[Gloo] Rank 2 is connected to 7 peer ranks. Expected number of connected peer ranks is : 7
[Gloo] Rank 6 is connected to 7 peer ranks. Expected number of connected peer ranks is : 7
Warning: You are sending unauthenticated requests to the HF Hub. Please set a HF_TOKEN to enable higher rate limits and faster downloads.
Warning: You are sending unauthenticated requests to the HF Hub. Please set a HF_TOKEN to enable higher rate limits and faster downloads.
Warning: You are sending unauthenticated requests to the HF Hub. Please set a HF_TOKEN to enable higher rate limits and faster downloads.
Warning: You are sending unauthenticated requests to the HF Hub. Please set a HF_TOKEN to enable higher rate limits and faster downloads.
Warning: You are sending unauthenticated requests to the HF Hub. Please set a HF_TOKEN to enable higher rate limits and faster downloads.
Warning: You are sending unauthenticated requests to the HF Hub. Please set a HF_TOKEN to enable higher rate limits and faster downloads.
Fetching 8 files:   0%|          | 0/8 [00:00<?, ?it/s]Fetching 8 files: 100%|██████████| 8/8 [00:00<00:00, 2409.83it/s]
Fetching 8 files:   0%|          | 0/8 [00:00<?, ?it/s]Fetching 8 files: 100%|██████████| 8/8 [00:00<00:00, 2482.39it/s]
Fetching 8 files:   0%|          | 0/8 [00:00<?, ?it/s]Fetching 8 files: 100%|██████████| 8/8 [00:00<00:00, 2670.04it/s]
Fetching 8 files:   0%|          | 0/8 [00:00<?, ?it/s]Fetching 8 files: 100%|██████████| 8/8 [00:00<00:00, 2389.24it/s]
Fetching 8 files:   0%|          | 0/8 [00:00<?, ?it/s]Fetching 8 files: 100%|██████████| 8/8 [00:00<00:00, 2550.89it/s]
Fetching 8 files:   0%|          | 0/8 [00:00<?, ?it/s]Fetching 8 files: 100%|██████████| 8/8 [00:00<00:00, 2391.79it/s]
Fetching 8 files:   0%|          | 0/8 [00:00<?, ?it/s]Fetching 8 files: 100%|██████████| 8/8 [00:00<00:00, 2633.58it/s]
Fetching 8 files:   0%|          | 0/8 [00:00<?, ?it/s]Fetching 8 files: 100%|██████████| 8/8 [00:00<00:00, 2487.36it/s]
logs/7eeb7383-87e9-4487-9ffe-0cc45ffbcc17.txt
Compiling model and warming up kernels (~7 minutes on first execution)
Sampling steps [0, 1, 422, 423, 424, 425, 847, 848, 849, 850, 1271, 1272, 1273, 1274, 1287] for warmup
Resetting Model
Terminal-blended sharded TailEMA scope=readout start=848 every=1 decay=0.9933 blend=0.65
step:0/1288 val_loss:10.8312 train_time:0ms step_avg:0.03ms
step:1/1288 train_time:82ms step_avg:81.99ms
step:2/1288 train_time:107ms step_avg:53.74ms
step:3/1288 train_time:127ms step_avg:42.42ms
step:4/1288 train_time:154ms step_avg:38.38ms
step:5/1288 train_time:181ms step_avg:36.21ms
step:6/1288 train_time:219ms step_avg:36.47ms
step:7/1288 train_time:245ms step_avg:35.06ms
step:8/1288 train_time:283ms step_avg:35.35ms
step:9/1288 train_time:310ms step_avg:34.41ms
step:10/1288 train_time:347ms step_avg:34.66ms
step:11/1288 train_time:374ms step_avg:34.04ms
step:12/1288 train_time:411ms step_avg:34.25ms
step:13/1288 train_time:439ms step_avg:33.80ms
step:14/1288 train_time:477ms step_avg:34.04ms
step:15/1288 train_time:505ms step_avg:33.65ms
step:16/1288 train_time:542ms step_avg:33.87ms
step:17/1288 train_time:570ms step_avg:33.51ms
step:18/1288 train_time:607ms step_avg:33.70ms
step:19/1288 train_time:635ms step_avg:33.41ms
step:20/1288 train_time:672ms step_avg:33.60ms
step:21/1288 train_time:700ms step_avg:33.35ms
step:22/1288 train_time:737ms step_avg:33.50ms
step:23/1288 train_time:765ms step_avg:33.27ms
step:24/1288 train_time:802ms step_avg:33.43ms
step:25/1288 train_time:830ms step_avg:33.20ms
step:26/1288 train_time:867ms step_avg:33.36ms
step:27/1288 train_time:895ms step_avg:33.16ms
step:28/1288 train_time:932ms step_avg:33.29ms
step:29/1288 train_time:960ms step_avg:33.12ms
step:30/1288 train_time:997ms step_avg:33.25ms
step:31/1288 train_time:1026ms step_avg:33.09ms
step:32/1288 train_time:1062ms step_avg:33.20ms
step:33/1288 train_time:1091ms step_avg:33.06ms
step:34/1288 train_time:1128ms step_avg:33.17ms
step:35/1288 train_time:1156ms step_avg:33.03ms
step:36/1288 train_time:1193ms step_avg:33.15ms
step:37/1288 train_time:1222ms step_avg:33.02ms
step:38/1288 train_time:1259ms step_avg:33.12ms
step:39/1288 train_time:1287ms step_avg:33.00ms
step:40/1288 train_time:1324ms step_avg:33.09ms
step:41/1288 train_time:1352ms step_avg:32.97ms
step:42/1288 train_time:1389ms step_avg:33.07ms
step:43/1288 train_time:1417ms step_avg:32.95ms
step:44/1288 train_time:1454ms step_avg:33.05ms
step:45/1288 train_time:1482ms step_avg:32.94ms
step:46/1288 train_time:1519ms step_avg:33.02ms
step:47/1288 train_time:1547ms step_avg:32.92ms
step:48/1288 train_time:1584ms step_avg:33.00ms
step:49/1288 train_time:1612ms step_avg:32.90ms
step:50/1288 train_time:1649ms step_avg:32.98ms
step:51/1288 train_time:1677ms step_avg:32.89ms
step:52/1288 train_time:1714ms step_avg:32.96ms
step:53/1288 train_time:1742ms step_avg:32.87ms
step:54/1288 train_time:1779ms step_avg:32.94ms
step:55/1288 train_time:1807ms step_avg:32.85ms
step:56/1288 train_time:1844ms step_avg:32.93ms
step:57/1288 train_time:1872ms step_avg:32.84ms
step:58/1288 train_time:1909ms step_avg:32.91ms
step:59/1288 train_time:1937ms step_avg:32.83ms
step:60/1288 train_time:1974ms step_avg:32.89ms
step:61/1288 train_time:2002ms step_avg:32.82ms
step:62/1288 train_time:2039ms step_avg:32.88ms
step:63/1288 train_time:2067ms step_avg:32.81ms
step:64/1288 train_time:2104ms step_avg:32.87ms
step:65/1288 train_time:2132ms step_avg:32.80ms
step:66/1288 train_time:2169ms step_avg:32.87ms
step:67/1288 train_time:2197ms step_avg:32.79ms
step:68/1288 train_time:2234ms step_avg:32.86ms
step:69/1288 train_time:2262ms step_avg:32.79ms
step:70/1288 train_time:2299ms step_avg:32.85ms
step:71/1288 train_time:2327ms step_avg:32.78ms
step:72/1288 train_time:2364ms step_avg:32.84ms
step:73/1288 train_time:2392ms step_avg:32.77ms
step:74/1288 train_time:2430ms step_avg:32.83ms
step:75/1288 train_time:2457ms step_avg:32.76ms
step:76/1288 train_time:2495ms step_avg:32.83ms
step:77/1288 train_time:2523ms step_avg:32.77ms
step:78/1288 train_time:2560ms step_avg:32.82ms
step:79/1288 train_time:2588ms step_avg:32.76ms
step:80/1288 train_time:2625ms step_avg:32.82ms
step:81/1288 train_time:2653ms step_avg:32.75ms
step:82/1288 train_time:2690ms step_avg:32.81ms
step:83/1288 train_time:2718ms step_avg:32.74ms
step:84/1288 train_time:2755ms step_avg:32.80ms
step:85/1288 train_time:2783ms step_avg:32.74ms
step:86/1288 train_time:2820ms step_avg:32.79ms
step:87/1288 train_time:2848ms step_avg:32.73ms
step:88/1288 train_time:2885ms step_avg:32.78ms
step:89/1288 train_time:2912ms step_avg:32.72ms
step:90/1288 train_time:2950ms step_avg:32.78ms
step:91/1288 train_time:2978ms step_avg:32.72ms
step:92/1288 train_time:3015ms step_avg:32.77ms
step:93/1288 train_time:3043ms step_avg:32.72ms
step:94/1288 train_time:3080ms step_avg:32.77ms
step:95/1288 train_time:3108ms step_avg:32.72ms
step:96/1288 train_time:3145ms step_avg:32.76ms
step:97/1288 train_time:3173ms step_avg:32.71ms
step:98/1288 train_time:3210ms step_avg:32.76ms
step:99/1288 train_time:3238ms step_avg:32.71ms
step:100/1288 train_time:3275ms step_avg:32.75ms
step:101/1288 train_time:3304ms step_avg:32.71ms
step:102/1288 train_time:3340ms step_avg:32.75ms
step:103/1288 train_time:3369ms step_avg:32.70ms
step:104/1288 train_time:3406ms step_avg:32.75ms
step:105/1288 train_time:3433ms step_avg:32.70ms
step:106/1288 train_time:3470ms step_avg:32.74ms
step:107/1288 train_time:3498ms step_avg:32.69ms
step:108/1288 train_time:3536ms step_avg:32.74ms
step:109/1288 train_time:3564ms step_avg:32.70ms
step:110/1288 train_time:3601ms step_avg:32.74ms
step:111/1288 train_time:3628ms step_avg:32.69ms
step:112/1288 train_time:3665ms step_avg:32.72ms
step:113/1288 train_time:3694ms step_avg:32.69ms
step:114/1288 train_time:3731ms step_avg:32.73ms
step:115/1288 train_time:3758ms step_avg:32.68ms
step:116/1288 train_time:3795ms step_avg:32.72ms
step:117/1288 train_time:3823ms step_avg:32.68ms
step:118/1288 train_time:3860ms step_avg:32.71ms
step:119/1288 train_time:3888ms step_avg:32.67ms
step:120/1288 train_time:3925ms step_avg:32.71ms
step:121/1288 train_time:3953ms step_avg:32.67ms
step:122/1288 train_time:3990ms step_avg:32.71ms
step:123/1288 train_time:4018ms step_avg:32.67ms
step:124/1288 train_time:4055ms step_avg:32.70ms
step:125/1288 train_time:4083ms step_avg:32.67ms
step:126/1288 train_time:4120ms step_avg:32.70ms
step:127/1288 train_time:4148ms step_avg:32.66ms
step:128/1288 train_time:4185ms step_avg:32.70ms
step:129/1288 train_time:4213ms step_avg:32.66ms
step:130/1288 train_time:4250ms step_avg:32.69ms
step:131/1288 train_time:4278ms step_avg:32.65ms
step:132/1288 train_time:4315ms step_avg:32.69ms
step:133/1288 train_time:4344ms step_avg:32.66ms
step:134/1288 train_time:4380ms step_avg:32.69ms
step:135/1288 train_time:4407ms step_avg:32.65ms
step:136/1288 train_time:4444ms step_avg:32.68ms
step:137/1288 train_time:4472ms step_avg:32.64ms
step:138/1288 train_time:4509ms step_avg:32.68ms
step:139/1288 train_time:4537ms step_avg:32.64ms
step:140/1288 train_time:4575ms step_avg:32.68ms
step:141/1288 train_time:4602ms step_avg:32.64ms
step:142/1288 train_time:4639ms step_avg:32.67ms
step:143/1288 train_time:4667ms step_avg:32.64ms
step:144/1288 train_time:4704ms step_avg:32.67ms
step:145/1288 train_time:4733ms step_avg:32.64ms
step:146/1288 train_time:4769ms step_avg:32.66ms
step:147/1288 train_time:4797ms step_avg:32.63ms
step:148/1288 train_time:4836ms step_avg:32.68ms
step:149/1288 train_time:4863ms step_avg:32.63ms
step:150/1288 train_time:4900ms step_avg:32.66ms
step:151/1288 train_time:4928ms step_avg:32.63ms
step:152/1288 train_time:4965ms step_avg:32.66ms
step:153/1288 train_time:4992ms step_avg:32.63ms
step:154/1288 train_time:5029ms step_avg:32.66ms
step:155/1288 train_time:5057ms step_avg:32.63ms
step:156/1288 train_time:5094ms step_avg:32.66ms
step:157/1288 train_time:5122ms step_avg:32.63ms
step:158/1288 train_time:5159ms step_avg:32.65ms
step:159/1288 train_time:5187ms step_avg:32.62ms
step:160/1288 train_time:5224ms step_avg:32.65ms
step:161/1288 train_time:5252ms step_avg:32.62ms
step:162/1288 train_time:5289ms step_avg:32.65ms
step:163/1288 train_time:5317ms step_avg:32.62ms
step:164/1288 train_time:5354ms step_avg:32.65ms
step:165/1288 train_time:5382ms step_avg:32.62ms
step:166/1288 train_time:5418ms step_avg:32.64ms
step:167/1288 train_time:5447ms step_avg:32.62ms
step:168/1288 train_time:5483ms step_avg:32.64ms
step:169/1288 train_time:5511ms step_avg:32.61ms
step:170/1288 train_time:5548ms step_avg:32.64ms
step:171/1288 train_time:5576ms step_avg:32.61ms
step:172/1288 train_time:5613ms step_avg:32.64ms
step:173/1288 train_time:5641ms step_avg:32.61ms
step:174/1288 train_time:5678ms step_avg:32.63ms
step:175/1288 train_time:5706ms step_avg:32.60ms
step:176/1288 train_time:5744ms step_avg:32.63ms
step:177/1288 train_time:5771ms step_avg:32.60ms
step:178/1288 train_time:5808ms step_avg:32.63ms
step:179/1288 train_time:5836ms step_avg:32.60ms
step:180/1288 train_time:5873ms step_avg:32.63ms
step:181/1288 train_time:5900ms step_avg:32.60ms
step:182/1288 train_time:5939ms step_avg:32.63ms
step:183/1288 train_time:5966ms step_avg:32.60ms
step:184/1288 train_time:6003ms step_avg:32.62ms
step:185/1288 train_time:6030ms step_avg:32.60ms
step:186/1288 train_time:6067ms step_avg:32.62ms
step:187/1288 train_time:6095ms step_avg:32.60ms
step:188/1288 train_time:6132ms step_avg:32.62ms
step:189/1288 train_time:6160ms step_avg:32.59ms
step:190/1288 train_time:6197ms step_avg:32.62ms
step:191/1288 train_time:6225ms step_avg:32.59ms
step:192/1288 train_time:6263ms step_avg:32.62ms
step:193/1288 train_time:6289ms step_avg:32.59ms
step:194/1288 train_time:6326ms step_avg:32.61ms
step:195/1288 train_time:6355ms step_avg:32.59ms
step:196/1288 train_time:6392ms step_avg:32.61ms
step:197/1288 train_time:6420ms step_avg:32.59ms
step:198/1288 train_time:6456ms step_avg:32.61ms
step:199/1288 train_time:6484ms step_avg:32.58ms
step:200/1288 train_time:6522ms step_avg:32.61ms
step:201/1288 train_time:6549ms step_avg:32.58ms
step:202/1288 train_time:6586ms step_avg:32.61ms
step:203/1288 train_time:6614ms step_avg:32.58ms
step:204/1288 train_time:6652ms step_avg:32.61ms
step:205/1288 train_time:6680ms step_avg:32.58ms
step:206/1288 train_time:6717ms step_avg:32.61ms
step:207/1288 train_time:6745ms step_avg:32.58ms
step:208/1288 train_time:6781ms step_avg:32.60ms
step:209/1288 train_time:6809ms step_avg:32.58ms
step:210/1288 train_time:6846ms step_avg:32.60ms
step:211/1288 train_time:6874ms step_avg:32.58ms
step:212/1288 train_time:6911ms step_avg:32.60ms
step:213/1288 train_time:6938ms step_avg:32.57ms
step:214/1288 train_time:6975ms step_avg:32.59ms
step:215/1288 train_time:7003ms step_avg:32.57ms
step:216/1288 train_time:7040ms step_avg:32.59ms
step:217/1288 train_time:7068ms step_avg:32.57ms
step:218/1288 train_time:7106ms step_avg:32.59ms
step:219/1288 train_time:7133ms step_avg:32.57ms
step:220/1288 train_time:7170ms step_avg:32.59ms
step:221/1288 train_time:7197ms step_avg:32.57ms
step:222/1288 train_time:7235ms step_avg:32.59ms
step:223/1288 train_time:7263ms step_avg:32.57ms
step:224/1288 train_time:7300ms step_avg:32.59ms
step:225/1288 train_time:7328ms step_avg:32.57ms
step:226/1288 train_time:7364ms step_avg:32.59ms
step:227/1288 train_time:7392ms step_avg:32.56ms
step:228/1288 train_time:7429ms step_avg:32.58ms
step:229/1288 train_time:7457ms step_avg:32.56ms
step:230/1288 train_time:7494ms step_avg:32.58ms
step:231/1288 train_time:7522ms step_avg:32.56ms
step:232/1288 train_time:7559ms step_avg:32.58ms
step:233/1288 train_time:7587ms step_avg:32.56ms
step:234/1288 train_time:7623ms step_avg:32.58ms
step:235/1288 train_time:7651ms step_avg:32.56ms
step:236/1288 train_time:7688ms step_avg:32.58ms
step:237/1288 train_time:7716ms step_avg:32.56ms
step:238/1288 train_time:7753ms step_avg:32.58ms
step:239/1288 train_time:7781ms step_avg:32.56ms
step:240/1288 train_time:7818ms step_avg:32.58ms
step:241/1288 train_time:7846ms step_avg:32.56ms
step:242/1288 train_time:7883ms step_avg:32.58ms
step:243/1288 train_time:7911ms step_avg:32.56ms
step:244/1288 train_time:7948ms step_avg:32.58ms
step:245/1288 train_time:7977ms step_avg:32.56ms
step:246/1288 train_time:8013ms step_avg:32.57ms
step:247/1288 train_time:8041ms step_avg:32.56ms
step:248/1288 train_time:8078ms step_avg:32.57ms
step:249/1288 train_time:8106ms step_avg:32.55ms
step:250/1288 train_time:8143ms step_avg:32.57ms
step:250/1288 val_loss:4.4330 train_time:8181ms step_avg:32.72ms
step:251/1288 train_time:8201ms step_avg:32.67ms
step:252/1288 train_time:8223ms step_avg:32.63ms
step:253/1288 train_time:8240ms step_avg:32.57ms
step:254/1288 train_time:8277ms step_avg:32.59ms
step:255/1288 train_time:8305ms step_avg:32.57ms
step:256/1288 train_time:8343ms step_avg:32.59ms
step:257/1288 train_time:8372ms step_avg:32.57ms
step:258/1288 train_time:8409ms step_avg:32.59ms
step:259/1288 train_time:8437ms step_avg:32.57ms
step:260/1288 train_time:8474ms step_avg:32.59ms
step:261/1288 train_time:8502ms step_avg:32.58ms
step:262/1288 train_time:8539ms step_avg:32.59ms
step:263/1288 train_time:8567ms step_avg:32.57ms
step:264/1288 train_time:8604ms step_avg:32.59ms
step:265/1288 train_time:8632ms step_avg:32.57ms
step:266/1288 train_time:8668ms step_avg:32.59ms
step:267/1288 train_time:8696ms step_avg:32.57ms
step:268/1288 train_time:8733ms step_avg:32.59ms
step:269/1288 train_time:8761ms step_avg:32.57ms
step:270/1288 train_time:8797ms step_avg:32.58ms
step:271/1288 train_time:8825ms step_avg:32.57ms
step:272/1288 train_time:8862ms step_avg:32.58ms
step:273/1288 train_time:8890ms step_avg:32.56ms
step:274/1288 train_time:8926ms step_avg:32.58ms
step:275/1288 train_time:8954ms step_avg:32.56ms
step:276/1288 train_time:8991ms step_avg:32.58ms
step:277/1288 train_time:9019ms step_avg:32.56ms
step:278/1288 train_time:9056ms step_avg:32.57ms
step:279/1288 train_time:9084ms step_avg:32.56ms
step:280/1288 train_time:9120ms step_avg:32.57ms
step:281/1288 train_time:9148ms step_avg:32.55ms
step:282/1288 train_time:9185ms step_avg:32.57ms
step:283/1288 train_time:9213ms step_avg:32.56ms
step:284/1288 train_time:9251ms step_avg:32.57ms
step:285/1288 train_time:9279ms step_avg:32.56ms
step:286/1288 train_time:9316ms step_avg:32.57ms
step:287/1288 train_time:9344ms step_avg:32.56ms
step:288/1288 train_time:9381ms step_avg:32.57ms
step:289/1288 train_time:9409ms step_avg:32.56ms
step:290/1288 train_time:9447ms step_avg:32.58ms
step:291/1288 train_time:9475ms step_avg:32.56ms
step:292/1288 train_time:9511ms step_avg:32.57ms
step:293/1288 train_time:9539ms step_avg:32.56ms
step:294/1288 train_time:9576ms step_avg:32.57ms
step:295/1288 train_time:9604ms step_avg:32.56ms
step:296/1288 train_time:9641ms step_avg:32.57ms
step:297/1288 train_time:9670ms step_avg:32.56ms
step:298/1288 train_time:9706ms step_avg:32.57ms
step:299/1288 train_time:9734ms step_avg:32.56ms
step:300/1288 train_time:9771ms step_avg:32.57ms
step:301/1288 train_time:9799ms step_avg:32.55ms
step:302/1288 train_time:9835ms step_avg:32.57ms
step:303/1288 train_time:9863ms step_avg:32.55ms
step:304/1288 train_time:9900ms step_avg:32.57ms
step:305/1288 train_time:9928ms step_avg:32.55ms
step:306/1288 train_time:9964ms step_avg:32.56ms
step:307/1288 train_time:9992ms step_avg:32.55ms
step:308/1288 train_time:10030ms step_avg:32.57ms
step:309/1288 train_time:10058ms step_avg:32.55ms
step:310/1288 train_time:10095ms step_avg:32.57ms
step:311/1288 train_time:10122ms step_avg:32.55ms
step:312/1288 train_time:10159ms step_avg:32.56ms
step:313/1288 train_time:10187ms step_avg:32.55ms
step:314/1288 train_time:10224ms step_avg:32.56ms
step:315/1288 train_time:10251ms step_avg:32.54ms
step:316/1288 train_time:10288ms step_avg:32.56ms
step:317/1288 train_time:10316ms step_avg:32.54ms
step:318/1288 train_time:10353ms step_avg:32.56ms
step:319/1288 train_time:10381ms step_avg:32.54ms
step:320/1288 train_time:10418ms step_avg:32.56ms
step:321/1288 train_time:10446ms step_avg:32.54ms
step:322/1288 train_time:10482ms step_avg:32.55ms
step:323/1288 train_time:10510ms step_avg:32.54ms
step:324/1288 train_time:10547ms step_avg:32.55ms
step:325/1288 train_time:10576ms step_avg:32.54ms
step:326/1288 train_time:10613ms step_avg:32.55ms
step:327/1288 train_time:10641ms step_avg:32.54ms
step:328/1288 train_time:10678ms step_avg:32.55ms
step:329/1288 train_time:10705ms step_avg:32.54ms
step:330/1288 train_time:10742ms step_avg:32.55ms
step:331/1288 train_time:10770ms step_avg:32.54ms
step:332/1288 train_time:10807ms step_avg:32.55ms
step:333/1288 train_time:10835ms step_avg:32.54ms
step:334/1288 train_time:10872ms step_avg:32.55ms
step:335/1288 train_time:10900ms step_avg:32.54ms
step:336/1288 train_time:10937ms step_avg:32.55ms
step:337/1288 train_time:10964ms step_avg:32.54ms
step:338/1288 train_time:11001ms step_avg:32.55ms
step:339/1288 train_time:11029ms step_avg:32.53ms
step:340/1288 train_time:11066ms step_avg:32.55ms
step:341/1288 train_time:11094ms step_avg:32.53ms
step:342/1288 train_time:11131ms step_avg:32.55ms
step:343/1288 train_time:11159ms step_avg:32.53ms
step:344/1288 train_time:11195ms step_avg:32.54ms
step:345/1288 train_time:11223ms step_avg:32.53ms
step:346/1288 train_time:11260ms step_avg:32.54ms
step:347/1288 train_time:11288ms step_avg:32.53ms
step:348/1288 train_time:11326ms step_avg:32.55ms
step:349/1288 train_time:11353ms step_avg:32.53ms
step:350/1288 train_time:11390ms step_avg:32.54ms
step:351/1288 train_time:11418ms step_avg:32.53ms
step:352/1288 train_time:11456ms step_avg:32.54ms
step:353/1288 train_time:11483ms step_avg:32.53ms
step:354/1288 train_time:11519ms step_avg:32.54ms
step:355/1288 train_time:11548ms step_avg:32.53ms
step:356/1288 train_time:11585ms step_avg:32.54ms
step:357/1288 train_time:11613ms step_avg:32.53ms
step:358/1288 train_time:11650ms step_avg:32.54ms
step:359/1288 train_time:11678ms step_avg:32.53ms
step:360/1288 train_time:11715ms step_avg:32.54ms
step:361/1288 train_time:11742ms step_avg:32.53ms
step:362/1288 train_time:11779ms step_avg:32.54ms
step:363/1288 train_time:11806ms step_avg:32.52ms
step:364/1288 train_time:11844ms step_avg:32.54ms
step:365/1288 train_time:11872ms step_avg:32.52ms
step:366/1288 train_time:11908ms step_avg:32.54ms
step:367/1288 train_time:11936ms step_avg:32.52ms
step:368/1288 train_time:11973ms step_avg:32.54ms
step:369/1288 train_time:12001ms step_avg:32.52ms
step:370/1288 train_time:12038ms step_avg:32.53ms
step:371/1288 train_time:12066ms step_avg:32.52ms
step:372/1288 train_time:12102ms step_avg:32.53ms
step:373/1288 train_time:12130ms step_avg:32.52ms
step:374/1288 train_time:12167ms step_avg:32.53ms
step:375/1288 train_time:12195ms step_avg:32.52ms
step:376/1288 train_time:12232ms step_avg:32.53ms
step:377/1288 train_time:12260ms step_avg:32.52ms
step:378/1288 train_time:12296ms step_avg:32.53ms
step:379/1288 train_time:12325ms step_avg:32.52ms
step:380/1288 train_time:12362ms step_avg:32.53ms
step:381/1288 train_time:12390ms step_avg:32.52ms
step:382/1288 train_time:12426ms step_avg:32.53ms
step:383/1288 train_time:12454ms step_avg:32.52ms
step:384/1288 train_time:12491ms step_avg:32.53ms
step:385/1288 train_time:12519ms step_avg:32.52ms
step:386/1288 train_time:12556ms step_avg:32.53ms
step:387/1288 train_time:12584ms step_avg:32.52ms
step:388/1288 train_time:12621ms step_avg:32.53ms
step:389/1288 train_time:12649ms step_avg:32.52ms
step:390/1288 train_time:12686ms step_avg:32.53ms
step:391/1288 train_time:12714ms step_avg:32.52ms
step:392/1288 train_time:12751ms step_avg:32.53ms
step:393/1288 train_time:12779ms step_avg:32.52ms
step:394/1288 train_time:12815ms step_avg:32.53ms
step:395/1288 train_time:12843ms step_avg:32.52ms
step:396/1288 train_time:12881ms step_avg:32.53ms
step:397/1288 train_time:12908ms step_avg:32.51ms
step:398/1288 train_time:12945ms step_avg:32.53ms
step:399/1288 train_time:12973ms step_avg:32.51ms
step:400/1288 train_time:13010ms step_avg:32.53ms
step:401/1288 train_time:13038ms step_avg:32.51ms
step:402/1288 train_time:13075ms step_avg:32.52ms
step:403/1288 train_time:13103ms step_avg:32.51ms
step:404/1288 train_time:13140ms step_avg:32.52ms
step:405/1288 train_time:13168ms step_avg:32.51ms
step:406/1288 train_time:13204ms step_avg:32.52ms
step:407/1288 train_time:13232ms step_avg:32.51ms
step:408/1288 train_time:13269ms step_avg:32.52ms
step:409/1288 train_time:13297ms step_avg:32.51ms
step:410/1288 train_time:13335ms step_avg:32.53ms
step:411/1288 train_time:13362ms step_avg:32.51ms
step:412/1288 train_time:13399ms step_avg:32.52ms
step:413/1288 train_time:13426ms step_avg:32.51ms
step:414/1288 train_time:13463ms step_avg:32.52ms
step:415/1288 train_time:13491ms step_avg:32.51ms
step:416/1288 train_time:13528ms step_avg:32.52ms
step:417/1288 train_time:13556ms step_avg:32.51ms
step:418/1288 train_time:13593ms step_avg:32.52ms
step:419/1288 train_time:13621ms step_avg:32.51ms
step:420/1288 train_time:13658ms step_avg:32.52ms
step:421/1288 train_time:13686ms step_avg:32.51ms
step:422/1288 train_time:13723ms step_avg:32.52ms
step:423/1288 train_time:13751ms step_avg:32.51ms
step:424/1288 train_time:13788ms step_avg:32.52ms
step:425/1288 train_time:13818ms step_avg:32.51ms
step:426/1288 train_time:13882ms step_avg:32.59ms
step:427/1288 train_time:13935ms step_avg:32.64ms
step:428/1288 train_time:13997ms step_avg:32.70ms
step:429/1288 train_time:14051ms step_avg:32.75ms
step:430/1288 train_time:14113ms step_avg:32.82ms
step:431/1288 train_time:14167ms step_avg:32.87ms
step:432/1288 train_time:14230ms step_avg:32.94ms
step:433/1288 train_time:14284ms step_avg:32.99ms
step:434/1288 train_time:14346ms step_avg:33.05ms
step:435/1288 train_time:14401ms step_avg:33.11ms
step:436/1288 train_time:14463ms step_avg:33.17ms
step:437/1288 train_time:14517ms step_avg:33.22ms
step:438/1288 train_time:14579ms step_avg:33.29ms
step:439/1288 train_time:14634ms step_avg:33.33ms
step:440/1288 train_time:14696ms step_avg:33.40ms
step:441/1288 train_time:14751ms step_avg:33.45ms
step:442/1288 train_time:14812ms step_avg:33.51ms
step:443/1288 train_time:14867ms step_avg:33.56ms
step:444/1288 train_time:14929ms step_avg:33.62ms
step:445/1288 train_time:14984ms step_avg:33.67ms
step:446/1288 train_time:15046ms step_avg:33.74ms
step:447/1288 train_time:15100ms step_avg:33.78ms
step:448/1288 train_time:15161ms step_avg:33.84ms
step:449/1288 train_time:15215ms step_avg:33.89ms
step:450/1288 train_time:15277ms step_avg:33.95ms
step:451/1288 train_time:15331ms step_avg:33.99ms
step:452/1288 train_time:15393ms step_avg:34.06ms
step:453/1288 train_time:15447ms step_avg:34.10ms
step:454/1288 train_time:15510ms step_avg:34.16ms
step:455/1288 train_time:15565ms step_avg:34.21ms
step:456/1288 train_time:15627ms step_avg:34.27ms
step:457/1288 train_time:15682ms step_avg:34.31ms
step:458/1288 train_time:15743ms step_avg:34.37ms
step:459/1288 train_time:15798ms step_avg:34.42ms
step:460/1288 train_time:15859ms step_avg:34.48ms
step:461/1288 train_time:15914ms step_avg:34.52ms
step:462/1288 train_time:15976ms step_avg:34.58ms
step:463/1288 train_time:16031ms step_avg:34.62ms
step:464/1288 train_time:16093ms step_avg:34.68ms
step:465/1288 train_time:16148ms step_avg:34.73ms
step:466/1288 train_time:16210ms step_avg:34.79ms
step:467/1288 train_time:16265ms step_avg:34.83ms
step:468/1288 train_time:16328ms step_avg:34.89ms
step:469/1288 train_time:16381ms step_avg:34.93ms
step:470/1288 train_time:16442ms step_avg:34.98ms
step:471/1288 train_time:16497ms step_avg:35.02ms
step:472/1288 train_time:16559ms step_avg:35.08ms
step:473/1288 train_time:16614ms step_avg:35.12ms
step:474/1288 train_time:16676ms step_avg:35.18ms
step:475/1288 train_time:16730ms step_avg:35.22ms
step:476/1288 train_time:16793ms step_avg:35.28ms
step:477/1288 train_time:16847ms step_avg:35.32ms
step:478/1288 train_time:16910ms step_avg:35.38ms
step:479/1288 train_time:16964ms step_avg:35.42ms
step:480/1288 train_time:17027ms step_avg:35.47ms
step:481/1288 train_time:17081ms step_avg:35.51ms
step:482/1288 train_time:17143ms step_avg:35.57ms
step:483/1288 train_time:17196ms step_avg:35.60ms
step:484/1288 train_time:17258ms step_avg:35.66ms
step:485/1288 train_time:17313ms step_avg:35.70ms
step:486/1288 train_time:17374ms step_avg:35.75ms
step:487/1288 train_time:17429ms step_avg:35.79ms
step:488/1288 train_time:17492ms step_avg:35.84ms
step:489/1288 train_time:17546ms step_avg:35.88ms
step:490/1288 train_time:17608ms step_avg:35.94ms
step:491/1288 train_time:17663ms step_avg:35.97ms
step:492/1288 train_time:17725ms step_avg:36.03ms
step:493/1288 train_time:17779ms step_avg:36.06ms
step:494/1288 train_time:17841ms step_avg:36.11ms
step:495/1288 train_time:17895ms step_avg:36.15ms
step:496/1288 train_time:17957ms step_avg:36.20ms
step:497/1288 train_time:18011ms step_avg:36.24ms
step:498/1288 train_time:18073ms step_avg:36.29ms
step:499/1288 train_time:18128ms step_avg:36.33ms
step:500/1288 train_time:18190ms step_avg:36.38ms
step:500/1288 val_loss:4.0773 train_time:18255ms step_avg:36.51ms
step:501/1288 train_time:18277ms step_avg:36.48ms
step:502/1288 train_time:18311ms step_avg:36.48ms
step:503/1288 train_time:18365ms step_avg:36.51ms
step:504/1288 train_time:18430ms step_avg:36.57ms
step:505/1288 train_time:18485ms step_avg:36.60ms
step:506/1288 train_time:18547ms step_avg:36.65ms
step:507/1288 train_time:18600ms step_avg:36.69ms
step:508/1288 train_time:18661ms step_avg:36.74ms
step:509/1288 train_time:18715ms step_avg:36.77ms
step:510/1288 train_time:18777ms step_avg:36.82ms
step:511/1288 train_time:18830ms step_avg:36.85ms
step:512/1288 train_time:18892ms step_avg:36.90ms
step:513/1288 train_time:18945ms step_avg:36.93ms
step:514/1288 train_time:19006ms step_avg:36.98ms
step:515/1288 train_time:19059ms step_avg:37.01ms
step:516/1288 train_time:19121ms step_avg:37.06ms
step:517/1288 train_time:19176ms step_avg:37.09ms
step:518/1288 train_time:19239ms step_avg:37.14ms
step:519/1288 train_time:19295ms step_avg:37.18ms
step:520/1288 train_time:19357ms step_avg:37.23ms
step:521/1288 train_time:19413ms step_avg:37.26ms
step:522/1288 train_time:19475ms step_avg:37.31ms
step:523/1288 train_time:19530ms step_avg:37.34ms
step:524/1288 train_time:19591ms step_avg:37.39ms
step:525/1288 train_time:19645ms step_avg:37.42ms
step:526/1288 train_time:19707ms step_avg:37.47ms
step:527/1288 train_time:19761ms step_avg:37.50ms
step:528/1288 train_time:19822ms step_avg:37.54ms
step:529/1288 train_time:19876ms step_avg:37.57ms
step:530/1288 train_time:19938ms step_avg:37.62ms
step:531/1288 train_time:19992ms step_avg:37.65ms
step:532/1288 train_time:20054ms step_avg:37.69ms
step:533/1288 train_time:20107ms step_avg:37.72ms
step:534/1288 train_time:20169ms step_avg:37.77ms
step:535/1288 train_time:20223ms step_avg:37.80ms
step:536/1288 train_time:20286ms step_avg:37.85ms
step:537/1288 train_time:20341ms step_avg:37.88ms
step:538/1288 train_time:20403ms step_avg:37.92ms
step:539/1288 train_time:20458ms step_avg:37.96ms
step:540/1288 train_time:20520ms step_avg:38.00ms
step:541/1288 train_time:20575ms step_avg:38.03ms
step:542/1288 train_time:20637ms step_avg:38.08ms
step:543/1288 train_time:20692ms step_avg:38.11ms
step:544/1288 train_time:20752ms step_avg:38.15ms
step:545/1288 train_time:20806ms step_avg:38.18ms
step:546/1288 train_time:20868ms step_avg:38.22ms
step:547/1288 train_time:20922ms step_avg:38.25ms
step:548/1288 train_time:20984ms step_avg:38.29ms
step:549/1288 train_time:21038ms step_avg:38.32ms
step:550/1288 train_time:21100ms step_avg:38.36ms
step:551/1288 train_time:21154ms step_avg:38.39ms
step:552/1288 train_time:21217ms step_avg:38.44ms
step:553/1288 train_time:21272ms step_avg:38.47ms
step:554/1288 train_time:21333ms step_avg:38.51ms
step:555/1288 train_time:21388ms step_avg:38.54ms
step:556/1288 train_time:21450ms step_avg:38.58ms
step:557/1288 train_time:21505ms step_avg:38.61ms
step:558/1288 train_time:21567ms step_avg:38.65ms
step:559/1288 train_time:21621ms step_avg:38.68ms
step:560/1288 train_time:21683ms step_avg:38.72ms
step:561/1288 train_time:21738ms step_avg:38.75ms
step:562/1288 train_time:21799ms step_avg:38.79ms
step:563/1288 train_time:21854ms step_avg:38.82ms
step:564/1288 train_time:21916ms step_avg:38.86ms
step:565/1288 train_time:21969ms step_avg:38.88ms
step:566/1288 train_time:22032ms step_avg:38.92ms
step:567/1288 train_time:22085ms step_avg:38.95ms
step:568/1288 train_time:22147ms step_avg:38.99ms
step:569/1288 train_time:22201ms step_avg:39.02ms
step:570/1288 train_time:22263ms step_avg:39.06ms
step:571/1288 train_time:22319ms step_avg:39.09ms
step:572/1288 train_time:22381ms step_avg:39.13ms
step:573/1288 train_time:22436ms step_avg:39.15ms
step:574/1288 train_time:22498ms step_avg:39.20ms
step:575/1288 train_time:22554ms step_avg:39.22ms
step:576/1288 train_time:22616ms step_avg:39.26ms
step:577/1288 train_time:22670ms step_avg:39.29ms
step:578/1288 train_time:22732ms step_avg:39.33ms
step:579/1288 train_time:22786ms step_avg:39.35ms
step:580/1288 train_time:22847ms step_avg:39.39ms
step:581/1288 train_time:22901ms step_avg:39.42ms
step:582/1288 train_time:22963ms step_avg:39.45ms
step:583/1288 train_time:23017ms step_avg:39.48ms
step:584/1288 train_time:23080ms step_avg:39.52ms
step:585/1288 train_time:23134ms step_avg:39.55ms
step:586/1288 train_time:23196ms step_avg:39.58ms
step:587/1288 train_time:23250ms step_avg:39.61ms
step:588/1288 train_time:23312ms step_avg:39.65ms
step:589/1288 train_time:23365ms step_avg:39.67ms
step:590/1288 train_time:23428ms step_avg:39.71ms
step:591/1288 train_time:23483ms step_avg:39.73ms
step:592/1288 train_time:23545ms step_avg:39.77ms
step:593/1288 train_time:23600ms step_avg:39.80ms
step:594/1288 train_time:23662ms step_avg:39.84ms
step:595/1288 train_time:23718ms step_avg:39.86ms
step:596/1288 train_time:23780ms step_avg:39.90ms
step:597/1288 train_time:23834ms step_avg:39.92ms
step:598/1288 train_time:23895ms step_avg:39.96ms
step:599/1288 train_time:23950ms step_avg:39.98ms
step:600/1288 train_time:24011ms step_avg:40.02ms
step:601/1288 train_time:24065ms step_avg:40.04ms
step:602/1288 train_time:24127ms step_avg:40.08ms
step:603/1288 train_time:24182ms step_avg:40.10ms
step:604/1288 train_time:24243ms step_avg:40.14ms
step:605/1288 train_time:24298ms step_avg:40.16ms
step:606/1288 train_time:24359ms step_avg:40.20ms
step:607/1288 train_time:24414ms step_avg:40.22ms
step:608/1288 train_time:24475ms step_avg:40.26ms
step:609/1288 train_time:24530ms step_avg:40.28ms
step:610/1288 train_time:24592ms step_avg:40.31ms
step:611/1288 train_time:24647ms step_avg:40.34ms
step:612/1288 train_time:24708ms step_avg:40.37ms
step:613/1288 train_time:24762ms step_avg:40.39ms
step:614/1288 train_time:24824ms step_avg:40.43ms
step:615/1288 train_time:24878ms step_avg:40.45ms
step:616/1288 train_time:24940ms step_avg:40.49ms
step:617/1288 train_time:24994ms step_avg:40.51ms
step:618/1288 train_time:25056ms step_avg:40.54ms
step:619/1288 train_time:25110ms step_avg:40.57ms
step:620/1288 train_time:25173ms step_avg:40.60ms
step:621/1288 train_time:25226ms step_avg:40.62ms
step:622/1288 train_time:25288ms step_avg:40.66ms
step:623/1288 train_time:25342ms step_avg:40.68ms
step:624/1288 train_time:25404ms step_avg:40.71ms
step:625/1288 train_time:25458ms step_avg:40.73ms
step:626/1288 train_time:25520ms step_avg:40.77ms
step:627/1288 train_time:25575ms step_avg:40.79ms
step:628/1288 train_time:25637ms step_avg:40.82ms
step:629/1288 train_time:25692ms step_avg:40.85ms
step:630/1288 train_time:25753ms step_avg:40.88ms
step:631/1288 train_time:25808ms step_avg:40.90ms
step:632/1288 train_time:25869ms step_avg:40.93ms
step:633/1288 train_time:25922ms step_avg:40.95ms
step:634/1288 train_time:25984ms step_avg:40.98ms
step:635/1288 train_time:26038ms step_avg:41.00ms
step:636/1288 train_time:26100ms step_avg:41.04ms
step:637/1288 train_time:26156ms step_avg:41.06ms
step:638/1288 train_time:26219ms step_avg:41.09ms
step:639/1288 train_time:26274ms step_avg:41.12ms
step:640/1288 train_time:26336ms step_avg:41.15ms
step:641/1288 train_time:26390ms step_avg:41.17ms
step:642/1288 train_time:26450ms step_avg:41.20ms
step:643/1288 train_time:26505ms step_avg:41.22ms
step:644/1288 train_time:26567ms step_avg:41.25ms
step:645/1288 train_time:26621ms step_avg:41.27ms
step:646/1288 train_time:26684ms step_avg:41.31ms
step:647/1288 train_time:26738ms step_avg:41.33ms
step:648/1288 train_time:26801ms step_avg:41.36ms
step:649/1288 train_time:26854ms step_avg:41.38ms
step:650/1288 train_time:26916ms step_avg:41.41ms
step:651/1288 train_time:26969ms step_avg:41.43ms
step:652/1288 train_time:27031ms step_avg:41.46ms
step:653/1288 train_time:27086ms step_avg:41.48ms
step:654/1288 train_time:27147ms step_avg:41.51ms
step:655/1288 train_time:27201ms step_avg:41.53ms
step:656/1288 train_time:27263ms step_avg:41.56ms
step:657/1288 train_time:27319ms step_avg:41.58ms
step:658/1288 train_time:27382ms step_avg:41.61ms
step:659/1288 train_time:27436ms step_avg:41.63ms
step:660/1288 train_time:27498ms step_avg:41.66ms
step:661/1288 train_time:27553ms step_avg:41.68ms
step:662/1288 train_time:27615ms step_avg:41.72ms
step:663/1288 train_time:27669ms step_avg:41.73ms
step:664/1288 train_time:27730ms step_avg:41.76ms
step:665/1288 train_time:27784ms step_avg:41.78ms
step:666/1288 train_time:27846ms step_avg:41.81ms
step:667/1288 train_time:27900ms step_avg:41.83ms
step:668/1288 train_time:27962ms step_avg:41.86ms
step:669/1288 train_time:28016ms step_avg:41.88ms
step:670/1288 train_time:28079ms step_avg:41.91ms
step:671/1288 train_time:28134ms step_avg:41.93ms
step:672/1288 train_time:28195ms step_avg:41.96ms
step:673/1288 train_time:28249ms step_avg:41.97ms
step:674/1288 train_time:28310ms step_avg:42.00ms
step:675/1288 train_time:28364ms step_avg:42.02ms
step:676/1288 train_time:28427ms step_avg:42.05ms
step:677/1288 train_time:28481ms step_avg:42.07ms
step:678/1288 train_time:28542ms step_avg:42.10ms
step:679/1288 train_time:28597ms step_avg:42.12ms
step:680/1288 train_time:28659ms step_avg:42.15ms
step:681/1288 train_time:28714ms step_avg:42.16ms
step:682/1288 train_time:28776ms step_avg:42.19ms
step:683/1288 train_time:28831ms step_avg:42.21ms
step:684/1288 train_time:28893ms step_avg:42.24ms
step:685/1288 train_time:28947ms step_avg:42.26ms
step:686/1288 train_time:29008ms step_avg:42.29ms
step:687/1288 train_time:29062ms step_avg:42.30ms
step:688/1288 train_time:29124ms step_avg:42.33ms
step:689/1288 train_time:29179ms step_avg:42.35ms
step:690/1288 train_time:29241ms step_avg:42.38ms
step:691/1288 train_time:29294ms step_avg:42.39ms
step:692/1288 train_time:29356ms step_avg:42.42ms
step:693/1288 train_time:29411ms step_avg:42.44ms
step:694/1288 train_time:29472ms step_avg:42.47ms
step:695/1288 train_time:29527ms step_avg:42.48ms
step:696/1288 train_time:29589ms step_avg:42.51ms
step:697/1288 train_time:29644ms step_avg:42.53ms
step:698/1288 train_time:29706ms step_avg:42.56ms
step:699/1288 train_time:29760ms step_avg:42.58ms
step:700/1288 train_time:29822ms step_avg:42.60ms
step:701/1288 train_time:29877ms step_avg:42.62ms
step:702/1288 train_time:29939ms step_avg:42.65ms
step:703/1288 train_time:29993ms step_avg:42.66ms
step:704/1288 train_time:30055ms step_avg:42.69ms
step:705/1288 train_time:30109ms step_avg:42.71ms
step:706/1288 train_time:30171ms step_avg:42.73ms
step:707/1288 train_time:30226ms step_avg:42.75ms
step:708/1288 train_time:30288ms step_avg:42.78ms
step:709/1288 train_time:30341ms step_avg:42.79ms
step:710/1288 train_time:30403ms step_avg:42.82ms
step:711/1288 train_time:30457ms step_avg:42.84ms
step:712/1288 train_time:30520ms step_avg:42.86ms
step:713/1288 train_time:30574ms step_avg:42.88ms
step:714/1288 train_time:30636ms step_avg:42.91ms
step:715/1288 train_time:30690ms step_avg:42.92ms
step:716/1288 train_time:30751ms step_avg:42.95ms
step:717/1288 train_time:30805ms step_avg:42.96ms
step:718/1288 train_time:30868ms step_avg:42.99ms
step:719/1288 train_time:30922ms step_avg:43.01ms
step:720/1288 train_time:30985ms step_avg:43.03ms
step:721/1288 train_time:31038ms step_avg:43.05ms
step:722/1288 train_time:31101ms step_avg:43.08ms
step:723/1288 train_time:31155ms step_avg:43.09ms
step:724/1288 train_time:31217ms step_avg:43.12ms
step:725/1288 train_time:31272ms step_avg:43.13ms
step:726/1288 train_time:31334ms step_avg:43.16ms
step:727/1288 train_time:31388ms step_avg:43.17ms
step:728/1288 train_time:31449ms step_avg:43.20ms
step:729/1288 train_time:31503ms step_avg:43.21ms
step:730/1288 train_time:31565ms step_avg:43.24ms
step:731/1288 train_time:31619ms step_avg:43.25ms
step:732/1288 train_time:31682ms step_avg:43.28ms
step:733/1288 train_time:31736ms step_avg:43.30ms
step:734/1288 train_time:31797ms step_avg:43.32ms
step:735/1288 train_time:31852ms step_avg:43.34ms
step:736/1288 train_time:31915ms step_avg:43.36ms
step:737/1288 train_time:31968ms step_avg:43.38ms
step:738/1288 train_time:32030ms step_avg:43.40ms
step:739/1288 train_time:32084ms step_avg:43.42ms
step:740/1288 train_time:32146ms step_avg:43.44ms
step:741/1288 train_time:32199ms step_avg:43.45ms
step:742/1288 train_time:32263ms step_avg:43.48ms
step:743/1288 train_time:32316ms step_avg:43.49ms
step:744/1288 train_time:32378ms step_avg:43.52ms
step:745/1288 train_time:32434ms step_avg:43.53ms
step:746/1288 train_time:32496ms step_avg:43.56ms
step:747/1288 train_time:32550ms step_avg:43.57ms
step:748/1288 train_time:32612ms step_avg:43.60ms
step:749/1288 train_time:32666ms step_avg:43.61ms
step:750/1288 train_time:32728ms step_avg:43.64ms
step:750/1288 val_loss:3.6634 train_time:32792ms step_avg:43.72ms
step:751/1288 train_time:32811ms step_avg:43.69ms
step:752/1288 train_time:32847ms step_avg:43.68ms
step:753/1288 train_time:32903ms step_avg:43.70ms
step:754/1288 train_time:32966ms step_avg:43.72ms
step:755/1288 train_time:33021ms step_avg:43.74ms
step:756/1288 train_time:33084ms step_avg:43.76ms
step:757/1288 train_time:33137ms step_avg:43.77ms
step:758/1288 train_time:33198ms step_avg:43.80ms
step:759/1288 train_time:33252ms step_avg:43.81ms
step:760/1288 train_time:33314ms step_avg:43.83ms
step:761/1288 train_time:33367ms step_avg:43.85ms
step:762/1288 train_time:33429ms step_avg:43.87ms
step:763/1288 train_time:33482ms step_avg:43.88ms
step:764/1288 train_time:33543ms step_avg:43.90ms
step:765/1288 train_time:33597ms step_avg:43.92ms
step:766/1288 train_time:33658ms step_avg:43.94ms
step:767/1288 train_time:33712ms step_avg:43.95ms
step:768/1288 train_time:33775ms step_avg:43.98ms
step:769/1288 train_time:33830ms step_avg:43.99ms
step:770/1288 train_time:33893ms step_avg:44.02ms
step:771/1288 train_time:33949ms step_avg:44.03ms
step:772/1288 train_time:34011ms step_avg:44.06ms
step:773/1288 train_time:34066ms step_avg:44.07ms
step:774/1288 train_time:34129ms step_avg:44.09ms
step:775/1288 train_time:34185ms step_avg:44.11ms
step:776/1288 train_time:34246ms step_avg:44.13ms
step:777/1288 train_time:34301ms step_avg:44.14ms
step:778/1288 train_time:34362ms step_avg:44.17ms
step:779/1288 train_time:34416ms step_avg:44.18ms
step:780/1288 train_time:34477ms step_avg:44.20ms
step:781/1288 train_time:34531ms step_avg:44.21ms
step:782/1288 train_time:34593ms step_avg:44.24ms
step:783/1288 train_time:34647ms step_avg:44.25ms
step:784/1288 train_time:34709ms step_avg:44.27ms
step:785/1288 train_time:34763ms step_avg:44.28ms
step:786/1288 train_time:34825ms step_avg:44.31ms
step:787/1288 train_time:34879ms step_avg:44.32ms
step:788/1288 train_time:34942ms step_avg:44.34ms
step:789/1288 train_time:34997ms step_avg:44.36ms
step:790/1288 train_time:35059ms step_avg:44.38ms
step:791/1288 train_time:35113ms step_avg:44.39ms
step:792/1288 train_time:35175ms step_avg:44.41ms
step:793/1288 train_time:35230ms step_avg:44.43ms
step:794/1288 train_time:35293ms step_avg:44.45ms
step:795/1288 train_time:35347ms step_avg:44.46ms
step:796/1288 train_time:35409ms step_avg:44.48ms
step:797/1288 train_time:35461ms step_avg:44.49ms
step:798/1288 train_time:35524ms step_avg:44.52ms
step:799/1288 train_time:35577ms step_avg:44.53ms
step:800/1288 train_time:35639ms step_avg:44.55ms
step:801/1288 train_time:35693ms step_avg:44.56ms
step:802/1288 train_time:35755ms step_avg:44.58ms
step:803/1288 train_time:35809ms step_avg:44.59ms
step:804/1288 train_time:35872ms step_avg:44.62ms
step:805/1288 train_time:35927ms step_avg:44.63ms
step:806/1288 train_time:35989ms step_avg:44.65ms
step:807/1288 train_time:36045ms step_avg:44.67ms
step:808/1288 train_time:36107ms step_avg:44.69ms
step:809/1288 train_time:36161ms step_avg:44.70ms
step:810/1288 train_time:36223ms step_avg:44.72ms
step:811/1288 train_time:36277ms step_avg:44.73ms
step:812/1288 train_time:36339ms step_avg:44.75ms
step:813/1288 train_time:36393ms step_avg:44.76ms
step:814/1288 train_time:36454ms step_avg:44.78ms
step:815/1288 train_time:36508ms step_avg:44.80ms
step:816/1288 train_time:36569ms step_avg:44.82ms
step:817/1288 train_time:36624ms step_avg:44.83ms
step:818/1288 train_time:36686ms step_avg:44.85ms
step:819/1288 train_time:36740ms step_avg:44.86ms
step:820/1288 train_time:36802ms step_avg:44.88ms
step:821/1288 train_time:36856ms step_avg:44.89ms
step:822/1288 train_time:36918ms step_avg:44.91ms
step:823/1288 train_time:36972ms step_avg:44.92ms
step:824/1288 train_time:37035ms step_avg:44.94ms
step:825/1288 train_time:37089ms step_avg:44.96ms
step:826/1288 train_time:37151ms step_avg:44.98ms
step:827/1288 train_time:37206ms step_avg:44.99ms
step:828/1288 train_time:37268ms step_avg:45.01ms
step:829/1288 train_time:37322ms step_avg:45.02ms
step:830/1288 train_time:37382ms step_avg:45.04ms
step:831/1288 train_time:37437ms step_avg:45.05ms
step:832/1288 train_time:37499ms step_avg:45.07ms
step:833/1288 train_time:37553ms step_avg:45.08ms
step:834/1288 train_time:37614ms step_avg:45.10ms
step:835/1288 train_time:37669ms step_avg:45.11ms
step:836/1288 train_time:37731ms step_avg:45.13ms
step:837/1288 train_time:37785ms step_avg:45.14ms
step:838/1288 train_time:37848ms step_avg:45.16ms
step:839/1288 train_time:37902ms step_avg:45.18ms
step:840/1288 train_time:37964ms step_avg:45.19ms
step:841/1288 train_time:38018ms step_avg:45.21ms
step:842/1288 train_time:38079ms step_avg:45.22ms
step:843/1288 train_time:38133ms step_avg:45.24ms
step:844/1288 train_time:38197ms step_avg:45.26ms
step:845/1288 train_time:38250ms step_avg:45.27ms
step:846/1288 train_time:38314ms step_avg:45.29ms
step:847/1288 train_time:38368ms step_avg:45.30ms
step:848/1288 train_time:38429ms step_avg:45.32ms
step:849/1288 train_time:38484ms step_avg:45.33ms
step:850/1288 train_time:38547ms step_avg:45.35ms
step:851/1288 train_time:38629ms step_avg:45.39ms
step:852/1288 train_time:38719ms step_avg:45.44ms
step:853/1288 train_time:38799ms step_avg:45.49ms
step:854/1288 train_time:38886ms step_avg:45.53ms
step:855/1288 train_time:38967ms step_avg:45.58ms
step:856/1288 train_time:39054ms step_avg:45.62ms
step:857/1288 train_time:39136ms step_avg:45.67ms
step:858/1288 train_time:39223ms step_avg:45.71ms
step:859/1288 train_time:39303ms step_avg:45.75ms
step:860/1288 train_time:39390ms step_avg:45.80ms
step:861/1288 train_time:39473ms step_avg:45.85ms
step:862/1288 train_time:39560ms step_avg:45.89ms
step:863/1288 train_time:39640ms step_avg:45.93ms
step:864/1288 train_time:39727ms step_avg:45.98ms
step:865/1288 train_time:39808ms step_avg:46.02ms
step:866/1288 train_time:39895ms step_avg:46.07ms
step:867/1288 train_time:39977ms step_avg:46.11ms
step:868/1288 train_time:40064ms step_avg:46.16ms
step:869/1288 train_time:40145ms step_avg:46.20ms
step:870/1288 train_time:40232ms step_avg:46.24ms
step:871/1288 train_time:40313ms step_avg:46.28ms
step:872/1288 train_time:40399ms step_avg:46.33ms
step:873/1288 train_time:40480ms step_avg:46.37ms
step:874/1288 train_time:40568ms step_avg:46.42ms
step:875/1288 train_time:40647ms step_avg:46.45ms
step:876/1288 train_time:40735ms step_avg:46.50ms
step:877/1288 train_time:40816ms step_avg:46.54ms
step:878/1288 train_time:40904ms step_avg:46.59ms
step:879/1288 train_time:40985ms step_avg:46.63ms
step:880/1288 train_time:41072ms step_avg:46.67ms
step:881/1288 train_time:41153ms step_avg:46.71ms
step:882/1288 train_time:41241ms step_avg:46.76ms
step:883/1288 train_time:41321ms step_avg:46.80ms
step:884/1288 train_time:41407ms step_avg:46.84ms
step:885/1288 train_time:41489ms step_avg:46.88ms
step:886/1288 train_time:41576ms step_avg:46.93ms
step:887/1288 train_time:41657ms step_avg:46.96ms
step:888/1288 train_time:41745ms step_avg:47.01ms
step:889/1288 train_time:41825ms step_avg:47.05ms
step:890/1288 train_time:41912ms step_avg:47.09ms
step:891/1288 train_time:41993ms step_avg:47.13ms
step:892/1288 train_time:42081ms step_avg:47.18ms
step:893/1288 train_time:42162ms step_avg:47.21ms
step:894/1288 train_time:42248ms step_avg:47.26ms
step:895/1288 train_time:42330ms step_avg:47.30ms
step:896/1288 train_time:42418ms step_avg:47.34ms
step:897/1288 train_time:42498ms step_avg:47.38ms
step:898/1288 train_time:42584ms step_avg:47.42ms
step:899/1288 train_time:42664ms step_avg:47.46ms
step:900/1288 train_time:42752ms step_avg:47.50ms
step:901/1288 train_time:42834ms step_avg:47.54ms
step:902/1288 train_time:42921ms step_avg:47.58ms
step:903/1288 train_time:43001ms step_avg:47.62ms
step:904/1288 train_time:43087ms step_avg:47.66ms
step:905/1288 train_time:43170ms step_avg:47.70ms
step:906/1288 train_time:43257ms step_avg:47.74ms
step:907/1288 train_time:43337ms step_avg:47.78ms
step:908/1288 train_time:43424ms step_avg:47.82ms
step:909/1288 train_time:43505ms step_avg:47.86ms
step:910/1288 train_time:43592ms step_avg:47.90ms
step:911/1288 train_time:43673ms step_avg:47.94ms
step:912/1288 train_time:43760ms step_avg:47.98ms
step:913/1288 train_time:43841ms step_avg:48.02ms
step:914/1288 train_time:43928ms step_avg:48.06ms
step:915/1288 train_time:44010ms step_avg:48.10ms
step:916/1288 train_time:44099ms step_avg:48.14ms
step:917/1288 train_time:44179ms step_avg:48.18ms
step:918/1288 train_time:44266ms step_avg:48.22ms
step:919/1288 train_time:44345ms step_avg:48.25ms
step:920/1288 train_time:44434ms step_avg:48.30ms
step:921/1288 train_time:44516ms step_avg:48.33ms
step:922/1288 train_time:44603ms step_avg:48.38ms
step:923/1288 train_time:44683ms step_avg:48.41ms
step:924/1288 train_time:44771ms step_avg:48.45ms
step:925/1288 train_time:44853ms step_avg:48.49ms
step:926/1288 train_time:44940ms step_avg:48.53ms
step:927/1288 train_time:45022ms step_avg:48.57ms
step:928/1288 train_time:45109ms step_avg:48.61ms
step:929/1288 train_time:45189ms step_avg:48.64ms
step:930/1288 train_time:45277ms step_avg:48.69ms
step:931/1288 train_time:45357ms step_avg:48.72ms
step:932/1288 train_time:45445ms step_avg:48.76ms
step:933/1288 train_time:45525ms step_avg:48.79ms
step:934/1288 train_time:45612ms step_avg:48.83ms
step:935/1288 train_time:45692ms step_avg:48.87ms
step:936/1288 train_time:45779ms step_avg:48.91ms
step:937/1288 train_time:45861ms step_avg:48.94ms
step:938/1288 train_time:45948ms step_avg:48.99ms
step:939/1288 train_time:46029ms step_avg:49.02ms
step:940/1288 train_time:46117ms step_avg:49.06ms
step:941/1288 train_time:46198ms step_avg:49.09ms
step:942/1288 train_time:46285ms step_avg:49.13ms
step:943/1288 train_time:46366ms step_avg:49.17ms
step:944/1288 train_time:46453ms step_avg:49.21ms
step:945/1288 train_time:46534ms step_avg:49.24ms
step:946/1288 train_time:46620ms step_avg:49.28ms
step:947/1288 train_time:46700ms step_avg:49.31ms
step:948/1288 train_time:46788ms step_avg:49.35ms
step:949/1288 train_time:46869ms step_avg:49.39ms
step:950/1288 train_time:46957ms step_avg:49.43ms
step:951/1288 train_time:47038ms step_avg:49.46ms
step:952/1288 train_time:47124ms step_avg:49.50ms
step:953/1288 train_time:47205ms step_avg:49.53ms
step:954/1288 train_time:47292ms step_avg:49.57ms
step:955/1288 train_time:47373ms step_avg:49.61ms
step:956/1288 train_time:47461ms step_avg:49.65ms
step:957/1288 train_time:47542ms step_avg:49.68ms
step:958/1288 train_time:47629ms step_avg:49.72ms
step:959/1288 train_time:47711ms step_avg:49.75ms
step:960/1288 train_time:47798ms step_avg:49.79ms
step:961/1288 train_time:47879ms step_avg:49.82ms
step:962/1288 train_time:47966ms step_avg:49.86ms
step:963/1288 train_time:48047ms step_avg:49.89ms
step:964/1288 train_time:48134ms step_avg:49.93ms
step:965/1288 train_time:48215ms step_avg:49.96ms
step:966/1288 train_time:48302ms step_avg:50.00ms
step:967/1288 train_time:48382ms step_avg:50.03ms
step:968/1288 train_time:48470ms step_avg:50.07ms
step:969/1288 train_time:48552ms step_avg:50.11ms
step:970/1288 train_time:48639ms step_avg:50.14ms
step:971/1288 train_time:48720ms step_avg:50.18ms
step:972/1288 train_time:48807ms step_avg:50.21ms
step:973/1288 train_time:48889ms step_avg:50.25ms
step:974/1288 train_time:48977ms step_avg:50.28ms
step:975/1288 train_time:49057ms step_avg:50.31ms
step:976/1288 train_time:49143ms step_avg:50.35ms
step:977/1288 train_time:49224ms step_avg:50.38ms
step:978/1288 train_time:49312ms step_avg:50.42ms
step:979/1288 train_time:49393ms step_avg:50.45ms
step:980/1288 train_time:49480ms step_avg:50.49ms
step:981/1288 train_time:49561ms step_avg:50.52ms
step:982/1288 train_time:49649ms step_avg:50.56ms
step:983/1288 train_time:49731ms step_avg:50.59ms
step:984/1288 train_time:49818ms step_avg:50.63ms
step:985/1288 train_time:49898ms step_avg:50.66ms
step:986/1288 train_time:49985ms step_avg:50.69ms
step:987/1288 train_time:50066ms step_avg:50.73ms
step:988/1288 train_time:50153ms step_avg:50.76ms
step:989/1288 train_time:50235ms step_avg:50.79ms
step:990/1288 train_time:50322ms step_avg:50.83ms
step:991/1288 train_time:50403ms step_avg:50.86ms
step:992/1288 train_time:50491ms step_avg:50.90ms
step:993/1288 train_time:50572ms step_avg:50.93ms
step:994/1288 train_time:50660ms step_avg:50.97ms
step:995/1288 train_time:50741ms step_avg:51.00ms
step:996/1288 train_time:50828ms step_avg:51.03ms
step:997/1288 train_time:50910ms step_avg:51.06ms
step:998/1288 train_time:50998ms step_avg:51.10ms
step:999/1288 train_time:51078ms step_avg:51.13ms
step:1000/1288 train_time:51165ms step_avg:51.16ms
step:1000/1288 val_loss:3.4208 train_time:51256ms step_avg:51.26ms
step:1001/1288 train_time:51276ms step_avg:51.22ms
step:1002/1288 train_time:51338ms step_avg:51.24ms
step:1003/1288 train_time:51420ms step_avg:51.27ms
step:1004/1288 train_time:51507ms step_avg:51.30ms
step:1005/1288 train_time:51588ms step_avg:51.33ms
step:1006/1288 train_time:51676ms step_avg:51.37ms
step:1007/1288 train_time:51756ms step_avg:51.40ms
step:1008/1288 train_time:51841ms step_avg:51.43ms
step:1009/1288 train_time:51921ms step_avg:51.46ms
step:1010/1288 train_time:52009ms step_avg:51.49ms
step:1011/1288 train_time:52089ms step_avg:51.52ms
step:1012/1288 train_time:52177ms step_avg:51.56ms
step:1013/1288 train_time:52259ms step_avg:51.59ms
step:1014/1288 train_time:52351ms step_avg:51.63ms
step:1015/1288 train_time:52433ms step_avg:51.66ms
step:1016/1288 train_time:52520ms step_avg:51.69ms
step:1017/1288 train_time:52600ms step_avg:51.72ms
step:1018/1288 train_time:52688ms step_avg:51.76ms
step:1019/1288 train_time:52769ms step_avg:51.79ms
step:1020/1288 train_time:52856ms step_avg:51.82ms
step:1021/1288 train_time:52935ms step_avg:51.85ms
step:1022/1288 train_time:53023ms step_avg:51.88ms
step:1023/1288 train_time:53104ms step_avg:51.91ms
step:1024/1288 train_time:53192ms step_avg:51.95ms
step:1025/1288 train_time:53273ms step_avg:51.97ms
step:1026/1288 train_time:53363ms step_avg:52.01ms
step:1027/1288 train_time:53445ms step_avg:52.04ms
step:1028/1288 train_time:53533ms step_avg:52.07ms
step:1029/1288 train_time:53613ms step_avg:52.10ms
step:1030/1288 train_time:53700ms step_avg:52.14ms
step:1031/1288 train_time:53780ms step_avg:52.16ms
step:1032/1288 train_time:53867ms step_avg:52.20ms
step:1033/1288 train_time:53948ms step_avg:52.22ms
step:1034/1288 train_time:54034ms step_avg:52.26ms
step:1035/1288 train_time:54116ms step_avg:52.29ms
step:1036/1288 train_time:54202ms step_avg:52.32ms
step:1037/1288 train_time:54284ms step_avg:52.35ms
step:1038/1288 train_time:54373ms step_avg:52.38ms
step:1039/1288 train_time:54455ms step_avg:52.41ms
step:1040/1288 train_time:54542ms step_avg:52.44ms
step:1041/1288 train_time:54624ms step_avg:52.47ms
step:1042/1288 train_time:54711ms step_avg:52.51ms
step:1043/1288 train_time:54791ms step_avg:52.53ms
step:1044/1288 train_time:54876ms step_avg:52.56ms
step:1045/1288 train_time:54957ms step_avg:52.59ms
step:1046/1288 train_time:55045ms step_avg:52.62ms
step:1047/1288 train_time:55126ms step_avg:52.65ms
step:1048/1288 train_time:55215ms step_avg:52.69ms
step:1049/1288 train_time:55296ms step_avg:52.71ms
step:1050/1288 train_time:55383ms step_avg:52.75ms
step:1051/1288 train_time:55466ms step_avg:52.77ms
step:1052/1288 train_time:55554ms step_avg:52.81ms
step:1053/1288 train_time:55635ms step_avg:52.83ms
step:1054/1288 train_time:55721ms step_avg:52.87ms
step:1055/1288 train_time:55802ms step_avg:52.89ms
step:1056/1288 train_time:55890ms step_avg:52.93ms
step:1057/1288 train_time:55971ms step_avg:52.95ms
step:1058/1288 train_time:56057ms step_avg:52.98ms
step:1059/1288 train_time:56138ms step_avg:53.01ms
step:1060/1288 train_time:56226ms step_avg:53.04ms
step:1061/1288 train_time:56307ms step_avg:53.07ms
step:1062/1288 train_time:56395ms step_avg:53.10ms
step:1063/1288 train_time:56476ms step_avg:53.13ms
step:1064/1288 train_time:56563ms step_avg:53.16ms
step:1065/1288 train_time:56646ms step_avg:53.19ms
step:1066/1288 train_time:56733ms step_avg:53.22ms
step:1067/1288 train_time:56814ms step_avg:53.25ms
step:1068/1288 train_time:56900ms step_avg:53.28ms
step:1069/1288 train_time:56981ms step_avg:53.30ms
step:1070/1288 train_time:57068ms step_avg:53.33ms
step:1071/1288 train_time:57150ms step_avg:53.36ms
step:1072/1288 train_time:57237ms step_avg:53.39ms
step:1073/1288 train_time:57318ms step_avg:53.42ms
step:1074/1288 train_time:57405ms step_avg:53.45ms
step:1075/1288 train_time:57487ms step_avg:53.48ms
step:1076/1288 train_time:57575ms step_avg:53.51ms
step:1077/1288 train_time:57656ms step_avg:53.53ms
step:1078/1288 train_time:57743ms step_avg:53.56ms
step:1079/1288 train_time:57824ms step_avg:53.59ms
step:1080/1288 train_time:57913ms step_avg:53.62ms
step:1081/1288 train_time:57993ms step_avg:53.65ms
step:1082/1288 train_time:58079ms step_avg:53.68ms
step:1083/1288 train_time:58160ms step_avg:53.70ms
step:1084/1288 train_time:58247ms step_avg:53.73ms
step:1085/1288 train_time:58329ms step_avg:53.76ms
step:1086/1288 train_time:58417ms step_avg:53.79ms
step:1087/1288 train_time:58498ms step_avg:53.82ms
step:1088/1288 train_time:58585ms step_avg:53.85ms
step:1089/1288 train_time:58667ms step_avg:53.87ms
step:1090/1288 train_time:58755ms step_avg:53.90ms
step:1091/1288 train_time:58836ms step_avg:53.93ms
step:1092/1288 train_time:58923ms step_avg:53.96ms
step:1093/1288 train_time:59005ms step_avg:53.98ms
step:1094/1288 train_time:59092ms step_avg:54.01ms
step:1095/1288 train_time:59173ms step_avg:54.04ms
step:1096/1288 train_time:59259ms step_avg:54.07ms
step:1097/1288 train_time:59339ms step_avg:54.09ms
step:1098/1288 train_time:59427ms step_avg:54.12ms
step:1099/1288 train_time:59510ms step_avg:54.15ms
step:1100/1288 train_time:59596ms step_avg:54.18ms
step:1101/1288 train_time:59677ms step_avg:54.20ms
step:1102/1288 train_time:59765ms step_avg:54.23ms
step:1103/1288 train_time:59847ms step_avg:54.26ms
step:1104/1288 train_time:59934ms step_avg:54.29ms
step:1105/1288 train_time:60015ms step_avg:54.31ms
step:1106/1288 train_time:60101ms step_avg:54.34ms
step:1107/1288 train_time:60183ms step_avg:54.37ms
step:1108/1288 train_time:60271ms step_avg:54.40ms
step:1109/1288 train_time:60352ms step_avg:54.42ms
step:1110/1288 train_time:60438ms step_avg:54.45ms
step:1111/1288 train_time:60519ms step_avg:54.47ms
step:1112/1288 train_time:60607ms step_avg:54.50ms
step:1113/1288 train_time:60689ms step_avg:54.53ms
step:1114/1288 train_time:60777ms step_avg:54.56ms
step:1115/1288 train_time:60857ms step_avg:54.58ms
step:1116/1288 train_time:60945ms step_avg:54.61ms
step:1117/1288 train_time:61027ms step_avg:54.63ms
step:1118/1288 train_time:61114ms step_avg:54.66ms
step:1119/1288 train_time:61195ms step_avg:54.69ms
step:1120/1288 train_time:61282ms step_avg:54.72ms
step:1121/1288 train_time:61364ms step_avg:54.74ms
step:1122/1288 train_time:61452ms step_avg:54.77ms
step:1123/1288 train_time:61533ms step_avg:54.79ms
step:1124/1288 train_time:61620ms step_avg:54.82ms
step:1125/1288 train_time:61700ms step_avg:54.84ms
step:1126/1288 train_time:61788ms step_avg:54.87ms
step:1127/1288 train_time:61869ms step_avg:54.90ms
step:1128/1288 train_time:61957ms step_avg:54.93ms
step:1129/1288 train_time:62037ms step_avg:54.95ms
step:1130/1288 train_time:62125ms step_avg:54.98ms
step:1131/1288 train_time:62206ms step_avg:55.00ms
step:1132/1288 train_time:62294ms step_avg:55.03ms
step:1133/1288 train_time:62375ms step_avg:55.05ms
step:1134/1288 train_time:62462ms step_avg:55.08ms
step:1135/1288 train_time:62544ms step_avg:55.11ms
step:1136/1288 train_time:62632ms step_avg:55.13ms
step:1137/1288 train_time:62712ms step_avg:55.16ms
step:1138/1288 train_time:62800ms step_avg:55.18ms
step:1139/1288 train_time:62879ms step_avg:55.21ms
step:1140/1288 train_time:62967ms step_avg:55.23ms
step:1141/1288 train_time:63050ms step_avg:55.26ms
step:1142/1288 train_time:63137ms step_avg:55.29ms
step:1143/1288 train_time:63217ms step_avg:55.31ms
step:1144/1288 train_time:63305ms step_avg:55.34ms
step:1145/1288 train_time:63387ms step_avg:55.36ms
step:1146/1288 train_time:63474ms step_avg:55.39ms
step:1147/1288 train_time:63555ms step_avg:55.41ms
step:1148/1288 train_time:63642ms step_avg:55.44ms
step:1149/1288 train_time:63724ms step_avg:55.46ms
step:1150/1288 train_time:63811ms step_avg:55.49ms
step:1151/1288 train_time:63892ms step_avg:55.51ms
step:1152/1288 train_time:63978ms step_avg:55.54ms
step:1153/1288 train_time:64058ms step_avg:55.56ms
step:1154/1288 train_time:64147ms step_avg:55.59ms
step:1155/1288 train_time:64229ms step_avg:55.61ms
step:1156/1288 train_time:64317ms step_avg:55.64ms
step:1157/1288 train_time:64397ms step_avg:55.66ms
step:1158/1288 train_time:64484ms step_avg:55.69ms
step:1159/1288 train_time:64567ms step_avg:55.71ms
step:1160/1288 train_time:64656ms step_avg:55.74ms
step:1161/1288 train_time:64737ms step_avg:55.76ms
step:1162/1288 train_time:64825ms step_avg:55.79ms
step:1163/1288 train_time:64906ms step_avg:55.81ms
step:1164/1288 train_time:64993ms step_avg:55.84ms
step:1165/1288 train_time:65073ms step_avg:55.86ms
step:1166/1288 train_time:65160ms step_avg:55.88ms
step:1167/1288 train_time:65241ms step_avg:55.91ms
step:1168/1288 train_time:65330ms step_avg:55.93ms
step:1169/1288 train_time:65411ms step_avg:55.95ms
step:1170/1288 train_time:65498ms step_avg:55.98ms
step:1171/1288 train_time:65578ms step_avg:56.00ms
step:1172/1288 train_time:65667ms step_avg:56.03ms
step:1173/1288 train_time:65748ms step_avg:56.05ms
step:1174/1288 train_time:65836ms step_avg:56.08ms
step:1175/1288 train_time:65917ms step_avg:56.10ms
step:1176/1288 train_time:66004ms step_avg:56.13ms
step:1177/1288 train_time:66087ms step_avg:56.15ms
step:1178/1288 train_time:66173ms step_avg:56.17ms
step:1179/1288 train_time:66255ms step_avg:56.20ms
step:1180/1288 train_time:66342ms step_avg:56.22ms
step:1181/1288 train_time:66424ms step_avg:56.24ms
step:1182/1288 train_time:66513ms step_avg:56.27ms
step:1183/1288 train_time:66594ms step_avg:56.29ms
step:1184/1288 train_time:66680ms step_avg:56.32ms
step:1185/1288 train_time:66762ms step_avg:56.34ms
step:1186/1288 train_time:66850ms step_avg:56.37ms
step:1187/1288 train_time:66931ms step_avg:56.39ms
step:1188/1288 train_time:67017ms step_avg:56.41ms
step:1189/1288 train_time:67097ms step_avg:56.43ms
step:1190/1288 train_time:67184ms step_avg:56.46ms
step:1191/1288 train_time:67267ms step_avg:56.48ms
step:1192/1288 train_time:67355ms step_avg:56.51ms
step:1193/1288 train_time:67437ms step_avg:56.53ms
step:1194/1288 train_time:67525ms step_avg:56.55ms
step:1195/1288 train_time:67606ms step_avg:56.57ms
step:1196/1288 train_time:67694ms step_avg:56.60ms
step:1197/1288 train_time:67774ms step_avg:56.62ms
step:1198/1288 train_time:67861ms step_avg:56.65ms
step:1199/1288 train_time:67945ms step_avg:56.67ms
step:1200/1288 train_time:68033ms step_avg:56.69ms
step:1201/1288 train_time:68113ms step_avg:56.71ms
step:1202/1288 train_time:68199ms step_avg:56.74ms
step:1203/1288 train_time:68279ms step_avg:56.76ms
step:1204/1288 train_time:68368ms step_avg:56.78ms
step:1205/1288 train_time:68450ms step_avg:56.80ms
step:1206/1288 train_time:68537ms step_avg:56.83ms
step:1207/1288 train_time:68618ms step_avg:56.85ms
step:1208/1288 train_time:68705ms step_avg:56.88ms
step:1209/1288 train_time:68787ms step_avg:56.90ms
step:1210/1288 train_time:68875ms step_avg:56.92ms
step:1211/1288 train_time:68957ms step_avg:56.94ms
step:1212/1288 train_time:69044ms step_avg:56.97ms
step:1213/1288 train_time:69127ms step_avg:56.99ms
step:1214/1288 train_time:69214ms step_avg:57.01ms
step:1215/1288 train_time:69294ms step_avg:57.03ms
step:1216/1288 train_time:69380ms step_avg:57.06ms
step:1217/1288 train_time:69461ms step_avg:57.08ms
step:1218/1288 train_time:69549ms step_avg:57.10ms
step:1219/1288 train_time:69631ms step_avg:57.12ms
step:1220/1288 train_time:69718ms step_avg:57.15ms
step:1221/1288 train_time:69798ms step_avg:57.16ms
step:1222/1288 train_time:69886ms step_avg:57.19ms
step:1223/1288 train_time:69967ms step_avg:57.21ms
step:1224/1288 train_time:70055ms step_avg:57.23ms
step:1225/1288 train_time:70136ms step_avg:57.25ms
step:1226/1288 train_time:70224ms step_avg:57.28ms
step:1227/1288 train_time:70306ms step_avg:57.30ms
step:1228/1288 train_time:70393ms step_avg:57.32ms
step:1229/1288 train_time:70474ms step_avg:57.34ms
step:1230/1288 train_time:70561ms step_avg:57.37ms
step:1231/1288 train_time:70642ms step_avg:57.39ms
step:1232/1288 train_time:70731ms step_avg:57.41ms
step:1233/1288 train_time:70812ms step_avg:57.43ms
step:1234/1288 train_time:70900ms step_avg:57.46ms
step:1235/1288 train_time:70980ms step_avg:57.47ms
step:1236/1288 train_time:71068ms step_avg:57.50ms
step:1237/1288 train_time:71150ms step_avg:57.52ms
step:1238/1288 train_time:71238ms step_avg:57.54ms
step:1239/1288 train_time:71318ms step_avg:57.56ms
step:1240/1288 train_time:71405ms step_avg:57.59ms
step:1241/1288 train_time:71487ms step_avg:57.60ms
step:1242/1288 train_time:71574ms step_avg:57.63ms
step:1243/1288 train_time:71654ms step_avg:57.65ms
step:1244/1288 train_time:71743ms step_avg:57.67ms
step:1245/1288 train_time:71824ms step_avg:57.69ms
step:1246/1288 train_time:71913ms step_avg:57.71ms
step:1247/1288 train_time:71993ms step_avg:57.73ms
step:1248/1288 train_time:72080ms step_avg:57.76ms
step:1249/1288 train_time:72161ms step_avg:57.78ms
step:1250/1288 train_time:72248ms step_avg:57.80ms
step:1250/1288 val_loss:3.2981 train_time:72340ms step_avg:57.87ms
step:1251/1288 train_time:72361ms step_avg:57.84ms
step:1252/1288 train_time:72422ms step_avg:57.84ms
step:1253/1288 train_time:72505ms step_avg:57.86ms
step:1254/1288 train_time:72592ms step_avg:57.89ms
step:1255/1288 train_time:72672ms step_avg:57.91ms
step:1256/1288 train_time:72761ms step_avg:57.93ms
step:1257/1288 train_time:72840ms step_avg:57.95ms
step:1258/1288 train_time:72926ms step_avg:57.97ms
step:1259/1288 train_time:73005ms step_avg:57.99ms
step:1260/1288 train_time:73093ms step_avg:58.01ms
step:1261/1288 train_time:73173ms step_avg:58.03ms
step:1262/1288 train_time:73261ms step_avg:58.05ms
step:1263/1288 train_time:73345ms step_avg:58.07ms
step:1264/1288 train_time:73433ms step_avg:58.10ms
step:1265/1288 train_time:73517ms step_avg:58.12ms
step:1266/1288 train_time:73605ms step_avg:58.14ms
step:1267/1288 train_time:73685ms step_avg:58.16ms
step:1268/1288 train_time:73773ms step_avg:58.18ms
step:1269/1288 train_time:73856ms step_avg:58.20ms
step:1270/1288 train_time:73943ms step_avg:58.22ms
step:1271/1288 train_time:74023ms step_avg:58.24ms
step:1272/1288 train_time:74109ms step_avg:58.26ms
step:1273/1288 train_time:74190ms step_avg:58.28ms
step:1274/1288 train_time:74280ms step_avg:58.30ms
step:1275/1288 train_time:74366ms step_avg:58.33ms
step:1276/1288 train_time:74455ms step_avg:58.35ms
step:1277/1288 train_time:74539ms step_avg:58.37ms
step:1278/1288 train_time:74626ms step_avg:58.39ms
step:1279/1288 train_time:74706ms step_avg:58.41ms
step:1280/1288 train_time:74795ms step_avg:58.43ms
step:1281/1288 train_time:74875ms step_avg:58.45ms
step:1282/1288 train_time:74963ms step_avg:58.47ms
step:1283/1288 train_time:75044ms step_avg:58.49ms
step:1284/1288 train_time:75131ms step_avg:58.51ms
step:1285/1288 train_time:75214ms step_avg:58.53ms
step:1286/1288 train_time:75303ms step_avg:58.56ms
step:1287/1288 train_time:75384ms step_avg:58.57ms
step:1288/1288 train_time:75473ms step_avg:58.60ms
step:1288/1288 val_loss:3.2783 train_time:75566ms step_avg:58.67ms
peak memory allocated: 32298 MiB reserved: 47310 MiB
Terminal-blended sharded TailEMA scope=readout start=848 every=1 decay=0.9933 blend=0.65
step:0/1288 val_loss:10.8312 train_time:0ms step_avg:0.03ms
step:250/1288 val_loss:4.4330 train_time:8181ms step_avg:32.72ms
step:500/1288 val_loss:4.0773 train_time:18255ms step_avg:36.51ms
step:750/1288 val_loss:3.6634 train_time:32792ms step_avg:43.72ms
step:1000/1288 val_loss:3.4208 train_time:51256ms step_avg:51.26ms
step:1250/1288 val_loss:3.2981 train_time:72340ms step_avg:57.87ms
step:1288/1288 val_loss:3.2783 train_time:75566ms step_avg:58.67ms
PASS 10-candidate
ACCURACY_10_COMPLETE
