BEGIN 09-candidate scheduled_steps=1273
W0727 22:35:28.165000 84470 torch/distributed/run.py:852] 
W0727 22:35:28.165000 84470 torch/distributed/run.py:852] *****************************************
W0727 22:35:28.165000 84470 torch/distributed/run.py:852] Setting OMP_NUM_THREADS environment variable for each process to be 1 in default, to avoid your system being overloaded, please further tune the variable for optimal performance in your application as needed. 
W0727 22:35:28.165000 84470 torch/distributed/run.py:852] *****************************************
Traceback (most recent call last):
  File "/home/karan/speedrun/bin/preload-inductor.py", line 24, in <module>
    runpy.run_path(training_script, run_name="__main__")
  File "<frozen runpy>", line 286, in run_path
  File "<frozen runpy>", line 98, in _run_module_code
  File "<frozen runpy>", line 88, in _run_code
  File "train_gpt.py", line 41, in <module>
    from triton_kernels import XXT, XTX, ba_plus_cAA, FusedLinearReLUSquareFunction, FusedSoftcappedCrossEntropy, transpose_add, transpose_copy
ModuleNotFoundError: No module named 'triton_kernels'
Traceback (most recent call last):
  File "/home/karan/speedrun/bin/preload-inductor.py", line 24, in <module>
    runpy.run_path(training_script, run_name="__main__")
  File "<frozen runpy>", line 286, in run_path
  File "<frozen runpy>", line 98, in _run_module_code
  File "<frozen runpy>", line 88, in _run_code
  File "train_gpt.py", line 41, in <module>
    from triton_kernels import XXT, XTX, ba_plus_cAA, FusedLinearReLUSquareFunction, FusedSoftcappedCrossEntropy, transpose_add, transpose_copy
ModuleNotFoundError: No module named 'triton_kernels'
Traceback (most recent call last):
  File "/home/karan/speedrun/bin/preload-inductor.py", line 24, in <module>
    runpy.run_path(training_script, run_name="__main__")
  File "<frozen runpy>", line 286, in run_path
  File "<frozen runpy>", line 98, in _run_module_code
  File "<frozen runpy>", line 88, in _run_code
  File "train_gpt.py", line 41, in <module>
    from triton_kernels import XXT, XTX, ba_plus_cAA, FusedLinearReLUSquareFunction, FusedSoftcappedCrossEntropy, transpose_add, transpose_copy
ModuleNotFoundError: No module named 'triton_kernels'
Traceback (most recent call last):
  File "/home/karan/speedrun/bin/preload-inductor.py", line 24, in <module>
    runpy.run_path(training_script, run_name="__main__")
  File "<frozen runpy>", line 286, in run_path
  File "<frozen runpy>", line 98, in _run_module_code
  File "<frozen runpy>", line 88, in _run_code
  File "train_gpt.py", line 41, in <module>
    from triton_kernels import XXT, XTX, ba_plus_cAA, FusedLinearReLUSquareFunction, FusedSoftcappedCrossEntropy, transpose_add, transpose_copy
ModuleNotFoundError: No module named 'triton_kernels'
Traceback (most recent call last):
  File "/home/karan/speedrun/bin/preload-inductor.py", line 24, in <module>
    runpy.run_path(training_script, run_name="__main__")
  File "<frozen runpy>", line 286, in run_path
  File "<frozen runpy>", line 98, in _run_module_code
  File "<frozen runpy>", line 88, in _run_code
  File "train_gpt.py", line 41, in <module>
    from triton_kernels import XXT, XTX, ba_plus_cAA, FusedLinearReLUSquareFunction, FusedSoftcappedCrossEntropy, transpose_add, transpose_copy
ModuleNotFoundError: No module named 'triton_kernels'
Traceback (most recent call last):
  File "/home/karan/speedrun/bin/preload-inductor.py", line 24, in <module>
    runpy.run_path(training_script, run_name="__main__")
  File "<frozen runpy>", line 286, in run_path
  File "<frozen runpy>", line 98, in _run_module_code
  File "<frozen runpy>", line 88, in _run_code
  File "train_gpt.py", line 41, in <module>
    from triton_kernels import XXT, XTX, ba_plus_cAA, FusedLinearReLUSquareFunction, FusedSoftcappedCrossEntropy, transpose_add, transpose_copy
ModuleNotFoundError: No module named 'triton_kernels'
Traceback (most recent call last):
  File "/home/karan/speedrun/bin/preload-inductor.py", line 24, in <module>
    runpy.run_path(training_script, run_name="__main__")
  File "<frozen runpy>", line 286, in run_path
  File "<frozen runpy>", line 98, in _run_module_code
  File "<frozen runpy>", line 88, in _run_code
  File "train_gpt.py", line 41, in <module>
    from triton_kernels import XXT, XTX, ba_plus_cAA, FusedLinearReLUSquareFunction, FusedSoftcappedCrossEntropy, transpose_add, transpose_copy
ModuleNotFoundError: No module named 'triton_kernels'
W0727 22:35:37.871000 84470 torch/distributed/elastic/multiprocessing/api.py:1010] Sending process 84569 closing signal SIGTERM
W0727 22:35:37.872000 84470 torch/distributed/elastic/multiprocessing/api.py:1010] Sending process 84570 closing signal SIGTERM
W0727 22:35:37.873000 84470 torch/distributed/elastic/multiprocessing/api.py:1010] Sending process 84571 closing signal SIGTERM
W0727 22:35:37.873000 84470 torch/distributed/elastic/multiprocessing/api.py:1010] Sending process 84572 closing signal SIGTERM
W0727 22:35:37.874000 84470 torch/distributed/elastic/multiprocessing/api.py:1010] Sending process 84573 closing signal SIGTERM
W0727 22:35:37.874000 84470 torch/distributed/elastic/multiprocessing/api.py:1010] Sending process 84574 closing signal SIGTERM
W0727 22:35:37.874000 84470 torch/distributed/elastic/multiprocessing/api.py:1010] Sending process 84575 closing signal SIGTERM
E0727 22:35:38.547000 84470 torch/distributed/elastic/multiprocessing/api.py:984] failed (exitcode: 1) local_rank: 0 (pid: 84568) of binary: /home/karan/speedrun/venv/bin/python
Traceback (most recent call last):
  File "/home/karan/speedrun/venv/bin/torchrun", line 6, in <module>
    sys.exit(main())
             ^^^^^^
  File "/home/karan/speedrun/venv/lib/python3.12/site-packages/torch/distributed/elastic/multiprocessing/errors/__init__.py", line 362, in wrapper
    return f(*args, **kwargs)
           ^^^^^^^^^^^^^^^^^^
  File "/home/karan/speedrun/venv/lib/python3.12/site-packages/torch/distributed/run.py", line 991, in main
    run(args)
  File "/home/karan/speedrun/venv/lib/python3.12/site-packages/torch/distributed/run.py", line 982, in run
    elastic_launch(
  File "/home/karan/speedrun/venv/lib/python3.12/site-packages/torch/distributed/launcher/api.py", line 170, in __call__
    return launch_agent(self._config, self._entrypoint, list(args))
           ^^^^^^^^^^^^^^^^^^^^^^^^^^^^^^^^^^^^^^^^^^^^^^^^^^^^^^^^
  File "/home/karan/speedrun/venv/lib/python3.12/site-packages/torch/distributed/launcher/api.py", line 317, in launch_agent
    raise ChildFailedError(
torch.distributed.elastic.multiprocessing.errors.ChildFailedError: 
============================================================
/home/karan/speedrun/bin/preload-inductor.py FAILED
------------------------------------------------------------
Failures:
[1]:
  time      : 2026-07-27_22:35:38
  host      : computeinstance-e00r0wz28hs1p4e07w
  rank      : 1 (local_rank: 1)
  exitcode  : -15 (pid: 84569)
  error_file: <N/A>
  traceback : Signal 15 (SIGTERM) received by PID 84569
[2]:
  time      : 2026-07-27_22:35:38
  host      : computeinstance-e00r0wz28hs1p4e07w
  rank      : 2 (local_rank: 2)
  exitcode  : -15 (pid: 84570)
  error_file: <N/A>
  traceback : Signal 15 (SIGTERM) received by PID 84570
[3]:
  time      : 2026-07-27_22:35:38
  host      : computeinstance-e00r0wz28hs1p4e07w
  rank      : 3 (local_rank: 3)
  exitcode  : -15 (pid: 84571)
  error_file: <N/A>
  traceback : Signal 15 (SIGTERM) received by PID 84571
[4]:
  time      : 2026-07-27_22:35:38
  host      : computeinstance-e00r0wz28hs1p4e07w
  rank      : 4 (local_rank: 4)
  exitcode  : -15 (pid: 84572)
  error_file: <N/A>
  traceback : Signal 15 (SIGTERM) received by PID 84572
[5]:
  time      : 2026-07-27_22:35:38
  host      : computeinstance-e00r0wz28hs1p4e07w
  rank      : 5 (local_rank: 5)
  exitcode  : -15 (pid: 84573)
  error_file: <N/A>
  traceback : Signal 15 (SIGTERM) received by PID 84573
[6]:
  time      : 2026-07-27_22:35:38
  host      : computeinstance-e00r0wz28hs1p4e07w
  rank      : 6 (local_rank: 6)
  exitcode  : -15 (pid: 84574)
  error_file: <N/A>
  traceback : Signal 15 (SIGTERM) received by PID 84574
[7]:
  time      : 2026-07-27_22:35:38
  host      : computeinstance-e00r0wz28hs1p4e07w
  rank      : 7 (local_rank: 7)
  exitcode  : -15 (pid: 84575)
  error_file: <N/A>
  traceback : Signal 15 (SIGTERM) received by PID 84575
------------------------------------------------------------
Root Cause (first observed failure):
[0]:
  time      : 2026-07-27_22:35:37
  host      : computeinstance-e00r0wz28hs1p4e07w
  rank      : 0 (local_rank: 0)
  exitcode  : 1 (pid: 84568)
  error_file: <N/A>
  traceback : To enable traceback see: https://pytorch.org/docs/stable/elastic/errors.html
============================================================
INFRASTRUCTURE_FAILURE 09-candidate exit=1
