[Gloo] Rank [Gloo] Rank 01 is connected to  is connected to 77 peer ranks.  peer ranks. Expected number of connected peer ranks is : Expected number of connected peer ranks is : 77

[Gloo] Rank [Gloo] Rank 42 is connected to 7 is connected to  peer ranks. 7Expected number of connected peer ranks is :  peer ranks. 7Expected number of connected peer ranks is : 
7
[Gloo] Rank 3 is connected to 7 peer ranks. Expected number of connected peer ranks is : 7
[Gloo] Rank 5 is connected to 7 peer ranks. Expected number of connected peer ranks is : 7
[Gloo] Rank [Gloo] Rank 7 is connected to 7 peer ranks. Expected number of connected peer ranks is : 7
6 is connected to 7 peer ranks. Expected number of connected peer ranks is : 7
logs/d540e643-5beb-4b5e-8a3f-28c83fc7022d.txt
[residual-fusions] ON: post-lambda in the O gain, per-row scalar-lambda grads, VE gate slice from rstd
[value-embed] value_embeds (201216, 768) = 4 planes (plane 3 retired: layer 9 attention absent) 154.5M params, sink 294.8 MiB (before retirement: 5 planes, 251520x768, 193.2M, 368.4 MiB)
[banks] qk_bank (48, 256, 768) (42 live), vo_bank (16, 768, 768) (14 live); slot order (attn-bank idx) (0, 2, 5, 1, 7, 3, 9), narrow ++ dv64 ++ wide
[fused-kernels] selftest PASS (every fused kernel is byte-exact vs ATen)
[sampled-softmax] ON P=[10240, 14336, 24576] rows<=49152 vocab=50304 until=1095
[eval-ce] ON slab=32768 rows x 50304 vocab, 8 slabs per 262144-row val batch
[value-embed-comms] ON planes=4 table=201216x768; compact buffer 295 MB, shard 25152 rows
[graph:step] ON: 9 keys, runahead_throttle=2, pool=shared, sink_ring=4
Compiling model and warming up kernels (~7 minutes on first execution)
[warmup:restore] ON: bigram shard (10575360, 768) (15.13 GiB) out of initial_state (key _orig_mod.bigram_embed.weight), restored by zero_() in place; checksum (0.0, 0.0, 0.0); initial_state pins 0.92 GiB of CUDA
[graph:step] warmup extended for 9 capture keys; first steps [0, 317, 406, 495, 584, 673, 955, 1095, 1162]
Sampling steps [0, 1, 2, 3, 4, 5, 6, 7, 315, 316, 317, 318, 406, 407, 495, 496, 584, 585, 671, 672, 673, 674, 953, 954, 955, 956, 1093, 1094, 1095, 1096, 1160, 1161, 1162, 1163, 1164, 1165, 1166] for warmup
[embed] untied from lm_head; optimizer state copied exactly
Resetting Model
[warmup] captures armed in the single sampled pass: tgr banks ['mlp_bank', 'qk_bank', 'vo_bank'] | tgr2 1 attn + 2 mlp; prefix 0..7 last, tgr@4 tgr2@5, all self-checks consumed
step:25/1182 train_time:505ms step_avg:20.18ms
step:50/1182 train_time:933ms step_avg:18.66ms
step:75/1182 train_time:1356ms step_avg:18.09ms
step:100/1182 train_time:1786ms step_avg:17.86ms
step:125/1182 train_time:2209ms step_avg:17.68ms
step:150/1182 train_time:2639ms step_avg:17.59ms
step:175/1182 train_time:3062ms step_avg:17.49ms
step:200/1182 train_time:3491ms step_avg:17.46ms
step:225/1182 train_time:3914ms step_avg:17.40ms
step:250/1182 train_time:4344ms step_avg:17.37ms
step:275/1182 train_time:4766ms step_avg:17.33ms
step:300/1182 train_time:5196ms step_avg:17.32ms
step:325/1182 train_time:5700ms step_avg:17.54ms
step:350/1182 train_time:6464ms step_avg:18.47ms
step:375/1182 train_time:7232ms step_avg:19.29ms
step:400/1182 train_time:8000ms step_avg:20.00ms
step:425/1182 train_time:8759ms step_avg:20.61ms
step:450/1182 train_time:9523ms step_avg:21.16ms
step:475/1182 train_time:10290ms step_avg:21.66ms
step:500/1182 train_time:11059ms step_avg:22.12ms
step:525/1182 train_time:11818ms step_avg:22.51ms
step:550/1182 train_time:12582ms step_avg:22.88ms
step:575/1182 train_time:13350ms step_avg:23.22ms
step:600/1182 train_time:14122ms step_avg:23.54ms
step:625/1182 train_time:14880ms step_avg:23.81ms
step:650/1182 train_time:15645ms step_avg:24.07ms
step:675/1182 train_time:16416ms step_avg:24.32ms
step:700/1182 train_time:17556ms step_avg:25.08ms
step:725/1182 train_time:18684ms step_avg:25.77ms
step:750/1182 train_time:19820ms step_avg:26.43ms
step:775/1182 train_time:20965ms step_avg:27.05ms
step:800/1182 train_time:22107ms step_avg:27.63ms
step:825/1182 train_time:23238ms step_avg:28.17ms
step:850/1182 train_time:24377ms step_avg:28.68ms
step:875/1182 train_time:25522ms step_avg:29.17ms
step:900/1182 train_time:26666ms step_avg:29.63ms
step:925/1182 train_time:27800ms step_avg:30.05ms
step:950/1182 train_time:28939ms step_avg:30.46ms
step:975/1182 train_time:30137ms step_avg:30.91ms
step:1000/1182 train_time:31353ms step_avg:31.35ms
step:1025/1182 train_time:32560ms step_avg:31.77ms
step:1050/1182 train_time:33771ms step_avg:32.16ms
step:1075/1182 train_time:34994ms step_avg:32.55ms
step:1100/1182 train_time:36210ms step_avg:32.92ms
step:1125/1182 train_time:37389ms step_avg:33.23ms
step:1150/1182 train_time:38574ms step_avg:33.54ms
[embed] untied from lm_head; optimizer state copied exactly
step:1175/1182 train_time:39479ms step_avg:33.60ms
step:1181/1182 train_time:39608ms step_avg:33.54ms
step:1182/1182 train_time:39628ms step_avg:33.53ms
[ship:tail-ema] win=298 blend=0.65 labels=['embed', 'lm_head']
[ship:tail-avg] win=250 blend=None labels=['mlp_bank', 'vo_bank']
[ship:value-embed] win=250 blend=None labels=['value_embeds']
[ship:bank-blend] win=298 blend={'qk_bank': 0.55, 'vo_bank': 0.34930000000000005, 'mlp_bank': 0.34930000000000005} labels=['mlp_bank', 'qk_bank', 'vo_bank']
step:1182/1182 val_loss:3.2815 train_time:39766ms step_avg:33.64ms
peak memory allocated: 53370 MiB reserved: 65904 MiB
