[Gloo] Rank 7 is connected to 7 peer ranks. Expected number of connected peer ranks is : 7
[Gloo] Rank 0 is connected to 7 peer ranks. Expected number of connected peer ranks is : 7
[Gloo] Rank 3 is connected to 7 peer ranks. Expected number of connected peer ranks is : 7
[Gloo] Rank 1 is connected to 7 peer ranks. Expected number of connected peer ranks is : 7
[Gloo] Rank 5 is connected to 7 peer ranks. [Gloo] Rank Expected number of connected peer ranks is : 27 is connected to 
7 peer ranks. Expected number of connected peer ranks is : 7
[Gloo] Rank [Gloo] Rank 64 is connected to  is connected to 77 peer ranks.  peer ranks. Expected number of connected peer ranks is : Expected number of connected peer ranks is : 77

logs/847a09fc-e2a7-4e4b-8e50-0723de890bca.txt
[approx-backward] {'attention_enabled': True, 'calibration_steps': [592, 593], 'attention_stop': 1107, 'threshold': 0.2, 'head_sample_group': 4, 'head_min_rows': 32768, 'extension': 'nanogpt_ab_33ed10bb784d'}
[residual-fusions] ON: post-lambda in the O gain, per-row scalar-lambda grads, VE gate slice from rstd
[value-embed] value_embeds (201216, 768) = 4 planes (plane 3 retired: layer 9 attention absent) 154.5M params, sink 294.8 MiB (before retirement: 5 planes, 251520x768, 193.2M, 368.4 MiB)
[banks] qk_bank (48, 256, 768) (42 live), vo_bank (16, 768, 768) (14 live); slot order (attn-bank idx) (0, 2, 5, 1, 7, 3, 9), narrow ++ dv64 ++ wide
[fused-kernels] selftest PASS (every fused kernel is byte-exact vs ATen)
[sampled-softmax] ON P=[10240, 14336, 24576] rows<=49152 vocab=50304 until=1107
[eval-ce] ON slab=32768 rows x 50304 vocab, 8 slabs per 262144-row val batch
[value-embed-comms] ON planes=4 table=201216x768; compact buffer 295 MB, shard 25152 rows
[graph:step] ON: 11 keys, runahead_throttle=2, pool=shared, sink_ring=4
Compiling model and warming up kernels (~7 minutes on first execution)
[warmup:restore] ON: bigram shard (10575360, 768) (15.13 GiB) out of initial_state (key _orig_mod.bigram_embed.weight), restored by zero_() in place; checksum (0.0, 0.0, 0.0); initial_state pins 0.92 GiB of CUDA
[graph:step] warmup extended for 11 capture keys; first steps [0, 320, 411, 501, 591, 592, 594, 681, 965, 1107, 1174]
Sampling steps [0, 1, 2, 3, 4, 5, 6, 7, 318, 319, 320, 321, 411, 412, 501, 502, 591, 591, 592, 593, 594, 595, 679, 680, 681, 682, 963, 964, 965, 966, 1105, 1106, 1107, 1108, 1172, 1173, 1174, 1175, 1176, 1177, 1178] for warmup
[embed] untied from lm_head; optimizer state copied exactly
Resetting Model
[warmup] captures armed in the single sampled pass: tgr banks ['mlp_bank', 'qk_bank', 'vo_bank'] | tgr2 1 attn + 2 mlp; prefix 0..7 last, tgr@4 tgr2@5, all self-checks consumed
step:25/1194 train_time:1078ms step_avg:43.12ms
step:50/1194 train_time:1508ms step_avg:30.16ms
step:75/1194 train_time:1930ms step_avg:25.73ms
step:100/1194 train_time:2359ms step_avg:23.59ms
step:125/1194 train_time:2781ms step_avg:22.25ms
step:150/1194 train_time:3210ms step_avg:21.40ms
step:175/1194 train_time:3632ms step_avg:20.76ms
step:200/1194 train_time:4061ms step_avg:20.30ms
step:225/1194 train_time:4484ms step_avg:19.93ms
step:250/1194 train_time:4913ms step_avg:19.65ms
step:275/1194 train_time:5336ms step_avg:19.40ms
step:300/1194 train_time:5764ms step_avg:19.21ms
step:325/1194 train_time:6226ms step_avg:19.16ms
step:350/1194 train_time:6982ms step_avg:19.95ms
step:375/1194 train_time:7740ms step_avg:20.64ms
step:400/1194 train_time:8499ms step_avg:21.25ms
step:425/1194 train_time:9250ms step_avg:21.76ms
step:450/1194 train_time:10004ms step_avg:22.23ms
step:475/1194 train_time:10764ms step_avg:22.66ms
step:500/1194 train_time:11521ms step_avg:23.04ms
step:525/1194 train_time:12270ms step_avg:23.37ms
step:550/1194 train_time:13023ms step_avg:23.68ms
step:575/1194 train_time:13782ms step_avg:23.97ms
step:600/1194 train_time:14575ms step_avg:24.29ms
step:625/1194 train_time:15313ms step_avg:24.50ms
step:650/1194 train_time:16066ms step_avg:24.72ms
step:675/1194 train_time:16823ms step_avg:24.92ms
step:700/1194 train_time:17815ms step_avg:25.45ms
step:725/1194 train_time:18914ms step_avg:26.09ms
step:750/1194 train_time:20012ms step_avg:26.68ms
step:775/1194 train_time:21122ms step_avg:27.25ms
step:800/1194 train_time:22229ms step_avg:27.79ms
step:825/1194 train_time:23328ms step_avg:28.28ms
step:850/1194 train_time:24433ms step_avg:28.74ms
step:875/1194 train_time:25545ms step_avg:29.19ms
step:900/1194 train_time:26657ms step_avg:29.62ms
step:925/1194 train_time:27757ms step_avg:30.01ms
step:950/1194 train_time:28860ms step_avg:30.38ms
step:975/1194 train_time:29989ms step_avg:30.76ms
step:1000/1194 train_time:31156ms step_avg:31.16ms
step:1025/1194 train_time:32310ms step_avg:31.52ms
step:1050/1194 train_time:33471ms step_avg:31.88ms
step:1075/1194 train_time:34638ms step_avg:32.22ms
step:1100/1194 train_time:35808ms step_avg:32.55ms
step:1125/1194 train_time:36975ms step_avg:32.87ms
step:1150/1194 train_time:38160ms step_avg:33.18ms
step:1175/1194 train_time:39353ms step_avg:33.49ms
[embed] untied from lm_head; optimizer state copied exactly
step:1193/1194 train_time:39768ms step_avg:33.33ms
step:1194/1194 train_time:39789ms step_avg:33.32ms
[ship:tail-ema] win=298 blend=0.65 labels=['embed', 'lm_head']
[ship:tail-avg] win=250 blend=None labels=['mlp_bank', 'vo_bank']
[ship:value-embed] win=250 blend=None labels=['value_embeds']
[ship:bank-blend] win=298 blend={'qk_bank': 0.55, 'vo_bank': 0.34930000000000005, 'mlp_bank': 0.34930000000000005} labels=['mlp_bank', 'qk_bank', 'vo_bank']
step:1194/1194 val_loss:3.2781 train_time:39940ms step_avg:33.45ms
peak memory allocated: 54277 MiB reserved: 66032 MiB
[approx-backward-result] {"attention_enabled": true, "attention_stop": 1107, "calibration": [{"observations": [{"document_lengths": [140, 1726, 390, 4096, 554, 394, 320], "error": [[[0.5112595558166504, 0.10160570591688156, 0.30624276399612427], [0.4190346598625183, 0.04083199426531792, 0.22539298236370087], [0.2687901556491852, 0.02843080461025238, 0.11618942767381668]], [[0.30684590339660645, 0.0736939087510109, 0.18896569311618805], [0.24393625557422638, 0.03009829670190811, 0.12557287514209747], [0.14542554318904877, 0.021344656124711037, 0.054762426763772964]], [[0.12214361876249313, 0.05246712267398834, 0.06090999394655228], [0.10305477678775787, 0.02384769916534424, 0.03401435539126396], [0.059305183589458466, 0.016094043850898743, 0.02460353821516037]]], "full_window": 384, "layer": 0}, {"document_lengths": [70, 863, 195, 2048, 277, 197, 160, 674, 867, 320, 102, 510, 895, 116, 712], "error": [[[0.7795641422271729, 0.508980929851532, 0.6011984348297119, 0.11105337738990784, 0.06552625447511673, 0.4265412986278534], [0.7252950072288513, 0.382941871881485, 0.4678335189819336, 0.058639828115701675, 0.015710264444351196, 0.2910149395465851], [0.5455920100212097, 0.2544507384300232, 0.33498790860176086, 0.0656568706035614, 0.011746685951948166, 0.20563945174217224]], [[0.6035540699958801, 0.36250004172325134, 0.46074235439300537, 0.07630971074104309, 0.054921697825193405, 0.2986471652984619], [0.523884117603302, 0.2637856900691986, 0.3579065203666687, 0.032680366188287735, 0.013522963970899582, 0.19076989591121674], [0.37195098400115967, 0.16579905152320862, 0.24570000171661377, 0.029194215312600136, 0.009961426258087158, 0.1370990127325058]], [[0.3175925612449646, 0.2037842720746994, 0.25961586833000183, 0.05277908965945244, 0.03692924976348877, 0.17999579012393951], [0.28073957562446594, 0.1430521458387375, 0.20610909163951874, 0.021951906383037567, 0.010355510748922825, 0.11219947040081024], [0.14960601925849915, 0.09515136480331421, 0.1316223293542862, 0.01799835078418255, 0.007668038364499807, 0.08590062707662582]]], "full_window": 384, "layer": 1}, {"document_lengths": [140, 1726, 390, 4096, 554, 394, 320], "error": [[[0.24437086284160614, 0.30015483498573303, 0.16163305938243866], [0.14856302738189697, 0.23144495487213135, 0.07842797040939331], [0.07570208609104156, 0.15381230413913727, 0.07537716627120972]], [[0.08352343738079071, 0.17468690872192383, 0.11128919571638107], [0.025888074189424515, 0.10940386354923248, 0.045742783695459366], [0.030113155022263527, 0.0728476271033287, 0.041957393288612366]], [[0.05228680744767189, 0.05933883786201477, 0.0606159046292305], [0.017252782359719276, 0.0211577657610178, 0.022639179602265358], [0.02048296108841896, 0.019982019439339638, 0.01895844005048275]]], "full_window": 384, "layer": 2}, {"document_lengths": [140, 1726, 390, 4096, 554, 394, 320], "error": [[[0.2136458456516266, 0.400130957365036, 0.13522888720035553], [0.1359318643808365, 0.22823138535022736, 0.04065518453717232], [0.10675883293151855, 0.20165200531482697, 0.04278276860713959]], [[0.09938511997461319, 0.22723698616027832, 0.08760842680931091], [0.057677410542964935, 0.11266470700502396, 0.026127668097615242], [0.0428740568459034, 0.10722807049751282, 0.02624286524951458]], [[0.05432429537177086, 0.11196175217628479, 0.03726828843355179], [0.03561864793300629, 0.05108069255948067, 0.014071405865252018], [0.015990177169442177, 0.06214623525738716, 0.011530335992574692]]], "full_window": 384, "layer": 5}, {"document_lengths": [70, 863, 195, 2048, 277, 197, 160, 674, 867, 320, 102, 510, 895, 116, 712], "error": [[[0.2568737864494324, 0.16082759201526642, 0.3315328359603882, 0.5640718340873718, 0.4526320695877075, 0.454373300075531], [0.08705903589725494, 0.061290379613637924, 0.17637483775615692, 0.38234344124794006, 0.2504289150238037, 0.2850123643875122], [0.09326329827308655, 0.07406783849000931, 0.16046462953090668, 0.3405801057815552, 0.18837474286556244, 0.26136574149131775]], [[0.15839295089244843, 0.11042336374521255, 0.19604524970054626, 0.37911301851272583, 0.32642218470573425, 0.30292609333992004], [0.05021055042743683, 0.0408589206635952, 0.09957843273878098, 0.2556358277797699, 0.17767851054668427, 0.1910402923822403], [0.04777060076594353, 0.046558674424886703, 0.08961507678031921, 0.21538670361042023, 0.11307206749916077, 0.15407924354076385]], [[0.07174736261367798, 0.062379103153944016, 0.07739971578121185, 0.21002329885959625, 0.09581655263900757, 0.16422122716903687], [0.022275350987911224, 0.019595855847001076, 0.038826752454042435, 0.14361384510993958, 0.05598968267440796, 0.10471426695585251], [0.02367924153804779, 0.0171735230833292, 0.033051446080207825, 0.12673185765743256, 0.04160560294985771, 0.06780906021595001]]], "full_window": 384, "layer": 8}], "seconds": 0.0832468755543232, "step": 592}, {"observations": [{"document_lengths": [488, 440, 342, 2816, 208, 242, 370, 254, 2250, 560], "error": [[[0.46778857707977295, 0.09604460000991821, 0.26067084074020386], [0.37232843041419983, 0.03822392597794533, 0.18012146651744843], [0.23738156259059906, 0.02680589072406292, 0.10600306838750839]], [[0.30721908807754517, 0.06680380553007126, 0.1603699028491974], [0.254292368888855, 0.02791273407638073, 0.10383868962526321], [0.14411254227161407, 0.019929470494389534, 0.053002458065748215]], [[0.1094784364104271, 0.04483221098780632, 0.05068398639559746], [0.09069069474935532, 0.021643463522195816, 0.028313444927334785], [0.05005772411823273, 0.015167546458542347, 0.01957550458610058]]], "full_window": 384, "layer": 0}, {"document_lengths": [244, 220, 171, 1408, 104, 121, 185, 127, 1125, 280, 732, 124, 780, 1076, 409, 617, 90, 276], "error": [[[0.7994910478591919, 0.49482855200767517, 0.5411072969436646, 0.11517157405614853, 0.06554637849330902, 0.44701680541038513], [0.9115568399429321, 0.35437485575675964, 0.3990709185600281, 0.057973138988018036, 0.015568522736430168, 0.3332729935646057], [0.5556274056434631, 0.24636158347129822, 0.3203890323638916, 0.06853026151657104, 0.011341091245412827, 0.2402450144290924]], [[0.5774110555648804, 0.34131836891174316, 0.4060301184654236, 0.06864698231220245, 0.052718404680490494, 0.31373468041419983], [0.6165986657142639, 0.22035181522369385, 0.29373306035995483, 0.029744863510131836, 0.012945330701768398, 0.22630518674850464], [0.34412336349487305, 0.16148480772972107, 0.23300474882125854, 0.025269972160458565, 0.009452275931835175, 0.15885038673877716]], [[0.31014299392700195, 0.19062824547290802, 0.21941077709197998, 0.0441388376057148, 0.03636246919631958, 0.18318794667720795], [0.2856104373931885, 0.12919923663139343, 0.1525149941444397, 0.019122377038002014, 0.009936359710991383, 0.1359102725982666], [0.1396653950214386, 0.09018470346927643, 0.12207270413637161, 0.015321161597967148, 0.0071744658052921295, 0.08577929437160492]]], "full_window": 384, "layer": 1}, {"document_lengths": [488, 440, 342, 2816, 208, 242, 370, 254, 2250, 560], "error": [[[0.12284284830093384, 0.4254840314388275, 0.17982524633407593], [0.04820917546749115, 0.3337761461734772, 0.08969124406576157], [0.05323178321123123, 0.18659093976020813, 0.07321229577064514]], [[0.08022519201040268, 0.26669755578041077, 0.11629433184862137], [0.02352295070886612, 0.2102774977684021, 0.044248342514038086], [0.02852899394929409, 0.08680468052625656, 0.03697679191827774]], [[0.048134513199329376, 0.04879029095172882, 0.0510055273771286], [0.015615909360349178, 0.020417295396327972, 0.017503933981060982], [0.01840152032673359, 0.015843786299228668, 0.015734298154711723]]], "full_window": 384, "layer": 2}, {"document_lengths": [488, 440, 342, 2816, 208, 242, 370, 254, 2250, 560], "error": [[[0.22210189700126648, 0.3679939806461334, 0.13679572939872742], [0.14236417412757874, 0.19519951939582825, 0.04014041647315025], [0.10196607559919357, 0.15920044481754303, 0.04503414034843445]], [[0.09762179106473923, 0.19834570586681366, 0.08661641925573349], [0.05670018494129181, 0.08581836521625519, 0.02585342340171337], [0.04244416207075119, 0.07823584228754044, 0.026446856558322906]], [[0.03468943387269974, 0.09534605592489243, 0.03541506454348564], [0.018489645794034004, 0.041009873151779175, 0.012935026548802853], [0.014354837127029896, 0.03913357853889465, 0.010736963711678982]]], "full_window": 384, "layer": 5}, {"document_lengths": [244, 220, 171, 1408, 104, 121, 185, 127, 1125, 280, 732, 124, 780, 1076, 409, 617, 90, 276], "error": [[[0.24130651354789734, 0.16457994282245636, 0.3279098570346832, 0.5586305856704712, 0.3609052300453186, 0.3985448479652405], [0.06635776162147522, 0.0576191321015358, 0.19360068440437317, 0.40676209330558777, 0.18847951292991638, 0.26585519313812256], [0.07377653568983078, 0.07953797280788422, 0.1739518642425537, 0.3370872735977173, 0.14166028797626495, 0.26824602484703064]], [[0.16866636276245117, 0.1080339327454567, 0.19352082908153534, 0.37975749373435974, 0.2505200207233429, 0.24936188757419586], [0.042014531791210175, 0.03741040080785751, 0.1062689870595932, 0.2202276885509491, 0.12175671756267548, 0.15436913073062897], [0.04679255932569504, 0.048240579664707184, 0.09748795628547668, 0.2037532925605774, 0.08696935325860977, 0.1542704999446869]], [[0.09592650085687637, 0.060229938477277756, 0.08720952272415161, 0.21821509301662445, 0.09348937124013901, 0.11301092058420181], [0.02461937814950943, 0.019078629091382027, 0.04677966982126236, 0.13013413548469543, 0.04356139153242111, 0.07347813248634338], [0.026535525918006897, 0.01693003438413143, 0.04798242077231407, 0.12021882086992264, 0.03584717959165573, 0.07104584574699402]]], "full_window": 384, "layer": 8}], "seconds": 0.03751225955784321, "step": 593}], "calibration_steps": [592, 593], "extension": "nanogpt_ab_33ed10bb784d", "head_min_rows": 32768, "head_sample_group": 4, "threshold": 0.2, "training_ms": 39940.38791768253, "val_loss": 3.278075933456421, "windows": {"0": [256, 64, 128], "1": [-1, -1, -1, 128, 128, -1], "2": [128, 256, 64], "5": [128, 256, 64], "8": [256, 128, 256, -1, 256, 256]}, "worst_errors": {"0": [[0.6102907657623291, 0.10939720273017883, 0.3697910010814667], [0.3743802011013031, 0.0828830748796463, 0.18896569311618805], [0.14905697107315063, 0.05832628905773163, 0.06297627836465836]], "1": [[0.9169937968254089, 0.5393682718276978, 0.6666961908340454, 0.13069278001785278, 0.08181621879339218, 0.47028863430023193], [0.7738308310508728, 0.3878075182437897, 0.5342496037483215, 0.08209750801324844, 0.07015307247638702, 0.33029893040657043], [0.43283611536026, 0.23041178286075592, 0.3200801610946655, 0.05815288424491882, 0.0520734041929245, 0.20615607500076294]], "2": [[0.24437086284160614, 0.42765623331069946, 0.18791723251342773], [0.09694661945104599, 0.26669755578041077, 0.12088669836521149], [0.062418993562459946, 0.059643104672431946, 0.0715983435511589]], "5": [[0.23623551428318024, 0.4199269711971283, 0.14111925661563873], [0.1141328290104866, 0.24433833360671997, 0.08760842680931091], [0.05432429537177086, 0.11517556756734848, 0.03726828843355179]], "8": [[0.32302024960517883, 0.1844446212053299, 0.3543846905231476, 0.5700461864471436, 0.4700078070163727, 0.5361563563346863], [0.21148930490016937, 0.1270751655101776, 0.22105835378170013, 0.3977048099040985, 0.32642218470573425, 0.3459075689315796], [0.09592650085687637, 0.07243451476097107, 0.09499263018369675, 0.2202538549900055, 0.1804240494966507, 0.16422122716903687]]}}
