[Gloo] Rank 4 is connected to 7 peer ranks. Expected number of connected peer ranks is : 7
[Gloo] Rank 0 is connected to 7 peer ranks. Expected number of connected peer ranks is : 7
[Gloo] Rank 5 is connected to 7 peer ranks. Expected number of connected peer ranks is : 7
[Gloo] Rank 6 is connected to 7 peer ranks. Expected number of connected peer ranks is : 7
[Gloo] Rank 1 is connected to 7 peer ranks. Expected number of connected peer ranks is : 7
[Gloo] Rank 2 is connected to 7 peer ranks. Expected number of connected peer ranks is : 7
[Gloo] Rank 3 is connected to 7 peer ranks. Expected number of connected peer ranks is : 7
[Gloo] Rank 7 is connected to 7 peer ranks. Expected number of connected peer ranks is : 7
logs/14fb4254-8656-42de-892c-4959c6b32e02.txt
[residual-fusions] ON: post-lambda in the O gain, per-row scalar-lambda grads, VE gate slice from rstd
[value-embed] value_embeds (201216, 768) = 4 planes (plane 3 retired: layer 9 attention absent) 154.5M params, sink 294.8 MiB (before retirement: 5 planes, 251520x768, 193.2M, 368.4 MiB)
[banks] qk_bank (48, 256, 768) (42 live), vo_bank (16, 768, 768) (14 live); slot order (attn-bank idx) (0, 2, 5, 1, 7, 3, 9), narrow ++ dv64 ++ wide
[fused-kernels] selftest PASS (every fused kernel is byte-exact vs ATen)
[sampled-softmax] ON P=[10240, 14336, 24576] rows<=49152 vocab=50304 until=1107
[eval-ce] ON slab=32768 rows x 50304 vocab, 8 slabs per 262144-row val batch
[value-embed-comms] ON planes=4 table=201216x768; compact buffer 295 MB, shard 25152 rows
[graph:step] ON: 9 keys, runahead_throttle=2, pool=shared, sink_ring=4
Compiling model and warming up kernels (~7 minutes on first execution)
[warmup:restore] ON: bigram shard (10575360, 768) (15.13 GiB) out of initial_state (key _orig_mod.bigram_embed.weight), restored by zero_() in place; checksum (0.0, 0.0, 0.0); initial_state pins 0.92 GiB of CUDA
[graph:step] warmup extended for 9 capture keys; first steps [0, 320, 411, 501, 591, 681, 965, 1107, 1174]
Sampling steps [0, 1, 2, 3, 4, 5, 6, 7, 318, 319, 320, 321, 411, 412, 501, 502, 591, 592, 679, 680, 681, 682, 963, 964, 965, 966, 1105, 1106, 1107, 1108, 1172, 1173, 1174, 1175, 1176, 1177, 1178] for warmup
[embed] untied from lm_head; optimizer state copied exactly
Resetting Model
[warmup] captures armed in the single sampled pass: tgr banks ['mlp_bank', 'qk_bank', 'vo_bank'] | tgr2 1 attn + 2 mlp; prefix 0..7 last, tgr@4 tgr2@5, all self-checks consumed
step:25/1194 train_time:531ms step_avg:21.23ms
step:50/1194 train_time:963ms step_avg:19.26ms
step:75/1194 train_time:1384ms step_avg:18.45ms
step:100/1194 train_time:1814ms step_avg:18.14ms
step:125/1194 train_time:2237ms step_avg:17.90ms
step:150/1194 train_time:2667ms step_avg:17.78ms
step:175/1194 train_time:3090ms step_avg:17.66ms
step:200/1194 train_time:3520ms step_avg:17.60ms
step:225/1194 train_time:3943ms step_avg:17.53ms
step:250/1194 train_time:4374ms step_avg:17.49ms
step:275/1194 train_time:4797ms step_avg:17.44ms
step:300/1194 train_time:5227ms step_avg:17.42ms
step:325/1194 train_time:5690ms step_avg:17.51ms
step:350/1194 train_time:6453ms step_avg:18.44ms
step:375/1194 train_time:7220ms step_avg:19.25ms
step:400/1194 train_time:7988ms step_avg:19.97ms
step:425/1194 train_time:8747ms step_avg:20.58ms
step:450/1194 train_time:9512ms step_avg:21.14ms
step:475/1194 train_time:10282ms step_avg:21.65ms
step:500/1194 train_time:11051ms step_avg:22.10ms
step:525/1194 train_time:11809ms step_avg:22.49ms
step:550/1194 train_time:12574ms step_avg:22.86ms
step:575/1194 train_time:13344ms step_avg:23.21ms
step:600/1194 train_time:14114ms step_avg:23.52ms
step:625/1194 train_time:14875ms step_avg:23.80ms
step:650/1194 train_time:15640ms step_avg:24.06ms
step:675/1194 train_time:16411ms step_avg:24.31ms
step:700/1194 train_time:17431ms step_avg:24.90ms
step:725/1194 train_time:18565ms step_avg:25.61ms
step:750/1194 train_time:19700ms step_avg:26.27ms
step:775/1194 train_time:20845ms step_avg:26.90ms
step:800/1194 train_time:21986ms step_avg:27.48ms
step:825/1194 train_time:23118ms step_avg:28.02ms
step:850/1194 train_time:24258ms step_avg:28.54ms
step:875/1194 train_time:25404ms step_avg:29.03ms
step:900/1194 train_time:26547ms step_avg:29.50ms
step:925/1194 train_time:27679ms step_avg:29.92ms
step:950/1194 train_time:28819ms step_avg:30.34ms
step:975/1194 train_time:29990ms step_avg:30.76ms
step:1000/1194 train_time:31205ms step_avg:31.21ms
step:1025/1194 train_time:32416ms step_avg:31.63ms
step:1050/1194 train_time:33632ms step_avg:32.03ms
step:1075/1194 train_time:34855ms step_avg:32.42ms
step:1100/1194 train_time:36076ms step_avg:32.80ms
step:1125/1194 train_time:37266ms step_avg:33.13ms
step:1150/1194 train_time:38450ms step_avg:33.43ms
step:1175/1194 train_time:39640ms step_avg:33.74ms
[embed] untied from lm_head; optimizer state copied exactly
step:1193/1194 train_time:40055ms step_avg:33.58ms
step:1194/1194 train_time:40077ms step_avg:33.57ms
[ship:tail-ema] win=298 blend=0.65 labels=['embed', 'lm_head']
[ship:tail-avg] win=250 blend=None labels=['mlp_bank', 'vo_bank']
[ship:value-embed] win=250 blend=None labels=['value_embeds']
[ship:bank-blend] win=298 blend={'qk_bank': 0.55, 'vo_bank': 0.34930000000000005, 'mlp_bank': 0.34930000000000005} labels=['mlp_bank', 'qk_bank', 'vo_bank']
step:1194/1194 val_loss:3.2879 train_time:40207ms step_avg:33.67ms
peak memory allocated: 53380 MiB reserved: 65284 MiB
